[[1;34mINFO[m] Scanning for projects...
[[1;34mINFO[m] [1m------------------------------------------------------------------------[m
[[1;34mINFO[m] [1mReactor Build Order:[m
[[1;34mINFO[m] 
[[1;34mINFO[m] swifteats-delivery-service                                         [pom]
[[1;34mINFO[m] common                                                             [jar]
[[1;34mINFO[m] gateway                                                            [jar]
[[1;34mINFO[m] catalog-service                                                    [jar]
[[1;34mINFO[m] order-service                                                      [jar]
[[1;34mINFO[m] payment-mock-service                                               [jar]
[[1;34mINFO[m] tracking-ingest-service                                            [jar]
[[1;34mINFO[m] tracking-query-service                                             [jar]
[[1;34mINFO[m] simulator                                                          [jar]
[[1;34mINFO[m] 
[[1;34mINFO[m] [1m--------------< [0;36mcom.swifteats:swifteats-delivery-service[0;1m >--------------[m
[[1;34mINFO[m] [1mBuilding swifteats-delivery-service 0.1.0-SNAPSHOT                 [1/9][m
[[1;34mINFO[m] [1m--------------------------------[ pom ]---------------------------------[m
[[1;34mINFO[m] 
[[1;34mINFO[m] [1m------------------------< [0;36mcom.swifteats:common[0;1m >------------------------[m
[[1;34mINFO[m] [1mBuilding common 0.1.0-SNAPSHOT                                     [2/9][m
[[1;34mINFO[m] [1m--------------------------------[ jar ]---------------------------------[m
[[1;34mINFO[m] 
[[1;34mINFO[m] [1m--- [0;32mmaven-resources-plugin:2.6:resources[m [1m(default-resources)[m @ [36mcommon[0;1m ---[m
[[1;34mINFO[m] Using 'UTF-8' encoding to copy filtered resources.
[[1;34mINFO[m] Copying 1 resource
[[1;34mINFO[m] 
[[1;34mINFO[m] [1m--- [0;32mmaven-compiler-plugin:3.10.1:compile[m [1m(default-compile)[m @ [36mcommon[0;1m ---[m
[[1;34mINFO[m] Nothing to compile - all classes are up to date
[[1;34mINFO[m] 
[[1;34mINFO[m] [1m--- [0;32mmaven-resources-plugin:2.6:testResources[m [1m(default-testResources)[m @ [36mcommon[0;1m ---[m
[[1;34mINFO[m] Using 'UTF-8' encoding to copy filtered resources.
[[1;34mINFO[m] skip non existing resourceDirectory /Users/deependraverma/Documents/Projects/AI/swifteats-delivery-service-new/common/src/test/resources
[[1;34mINFO[m] 
[[1;34mINFO[m] [1m--- [0;32mmaven-compiler-plugin:3.10.1:testCompile[m [1m(default-testCompile)[m @ [36mcommon[0;1m ---[m
[[1;34mINFO[m] No sources to compile
[[1;34mINFO[m] 
[[1;34mINFO[m] [1m--- [0;32mmaven-surefire-plugin:3.0.0-M7:test[m [1m(default-test)[m @ [36mcommon[0;1m ---[m
[[1;34mINFO[m] No tests to run.
[[1;34mINFO[m] 
[[1;34mINFO[m] [1m-----------------------< [0;36mcom.swifteats:gateway[0;1m >------------------------[m
[[1;34mINFO[m] [1mBuilding gateway 0.1.0-SNAPSHOT                                    [3/9][m
[[1;34mINFO[m] [1m--------------------------------[ jar ]---------------------------------[m
[[1;34mINFO[m] 
[[1;34mINFO[m] [1m--- [0;32mmaven-resources-plugin:2.6:resources[m [1m(default-resources)[m @ [36mgateway[0;1m ---[m
[[1;34mINFO[m] Using 'UTF-8' encoding to copy filtered resources.
[[1;34mINFO[m] Copying 1 resource
[[1;34mINFO[m] 
[[1;34mINFO[m] [1m--- [0;32mmaven-compiler-plugin:3.10.1:compile[m [1m(default-compile)[m @ [36mgateway[0;1m ---[m
[[1;34mINFO[m] Nothing to compile - all classes are up to date
[[1;34mINFO[m] 
[[1;34mINFO[m] [1m--- [0;32mmaven-resources-plugin:2.6:testResources[m [1m(default-testResources)[m @ [36mgateway[0;1m ---[m
[[1;34mINFO[m] Using 'UTF-8' encoding to copy filtered resources.
[[1;34mINFO[m] skip non existing resourceDirectory /Users/deependraverma/Documents/Projects/AI/swifteats-delivery-service-new/gateway/src/test/resources
[[1;34mINFO[m] 
[[1;34mINFO[m] [1m--- [0;32mmaven-compiler-plugin:3.10.1:testCompile[m [1m(default-testCompile)[m @ [36mgateway[0;1m ---[m
[[1;34mINFO[m] No sources to compile
[[1;34mINFO[m] 
[[1;34mINFO[m] [1m--- [0;32mmaven-surefire-plugin:3.0.0-M7:test[m [1m(default-test)[m @ [36mgateway[0;1m ---[m
[[1;34mINFO[m] No tests to run.
[[1;34mINFO[m] 
[[1;34mINFO[m] [1m-------------------< [0;36mcom.swifteats:catalog-service[0;1m >--------------------[m
[[1;34mINFO[m] [1mBuilding catalog-service 0.1.0-SNAPSHOT                            [4/9][m
[[1;34mINFO[m] [1m--------------------------------[ jar ]---------------------------------[m
[[1;34mINFO[m] 
[[1;34mINFO[m] [1m--- [0;32mmaven-resources-plugin:2.6:resources[m [1m(default-resources)[m @ [36mcatalog-service[0;1m ---[m
[[1;34mINFO[m] Using 'UTF-8' encoding to copy filtered resources.
[[1;34mINFO[m] Copying 4 resources
[[1;34mINFO[m] 
[[1;34mINFO[m] [1m--- [0;32mmaven-compiler-plugin:3.10.1:compile[m [1m(default-compile)[m @ [36mcatalog-service[0;1m ---[m
[[1;34mINFO[m] Nothing to compile - all classes are up to date
[[1;34mINFO[m] 
[[1;34mINFO[m] [1m--- [0;32mmaven-resources-plugin:2.6:testResources[m [1m(default-testResources)[m @ [36mcatalog-service[0;1m ---[m
[[1;34mINFO[m] Using 'UTF-8' encoding to copy filtered resources.
[[1;34mINFO[m] skip non existing resourceDirectory /Users/deependraverma/Documents/Projects/AI/swifteats-delivery-service-new/catalog-service/src/test/resources
[[1;34mINFO[m] 
[[1;34mINFO[m] [1m--- [0;32mmaven-compiler-plugin:3.10.1:testCompile[m [1m(default-testCompile)[m @ [36mcatalog-service[0;1m ---[m
[[1;34mINFO[m] Nothing to compile - all classes are up to date
[[1;34mINFO[m] 
[[1;34mINFO[m] [1m--- [0;32mmaven-surefire-plugin:3.0.0-M7:test[m [1m(default-test)[m @ [36mcatalog-service[0;1m ---[m
[[1;34mINFO[m] Using auto detected provider org.apache.maven.surefire.junitplatform.JUnitPlatformProvider
[[1;34mINFO[m] 
[[1;34mINFO[m] -------------------------------------------------------
[[1;34mINFO[m]  T E S T S
[[1;34mINFO[m] -------------------------------------------------------
[[1;34mINFO[m] Running com.swifteats.catalog.[1mCatalogControllerTest[m
[[1;34mINFO[m] [1;32mTests run: [0;1;32m1[m, Failures: 0, Errors: 0, Skipped: 0, Time elapsed: 0.773 s - in com.swifteats.catalog.[1mCatalogControllerTest[m
[[1;34mINFO[m] Running com.swifteats.catalog.[1mCatalogIntegrationTest[m
23:20:13.071 [main] INFO org.testcontainers.utility.ImageNameSubstitutor -- Image name substitution will be performed by: DefaultImageNameSubstitutor (composite of 'ConfigurationFileImageNameSubstitutor' and 'PrefixingImageNameSubstitutor')
23:20:13.345 [main] INFO org.testcontainers.dockerclient.DockerClientProviderStrategy -- Loaded org.testcontainers.dockerclient.UnixSocketClientProviderStrategy from ~/.testcontainers.properties, will try it first
23:20:13.654 [main] INFO org.testcontainers.dockerclient.DockerClientProviderStrategy -- Found Docker environment with local Unix socket (unix:///var/run/docker.sock)
23:20:13.656 [main] INFO org.testcontainers.DockerClientFactory -- Docker host IP address is localhost
23:20:13.667 [main] INFO org.testcontainers.DockerClientFactory -- Connected to docker: 
  Server Version: 28.3.2
  API Version: 1.51
  Operating System: Docker Desktop
  Total Memory: 7837 MB
23:20:13.766 [main] INFO tc.testcontainers/ryuk:0.5.1 -- Creating container for image: testcontainers/ryuk:0.5.1
23:20:13.946 [main] INFO org.testcontainers.utility.RegistryAuthLocator -- Credential helper/store (docker-credential-desktop) does not have credentials for https://index.docker.io/v1/
23:20:14.011 [main] INFO tc.testcontainers/ryuk:0.5.1 -- Container testcontainers/ryuk:0.5.1 is starting: c18e29fcceb174c1c65079f14932b04d149c102bc879859fbd84be9f8966f77b
23:20:14.197 [main] INFO tc.testcontainers/ryuk:0.5.1 -- Container testcontainers/ryuk:0.5.1 started in PT0.525371S
23:20:14.202 [main] INFO org.testcontainers.utility.RyukResourceReaper -- Ryuk started - will monitor and terminate Testcontainers containers on JVM exit
23:20:14.202 [main] INFO org.testcontainers.DockerClientFactory -- Checking the system...
23:20:14.203 [main] INFO org.testcontainers.DockerClientFactory -- ✔︎ Docker server version should be at least 1.6.0
23:20:14.203 [main] INFO tc.postgres:13 -- Creating container for image: postgres:13
23:20:14.236 [main] INFO tc.postgres:13 -- Container postgres:13 is starting: 474b1755fca261b5675995ea3a12c6636104a7e54a9453d694328b3b1d9b19e4
23:20:14.957 [main] INFO tc.postgres:13 -- Container postgres:13 started in PT0.753658S
23:20:14.958 [main] INFO tc.postgres:13 -- Container is started (JDBC URL: jdbc:postgresql://localhost:60428/testdb?loggerLevel=OFF)
23:20:15.007 [main] INFO org.springframework.test.context.support.AnnotationConfigContextLoaderUtils -- Could not detect default configuration classes for test class [com.swifteats.catalog.CatalogIntegrationTest]: CatalogIntegrationTest does not declare any static, non-private, non-final, nested classes annotated with @Configuration.
23:20:15.056 [main] INFO org.springframework.boot.test.context.SpringBootTestContextBootstrapper -- Found @SpringBootConfiguration com.swifteats.catalog.CatalogApplication for test class com.swifteats.catalog.CatalogIntegrationTest

  .   ____          _            __ _ _
 /\\ / ___'_ __ _ _(_)_ __  __ _ \ \ \ \
( ( )\___ | '_ | '_| | '_ \/ _` | \ \ \ \
 \\/  ___)| |_)| | | | | || (_| |  ) ) ) )
  '  |____| .__|_| |_|_| |_\__, | / / / /
 =========|_|==============|___/=/_/_/_/

 :: Spring Boot ::                (v3.5.2)

2025-08-18T23:20:15.386+05:30  INFO 11856 --- [catalog-service] [           main] c.s.catalog.CatalogIntegrationTest       : Starting CatalogIntegrationTest using Java 21.0.3 with PID 11856 (started by deependraverma in /Users/deependraverma/Documents/Projects/AI/swifteats-delivery-service-new/catalog-service)
{"@timestamp":"2025-08-18T23:20:15.386213+05:30","@version":"1","message":"Starting CatalogIntegrationTest using Java 21.0.3 with PID 11856 (started by deependraverma in /Users/deependraverma/Documents/Projects/AI/swifteats-delivery-service-new/catalog-service)","logger_name":"com.swifteats.catalog.CatalogIntegrationTest","thread_name":"main","level":"INFO"}
2025-08-18T23:20:15.389+05:30  INFO 11856 --- [catalog-service] [           main] c.s.catalog.CatalogIntegrationTest       : No active profile set, falling back to 1 default profile: "default"
{"@timestamp":"2025-08-18T23:20:15.389576+05:30","@version":"1","message":"No active profile set, falling back to 1 default profile: \"default\"","logger_name":"com.swifteats.catalog.CatalogIntegrationTest","thread_name":"main","level":"INFO"}
2025-08-18T23:20:15.719+05:30  INFO 11856 --- [catalog-service] [           main] .s.d.r.c.RepositoryConfigurationDelegate : Multiple Spring Data modules found, entering strict repository configuration mode
{"@timestamp":"2025-08-18T23:20:15.719572+05:30","@version":"1","message":"Multiple Spring Data modules found, entering strict repository configuration mode","logger_name":"org.springframework.data.repository.config.RepositoryConfigurationDelegate","thread_name":"main","level":"INFO"}
2025-08-18T23:20:15.720+05:30  INFO 11856 --- [catalog-service] [           main] .s.d.r.c.RepositoryConfigurationDelegate : Bootstrapping Spring Data JPA repositories in DEFAULT mode.
{"@timestamp":"2025-08-18T23:20:15.720516+05:30","@version":"1","message":"Bootstrapping Spring Data JPA repositories in DEFAULT mode.","logger_name":"org.springframework.data.repository.config.RepositoryConfigurationDelegate","thread_name":"main","level":"INFO"}
2025-08-18T23:20:15.775+05:30  INFO 11856 --- [catalog-service] [           main] .s.d.r.c.RepositoryConfigurationDelegate : Finished Spring Data repository scanning in 50 ms. Found 2 JPA repository interfaces.
{"@timestamp":"2025-08-18T23:20:15.775244+05:30","@version":"1","message":"Finished Spring Data repository scanning in 50 ms. Found 2 JPA repository interfaces.","logger_name":"org.springframework.data.repository.config.RepositoryConfigurationDelegate","thread_name":"main","level":"INFO"}
2025-08-18T23:20:15.782+05:30  INFO 11856 --- [catalog-service] [           main] .s.d.r.c.RepositoryConfigurationDelegate : Multiple Spring Data modules found, entering strict repository configuration mode
{"@timestamp":"2025-08-18T23:20:15.782472+05:30","@version":"1","message":"Multiple Spring Data modules found, entering strict repository configuration mode","logger_name":"org.springframework.data.repository.config.RepositoryConfigurationDelegate","thread_name":"main","level":"INFO"}
2025-08-18T23:20:15.783+05:30  INFO 11856 --- [catalog-service] [           main] .s.d.r.c.RepositoryConfigurationDelegate : Bootstrapping Spring Data Redis repositories in DEFAULT mode.
{"@timestamp":"2025-08-18T23:20:15.783157+05:30","@version":"1","message":"Bootstrapping Spring Data Redis repositories in DEFAULT mode.","logger_name":"org.springframework.data.repository.config.RepositoryConfigurationDelegate","thread_name":"main","level":"INFO"}
2025-08-18T23:20:15.789+05:30  INFO 11856 --- [catalog-service] [           main] .RepositoryConfigurationExtensionSupport : Spring Data Redis - Could not safely identify store assignment for repository candidate interface com.swifteats.catalog.repo.MenuItemRepository; If you want this repository to be a Redis repository, consider annotating your entities with one of these annotations: org.springframework.data.redis.core.RedisHash (preferred), or consider extending one of the following types with your repository: org.springframework.data.keyvalue.repository.KeyValueRepository
{"@timestamp":"2025-08-18T23:20:15.789047+05:30","@version":"1","message":"Spring Data Redis - Could not safely identify store assignment for repository candidate interface com.swifteats.catalog.repo.MenuItemRepository; If you want this repository to be a Redis repository, consider annotating your entities with one of these annotations: org.springframework.data.redis.core.RedisHash (preferred), or consider extending one of the following types with your repository: org.springframework.data.keyvalue.repository.KeyValueRepository","logger_name":"org.springframework.data.repository.config.RepositoryConfigurationExtensionSupport","thread_name":"main","level":"INFO"}
2025-08-18T23:20:15.789+05:30  INFO 11856 --- [catalog-service] [           main] .RepositoryConfigurationExtensionSupport : Spring Data Redis - Could not safely identify store assignment for repository candidate interface com.swifteats.catalog.repo.RestaurantRepository; If you want this repository to be a Redis repository, consider annotating your entities with one of these annotations: org.springframework.data.redis.core.RedisHash (preferred), or consider extending one of the following types with your repository: org.springframework.data.keyvalue.repository.KeyValueRepository
{"@timestamp":"2025-08-18T23:20:15.789339+05:30","@version":"1","message":"Spring Data Redis - Could not safely identify store assignment for repository candidate interface com.swifteats.catalog.repo.RestaurantRepository; If you want this repository to be a Redis repository, consider annotating your entities with one of these annotations: org.springframework.data.redis.core.RedisHash (preferred), or consider extending one of the following types with your repository: org.springframework.data.keyvalue.repository.KeyValueRepository","logger_name":"org.springframework.data.repository.config.RepositoryConfigurationExtensionSupport","thread_name":"main","level":"INFO"}
2025-08-18T23:20:15.789+05:30  INFO 11856 --- [catalog-service] [           main] .s.d.r.c.RepositoryConfigurationDelegate : Finished Spring Data repository scanning in 2 ms. Found 0 Redis repository interfaces.
{"@timestamp":"2025-08-18T23:20:15.789478+05:30","@version":"1","message":"Finished Spring Data repository scanning in 2 ms. Found 0 Redis repository interfaces.","logger_name":"org.springframework.data.repository.config.RepositoryConfigurationDelegate","thread_name":"main","level":"INFO"}
2025-08-18T23:20:15.994+05:30  INFO 11856 --- [catalog-service] [           main] o.s.b.w.embedded.tomcat.TomcatWebServer  : Tomcat initialized with port 0 (http)
{"@timestamp":"2025-08-18T23:20:15.994526+05:30","@version":"1","message":"Tomcat initialized with port 0 (http)","logger_name":"org.springframework.boot.web.embedded.tomcat.TomcatWebServer","thread_name":"main","level":"INFO"}
2025-08-18T23:20:16.000+05:30  INFO 11856 --- [catalog-service] [           main] o.apache.catalina.core.StandardService   : Starting service [Tomcat]
{"@timestamp":"2025-08-18T23:20:16.00019+05:30","@version":"1","message":"Starting service [Tomcat]","logger_name":"org.apache.catalina.core.StandardService","thread_name":"main","level":"INFO"}
2025-08-18T23:20:16.000+05:30  INFO 11856 --- [catalog-service] [           main] o.apache.catalina.core.StandardEngine    : Starting Servlet engine: [Apache Tomcat/10.1.42]
{"@timestamp":"2025-08-18T23:20:16.00049+05:30","@version":"1","message":"Starting Servlet engine: [Apache Tomcat/10.1.42]","logger_name":"org.apache.catalina.core.StandardEngine","thread_name":"main","level":"INFO"}
2025-08-18T23:20:16.023+05:30  INFO 11856 --- [catalog-service] [           main] o.a.c.c.C.[Tomcat].[localhost].[/]       : Initializing Spring embedded WebApplicationContext
{"@timestamp":"2025-08-18T23:20:16.023939+05:30","@version":"1","message":"Initializing Spring embedded WebApplicationContext","logger_name":"org.apache.catalina.core.ContainerBase.[Tomcat].[localhost].[/]","thread_name":"main","level":"INFO"}
2025-08-18T23:20:16.024+05:30  INFO 11856 --- [catalog-service] [           main] w.s.c.ServletWebServerApplicationContext : Root WebApplicationContext: initialization completed in 629 ms
{"@timestamp":"2025-08-18T23:20:16.024246+05:30","@version":"1","message":"Root WebApplicationContext: initialization completed in 629 ms","logger_name":"org.springframework.boot.web.servlet.context.ServletWebServerApplicationContext","thread_name":"main","level":"INFO"}
2025-08-18T23:20:16.132+05:30  INFO 11856 --- [catalog-service] [           main] com.zaxxer.hikari.HikariDataSource       : HikariPool-1 - Starting...
{"@timestamp":"2025-08-18T23:20:16.132095+05:30","@version":"1","message":"HikariPool-1 - Starting...","logger_name":"com.zaxxer.hikari.HikariDataSource","thread_name":"main","level":"INFO"}
2025-08-18T23:20:16.250+05:30  INFO 11856 --- [catalog-service] [           main] com.zaxxer.hikari.pool.HikariPool        : HikariPool-1 - Added connection org.postgresql.jdbc.PgConnection@e196238
{"@timestamp":"2025-08-18T23:20:16.2509+05:30","@version":"1","message":"HikariPool-1 - Added connection org.postgresql.jdbc.PgConnection@e196238","logger_name":"com.zaxxer.hikari.pool.HikariPool","thread_name":"main","level":"INFO"}
2025-08-18T23:20:16.253+05:30  INFO 11856 --- [catalog-service] [           main] com.zaxxer.hikari.HikariDataSource       : HikariPool-1 - Start completed.
{"@timestamp":"2025-08-18T23:20:16.25305+05:30","@version":"1","message":"HikariPool-1 - Start completed.","logger_name":"com.zaxxer.hikari.HikariDataSource","thread_name":"main","level":"INFO"}
2025-08-18T23:20:16.282+05:30  INFO 11856 --- [catalog-service] [           main] o.hibernate.jpa.internal.util.LogHelper  : HHH000204: Processing PersistenceUnitInfo [name: default]
{"@timestamp":"2025-08-18T23:20:16.282695+05:30","@version":"1","message":"HHH000204: Processing PersistenceUnitInfo [name: default]","logger_name":"org.hibernate.jpa.internal.util.LogHelper","thread_name":"main","level":"INFO"}
2025-08-18T23:20:16.306+05:30  INFO 11856 --- [catalog-service] [           main] org.hibernate.Version                    : HHH000412: Hibernate ORM core version 6.6.18.Final
{"@timestamp":"2025-08-18T23:20:16.306681+05:30","@version":"1","message":"HHH000412: Hibernate ORM core version 6.6.18.Final","logger_name":"org.hibernate.Version","thread_name":"main","level":"INFO"}
2025-08-18T23:20:16.320+05:30  INFO 11856 --- [catalog-service] [           main] o.h.c.internal.RegionFactoryInitiator    : HHH000026: Second-level cache disabled
{"@timestamp":"2025-08-18T23:20:16.32033+05:30","@version":"1","message":"HHH000026: Second-level cache disabled","logger_name":"org.hibernate.cache.internal.RegionFactoryInitiator","thread_name":"main","level":"INFO"}
2025-08-18T23:20:16.371+05:30  INFO 11856 --- [catalog-service] [           main] o.s.o.j.p.SpringPersistenceUnitInfo      : No LoadTimeWeaver setup: ignoring JPA class transformer
{"@timestamp":"2025-08-18T23:20:16.37198+05:30","@version":"1","message":"No LoadTimeWeaver setup: ignoring JPA class transformer","logger_name":"org.springframework.orm.jpa.persistenceunit.SpringPersistenceUnitInfo","thread_name":"main","level":"INFO"}
2025-08-18T23:20:16.416+05:30  INFO 11856 --- [catalog-service] [           main] org.hibernate.orm.connections.pooling    : HHH10001005: Database info:
	Database JDBC URL [Connecting through datasource 'HikariDataSource (HikariPool-1)']
	Database driver: undefined/unknown
	Database version: 13.22
	Autocommit mode: undefined/unknown
	Isolation level: undefined/unknown
	Minimum pool size: undefined/unknown
	Maximum pool size: undefined/unknown
{"@timestamp":"2025-08-18T23:20:16.416509+05:30","@version":"1","message":"HHH10001005: Database info:\n\tDatabase JDBC URL [Connecting through datasource 'HikariDataSource (HikariPool-1)']\n\tDatabase driver: undefined/unknown\n\tDatabase version: 13.22\n\tAutocommit mode: undefined/unknown\n\tIsolation level: undefined/unknown\n\tMinimum pool size: undefined/unknown\n\tMaximum pool size: undefined/unknown","logger_name":"org.hibernate.orm.connections.pooling","thread_name":"main","level":"INFO"}
2025-08-18T23:20:16.713+05:30  INFO 11856 --- [catalog-service] [           main] o.h.e.t.j.p.i.JtaPlatformInitiator       : HHH000489: No JTA platform available (set 'hibernate.transaction.jta.platform' to enable JTA platform integration)
{"@timestamp":"2025-08-18T23:20:16.713797+05:30","@version":"1","message":"HHH000489: No JTA platform available (set 'hibernate.transaction.jta.platform' to enable JTA platform integration)","logger_name":"org.hibernate.engine.transaction.jta.platform.internal.JtaPlatformInitiator","thread_name":"main","level":"INFO"}
2025-08-18T23:20:16.715+05:30  INFO 11856 --- [catalog-service] [           main] j.LocalContainerEntityManagerFactoryBean : Initialized JPA EntityManagerFactory for persistence unit 'default'
{"@timestamp":"2025-08-18T23:20:16.715374+05:30","@version":"1","message":"Initialized JPA EntityManagerFactory for persistence unit 'default'","logger_name":"org.springframework.orm.jpa.LocalContainerEntityManagerFactoryBean","thread_name":"main","level":"INFO"}
2025-08-18T23:20:16.974+05:30  WARN 11856 --- [catalog-service] [           main] JpaBaseConfiguration$JpaWebConfiguration : spring.jpa.open-in-view is enabled by default. Therefore, database queries may be performed during view rendering. Explicitly configure spring.jpa.open-in-view to disable this warning
{"@timestamp":"2025-08-18T23:20:16.974371+05:30","@version":"1","message":"spring.jpa.open-in-view is enabled by default. Therefore, database queries may be performed during view rendering. Explicitly configure spring.jpa.open-in-view to disable this warning","logger_name":"org.springframework.boot.autoconfigure.orm.jpa.JpaBaseConfiguration$JpaWebConfiguration","thread_name":"main","level":"WARN"}
2025-08-18T23:20:17.215+05:30  INFO 11856 --- [catalog-service] [           main] o.s.b.a.e.web.EndpointLinksResolver      : Exposing 2 endpoints beneath base path '/actuator'
{"@timestamp":"2025-08-18T23:20:17.215643+05:30","@version":"1","message":"Exposing 2 endpoints beneath base path '/actuator'","logger_name":"org.springframework.boot.actuate.endpoint.web.EndpointLinksResolver","thread_name":"main","level":"INFO"}
2025-08-18T23:20:17.330+05:30  INFO 11856 --- [catalog-service] [           main] o.s.b.w.embedded.tomcat.TomcatWebServer  : Tomcat started on port 60439 (http) with context path '/'
{"@timestamp":"2025-08-18T23:20:17.330395+05:30","@version":"1","message":"Tomcat started on port 60439 (http) with context path '/'","logger_name":"org.springframework.boot.web.embedded.tomcat.TomcatWebServer","thread_name":"main","level":"INFO"}
2025-08-18T23:20:17.341+05:30  INFO 11856 --- [catalog-service] [           main] c.s.catalog.CatalogIntegrationTest       : Started CatalogIntegrationTest in 2.23 seconds (process running for 5.456)
{"@timestamp":"2025-08-18T23:20:17.341699+05:30","@version":"1","message":"Started CatalogIntegrationTest in 2.23 seconds (process running for 5.456)","logger_name":"com.swifteats.catalog.CatalogIntegrationTest","thread_name":"main","level":"INFO"}
[[1;34mINFO[m] [1;32mTests run: [0;1;32m1[m, Failures: 0, Errors: 0, Skipped: 0, Time elapsed: 4.84 s - in com.swifteats.catalog.[1mCatalogIntegrationTest[m
[[1;34mINFO[m] Running com.swifteats.catalog.[1mCatalogCacheIntegrationTest[m
2025-08-18T23:20:17.867+05:30  INFO 11856 --- [catalog-service] [           main] tc.postgres:13                           : Creating container for image: postgres:13
{"@timestamp":"2025-08-18T23:20:17.867799+05:30","@version":"1","message":"Creating container for image: postgres:13","logger_name":"tc.postgres:13","thread_name":"main","level":"INFO"}
2025-08-18T23:20:17.975+05:30  INFO 11856 --- [catalog-service] [           main] tc.postgres:13                           : Container postgres:13 is starting: c3cc1b4d412ef25729f554c50b1a2b9b6ac033b8fc194023d09b31575c232e24
{"@timestamp":"2025-08-18T23:20:17.975961+05:30","@version":"1","message":"Container postgres:13 is starting: c3cc1b4d412ef25729f554c50b1a2b9b6ac033b8fc194023d09b31575c232e24","logger_name":"tc.postgres:13","thread_name":"main","level":"INFO"}
2025-08-18T23:20:18.781+05:30  INFO 11856 --- [catalog-service] [           main] tc.postgres:13                           : Container postgres:13 started in PT0.91395S
{"@timestamp":"2025-08-18T23:20:18.781796+05:30","@version":"1","message":"Container postgres:13 started in PT0.91395S","logger_name":"tc.postgres:13","thread_name":"main","level":"INFO"}
2025-08-18T23:20:18.782+05:30  INFO 11856 --- [catalog-service] [           main] tc.postgres:13                           : Container is started (JDBC URL: jdbc:postgresql://localhost:60441/testdb?loggerLevel=OFF)
{"@timestamp":"2025-08-18T23:20:18.782476+05:30","@version":"1","message":"Container is started (JDBC URL: jdbc:postgresql://localhost:60441/testdb?loggerLevel=OFF)","logger_name":"tc.postgres:13","thread_name":"main","level":"INFO"}
2025-08-18T23:20:18.782+05:30  INFO 11856 --- [catalog-service] [           main] tc.redis:7                               : Creating container for image: redis:7
{"@timestamp":"2025-08-18T23:20:18.78292+05:30","@version":"1","message":"Creating container for image: redis:7","logger_name":"tc.redis:7","thread_name":"main","level":"INFO"}
2025-08-18T23:20:18.825+05:30  INFO 11856 --- [catalog-service] [           main] tc.redis:7                               : Container redis:7 is starting: ba598df7943154f25f51e3926ae406a51b9a34fd2dd9352ca2a2f079e10f4049
{"@timestamp":"2025-08-18T23:20:18.8259+05:30","@version":"1","message":"Container redis:7 is starting: ba598df7943154f25f51e3926ae406a51b9a34fd2dd9352ca2a2f079e10f4049","logger_name":"tc.redis:7","thread_name":"main","level":"INFO"}
2025-08-18T23:20:19.022+05:30  INFO 11856 --- [catalog-service] [           main] tc.redis:7                               : Container redis:7 started in PT0.239592S
{"@timestamp":"2025-08-18T23:20:19.022383+05:30","@version":"1","message":"Container redis:7 started in PT0.239592S","logger_name":"tc.redis:7","thread_name":"main","level":"INFO"}
2025-08-18T23:20:19.023+05:30  INFO 11856 --- [catalog-service] [           main] t.c.s.AnnotationConfigContextLoaderUtils : Could not detect default configuration classes for test class [com.swifteats.catalog.CatalogCacheIntegrationTest]: CatalogCacheIntegrationTest does not declare any static, non-private, non-final, nested classes annotated with @Configuration.
{"@timestamp":"2025-08-18T23:20:19.023337+05:30","@version":"1","message":"Could not detect default configuration classes for test class [com.swifteats.catalog.CatalogCacheIntegrationTest]: CatalogCacheIntegrationTest does not declare any static, non-private, non-final, nested classes annotated with @Configuration.","logger_name":"org.springframework.test.context.support.AnnotationConfigContextLoaderUtils","thread_name":"main","level":"INFO"}
2025-08-18T23:20:19.024+05:30  INFO 11856 --- [catalog-service] [           main] .b.t.c.SpringBootTestContextBootstrapper : Found @SpringBootConfiguration com.swifteats.catalog.CatalogApplication for test class com.swifteats.catalog.CatalogCacheIntegrationTest
{"@timestamp":"2025-08-18T23:20:19.024488+05:30","@version":"1","message":"Found @SpringBootConfiguration com.swifteats.catalog.CatalogApplication for test class com.swifteats.catalog.CatalogCacheIntegrationTest","logger_name":"org.springframework.boot.test.context.SpringBootTestContextBootstrapper","thread_name":"main","level":"INFO"}

  .   ____          _            __ _ _
 /\\ / ___'_ __ _ _(_)_ __  __ _ \ \ \ \
( ( )\___ | '_ | '_| | '_ \/ _` | \ \ \ \
 \\/  ___)| |_)| | | | | || (_| |  ) ) ) )
  '  |____| .__|_| |_|_| |_\__, | / / / /
 =========|_|==============|___/=/_/_/_/

 :: Spring Boot ::                (v3.5.2)

2025-08-18T23:20:19.036+05:30  INFO 11856 --- [catalog-service] [           main] c.s.catalog.CatalogCacheIntegrationTest  : Starting CatalogCacheIntegrationTest using Java 21.0.3 with PID 11856 (started by deependraverma in /Users/deependraverma/Documents/Projects/AI/swifteats-delivery-service-new/catalog-service)
{"@timestamp":"2025-08-18T23:20:19.036077+05:30","@version":"1","message":"Starting CatalogCacheIntegrationTest using Java 21.0.3 with PID 11856 (started by deependraverma in /Users/deependraverma/Documents/Projects/AI/swifteats-delivery-service-new/catalog-service)","logger_name":"com.swifteats.catalog.CatalogCacheIntegrationTest","thread_name":"main","level":"INFO"}
2025-08-18T23:20:19.036+05:30  INFO 11856 --- [catalog-service] [           main] c.s.catalog.CatalogCacheIntegrationTest  : No active profile set, falling back to 1 default profile: "default"
{"@timestamp":"2025-08-18T23:20:19.036452+05:30","@version":"1","message":"No active profile set, falling back to 1 default profile: \"default\"","logger_name":"com.swifteats.catalog.CatalogCacheIntegrationTest","thread_name":"main","level":"INFO"}
2025-08-18T23:20:19.113+05:30  INFO 11856 --- [catalog-service] [           main] .s.d.r.c.RepositoryConfigurationDelegate : Multiple Spring Data modules found, entering strict repository configuration mode
{"@timestamp":"2025-08-18T23:20:19.113895+05:30","@version":"1","message":"Multiple Spring Data modules found, entering strict repository configuration mode","logger_name":"org.springframework.data.repository.config.RepositoryConfigurationDelegate","thread_name":"main","level":"INFO"}
2025-08-18T23:20:19.114+05:30  INFO 11856 --- [catalog-service] [           main] .s.d.r.c.RepositoryConfigurationDelegate : Bootstrapping Spring Data JPA repositories in DEFAULT mode.
{"@timestamp":"2025-08-18T23:20:19.114155+05:30","@version":"1","message":"Bootstrapping Spring Data JPA repositories in DEFAULT mode.","logger_name":"org.springframework.data.repository.config.RepositoryConfigurationDelegate","thread_name":"main","level":"INFO"}
2025-08-18T23:20:19.117+05:30  INFO 11856 --- [catalog-service] [           main] .s.d.r.c.RepositoryConfigurationDelegate : Finished Spring Data repository scanning in 2 ms. Found 2 JPA repository interfaces.
{"@timestamp":"2025-08-18T23:20:19.117669+05:30","@version":"1","message":"Finished Spring Data repository scanning in 2 ms. Found 2 JPA repository interfaces.","logger_name":"org.springframework.data.repository.config.RepositoryConfigurationDelegate","thread_name":"main","level":"INFO"}
2025-08-18T23:20:19.118+05:30  INFO 11856 --- [catalog-service] [           main] .s.d.r.c.RepositoryConfigurationDelegate : Multiple Spring Data modules found, entering strict repository configuration mode
{"@timestamp":"2025-08-18T23:20:19.118708+05:30","@version":"1","message":"Multiple Spring Data modules found, entering strict repository configuration mode","logger_name":"org.springframework.data.repository.config.RepositoryConfigurationDelegate","thread_name":"main","level":"INFO"}
2025-08-18T23:20:19.118+05:30  INFO 11856 --- [catalog-service] [           main] .s.d.r.c.RepositoryConfigurationDelegate : Bootstrapping Spring Data Redis repositories in DEFAULT mode.
{"@timestamp":"2025-08-18T23:20:19.118829+05:30","@version":"1","message":"Bootstrapping Spring Data Redis repositories in DEFAULT mode.","logger_name":"org.springframework.data.repository.config.RepositoryConfigurationDelegate","thread_name":"main","level":"INFO"}
2025-08-18T23:20:19.120+05:30  INFO 11856 --- [catalog-service] [           main] .RepositoryConfigurationExtensionSupport : Spring Data Redis - Could not safely identify store assignment for repository candidate interface com.swifteats.catalog.repo.MenuItemRepository; If you want this repository to be a Redis repository, consider annotating your entities with one of these annotations: org.springframework.data.redis.core.RedisHash (preferred), or consider extending one of the following types with your repository: org.springframework.data.keyvalue.repository.KeyValueRepository
{"@timestamp":"2025-08-18T23:20:19.120104+05:30","@version":"1","message":"Spring Data Redis - Could not safely identify store assignment for repository candidate interface com.swifteats.catalog.repo.MenuItemRepository; If you want this repository to be a Redis repository, consider annotating your entities with one of these annotations: org.springframework.data.redis.core.RedisHash (preferred), or consider extending one of the following types with your repository: org.springframework.data.keyvalue.repository.KeyValueRepository","logger_name":"org.springframework.data.repository.config.RepositoryConfigurationExtensionSupport","thread_name":"main","level":"INFO"}
2025-08-18T23:20:19.120+05:30  INFO 11856 --- [catalog-service] [           main] .RepositoryConfigurationExtensionSupport : Spring Data Redis - Could not safely identify store assignment for repository candidate interface com.swifteats.catalog.repo.RestaurantRepository; If you want this repository to be a Redis repository, consider annotating your entities with one of these annotations: org.springframework.data.redis.core.RedisHash (preferred), or consider extending one of the following types with your repository: org.springframework.data.keyvalue.repository.KeyValueRepository
{"@timestamp":"2025-08-18T23:20:19.12026+05:30","@version":"1","message":"Spring Data Redis - Could not safely identify store assignment for repository candidate interface com.swifteats.catalog.repo.RestaurantRepository; If you want this repository to be a Redis repository, consider annotating your entities with one of these annotations: org.springframework.data.redis.core.RedisHash (preferred), or consider extending one of the following types with your repository: org.springframework.data.keyvalue.repository.KeyValueRepository","logger_name":"org.springframework.data.repository.config.RepositoryConfigurationExtensionSupport","thread_name":"main","level":"INFO"}
2025-08-18T23:20:19.120+05:30  INFO 11856 --- [catalog-service] [           main] .s.d.r.c.RepositoryConfigurationDelegate : Finished Spring Data repository scanning in 1 ms. Found 0 Redis repository interfaces.
{"@timestamp":"2025-08-18T23:20:19.120352+05:30","@version":"1","message":"Finished Spring Data repository scanning in 1 ms. Found 0 Redis repository interfaces.","logger_name":"org.springframework.data.repository.config.RepositoryConfigurationDelegate","thread_name":"main","level":"INFO"}
2025-08-18T23:20:19.145+05:30  INFO 11856 --- [catalog-service] [           main] o.s.b.w.embedded.tomcat.TomcatWebServer  : Tomcat initialized with port 0 (http)
{"@timestamp":"2025-08-18T23:20:19.145275+05:30","@version":"1","message":"Tomcat initialized with port 0 (http)","logger_name":"org.springframework.boot.web.embedded.tomcat.TomcatWebServer","thread_name":"main","level":"INFO"}
2025-08-18T23:20:19.145+05:30  INFO 11856 --- [catalog-service] [           main] o.apache.catalina.core.StandardService   : Starting service [Tomcat]
{"@timestamp":"2025-08-18T23:20:19.145888+05:30","@version":"1","message":"Starting service [Tomcat]","logger_name":"org.apache.catalina.core.StandardService","thread_name":"main","level":"INFO"}
2025-08-18T23:20:19.146+05:30  INFO 11856 --- [catalog-service] [           main] o.apache.catalina.core.StandardEngine    : Starting Servlet engine: [Apache Tomcat/10.1.42]
{"@timestamp":"2025-08-18T23:20:19.146014+05:30","@version":"1","message":"Starting Servlet engine: [Apache Tomcat/10.1.42]","logger_name":"org.apache.catalina.core.StandardEngine","thread_name":"main","level":"INFO"}
2025-08-18T23:20:19.152+05:30  INFO 11856 --- [catalog-service] [           main] o.a.c.c.C.[Tomcat-1].[localhost].[/]     : Initializing Spring embedded WebApplicationContext
{"@timestamp":"2025-08-18T23:20:19.152129+05:30","@version":"1","message":"Initializing Spring embedded WebApplicationContext","logger_name":"org.apache.catalina.core.ContainerBase.[Tomcat-1].[localhost].[/]","thread_name":"main","level":"INFO"}
2025-08-18T23:20:19.152+05:30  INFO 11856 --- [catalog-service] [           main] w.s.c.ServletWebServerApplicationContext : Root WebApplicationContext: initialization completed in 115 ms
{"@timestamp":"2025-08-18T23:20:19.152283+05:30","@version":"1","message":"Root WebApplicationContext: initialization completed in 115 ms","logger_name":"org.springframework.boot.web.servlet.context.ServletWebServerApplicationContext","thread_name":"main","level":"INFO"}
2025-08-18T23:20:19.178+05:30  INFO 11856 --- [catalog-service] [           main] com.zaxxer.hikari.HikariDataSource       : HikariPool-2 - Starting...
{"@timestamp":"2025-08-18T23:20:19.178404+05:30","@version":"1","message":"HikariPool-2 - Starting...","logger_name":"com.zaxxer.hikari.HikariDataSource","thread_name":"main","level":"INFO"}
2025-08-18T23:20:19.184+05:30  INFO 11856 --- [catalog-service] [           main] com.zaxxer.hikari.pool.HikariPool        : HikariPool-2 - Added connection org.postgresql.jdbc.PgConnection@633f8efd
{"@timestamp":"2025-08-18T23:20:19.184614+05:30","@version":"1","message":"HikariPool-2 - Added connection org.postgresql.jdbc.PgConnection@633f8efd","logger_name":"com.zaxxer.hikari.pool.HikariPool","thread_name":"main","level":"INFO"}
2025-08-18T23:20:19.184+05:30  INFO 11856 --- [catalog-service] [           main] com.zaxxer.hikari.HikariDataSource       : HikariPool-2 - Start completed.
{"@timestamp":"2025-08-18T23:20:19.184883+05:30","@version":"1","message":"HikariPool-2 - Start completed.","logger_name":"com.zaxxer.hikari.HikariDataSource","thread_name":"main","level":"INFO"}
2025-08-18T23:20:19.185+05:30  INFO 11856 --- [catalog-service] [           main] o.hibernate.jpa.internal.util.LogHelper  : HHH000204: Processing PersistenceUnitInfo [name: default]
{"@timestamp":"2025-08-18T23:20:19.185337+05:30","@version":"1","message":"HHH000204: Processing PersistenceUnitInfo [name: default]","logger_name":"org.hibernate.jpa.internal.util.LogHelper","thread_name":"main","level":"INFO"}
2025-08-18T23:20:19.186+05:30  INFO 11856 --- [catalog-service] [           main] o.h.c.internal.RegionFactoryInitiator    : HHH000026: Second-level cache disabled
{"@timestamp":"2025-08-18T23:20:19.186169+05:30","@version":"1","message":"HHH000026: Second-level cache disabled","logger_name":"org.hibernate.cache.internal.RegionFactoryInitiator","thread_name":"main","level":"INFO"}
2025-08-18T23:20:19.189+05:30  INFO 11856 --- [catalog-service] [           main] o.s.o.j.p.SpringPersistenceUnitInfo      : No LoadTimeWeaver setup: ignoring JPA class transformer
{"@timestamp":"2025-08-18T23:20:19.189291+05:30","@version":"1","message":"No LoadTimeWeaver setup: ignoring JPA class transformer","logger_name":"org.springframework.orm.jpa.persistenceunit.SpringPersistenceUnitInfo","thread_name":"main","level":"INFO"}
2025-08-18T23:20:19.193+05:30  INFO 11856 --- [catalog-service] [           main] org.hibernate.orm.connections.pooling    : HHH10001005: Database info:
	Database JDBC URL [Connecting through datasource 'HikariDataSource (HikariPool-2)']
	Database driver: undefined/unknown
	Database version: 13.22
	Autocommit mode: undefined/unknown
	Isolation level: undefined/unknown
	Minimum pool size: undefined/unknown
	Maximum pool size: undefined/unknown
{"@timestamp":"2025-08-18T23:20:19.193727+05:30","@version":"1","message":"HHH10001005: Database info:\n\tDatabase JDBC URL [Connecting through datasource 'HikariDataSource (HikariPool-2)']\n\tDatabase driver: undefined/unknown\n\tDatabase version: 13.22\n\tAutocommit mode: undefined/unknown\n\tIsolation level: undefined/unknown\n\tMinimum pool size: undefined/unknown\n\tMaximum pool size: undefined/unknown","logger_name":"org.hibernate.orm.connections.pooling","thread_name":"main","level":"INFO"}
2025-08-18T23:20:19.203+05:30  INFO 11856 --- [catalog-service] [           main] o.h.e.t.j.p.i.JtaPlatformInitiator       : HHH000489: No JTA platform available (set 'hibernate.transaction.jta.platform' to enable JTA platform integration)
{"@timestamp":"2025-08-18T23:20:19.203776+05:30","@version":"1","message":"HHH000489: No JTA platform available (set 'hibernate.transaction.jta.platform' to enable JTA platform integration)","logger_name":"org.hibernate.engine.transaction.jta.platform.internal.JtaPlatformInitiator","thread_name":"main","level":"INFO"}
2025-08-18T23:20:19.204+05:30  INFO 11856 --- [catalog-service] [           main] j.LocalContainerEntityManagerFactoryBean : Initialized JPA EntityManagerFactory for persistence unit 'default'
{"@timestamp":"2025-08-18T23:20:19.204029+05:30","@version":"1","message":"Initialized JPA EntityManagerFactory for persistence unit 'default'","logger_name":"org.springframework.orm.jpa.LocalContainerEntityManagerFactoryBean","thread_name":"main","level":"INFO"}
2025-08-18T23:20:19.223+05:30  WARN 11856 --- [catalog-service] [           main] JpaBaseConfiguration$JpaWebConfiguration : spring.jpa.open-in-view is enabled by default. Therefore, database queries may be performed during view rendering. Explicitly configure spring.jpa.open-in-view to disable this warning
{"@timestamp":"2025-08-18T23:20:19.223527+05:30","@version":"1","message":"spring.jpa.open-in-view is enabled by default. Therefore, database queries may be performed during view rendering. Explicitly configure spring.jpa.open-in-view to disable this warning","logger_name":"org.springframework.boot.autoconfigure.orm.jpa.JpaBaseConfiguration$JpaWebConfiguration","thread_name":"main","level":"WARN"}
2025-08-18T23:20:19.281+05:30  INFO 11856 --- [catalog-service] [           main] o.s.b.a.e.web.EndpointLinksResolver      : Exposing 2 endpoints beneath base path '/actuator'
{"@timestamp":"2025-08-18T23:20:19.281279+05:30","@version":"1","message":"Exposing 2 endpoints beneath base path '/actuator'","logger_name":"org.springframework.boot.actuate.endpoint.web.EndpointLinksResolver","thread_name":"main","level":"INFO"}
2025-08-18T23:20:19.293+05:30  INFO 11856 --- [catalog-service] [           main] o.s.b.w.embedded.tomcat.TomcatWebServer  : Tomcat started on port 60446 (http) with context path '/'
{"@timestamp":"2025-08-18T23:20:19.293545+05:30","@version":"1","message":"Tomcat started on port 60446 (http) with context path '/'","logger_name":"org.springframework.boot.web.embedded.tomcat.TomcatWebServer","thread_name":"main","level":"INFO"}
2025-08-18T23:20:19.295+05:30  INFO 11856 --- [catalog-service] [           main] c.s.catalog.CatalogCacheIntegrationTest  : Started CatalogCacheIntegrationTest in 0.269 seconds (process running for 7.41)
{"@timestamp":"2025-08-18T23:20:19.295886+05:30","@version":"1","message":"Started CatalogCacheIntegrationTest in 0.269 seconds (process running for 7.41)","logger_name":"com.swifteats.catalog.CatalogCacheIntegrationTest","thread_name":"main","level":"INFO"}
2025-08-18T23:20:19.397+05:30  INFO 11856 --- [catalog-service] [o-auto-2-exec-1] o.a.c.c.C.[Tomcat-1].[localhost].[/]     : Initializing Spring DispatcherServlet 'dispatcherServlet'
{"@timestamp":"2025-08-18T23:20:19.397248+05:30","@version":"1","message":"Initializing Spring DispatcherServlet 'dispatcherServlet'","logger_name":"org.apache.catalina.core.ContainerBase.[Tomcat-1].[localhost].[/]","thread_name":"http-nio-auto-2-exec-1","level":"INFO"}
2025-08-18T23:20:19.397+05:30  INFO 11856 --- [catalog-service] [o-auto-2-exec-1] o.s.web.servlet.DispatcherServlet        : Initializing Servlet 'dispatcherServlet'
{"@timestamp":"2025-08-18T23:20:19.397541+05:30","@version":"1","message":"Initializing Servlet 'dispatcherServlet'","logger_name":"org.springframework.web.servlet.DispatcherServlet","thread_name":"http-nio-auto-2-exec-1","level":"INFO"}
2025-08-18T23:20:19.398+05:30  INFO 11856 --- [catalog-service] [o-auto-2-exec-1] o.s.web.servlet.DispatcherServlet        : Completed initialization in 1 ms
{"@timestamp":"2025-08-18T23:20:19.398034+05:30","@version":"1","message":"Completed initialization in 1 ms","logger_name":"org.springframework.web.servlet.DispatcherServlet","thread_name":"http-nio-auto-2-exec-1","level":"INFO"}
2025-08-18T23:20:19.726+05:30  INFO 11856 --- [catalog-service] [xecutorLoop-6-2] i.l.core.protocol.ConnectionWatchdog     : Reconnecting, last destination was localhost/127.0.0.1:60442
{"@timestamp":"2025-08-18T23:20:19.72637+05:30","@version":"1","message":"Reconnecting, last destination was localhost/127.0.0.1:60442","logger_name":"io.lettuce.core.protocol.ConnectionWatchdog","thread_name":"lettuce-eventExecutorLoop-6-2","level":"INFO"}
2025-08-18T23:20:19.729+05:30  WARN 11856 --- [catalog-service] [oEventLoop-10-2] i.l.core.protocol.ConnectionWatchdog     : Cannot reconnect to [localhost/<unresolved>:60442]: Connection reset

java.net.SocketException: Connection reset
	at java.base/sun.nio.ch.SocketChannelImpl.throwConnectionReset(SocketChannelImpl.java:401)
	at java.base/sun.nio.ch.SocketChannelImpl.read(SocketChannelImpl.java:434)
	at io.netty.buffer.PooledByteBuf.setBytes(PooledByteBuf.java:255)
	at io.netty.buffer.AbstractByteBuf.writeBytes(AbstractByteBuf.java:1132)
	at io.netty.channel.socket.nio.NioSocketChannel.doReadBytes(NioSocketChannel.java:356)
	at io.netty.channel.nio.AbstractNioByteChannel$NioByteUnsafe.read(AbstractNioByteChannel.java:151)
	at io.netty.channel.nio.NioEventLoop.processSelectedKey(NioEventLoop.java:796)
	at io.netty.channel.nio.NioEventLoop.processSelectedKeysOptimized(NioEventLoop.java:732)
	at io.netty.channel.nio.NioEventLoop.processSelectedKeys(NioEventLoop.java:658)
	at io.netty.channel.nio.NioEventLoop.run(NioEventLoop.java:562)
	at io.netty.util.concurrent.SingleThreadEventExecutor$4.run(SingleThreadEventExecutor.java:998)
	at io.netty.util.internal.ThreadExecutorMap$2.run(ThreadExecutorMap.java:74)
	at io.netty.util.concurrent.FastThreadLocalRunnable.run(FastThreadLocalRunnable.java:30)
	at java.base/java.lang.Thread.run(Thread.java:1583)

{"@timestamp":"2025-08-18T23:20:19.729965+05:30","@version":"1","message":"Cannot reconnect to [localhost/<unresolved>:60442]: Connection reset","logger_name":"io.lettuce.core.protocol.ConnectionWatchdog","thread_name":"lettuce-nioEventLoop-10-2","level":"WARN","stack_trace":"java.net.SocketException: Connection reset\n\tat java.base/sun.nio.ch.SocketChannelImpl.throwConnectionReset(SocketChannelImpl.java:401)\n\tat java.base/sun.nio.ch.SocketChannelImpl.read(SocketChannelImpl.java:434)\n\tat io.netty.buffer.PooledByteBuf.setBytes(PooledByteBuf.java:255)\n\tat io.netty.buffer.AbstractByteBuf.writeBytes(AbstractByteBuf.java:1132)\n\tat io.netty.channel.socket.nio.NioSocketChannel.doReadBytes(NioSocketChannel.java:356)\n\tat io.netty.channel.nio.AbstractNioByteChannel$NioByteUnsafe.read(AbstractNioByteChannel.java:151)\n\tat io.netty.channel.nio.NioEventLoop.processSelectedKey(NioEventLoop.java:796)\n\tat io.netty.channel.nio.NioEventLoop.processSelectedKeysOptimized(NioEventLoop.java:732)\n\tat io.netty.channel.nio.NioEventLoop.processSelectedKeys(NioEventLoop.java:658)\n\tat io.netty.channel.nio.NioEventLoop.run(NioEventLoop.java:562)\n\tat io.netty.util.concurrent.SingleThreadEventExecutor$4.run(SingleThreadEventExecutor.java:998)\n\tat io.netty.util.internal.ThreadExecutorMap$2.run(ThreadExecutorMap.java:74)\n\tat io.netty.util.concurrent.FastThreadLocalRunnable.run(FastThreadLocalRunnable.java:30)\n\tat java.base/java.lang.Thread.run(Thread.java:1583)\n"}
[[1;34mINFO[m] [1;32mTests run: [0;1;32m1[m, Failures: 0, Errors: 0, Skipped: 0, Time elapsed: 2.166 s - in com.swifteats.catalog.[1mCatalogCacheIntegrationTest[m
[[1;34mINFO[m] Running com.swifteats.catalog.[1mIntegrationTest[m
2025-08-18T23:20:20.038+05:30  INFO 11856 --- [catalog-service] [           main] t.c.s.AnnotationConfigContextLoaderUtils : Could not detect default configuration classes for test class [com.swifteats.catalog.IntegrationTest]: IntegrationTest does not declare any static, non-private, non-final, nested classes annotated with @Configuration.
{"@timestamp":"2025-08-18T23:20:20.038641+05:30","@version":"1","message":"Could not detect default configuration classes for test class [com.swifteats.catalog.IntegrationTest]: IntegrationTest does not declare any static, non-private, non-final, nested classes annotated with @Configuration.","logger_name":"org.springframework.test.context.support.AnnotationConfigContextLoaderUtils","thread_name":"main","level":"INFO"}
2025-08-18T23:20:20.040+05:30  INFO 11856 --- [catalog-service] [           main] .b.t.c.SpringBootTestContextBootstrapper : Found @SpringBootConfiguration com.swifteats.catalog.CatalogApplication for test class com.swifteats.catalog.IntegrationTest
{"@timestamp":"2025-08-18T23:20:20.0409+05:30","@version":"1","message":"Found @SpringBootConfiguration com.swifteats.catalog.CatalogApplication for test class com.swifteats.catalog.IntegrationTest","logger_name":"org.springframework.boot.test.context.SpringBootTestContextBootstrapper","thread_name":"main","level":"INFO"}
2025-08-18T23:20:20.043+05:30  INFO 11856 --- [catalog-service] [           main] tc.postgres:13                           : Creating container for image: postgres:13
{"@timestamp":"2025-08-18T23:20:20.043481+05:30","@version":"1","message":"Creating container for image: postgres:13","logger_name":"tc.postgres:13","thread_name":"main","level":"INFO"}
2025-08-18T23:20:20.087+05:30  INFO 11856 --- [catalog-service] [           main] tc.postgres:13                           : Container postgres:13 is starting: 7a6c7e38a730efbc392f23bbd12f2d24ec8f457240adeef3ba33cacb7c76727b
{"@timestamp":"2025-08-18T23:20:20.087501+05:30","@version":"1","message":"Container postgres:13 is starting: 7a6c7e38a730efbc392f23bbd12f2d24ec8f457240adeef3ba33cacb7c76727b","logger_name":"tc.postgres:13","thread_name":"main","level":"INFO"}
2025-08-18T23:20:20.791+05:30  INFO 11856 --- [catalog-service] [           main] tc.postgres:13                           : Container postgres:13 started in PT0.747621S
{"@timestamp":"2025-08-18T23:20:20.791015+05:30","@version":"1","message":"Container postgres:13 started in PT0.747621S","logger_name":"tc.postgres:13","thread_name":"main","level":"INFO"}
2025-08-18T23:20:20.791+05:30  INFO 11856 --- [catalog-service] [           main] tc.postgres:13                           : Container is started (JDBC URL: jdbc:postgresql://localhost:60463/testdb?loggerLevel=OFF)
{"@timestamp":"2025-08-18T23:20:20.79171+05:30","@version":"1","message":"Container is started (JDBC URL: jdbc:postgresql://localhost:60463/testdb?loggerLevel=OFF)","logger_name":"tc.postgres:13","thread_name":"main","level":"INFO"}

  .   ____          _            __ _ _
 /\\ / ___'_ __ _ _(_)_ __  __ _ \ \ \ \
( ( )\___ | '_ | '_| | '_ \/ _` | \ \ \ \
 \\/  ___)| |_)| | | | | || (_| |  ) ) ) )
  '  |____| .__|_| |_|_| |_\__, | / / / /
 =========|_|==============|___/=/_/_/_/

 :: Spring Boot ::                (v3.5.2)

2025-08-18T23:20:20.815+05:30  INFO 11856 --- [catalog-service] [           main] com.swifteats.catalog.IntegrationTest    : Starting IntegrationTest using Java 21.0.3 with PID 11856 (started by deependraverma in /Users/deependraverma/Documents/Projects/AI/swifteats-delivery-service-new/catalog-service)
{"@timestamp":"2025-08-18T23:20:20.815321+05:30","@version":"1","message":"Starting IntegrationTest using Java 21.0.3 with PID 11856 (started by deependraverma in /Users/deependraverma/Documents/Projects/AI/swifteats-delivery-service-new/catalog-service)","logger_name":"com.swifteats.catalog.IntegrationTest","thread_name":"main","level":"INFO"}
2025-08-18T23:20:20.815+05:30  INFO 11856 --- [catalog-service] [           main] com.swifteats.catalog.IntegrationTest    : No active profile set, falling back to 1 default profile: "default"
{"@timestamp":"2025-08-18T23:20:20.815727+05:30","@version":"1","message":"No active profile set, falling back to 1 default profile: \"default\"","logger_name":"com.swifteats.catalog.IntegrationTest","thread_name":"main","level":"INFO"}
2025-08-18T23:20:20.900+05:30  INFO 11856 --- [catalog-service] [           main] .s.d.r.c.RepositoryConfigurationDelegate : Multiple Spring Data modules found, entering strict repository configuration mode
{"@timestamp":"2025-08-18T23:20:20.900611+05:30","@version":"1","message":"Multiple Spring Data modules found, entering strict repository configuration mode","logger_name":"org.springframework.data.repository.config.RepositoryConfigurationDelegate","thread_name":"main","level":"INFO"}
2025-08-18T23:20:20.900+05:30  INFO 11856 --- [catalog-service] [           main] .s.d.r.c.RepositoryConfigurationDelegate : Bootstrapping Spring Data JPA repositories in DEFAULT mode.
{"@timestamp":"2025-08-18T23:20:20.900909+05:30","@version":"1","message":"Bootstrapping Spring Data JPA repositories in DEFAULT mode.","logger_name":"org.springframework.data.repository.config.RepositoryConfigurationDelegate","thread_name":"main","level":"INFO"}
2025-08-18T23:20:20.905+05:30  INFO 11856 --- [catalog-service] [           main] .s.d.r.c.RepositoryConfigurationDelegate : Finished Spring Data repository scanning in 2 ms. Found 2 JPA repository interfaces.
{"@timestamp":"2025-08-18T23:20:20.905131+05:30","@version":"1","message":"Finished Spring Data repository scanning in 2 ms. Found 2 JPA repository interfaces.","logger_name":"org.springframework.data.repository.config.RepositoryConfigurationDelegate","thread_name":"main","level":"INFO"}
2025-08-18T23:20:20.906+05:30  INFO 11856 --- [catalog-service] [           main] .s.d.r.c.RepositoryConfigurationDelegate : Multiple Spring Data modules found, entering strict repository configuration mode
{"@timestamp":"2025-08-18T23:20:20.906149+05:30","@version":"1","message":"Multiple Spring Data modules found, entering strict repository configuration mode","logger_name":"org.springframework.data.repository.config.RepositoryConfigurationDelegate","thread_name":"main","level":"INFO"}
2025-08-18T23:20:20.906+05:30  INFO 11856 --- [catalog-service] [           main] .s.d.r.c.RepositoryConfigurationDelegate : Bootstrapping Spring Data Redis repositories in DEFAULT mode.
{"@timestamp":"2025-08-18T23:20:20.906274+05:30","@version":"1","message":"Bootstrapping Spring Data Redis repositories in DEFAULT mode.","logger_name":"org.springframework.data.repository.config.RepositoryConfigurationDelegate","thread_name":"main","level":"INFO"}
2025-08-18T23:20:20.907+05:30  INFO 11856 --- [catalog-service] [           main] .RepositoryConfigurationExtensionSupport : Spring Data Redis - Could not safely identify store assignment for repository candidate interface com.swifteats.catalog.repo.MenuItemRepository; If you want this repository to be a Redis repository, consider annotating your entities with one of these annotations: org.springframework.data.redis.core.RedisHash (preferred), or consider extending one of the following types with your repository: org.springframework.data.keyvalue.repository.KeyValueRepository
{"@timestamp":"2025-08-18T23:20:20.907581+05:30","@version":"1","message":"Spring Data Redis - Could not safely identify store assignment for repository candidate interface com.swifteats.catalog.repo.MenuItemRepository; If you want this repository to be a Redis repository, consider annotating your entities with one of these annotations: org.springframework.data.redis.core.RedisHash (preferred), or consider extending one of the following types with your repository: org.springframework.data.keyvalue.repository.KeyValueRepository","logger_name":"org.springframework.data.repository.config.RepositoryConfigurationExtensionSupport","thread_name":"main","level":"INFO"}
2025-08-18T23:20:20.907+05:30  INFO 11856 --- [catalog-service] [           main] .RepositoryConfigurationExtensionSupport : Spring Data Redis - Could not safely identify store assignment for repository candidate interface com.swifteats.catalog.repo.RestaurantRepository; If you want this repository to be a Redis repository, consider annotating your entities with one of these annotations: org.springframework.data.redis.core.RedisHash (preferred), or consider extending one of the following types with your repository: org.springframework.data.keyvalue.repository.KeyValueRepository
{"@timestamp":"2025-08-18T23:20:20.907692+05:30","@version":"1","message":"Spring Data Redis - Could not safely identify store assignment for repository candidate interface com.swifteats.catalog.repo.RestaurantRepository; If you want this repository to be a Redis repository, consider annotating your entities with one of these annotations: org.springframework.data.redis.core.RedisHash (preferred), or consider extending one of the following types with your repository: org.springframework.data.keyvalue.repository.KeyValueRepository","logger_name":"org.springframework.data.repository.config.RepositoryConfigurationExtensionSupport","thread_name":"main","level":"INFO"}
2025-08-18T23:20:20.907+05:30  INFO 11856 --- [catalog-service] [           main] .s.d.r.c.RepositoryConfigurationDelegate : Finished Spring Data repository scanning in 0 ms. Found 0 Redis repository interfaces.
{"@timestamp":"2025-08-18T23:20:20.907764+05:30","@version":"1","message":"Finished Spring Data repository scanning in 0 ms. Found 0 Redis repository interfaces.","logger_name":"org.springframework.data.repository.config.RepositoryConfigurationDelegate","thread_name":"main","level":"INFO"}
2025-08-18T23:20:20.931+05:30  INFO 11856 --- [catalog-service] [           main] o.s.b.w.embedded.tomcat.TomcatWebServer  : Tomcat initialized with port 0 (http)
{"@timestamp":"2025-08-18T23:20:20.931295+05:30","@version":"1","message":"Tomcat initialized with port 0 (http)","logger_name":"org.springframework.boot.web.embedded.tomcat.TomcatWebServer","thread_name":"main","level":"INFO"}
2025-08-18T23:20:20.932+05:30  INFO 11856 --- [catalog-service] [           main] o.apache.catalina.core.StandardService   : Starting service [Tomcat]
{"@timestamp":"2025-08-18T23:20:20.932388+05:30","@version":"1","message":"Starting service [Tomcat]","logger_name":"org.apache.catalina.core.StandardService","thread_name":"main","level":"INFO"}
2025-08-18T23:20:20.932+05:30  INFO 11856 --- [catalog-service] [           main] o.apache.catalina.core.StandardEngine    : Starting Servlet engine: [Apache Tomcat/10.1.42]
{"@timestamp":"2025-08-18T23:20:20.932529+05:30","@version":"1","message":"Starting Servlet engine: [Apache Tomcat/10.1.42]","logger_name":"org.apache.catalina.core.StandardEngine","thread_name":"main","level":"INFO"}
2025-08-18T23:20:20.944+05:30  INFO 11856 --- [catalog-service] [           main] o.a.c.c.C.[Tomcat-2].[localhost].[/]     : Initializing Spring embedded WebApplicationContext
{"@timestamp":"2025-08-18T23:20:20.944068+05:30","@version":"1","message":"Initializing Spring embedded WebApplicationContext","logger_name":"org.apache.catalina.core.ContainerBase.[Tomcat-2].[localhost].[/]","thread_name":"main","level":"INFO"}
2025-08-18T23:20:20.944+05:30  INFO 11856 --- [catalog-service] [           main] w.s.c.ServletWebServerApplicationContext : Root WebApplicationContext: initialization completed in 127 ms
{"@timestamp":"2025-08-18T23:20:20.944281+05:30","@version":"1","message":"Root WebApplicationContext: initialization completed in 127 ms","logger_name":"org.springframework.boot.web.servlet.context.ServletWebServerApplicationContext","thread_name":"main","level":"INFO"}
2025-08-18T23:20:20.968+05:30  INFO 11856 --- [catalog-service] [           main] com.zaxxer.hikari.HikariDataSource       : HikariPool-3 - Starting...
{"@timestamp":"2025-08-18T23:20:20.968608+05:30","@version":"1","message":"HikariPool-3 - Starting...","logger_name":"com.zaxxer.hikari.HikariDataSource","thread_name":"main","level":"INFO"}
2025-08-18T23:20:20.981+05:30  INFO 11856 --- [catalog-service] [           main] com.zaxxer.hikari.pool.HikariPool        : HikariPool-3 - Added connection org.postgresql.jdbc.PgConnection@47149b96
{"@timestamp":"2025-08-18T23:20:20.981259+05:30","@version":"1","message":"HikariPool-3 - Added connection org.postgresql.jdbc.PgConnection@47149b96","logger_name":"com.zaxxer.hikari.pool.HikariPool","thread_name":"main","level":"INFO"}
2025-08-18T23:20:20.981+05:30  INFO 11856 --- [catalog-service] [           main] com.zaxxer.hikari.HikariDataSource       : HikariPool-3 - Start completed.
{"@timestamp":"2025-08-18T23:20:20.981573+05:30","@version":"1","message":"HikariPool-3 - Start completed.","logger_name":"com.zaxxer.hikari.HikariDataSource","thread_name":"main","level":"INFO"}
2025-08-18T23:20:20.982+05:30  INFO 11856 --- [catalog-service] [           main] o.hibernate.jpa.internal.util.LogHelper  : HHH000204: Processing PersistenceUnitInfo [name: default]
{"@timestamp":"2025-08-18T23:20:20.982258+05:30","@version":"1","message":"HHH000204: Processing PersistenceUnitInfo [name: default]","logger_name":"org.hibernate.jpa.internal.util.LogHelper","thread_name":"main","level":"INFO"}
2025-08-18T23:20:20.983+05:30  INFO 11856 --- [catalog-service] [           main] o.h.c.internal.RegionFactoryInitiator    : HHH000026: Second-level cache disabled
{"@timestamp":"2025-08-18T23:20:20.9833+05:30","@version":"1","message":"HHH000026: Second-level cache disabled","logger_name":"org.hibernate.cache.internal.RegionFactoryInitiator","thread_name":"main","level":"INFO"}
2025-08-18T23:20:20.987+05:30  INFO 11856 --- [catalog-service] [           main] o.s.o.j.p.SpringPersistenceUnitInfo      : No LoadTimeWeaver setup: ignoring JPA class transformer
{"@timestamp":"2025-08-18T23:20:20.987025+05:30","@version":"1","message":"No LoadTimeWeaver setup: ignoring JPA class transformer","logger_name":"org.springframework.orm.jpa.persistenceunit.SpringPersistenceUnitInfo","thread_name":"main","level":"INFO"}
2025-08-18T23:20:20.998+05:30  INFO 11856 --- [catalog-service] [           main] org.hibernate.orm.connections.pooling    : HHH10001005: Database info:
	Database JDBC URL [Connecting through datasource 'HikariDataSource (HikariPool-3)']
	Database driver: undefined/unknown
	Database version: 13.22
	Autocommit mode: undefined/unknown
	Isolation level: undefined/unknown
	Minimum pool size: undefined/unknown
	Maximum pool size: undefined/unknown
{"@timestamp":"2025-08-18T23:20:20.998547+05:30","@version":"1","message":"HHH10001005: Database info:\n\tDatabase JDBC URL [Connecting through datasource 'HikariDataSource (HikariPool-3)']\n\tDatabase driver: undefined/unknown\n\tDatabase version: 13.22\n\tAutocommit mode: undefined/unknown\n\tIsolation level: undefined/unknown\n\tMinimum pool size: undefined/unknown\n\tMaximum pool size: undefined/unknown","logger_name":"org.hibernate.orm.connections.pooling","thread_name":"main","level":"INFO"}
2025-08-18T23:20:21.009+05:30  INFO 11856 --- [catalog-service] [           main] o.h.e.t.j.p.i.JtaPlatformInitiator       : HHH000489: No JTA platform available (set 'hibernate.transaction.jta.platform' to enable JTA platform integration)
{"@timestamp":"2025-08-18T23:20:21.009277+05:30","@version":"1","message":"HHH000489: No JTA platform available (set 'hibernate.transaction.jta.platform' to enable JTA platform integration)","logger_name":"org.hibernate.engine.transaction.jta.platform.internal.JtaPlatformInitiator","thread_name":"main","level":"INFO"}
2025-08-18T23:20:21.009+05:30  INFO 11856 --- [catalog-service] [           main] j.LocalContainerEntityManagerFactoryBean : Initialized JPA EntityManagerFactory for persistence unit 'default'
{"@timestamp":"2025-08-18T23:20:21.009569+05:30","@version":"1","message":"Initialized JPA EntityManagerFactory for persistence unit 'default'","logger_name":"org.springframework.orm.jpa.LocalContainerEntityManagerFactoryBean","thread_name":"main","level":"INFO"}
2025-08-18T23:20:21.027+05:30  WARN 11856 --- [catalog-service] [           main] JpaBaseConfiguration$JpaWebConfiguration : spring.jpa.open-in-view is enabled by default. Therefore, database queries may be performed during view rendering. Explicitly configure spring.jpa.open-in-view to disable this warning
{"@timestamp":"2025-08-18T23:20:21.027026+05:30","@version":"1","message":"spring.jpa.open-in-view is enabled by default. Therefore, database queries may be performed during view rendering. Explicitly configure spring.jpa.open-in-view to disable this warning","logger_name":"org.springframework.boot.autoconfigure.orm.jpa.JpaBaseConfiguration$JpaWebConfiguration","thread_name":"main","level":"WARN"}
2025-08-18T23:20:21.078+05:30  INFO 11856 --- [catalog-service] [           main] o.s.b.a.e.web.EndpointLinksResolver      : Exposing 2 endpoints beneath base path '/actuator'
{"@timestamp":"2025-08-18T23:20:21.07808+05:30","@version":"1","message":"Exposing 2 endpoints beneath base path '/actuator'","logger_name":"org.springframework.boot.actuate.endpoint.web.EndpointLinksResolver","thread_name":"main","level":"INFO"}
2025-08-18T23:20:21.085+05:30  INFO 11856 --- [catalog-service] [           main] o.s.b.w.embedded.tomcat.TomcatWebServer  : Tomcat started on port 60469 (http) with context path '/'
{"@timestamp":"2025-08-18T23:20:21.085409+05:30","@version":"1","message":"Tomcat started on port 60469 (http) with context path '/'","logger_name":"org.springframework.boot.web.embedded.tomcat.TomcatWebServer","thread_name":"main","level":"INFO"}
2025-08-18T23:20:21.087+05:30  INFO 11856 --- [catalog-service] [           main] com.swifteats.catalog.IntegrationTest    : Started IntegrationTest in 0.292 seconds (process running for 9.202)
{"@timestamp":"2025-08-18T23:20:21.087657+05:30","@version":"1","message":"Started IntegrationTest in 0.292 seconds (process running for 9.202)","logger_name":"com.swifteats.catalog.IntegrationTest","thread_name":"main","level":"INFO"}
[[1;34mINFO[m] [1;32mTests run: [0;1;32m1[m, Failures: 0, Errors: 0, Skipped: 0, Time elapsed: 1.258 s - in com.swifteats.catalog.[1mIntegrationTest[m
[[1;34mINFO[m] Running com.swifteats.catalog.[1mCacheConfigTest[m
[[1;34mINFO[m] [1;32mTests run: [0;1;32m1[m, Failures: 0, Errors: 0, Skipped: 0, Time elapsed: 0 s - in com.swifteats.catalog.[1mCacheConfigTest[m
[[1;34mINFO[m] 
[[1;34mINFO[m] Results:
[[1;34mINFO[m] 
[[1;34mINFO[m] [1;32mTests run: 5, Failures: 0, Errors: 0, Skipped: 0[m
[[1;34mINFO[m] 
[[1;34mINFO[m] 
[[1;34mINFO[m] [1m--------------------< [0;36mcom.swifteats:order-service[0;1m >---------------------[m
[[1;34mINFO[m] [1mBuilding order-service 0.1.0-SNAPSHOT                              [5/9][m
[[1;34mINFO[m] [1m--------------------------------[ jar ]---------------------------------[m
[[1;34mINFO[m] 
[[1;34mINFO[m] [1m--- [0;32mmaven-resources-plugin:2.6:resources[m [1m(default-resources)[m @ [36morder-service[0;1m ---[m
[[1;34mINFO[m] Using 'UTF-8' encoding to copy filtered resources.
[[1;34mINFO[m] Copying 3 resources
[[1;34mINFO[m] 
[[1;34mINFO[m] [1m--- [0;32mmaven-compiler-plugin:3.10.1:compile[m [1m(default-compile)[m @ [36morder-service[0;1m ---[m
[[1;34mINFO[m] Nothing to compile - all classes are up to date
[[1;34mINFO[m] 
[[1;34mINFO[m] [1m--- [0;32mmaven-resources-plugin:2.6:testResources[m [1m(default-testResources)[m @ [36morder-service[0;1m ---[m
[[1;34mINFO[m] Using 'UTF-8' encoding to copy filtered resources.
[[1;34mINFO[m] skip non existing resourceDirectory /Users/deependraverma/Documents/Projects/AI/swifteats-delivery-service-new/order-service/src/test/resources
[[1;34mINFO[m] 
[[1;34mINFO[m] [1m--- [0;32mmaven-compiler-plugin:3.10.1:testCompile[m [1m(default-testCompile)[m @ [36morder-service[0;1m ---[m
[[1;34mINFO[m] Nothing to compile - all classes are up to date
[[1;34mINFO[m] 
[[1;34mINFO[m] [1m--- [0;32mmaven-surefire-plugin:3.0.0-M7:test[m [1m(default-test)[m @ [36morder-service[0;1m ---[m
[[1;34mINFO[m] Using auto detected provider org.apache.maven.surefire.junitplatform.JUnitPlatformProvider
[[1;34mINFO[m] 
[[1;34mINFO[m] -------------------------------------------------------
[[1;34mINFO[m]  T E S T S
[[1;34mINFO[m] -------------------------------------------------------
[[1;34mINFO[m] Running com.swifteats.order.[1mOutboxIntegrationTest[m
23:20:27.008 [main] INFO org.testcontainers.utility.ImageNameSubstitutor -- Image name substitution will be performed by: DefaultImageNameSubstitutor (composite of 'ConfigurationFileImageNameSubstitutor' and 'PrefixingImageNameSubstitutor')
23:20:27.095 [main] INFO org.testcontainers.dockerclient.DockerClientProviderStrategy -- Loaded org.testcontainers.dockerclient.UnixSocketClientProviderStrategy from ~/.testcontainers.properties, will try it first
23:20:27.206 [main] INFO org.testcontainers.dockerclient.DockerClientProviderStrategy -- Found Docker environment with local Unix socket (unix:///var/run/docker.sock)
23:20:27.207 [main] INFO org.testcontainers.DockerClientFactory -- Docker host IP address is localhost
23:20:27.219 [main] INFO org.testcontainers.DockerClientFactory -- Connected to docker: 
  Server Version: 28.3.2
  API Version: 1.51
  Operating System: Docker Desktop
  Total Memory: 7837 MB
23:20:27.321 [main] INFO tc.testcontainers/ryuk:0.5.1 -- Creating container for image: testcontainers/ryuk:0.5.1
23:20:27.478 [main] INFO org.testcontainers.utility.RegistryAuthLocator -- Credential helper/store (docker-credential-desktop) does not have credentials for https://index.docker.io/v1/
23:20:27.551 [main] INFO tc.testcontainers/ryuk:0.5.1 -- Container testcontainers/ryuk:0.5.1 is starting: 11017cc9cb9cb27d3bbdb78efc3a40a84848d13966aa1ddc2c763b542421d36e
23:20:27.728 [main] INFO tc.testcontainers/ryuk:0.5.1 -- Container testcontainers/ryuk:0.5.1 started in PT0.505464S
23:20:27.732 [main] INFO org.testcontainers.utility.RyukResourceReaper -- Ryuk started - will monitor and terminate Testcontainers containers on JVM exit
23:20:27.732 [main] INFO org.testcontainers.DockerClientFactory -- Checking the system...
23:20:27.732 [main] INFO org.testcontainers.DockerClientFactory -- ✔︎ Docker server version should be at least 1.6.0
23:20:27.732 [main] INFO tc.postgres:13 -- Creating container for image: postgres:13
23:20:27.767 [main] INFO tc.postgres:13 -- Container postgres:13 is starting: a6dafa2e75dfb715849f25e3e03d6295a7ae513f7faf6eed80eed15de8287584
23:20:28.433 [main] INFO tc.postgres:13 -- Container postgres:13 started in PT0.701031S
23:20:28.434 [main] INFO tc.postgres:13 -- Container is started (JDBC URL: jdbc:postgresql://localhost:60482/testdb?loggerLevel=OFF)
23:20:28.435 [main] INFO tc.rabbitmq:3.11-management -- Creating container for image: rabbitmq:3.11-management
23:20:28.480 [main] INFO tc.rabbitmq:3.11-management -- Container rabbitmq:3.11-management is starting: e4d7f4e2076d5cccd84eaa75528486f5d8129b81d69d894b0d9ef95049ddca3b
23:20:32.696 [main] INFO tc.rabbitmq:3.11-management -- Container rabbitmq:3.11-management started in PT4.260775S
23:20:32.738 [main] INFO org.springframework.test.context.support.AnnotationConfigContextLoaderUtils -- Could not detect default configuration classes for test class [com.swifteats.order.OutboxIntegrationTest]: OutboxIntegrationTest does not declare any static, non-private, non-final, nested classes annotated with @Configuration.
23:20:32.781 [main] INFO org.springframework.boot.test.context.SpringBootTestContextBootstrapper -- Found @SpringBootConfiguration com.swifteats.order.OrderApplication for test class com.swifteats.order.OutboxIntegrationTest

  .   ____          _            __ _ _
 /\\ / ___'_ __ _ _(_)_ __  __ _ \ \ \ \
( ( )\___ | '_ | '_| | '_ \/ _` | \ \ \ \
 \\/  ___)| |_)| | | | | || (_| |  ) ) ) )
  '  |____| .__|_| |_|_| |_\__, | / / / /
 =========|_|==============|___/=/_/_/_/

 :: Spring Boot ::                (v3.5.2)

2025-08-18T23:20:33.190+05:30  INFO 11954 --- [order-service] [           main] c.swifteats.order.OutboxIntegrationTest  : Starting OutboxIntegrationTest using Java 21.0.3 with PID 11954 (started by deependraverma in /Users/deependraverma/Documents/Projects/AI/swifteats-delivery-service-new/order-service)
{"@timestamp":"2025-08-18T23:20:33.190271+05:30","@version":"1","message":"Starting OutboxIntegrationTest using Java 21.0.3 with PID 11954 (started by deependraverma in /Users/deependraverma/Documents/Projects/AI/swifteats-delivery-service-new/order-service)","logger_name":"com.swifteats.order.OutboxIntegrationTest","thread_name":"main","level":"INFO"}
2025-08-18T23:20:33.196+05:30  INFO 11954 --- [order-service] [           main] c.swifteats.order.OutboxIntegrationTest  : No active profile set, falling back to 1 default profile: "default"
{"@timestamp":"2025-08-18T23:20:33.196283+05:30","@version":"1","message":"No active profile set, falling back to 1 default profile: \"default\"","logger_name":"com.swifteats.order.OutboxIntegrationTest","thread_name":"main","level":"INFO"}
2025-08-18T23:20:33.803+05:30  INFO 11954 --- [order-service] [           main] .s.d.r.c.RepositoryConfigurationDelegate : Bootstrapping Spring Data JPA repositories in DEFAULT mode.
{"@timestamp":"2025-08-18T23:20:33.803392+05:30","@version":"1","message":"Bootstrapping Spring Data JPA repositories in DEFAULT mode.","logger_name":"org.springframework.data.repository.config.RepositoryConfigurationDelegate","thread_name":"main","level":"INFO"}
2025-08-18T23:20:33.825+05:30  INFO 11954 --- [order-service] [           main] .s.d.r.c.RepositoryConfigurationDelegate : Finished Spring Data repository scanning in 17 ms. Found 2 JPA repository interfaces.
{"@timestamp":"2025-08-18T23:20:33.825291+05:30","@version":"1","message":"Finished Spring Data repository scanning in 17 ms. Found 2 JPA repository interfaces.","logger_name":"org.springframework.data.repository.config.RepositoryConfigurationDelegate","thread_name":"main","level":"INFO"}
2025-08-18T23:20:34.223+05:30  INFO 11954 --- [order-service] [           main] o.s.b.w.embedded.tomcat.TomcatWebServer  : Tomcat initialized with port 0 (http)
{"@timestamp":"2025-08-18T23:20:34.223641+05:30","@version":"1","message":"Tomcat initialized with port 0 (http)","logger_name":"org.springframework.boot.web.embedded.tomcat.TomcatWebServer","thread_name":"main","level":"INFO"}
2025-08-18T23:20:34.230+05:30  INFO 11954 --- [order-service] [           main] o.apache.catalina.core.StandardService   : Starting service [Tomcat]
{"@timestamp":"2025-08-18T23:20:34.230464+05:30","@version":"1","message":"Starting service [Tomcat]","logger_name":"org.apache.catalina.core.StandardService","thread_name":"main","level":"INFO"}
2025-08-18T23:20:34.230+05:30  INFO 11954 --- [order-service] [           main] o.apache.catalina.core.StandardEngine    : Starting Servlet engine: [Apache Tomcat/10.1.42]
{"@timestamp":"2025-08-18T23:20:34.230897+05:30","@version":"1","message":"Starting Servlet engine: [Apache Tomcat/10.1.42]","logger_name":"org.apache.catalina.core.StandardEngine","thread_name":"main","level":"INFO"}
2025-08-18T23:20:34.279+05:30  INFO 11954 --- [order-service] [           main] o.a.c.c.C.[Tomcat].[localhost].[/]       : Initializing Spring embedded WebApplicationContext
{"@timestamp":"2025-08-18T23:20:34.27921+05:30","@version":"1","message":"Initializing Spring embedded WebApplicationContext","logger_name":"org.apache.catalina.core.ContainerBase.[Tomcat].[localhost].[/]","thread_name":"main","level":"INFO"}
2025-08-18T23:20:34.279+05:30  INFO 11954 --- [order-service] [           main] w.s.c.ServletWebServerApplicationContext : Root WebApplicationContext: initialization completed in 1068 ms
{"@timestamp":"2025-08-18T23:20:34.279591+05:30","@version":"1","message":"Root WebApplicationContext: initialization completed in 1068 ms","logger_name":"org.springframework.boot.web.servlet.context.ServletWebServerApplicationContext","thread_name":"main","level":"INFO"}
2025-08-18T23:20:34.481+05:30  INFO 11954 --- [order-service] [           main] com.zaxxer.hikari.HikariDataSource       : HikariPool-1 - Starting...
{"@timestamp":"2025-08-18T23:20:34.481946+05:30","@version":"1","message":"HikariPool-1 - Starting...","logger_name":"com.zaxxer.hikari.HikariDataSource","thread_name":"main","level":"INFO"}
2025-08-18T23:20:34.529+05:30  INFO 11954 --- [order-service] [           main] com.zaxxer.hikari.pool.HikariPool        : HikariPool-1 - Added connection org.postgresql.jdbc.PgConnection@67521a79
{"@timestamp":"2025-08-18T23:20:34.529224+05:30","@version":"1","message":"HikariPool-1 - Added connection org.postgresql.jdbc.PgConnection@67521a79","logger_name":"com.zaxxer.hikari.pool.HikariPool","thread_name":"main","level":"INFO"}
2025-08-18T23:20:34.530+05:30  INFO 11954 --- [order-service] [           main] com.zaxxer.hikari.HikariDataSource       : HikariPool-1 - Start completed.
{"@timestamp":"2025-08-18T23:20:34.530057+05:30","@version":"1","message":"HikariPool-1 - Start completed.","logger_name":"com.zaxxer.hikari.HikariDataSource","thread_name":"main","level":"INFO"}
2025-08-18T23:20:34.549+05:30  INFO 11954 --- [order-service] [           main] o.hibernate.jpa.internal.util.LogHelper  : HHH000204: Processing PersistenceUnitInfo [name: default]
{"@timestamp":"2025-08-18T23:20:34.549704+05:30","@version":"1","message":"HHH000204: Processing PersistenceUnitInfo [name: default]","logger_name":"org.hibernate.jpa.internal.util.LogHelper","thread_name":"main","level":"INFO"}
2025-08-18T23:20:34.576+05:30  INFO 11954 --- [order-service] [           main] org.hibernate.Version                    : HHH000412: Hibernate ORM core version 6.6.18.Final
{"@timestamp":"2025-08-18T23:20:34.576438+05:30","@version":"1","message":"HHH000412: Hibernate ORM core version 6.6.18.Final","logger_name":"org.hibernate.Version","thread_name":"main","level":"INFO"}
2025-08-18T23:20:34.590+05:30  INFO 11954 --- [order-service] [           main] o.h.c.internal.RegionFactoryInitiator    : HHH000026: Second-level cache disabled
{"@timestamp":"2025-08-18T23:20:34.590151+05:30","@version":"1","message":"HHH000026: Second-level cache disabled","logger_name":"org.hibernate.cache.internal.RegionFactoryInitiator","thread_name":"main","level":"INFO"}
2025-08-18T23:20:34.702+05:30  INFO 11954 --- [order-service] [           main] o.s.o.j.p.SpringPersistenceUnitInfo      : No LoadTimeWeaver setup: ignoring JPA class transformer
{"@timestamp":"2025-08-18T23:20:34.702708+05:30","@version":"1","message":"No LoadTimeWeaver setup: ignoring JPA class transformer","logger_name":"org.springframework.orm.jpa.persistenceunit.SpringPersistenceUnitInfo","thread_name":"main","level":"INFO"}
2025-08-18T23:20:34.741+05:30  INFO 11954 --- [order-service] [           main] org.hibernate.orm.connections.pooling    : HHH10001005: Database info:
	Database JDBC URL [Connecting through datasource 'HikariDataSource (HikariPool-1)']
	Database driver: undefined/unknown
	Database version: 13.22
	Autocommit mode: undefined/unknown
	Isolation level: undefined/unknown
	Minimum pool size: undefined/unknown
	Maximum pool size: undefined/unknown
{"@timestamp":"2025-08-18T23:20:34.741238+05:30","@version":"1","message":"HHH10001005: Database info:\n\tDatabase JDBC URL [Connecting through datasource 'HikariDataSource (HikariPool-1)']\n\tDatabase driver: undefined/unknown\n\tDatabase version: 13.22\n\tAutocommit mode: undefined/unknown\n\tIsolation level: undefined/unknown\n\tMinimum pool size: undefined/unknown\n\tMaximum pool size: undefined/unknown","logger_name":"org.hibernate.orm.connections.pooling","thread_name":"main","level":"INFO"}
2025-08-18T23:20:35.039+05:30  INFO 11954 --- [order-service] [           main] o.h.e.t.j.p.i.JtaPlatformInitiator       : HHH000489: No JTA platform available (set 'hibernate.transaction.jta.platform' to enable JTA platform integration)
{"@timestamp":"2025-08-18T23:20:35.039607+05:30","@version":"1","message":"HHH000489: No JTA platform available (set 'hibernate.transaction.jta.platform' to enable JTA platform integration)","logger_name":"org.hibernate.engine.transaction.jta.platform.internal.JtaPlatformInitiator","thread_name":"main","level":"INFO"}
2025-08-18T23:20:35.040+05:30  INFO 11954 --- [order-service] [           main] j.LocalContainerEntityManagerFactoryBean : Initialized JPA EntityManagerFactory for persistence unit 'default'
{"@timestamp":"2025-08-18T23:20:35.040756+05:30","@version":"1","message":"Initialized JPA EntityManagerFactory for persistence unit 'default'","logger_name":"org.springframework.orm.jpa.LocalContainerEntityManagerFactoryBean","thread_name":"main","level":"INFO"}
2025-08-18T23:20:35.398+05:30  WARN 11954 --- [order-service] [           main] JpaBaseConfiguration$JpaWebConfiguration : spring.jpa.open-in-view is enabled by default. Therefore, database queries may be performed during view rendering. Explicitly configure spring.jpa.open-in-view to disable this warning
{"@timestamp":"2025-08-18T23:20:35.398537+05:30","@version":"1","message":"spring.jpa.open-in-view is enabled by default. Therefore, database queries may be performed during view rendering. Explicitly configure spring.jpa.open-in-view to disable this warning","logger_name":"org.springframework.boot.autoconfigure.orm.jpa.JpaBaseConfiguration$JpaWebConfiguration","thread_name":"main","level":"WARN"}
2025-08-18T23:20:35.754+05:30  INFO 11954 --- [order-service] [           main] o.s.b.a.e.web.EndpointLinksResolver      : Exposing 2 endpoints beneath base path '/actuator'
{"@timestamp":"2025-08-18T23:20:35.754257+05:30","@version":"1","message":"Exposing 2 endpoints beneath base path '/actuator'","logger_name":"org.springframework.boot.actuate.endpoint.web.EndpointLinksResolver","thread_name":"main","level":"INFO"}
2025-08-18T23:20:35.862+05:30  INFO 11954 --- [order-service] [           main] o.s.b.w.embedded.tomcat.TomcatWebServer  : Tomcat started on port 60497 (http) with context path '/'
{"@timestamp":"2025-08-18T23:20:35.862688+05:30","@version":"1","message":"Tomcat started on port 60497 (http) with context path '/'","logger_name":"org.springframework.boot.web.embedded.tomcat.TomcatWebServer","thread_name":"main","level":"INFO"}
2025-08-18T23:20:35.864+05:30  INFO 11954 --- [order-service] [           main] o.s.a.r.c.CachingConnectionFactory       : Attempting to connect to: localhost:60486
{"@timestamp":"2025-08-18T23:20:35.864369+05:30","@version":"1","message":"Attempting to connect to: localhost:60486","logger_name":"org.springframework.amqp.rabbit.connection.CachingConnectionFactory","thread_name":"main","level":"INFO"}
2025-08-18T23:20:35.884+05:30  INFO 11954 --- [order-service] [           main] o.s.a.r.c.CachingConnectionFactory       : Created new connection: connectionFactory#4fc41cba:0/SimpleConnection@445944ea [delegate=amqp://guest@127.0.0.1:60486/, localPort=60498]
{"@timestamp":"2025-08-18T23:20:35.884686+05:30","@version":"1","message":"Created new connection: connectionFactory#4fc41cba:0/SimpleConnection@445944ea [delegate=amqp://guest@127.0.0.1:60486/, localPort=60498]","logger_name":"org.springframework.amqp.rabbit.connection.CachingConnectionFactory","thread_name":"main","level":"INFO"}
2025-08-18T23:20:35.936+05:30  INFO 11954 --- [order-service] [           main] c.swifteats.order.OutboxIntegrationTest  : Started OutboxIntegrationTest in 3.087 seconds (process running for 9.217)
{"@timestamp":"2025-08-18T23:20:35.936047+05:30","@version":"1","message":"Started OutboxIntegrationTest in 3.087 seconds (process running for 9.217)","logger_name":"com.swifteats.order.OutboxIntegrationTest","thread_name":"main","level":"INFO"}
2025-08-18T23:20:36.921+05:30  WARN 11954 --- [order-service] [ntContainer#0-1] o.s.a.r.l.SimpleMessageListenerContainer : Consumer raised exception, processing can restart if the connection factory supports it

com.rabbitmq.client.ShutdownSignalException: connection error
	at com.rabbitmq.client.impl.AMQConnection.startShutdown(AMQConnection.java:1007)
	at com.rabbitmq.client.impl.AMQConnection.shutdown(AMQConnection.java:997)
	at com.rabbitmq.client.impl.AMQConnection.handleFailure(AMQConnection.java:797)
	at com.rabbitmq.client.impl.AMQConnection.access$500(AMQConnection.java:48)
	at com.rabbitmq.client.impl.AMQConnection$MainLoop.run(AMQConnection.java:696)
	at java.base/java.lang.Thread.run(Thread.java:1583)
Caused by: java.io.EOFException: null
	at java.base/java.io.DataInputStream.readUnsignedByte(DataInputStream.java:297)
	at com.rabbitmq.client.impl.Frame.readFrom(Frame.java:91)
	at com.rabbitmq.client.impl.SocketFrameHandler.readFrame(SocketFrameHandler.java:199)
	at com.rabbitmq.client.impl.AMQConnection$MainLoop.run(AMQConnection.java:687)
	... 1 common frames omitted

{"@timestamp":"2025-08-18T23:20:36.921333+05:30","@version":"1","message":"Consumer raised exception, processing can restart if the connection factory supports it","logger_name":"org.springframework.amqp.rabbit.listener.SimpleMessageListenerContainer","thread_name":"org.springframework.amqp.rabbit.RabbitListenerEndpointContainer#0-1","level":"WARN","stack_trace":"com.rabbitmq.client.ShutdownSignalException: connection error\n\tat com.rabbitmq.client.impl.AMQConnection.startShutdown(AMQConnection.java:1007)\n\tat com.rabbitmq.client.impl.AMQConnection.shutdown(AMQConnection.java:997)\n\tat com.rabbitmq.client.impl.AMQConnection.handleFailure(AMQConnection.java:797)\n\tat com.rabbitmq.client.impl.AMQConnection.access$500(AMQConnection.java:48)\n\tat com.rabbitmq.client.impl.AMQConnection$MainLoop.run(AMQConnection.java:696)\n\tat java.base/java.lang.Thread.run(Thread.java:1583)\nCaused by: java.io.EOFException: null\n\tat java.base/java.io.DataInputStream.readUnsignedByte(DataInputStream.java:297)\n\tat com.rabbitmq.client.impl.Frame.readFrom(Frame.java:91)\n\tat com.rabbitmq.client.impl.SocketFrameHandler.readFrame(SocketFrameHandler.java:199)\n\tat com.rabbitmq.client.impl.AMQConnection$MainLoop.run(AMQConnection.java:687)\n\t... 1 common frames omitted\n"}
2025-08-18T23:20:36.924+05:30  WARN 11954 --- [order-service] [ntContainer#1-1] o.s.a.r.l.SimpleMessageListenerContainer : Consumer raised exception, processing can restart if the connection factory supports it

com.rabbitmq.client.ShutdownSignalException: connection error
	at com.rabbitmq.client.impl.AMQConnection.startShutdown(AMQConnection.java:1007)
	at com.rabbitmq.client.impl.AMQConnection.shutdown(AMQConnection.java:997)
	at com.rabbitmq.client.impl.AMQConnection.handleFailure(AMQConnection.java:797)
	at com.rabbitmq.client.impl.AMQConnection.access$500(AMQConnection.java:48)
	at com.rabbitmq.client.impl.AMQConnection$MainLoop.run(AMQConnection.java:696)
	at java.base/java.lang.Thread.run(Thread.java:1583)
Caused by: java.io.EOFException: null
	at java.base/java.io.DataInputStream.readUnsignedByte(DataInputStream.java:297)
	at com.rabbitmq.client.impl.Frame.readFrom(Frame.java:91)
	at com.rabbitmq.client.impl.SocketFrameHandler.readFrame(SocketFrameHandler.java:199)
	at com.rabbitmq.client.impl.AMQConnection$MainLoop.run(AMQConnection.java:687)
	... 1 common frames omitted

{"@timestamp":"2025-08-18T23:20:36.92415+05:30","@version":"1","message":"Consumer raised exception, processing can restart if the connection factory supports it","logger_name":"org.springframework.amqp.rabbit.listener.SimpleMessageListenerContainer","thread_name":"org.springframework.amqp.rabbit.RabbitListenerEndpointContainer#1-1","level":"WARN","stack_trace":"com.rabbitmq.client.ShutdownSignalException: connection error\n\tat com.rabbitmq.client.impl.AMQConnection.startShutdown(AMQConnection.java:1007)\n\tat com.rabbitmq.client.impl.AMQConnection.shutdown(AMQConnection.java:997)\n\tat com.rabbitmq.client.impl.AMQConnection.handleFailure(AMQConnection.java:797)\n\tat com.rabbitmq.client.impl.AMQConnection.access$500(AMQConnection.java:48)\n\tat com.rabbitmq.client.impl.AMQConnection$MainLoop.run(AMQConnection.java:696)\n\tat java.base/java.lang.Thread.run(Thread.java:1583)\nCaused by: java.io.EOFException: null\n\tat java.base/java.io.DataInputStream.readUnsignedByte(DataInputStream.java:297)\n\tat com.rabbitmq.client.impl.Frame.readFrom(Frame.java:91)\n\tat com.rabbitmq.client.impl.SocketFrameHandler.readFrame(SocketFrameHandler.java:199)\n\tat com.rabbitmq.client.impl.AMQConnection$MainLoop.run(AMQConnection.java:687)\n\t... 1 common frames omitted\n"}
2025-08-18T23:20:36.928+05:30  INFO 11954 --- [order-service] [ntContainer#1-1] o.s.a.r.l.SimpleMessageListenerContainer : Restarting Consumer@31caf651: tags=[[amq.ctag-xk0Mn-xXnmXppBOi-8ZBXg]], channel=Cached Rabbit Channel: AMQChannel(amqp://guest@127.0.0.1:60486/,2), conn: Proxy@59463bab Shared Rabbit Connection: SimpleConnection@445944ea [delegate=amqp://guest@127.0.0.1:60486/, localPort=60498], acknowledgeMode=AUTO local queue size=0
{"@timestamp":"2025-08-18T23:20:36.928595+05:30","@version":"1","message":"Restarting Consumer@31caf651: tags=[[amq.ctag-xk0Mn-xXnmXppBOi-8ZBXg]], channel=Cached Rabbit Channel: AMQChannel(amqp://guest@127.0.0.1:60486/,2), conn: Proxy@59463bab Shared Rabbit Connection: SimpleConnection@445944ea [delegate=amqp://guest@127.0.0.1:60486/, localPort=60498], acknowledgeMode=AUTO local queue size=0","logger_name":"org.springframework.amqp.rabbit.listener.SimpleMessageListenerContainer","thread_name":"org.springframework.amqp.rabbit.RabbitListenerEndpointContainer#1-1","level":"INFO"}
2025-08-18T23:20:36.929+05:30  INFO 11954 --- [order-service] [ntContainer#0-1] o.s.a.r.l.SimpleMessageListenerContainer : Restarting Consumer@bf56981: tags=[[amq.ctag-YzOYtCzXBdjVMS1m_l2eow]], channel=Cached Rabbit Channel: AMQChannel(amqp://guest@127.0.0.1:60486/,1), conn: Proxy@59463bab Shared Rabbit Connection: SimpleConnection@445944ea [delegate=amqp://guest@127.0.0.1:60486/, localPort=60498], acknowledgeMode=AUTO local queue size=0
{"@timestamp":"2025-08-18T23:20:36.92987+05:30","@version":"1","message":"Restarting Consumer@bf56981: tags=[[amq.ctag-YzOYtCzXBdjVMS1m_l2eow]], channel=Cached Rabbit Channel: AMQChannel(amqp://guest@127.0.0.1:60486/,1), conn: Proxy@59463bab Shared Rabbit Connection: SimpleConnection@445944ea [delegate=amqp://guest@127.0.0.1:60486/, localPort=60498], acknowledgeMode=AUTO local queue size=0","logger_name":"org.springframework.amqp.rabbit.listener.SimpleMessageListenerContainer","thread_name":"org.springframework.amqp.rabbit.RabbitListenerEndpointContainer#0-1","level":"INFO"}
2025-08-18T23:20:36.936+05:30  INFO 11954 --- [order-service] [ntContainer#1-2] o.s.a.r.c.CachingConnectionFactory       : Attempting to connect to: localhost:60486
{"@timestamp":"2025-08-18T23:20:36.936593+05:30","@version":"1","message":"Attempting to connect to: localhost:60486","logger_name":"org.springframework.amqp.rabbit.connection.CachingConnectionFactory","thread_name":"org.springframework.amqp.rabbit.RabbitListenerEndpointContainer#1-2","level":"INFO"}
2025-08-18T23:20:36.939+05:30  INFO 11954 --- [order-service] [ntContainer#0-2] o.s.a.r.c.CachingConnectionFactory       : Attempting to connect to: localhost:60486
{"@timestamp":"2025-08-18T23:20:36.939351+05:30","@version":"1","message":"Attempting to connect to: localhost:60486","logger_name":"org.springframework.amqp.rabbit.connection.CachingConnectionFactory","thread_name":"org.springframework.amqp.rabbit.RabbitListenerEndpointContainer#0-2","level":"INFO"}
2025-08-18T23:20:36.939+05:30 ERROR 11954 --- [order-service] [ntContainer#1-2] o.s.a.r.l.SimpleMessageListenerContainer : Failed to check/redeclare auto-delete queue(s).

org.springframework.amqp.AmqpConnectException: java.net.ConnectException: Connection refused
	at org.springframework.amqp.rabbit.support.RabbitExceptionTranslator.convertRabbitAccessException(RabbitExceptionTranslator.java:61)
	at org.springframework.amqp.rabbit.connection.AbstractConnectionFactory.createBareConnection(AbstractConnectionFactory.java:632)
	at org.springframework.amqp.rabbit.connection.CachingConnectionFactory.createConnection(CachingConnectionFactory.java:726)
	at org.springframework.amqp.rabbit.connection.CachingConnectionFactory.createBareChannel(CachingConnectionFactory.java:671)
	at org.springframework.amqp.rabbit.connection.CachingConnectionFactory.getCachedChannelProxy(CachingConnectionFactory.java:644)
	at org.springframework.amqp.rabbit.connection.CachingConnectionFactory.getChannel(CachingConnectionFactory.java:533)
	at org.springframework.amqp.rabbit.connection.CachingConnectionFactory$ChannelCachingConnectionProxy.createChannel(CachingConnectionFactory.java:1484)
	at org.springframework.amqp.rabbit.core.RabbitTemplate.doExecute(RabbitTemplate.java:2268)
	at org.springframework.amqp.rabbit.core.RabbitTemplate.execute(RabbitTemplate.java:2235)
	at org.springframework.amqp.rabbit.core.RabbitTemplate.execute(RabbitTemplate.java:2215)
	at org.springframework.amqp.rabbit.core.RabbitAdmin.getQueueInfo(RabbitAdmin.java:467)
	at org.springframework.amqp.rabbit.core.RabbitAdmin.getQueueProperties(RabbitAdmin.java:451)
	at org.springframework.amqp.rabbit.listener.AbstractMessageListenerContainer.attemptDeclarations(AbstractMessageListenerContainer.java:1972)
	at org.springframework.amqp.rabbit.listener.AbstractMessageListenerContainer.redeclareElementsIfNecessary(AbstractMessageListenerContainer.java:1936)
	at org.springframework.amqp.rabbit.listener.SimpleMessageListenerContainer$AsyncMessageProcessingConsumer.initialize(SimpleMessageListenerContainer.java:1481)
	at org.springframework.amqp.rabbit.listener.SimpleMessageListenerContainer$AsyncMessageProcessingConsumer.run(SimpleMessageListenerContainer.java:1322)
	at java.base/java.lang.Thread.run(Thread.java:1583)
Caused by: java.net.ConnectException: Connection refused
	at java.base/sun.nio.ch.Net.pollConnect(Native Method)
	at java.base/sun.nio.ch.Net.pollConnectNow(Net.java:682)
	at java.base/sun.nio.ch.NioSocketImpl.timedFinishConnect(NioSocketImpl.java:549)
	at java.base/sun.nio.ch.NioSocketImpl.connect(NioSocketImpl.java:592)
	at java.base/java.net.SocksSocketImpl.connect(SocksSocketImpl.java:327)
	at java.base/java.net.Socket.connect(Socket.java:751)
	at com.rabbitmq.client.impl.SocketFrameHandlerFactory.create(SocketFrameHandlerFactory.java:61)
	at com.rabbitmq.client.ConnectionFactory.newConnection(ConnectionFactory.java:1249)
	at com.rabbitmq.client.ConnectionFactory.newConnection(ConnectionFactory.java:1198)
	at com.rabbitmq.client.ConnectionFactory.newConnection(ConnectionFactory.java:1369)
	at org.springframework.amqp.rabbit.connection.AbstractConnectionFactory.connectHostPort(AbstractConnectionFactory.java:695)
	at org.springframework.amqp.rabbit.connection.AbstractConnectionFactory.connect(AbstractConnectionFactory.java:650)
	at org.springframework.amqp.rabbit.connection.AbstractConnectionFactory.createBareConnection(AbstractConnectionFactory.java:593)
	... 15 common frames omitted

{"@timestamp":"2025-08-18T23:20:36.93935+05:30","@version":"1","message":"Failed to check/redeclare auto-delete queue(s).","logger_name":"org.springframework.amqp.rabbit.listener.SimpleMessageListenerContainer","thread_name":"org.springframework.amqp.rabbit.RabbitListenerEndpointContainer#1-2","level":"ERROR","stack_trace":"org.springframework.amqp.AmqpConnectException: java.net.ConnectException: Connection refused\n\tat org.springframework.amqp.rabbit.support.RabbitExceptionTranslator.convertRabbitAccessException(RabbitExceptionTranslator.java:61)\n\tat org.springframework.amqp.rabbit.connection.AbstractConnectionFactory.createBareConnection(AbstractConnectionFactory.java:632)\n\tat org.springframework.amqp.rabbit.connection.CachingConnectionFactory.createConnection(CachingConnectionFactory.java:726)\n\tat org.springframework.amqp.rabbit.connection.CachingConnectionFactory.createBareChannel(CachingConnectionFactory.java:671)\n\tat org.springframework.amqp.rabbit.connection.CachingConnectionFactory.getCachedChannelProxy(CachingConnectionFactory.java:644)\n\tat org.springframework.amqp.rabbit.connection.CachingConnectionFactory.getChannel(CachingConnectionFactory.java:533)\n\tat org.springframework.amqp.rabbit.connection.CachingConnectionFactory$ChannelCachingConnectionProxy.createChannel(CachingConnectionFactory.java:1484)\n\tat org.springframework.amqp.rabbit.core.RabbitTemplate.doExecute(RabbitTemplate.java:2268)\n\tat org.springframework.amqp.rabbit.core.RabbitTemplate.execute(RabbitTemplate.java:2235)\n\tat org.springframework.amqp.rabbit.core.RabbitTemplate.execute(RabbitTemplate.java:2215)\n\tat org.springframework.amqp.rabbit.core.RabbitAdmin.getQueueInfo(RabbitAdmin.java:467)\n\tat org.springframework.amqp.rabbit.core.RabbitAdmin.getQueueProperties(RabbitAdmin.java:451)\n\tat org.springframework.amqp.rabbit.listener.AbstractMessageListenerContainer.attemptDeclarations(AbstractMessageListenerContainer.java:1972)\n\tat org.springframework.amqp.rabbit.listener.AbstractMessageListenerContainer.redeclareElementsIfNecessary(AbstractMessageListenerContainer.java:1936)\n\tat org.springframework.amqp.rabbit.listener.SimpleMessageListenerContainer$AsyncMessageProcessingConsumer.initialize(SimpleMessageListenerContainer.java:1481)\n\tat org.springframework.amqp.rabbit.listener.SimpleMessageListenerContainer$AsyncMessageProcessingConsumer.run(SimpleMessageListenerContainer.java:1322)\n\tat java.base/java.lang.Thread.run(Thread.java:1583)\nCaused by: java.net.ConnectException: Connection refused\n\tat java.base/sun.nio.ch.Net.pollConnect(Native Method)\n\tat java.base/sun.nio.ch.Net.pollConnectNow(Net.java:682)\n\tat java.base/sun.nio.ch.NioSocketImpl.timedFinishConnect(NioSocketImpl.java:549)\n\tat java.base/sun.nio.ch.NioSocketImpl.connect(NioSocketImpl.java:592)\n\tat java.base/java.net.SocksSocketImpl.connect(SocksSocketImpl.java:327)\n\tat java.base/java.net.Socket.connect(Socket.java:751)\n\tat com.rabbitmq.client.impl.SocketFrameHandlerFactory.create(SocketFrameHandlerFactory.java:61)\n\tat com.rabbitmq.client.ConnectionFactory.newConnection(ConnectionFactory.java:1249)\n\tat com.rabbitmq.client.ConnectionFactory.newConnection(ConnectionFactory.java:1198)\n\tat com.rabbitmq.client.ConnectionFactory.newConnection(ConnectionFactory.java:1369)\n\tat org.springframework.amqp.rabbit.connection.AbstractConnectionFactory.connectHostPort(AbstractConnectionFactory.java:695)\n\tat org.springframework.amqp.rabbit.connection.AbstractConnectionFactory.connect(AbstractConnectionFactory.java:650)\n\tat org.springframework.amqp.rabbit.connection.AbstractConnectionFactory.createBareConnection(AbstractConnectionFactory.java:593)\n\t... 15 common frames omitted\n"}
2025-08-18T23:20:36.940+05:30  INFO 11954 --- [order-service] [ntContainer#1-2] o.s.a.r.c.CachingConnectionFactory       : Attempting to connect to: localhost:60486
{"@timestamp":"2025-08-18T23:20:36.940531+05:30","@version":"1","message":"Attempting to connect to: localhost:60486","logger_name":"org.springframework.amqp.rabbit.connection.CachingConnectionFactory","thread_name":"org.springframework.amqp.rabbit.RabbitListenerEndpointContainer#1-2","level":"INFO"}
2025-08-18T23:20:36.940+05:30 ERROR 11954 --- [order-service] [ntContainer#0-2] o.s.a.r.l.SimpleMessageListenerContainer : Failed to check/redeclare auto-delete queue(s).

org.springframework.amqp.AmqpConnectException: java.net.ConnectException: Connection refused
	at org.springframework.amqp.rabbit.support.RabbitExceptionTranslator.convertRabbitAccessException(RabbitExceptionTranslator.java:61)
	at org.springframework.amqp.rabbit.connection.AbstractConnectionFactory.createBareConnection(AbstractConnectionFactory.java:632)
	at org.springframework.amqp.rabbit.connection.CachingConnectionFactory.createConnection(CachingConnectionFactory.java:726)
	at org.springframework.amqp.rabbit.connection.ConnectionFactoryUtils.createConnection(ConnectionFactoryUtils.java:257)
	at org.springframework.amqp.rabbit.core.RabbitTemplate.doExecute(RabbitTemplate.java:2262)
	at org.springframework.amqp.rabbit.core.RabbitTemplate.execute(RabbitTemplate.java:2235)
	at org.springframework.amqp.rabbit.core.RabbitTemplate.execute(RabbitTemplate.java:2215)
	at org.springframework.amqp.rabbit.core.RabbitAdmin.getQueueInfo(RabbitAdmin.java:467)
	at org.springframework.amqp.rabbit.core.RabbitAdmin.getQueueProperties(RabbitAdmin.java:451)
	at org.springframework.amqp.rabbit.listener.AbstractMessageListenerContainer.attemptDeclarations(AbstractMessageListenerContainer.java:1972)
	at org.springframework.amqp.rabbit.listener.AbstractMessageListenerContainer.redeclareElementsIfNecessary(AbstractMessageListenerContainer.java:1936)
	at org.springframework.amqp.rabbit.listener.SimpleMessageListenerContainer$AsyncMessageProcessingConsumer.initialize(SimpleMessageListenerContainer.java:1481)
	at org.springframework.amqp.rabbit.listener.SimpleMessageListenerContainer$AsyncMessageProcessingConsumer.run(SimpleMessageListenerContainer.java:1322)
	at java.base/java.lang.Thread.run(Thread.java:1583)
Caused by: java.net.ConnectException: Connection refused
	at java.base/sun.nio.ch.Net.pollConnect(Native Method)
	at java.base/sun.nio.ch.Net.pollConnectNow(Net.java:682)
	at java.base/sun.nio.ch.NioSocketImpl.timedFinishConnect(NioSocketImpl.java:549)
	at java.base/sun.nio.ch.NioSocketImpl.connect(NioSocketImpl.java:592)
	at java.base/java.net.SocksSocketImpl.connect(SocksSocketImpl.java:327)
	at java.base/java.net.Socket.connect(Socket.java:751)
	at com.rabbitmq.client.impl.SocketFrameHandlerFactory.create(SocketFrameHandlerFactory.java:61)
	at com.rabbitmq.client.ConnectionFactory.newConnection(ConnectionFactory.java:1249)
	at com.rabbitmq.client.ConnectionFactory.newConnection(ConnectionFactory.java:1198)
	at com.rabbitmq.client.ConnectionFactory.newConnection(ConnectionFactory.java:1369)
	at org.springframework.amqp.rabbit.connection.AbstractConnectionFactory.connectHostPort(AbstractConnectionFactory.java:695)
	at org.springframework.amqp.rabbit.connection.AbstractConnectionFactory.connect(AbstractConnectionFactory.java:650)
	at org.springframework.amqp.rabbit.connection.AbstractConnectionFactory.createBareConnection(AbstractConnectionFactory.java:593)
	... 12 common frames omitted

{"@timestamp":"2025-08-18T23:20:36.940412+05:30","@version":"1","message":"Failed to check/redeclare auto-delete queue(s).","logger_name":"org.springframework.amqp.rabbit.listener.SimpleMessageListenerContainer","thread_name":"org.springframework.amqp.rabbit.RabbitListenerEndpointContainer#0-2","level":"ERROR","stack_trace":"org.springframework.amqp.AmqpConnectException: java.net.ConnectException: Connection refused\n\tat org.springframework.amqp.rabbit.support.RabbitExceptionTranslator.convertRabbitAccessException(RabbitExceptionTranslator.java:61)\n\tat org.springframework.amqp.rabbit.connection.AbstractConnectionFactory.createBareConnection(AbstractConnectionFactory.java:632)\n\tat org.springframework.amqp.rabbit.connection.CachingConnectionFactory.createConnection(CachingConnectionFactory.java:726)\n\tat org.springframework.amqp.rabbit.connection.ConnectionFactoryUtils.createConnection(ConnectionFactoryUtils.java:257)\n\tat org.springframework.amqp.rabbit.core.RabbitTemplate.doExecute(RabbitTemplate.java:2262)\n\tat org.springframework.amqp.rabbit.core.RabbitTemplate.execute(RabbitTemplate.java:2235)\n\tat org.springframework.amqp.rabbit.core.RabbitTemplate.execute(RabbitTemplate.java:2215)\n\tat org.springframework.amqp.rabbit.core.RabbitAdmin.getQueueInfo(RabbitAdmin.java:467)\n\tat org.springframework.amqp.rabbit.core.RabbitAdmin.getQueueProperties(RabbitAdmin.java:451)\n\tat org.springframework.amqp.rabbit.listener.AbstractMessageListenerContainer.attemptDeclarations(AbstractMessageListenerContainer.java:1972)\n\tat org.springframework.amqp.rabbit.listener.AbstractMessageListenerContainer.redeclareElementsIfNecessary(AbstractMessageListenerContainer.java:1936)\n\tat org.springframework.amqp.rabbit.listener.SimpleMessageListenerContainer$AsyncMessageProcessingConsumer.initialize(SimpleMessageListenerContainer.java:1481)\n\tat org.springframework.amqp.rabbit.listener.SimpleMessageListenerContainer$AsyncMessageProcessingConsumer.run(SimpleMessageListenerContainer.java:1322)\n\tat java.base/java.lang.Thread.run(Thread.java:1583)\nCaused by: java.net.ConnectException: Connection refused\n\tat java.base/sun.nio.ch.Net.pollConnect(Native Method)\n\tat java.base/sun.nio.ch.Net.pollConnectNow(Net.java:682)\n\tat java.base/sun.nio.ch.NioSocketImpl.timedFinishConnect(NioSocketImpl.java:549)\n\tat java.base/sun.nio.ch.NioSocketImpl.connect(NioSocketImpl.java:592)\n\tat java.base/java.net.SocksSocketImpl.connect(SocksSocketImpl.java:327)\n\tat java.base/java.net.Socket.connect(Socket.java:751)\n\tat com.rabbitmq.client.impl.SocketFrameHandlerFactory.create(SocketFrameHandlerFactory.java:61)\n\tat com.rabbitmq.client.ConnectionFactory.newConnection(ConnectionFactory.java:1249)\n\tat com.rabbitmq.client.ConnectionFactory.newConnection(ConnectionFactory.java:1198)\n\tat com.rabbitmq.client.ConnectionFactory.newConnection(ConnectionFactory.java:1369)\n\tat org.springframework.amqp.rabbit.connection.AbstractConnectionFactory.connectHostPort(AbstractConnectionFactory.java:695)\n\tat org.springframework.amqp.rabbit.connection.AbstractConnectionFactory.connect(AbstractConnectionFactory.java:650)\n\tat org.springframework.amqp.rabbit.connection.AbstractConnectionFactory.createBareConnection(AbstractConnectionFactory.java:593)\n\t... 12 common frames omitted\n"}
2025-08-18T23:20:36.942+05:30  INFO 11954 --- [order-service] [ntContainer#0-2] o.s.a.r.c.CachingConnectionFactory       : Attempting to connect to: localhost:60486
{"@timestamp":"2025-08-18T23:20:36.942255+05:30","@version":"1","message":"Attempting to connect to: localhost:60486","logger_name":"org.springframework.amqp.rabbit.connection.CachingConnectionFactory","thread_name":"org.springframework.amqp.rabbit.RabbitListenerEndpointContainer#0-2","level":"INFO"}
[[1;34mINFO[m] [1;32mTests run: [0;1;32m1[m, Failures: 0, Errors: 0, Skipped: 0, Time elapsed: 10.071 s - in com.swifteats.order.[1mOutboxIntegrationTest[m
[[1;34mINFO[m] Running com.swifteats.order.poller.[1mOutboxPollerResilienceTest[m
2025-08-18T23:20:37.228+05:30  WARN 11954 --- [order-service] [           main] c.swifteats.order.poller.OutboxPoller    : Outbox id=1 publish attempt 1 failed

java.lang.RuntimeException: rabbit down
	at com.swifteats.order.poller.OutboxPoller.pollAndPublish(OutboxPoller.java:42)
	at com.swifteats.order.poller.OutboxPollerResilienceTest.whenPublishFails_thenRetriesAndUpdatesAttempts(OutboxPollerResilienceTest.java:53)
	at java.base/jdk.internal.reflect.DirectMethodHandleAccessor.invoke(DirectMethodHandleAccessor.java:103)
	at java.base/java.lang.reflect.Method.invoke(Method.java:580)
	at org.junit.platform.commons.util.ReflectionUtils.invokeMethod(ReflectionUtils.java:775)
	at org.junit.platform.commons.support.ReflectionSupport.invokeMethod(ReflectionSupport.java:479)
	at org.junit.jupiter.engine.execution.MethodInvocation.proceed(MethodInvocation.java:60)
	at org.junit.jupiter.engine.execution.InvocationInterceptorChain$ValidatingInvocation.proceed(InvocationInterceptorChain.java:131)
	at org.junit.jupiter.engine.extension.TimeoutExtension.intercept(TimeoutExtension.java:161)
	at org.junit.jupiter.engine.extension.TimeoutExtension.interceptTestableMethod(TimeoutExtension.java:152)
	at org.junit.jupiter.engine.extension.TimeoutExtension.interceptTestMethod(TimeoutExtension.java:91)
	at org.junit.jupiter.engine.execution.InterceptingExecutableInvoker$ReflectiveInterceptorCall.lambda$ofVoidMethod$0(InterceptingExecutableInvoker.java:112)
	at org.junit.jupiter.engine.execution.InterceptingExecutableInvoker.lambda$invoke$0(InterceptingExecutableInvoker.java:94)
	at org.junit.jupiter.engine.execution.InvocationInterceptorChain$InterceptedInvocation.proceed(InvocationInterceptorChain.java:106)
	at org.junit.jupiter.engine.execution.InvocationInterceptorChain.proceed(InvocationInterceptorChain.java:64)
	at org.junit.jupiter.engine.execution.InvocationInterceptorChain.chainAndInvoke(InvocationInterceptorChain.java:45)
	at org.junit.jupiter.engine.execution.InvocationInterceptorChain.invoke(InvocationInterceptorChain.java:37)
	at org.junit.jupiter.engine.execution.InterceptingExecutableInvoker.invoke(InterceptingExecutableInvoker.java:93)
	at org.junit.jupiter.engine.execution.InterceptingExecutableInvoker.invoke(InterceptingExecutableInvoker.java:87)
	at org.junit.jupiter.engine.descriptor.TestMethodTestDescriptor.lambda$invokeTestMethod$7(TestMethodTestDescriptor.java:216)
	at org.junit.platform.engine.support.hierarchical.ThrowableCollector.execute(ThrowableCollector.java:73)
	at org.junit.jupiter.engine.descriptor.TestMethodTestDescriptor.invokeTestMethod(TestMethodTestDescriptor.java:212)
	at org.junit.jupiter.engine.descriptor.TestMethodTestDescriptor.execute(TestMethodTestDescriptor.java:137)
	at org.junit.jupiter.engine.descriptor.TestMethodTestDescriptor.execute(TestMethodTestDescriptor.java:69)
	at org.junit.platform.engine.support.hierarchical.NodeTestTask.lambda$executeRecursively$6(NodeTestTask.java:156)
	at org.junit.platform.engine.support.hierarchical.ThrowableCollector.execute(ThrowableCollector.java:73)
	at org.junit.platform.engine.support.hierarchical.NodeTestTask.lambda$executeRecursively$8(NodeTestTask.java:146)
	at org.junit.platform.engine.support.hierarchical.Node.around(Node.java:137)
	at org.junit.platform.engine.support.hierarchical.NodeTestTask.lambda$executeRecursively$9(NodeTestTask.java:144)
	at org.junit.platform.engine.support.hierarchical.ThrowableCollector.execute(ThrowableCollector.java:73)
	at org.junit.platform.engine.support.hierarchical.NodeTestTask.executeRecursively(NodeTestTask.java:143)
	at org.junit.platform.engine.support.hierarchical.NodeTestTask.execute(NodeTestTask.java:100)
	at java.base/java.util.ArrayList.forEach(ArrayList.java:1596)
	at org.junit.platform.engine.support.hierarchical.SameThreadHierarchicalTestExecutorService.invokeAll(SameThreadHierarchicalTestExecutorService.java:41)
	at org.junit.platform.engine.support.hierarchical.NodeTestTask.lambda$executeRecursively$6(NodeTestTask.java:160)
	at org.junit.platform.engine.support.hierarchical.ThrowableCollector.execute(ThrowableCollector.java:73)
	at org.junit.platform.engine.support.hierarchical.NodeTestTask.lambda$executeRecursively$8(NodeTestTask.java:146)
	at org.junit.platform.engine.support.hierarchical.Node.around(Node.java:137)
	at org.junit.platform.engine.support.hierarchical.NodeTestTask.lambda$executeRecursively$9(NodeTestTask.java:144)
	at org.junit.platform.engine.support.hierarchical.ThrowableCollector.execute(ThrowableCollector.java:73)
	at org.junit.platform.engine.support.hierarchical.NodeTestTask.executeRecursively(NodeTestTask.java:143)
	at org.junit.platform.engine.support.hierarchical.NodeTestTask.execute(NodeTestTask.java:100)
	at java.base/java.util.ArrayList.forEach(ArrayList.java:1596)
	at org.junit.platform.engine.support.hierarchical.SameThreadHierarchicalTestExecutorService.invokeAll(SameThreadHierarchicalTestExecutorService.java:41)
	at org.junit.platform.engine.support.hierarchical.NodeTestTask.lambda$executeRecursively$6(NodeTestTask.java:160)
	at org.junit.platform.engine.support.hierarchical.ThrowableCollector.execute(ThrowableCollector.java:73)
	at org.junit.platform.engine.support.hierarchical.NodeTestTask.lambda$executeRecursively$8(NodeTestTask.java:146)
	at org.junit.platform.engine.support.hierarchical.Node.around(Node.java:137)
	at org.junit.platform.engine.support.hierarchical.NodeTestTask.lambda$executeRecursively$9(NodeTestTask.java:144)
	at org.junit.platform.engine.support.hierarchical.ThrowableCollector.execute(ThrowableCollector.java:73)
	at org.junit.platform.engine.support.hierarchical.NodeTestTask.executeRecursively(NodeTestTask.java:143)
	at org.junit.platform.engine.support.hierarchical.NodeTestTask.execute(NodeTestTask.java:100)
	at org.junit.platform.engine.support.hierarchical.SameThreadHierarchicalTestExecutorService.submit(SameThreadHierarchicalTestExecutorService.java:35)
	at org.junit.platform.engine.support.hierarchical.HierarchicalTestExecutor.execute(HierarchicalTestExecutor.java:57)
	at org.junit.platform.engine.support.hierarchical.HierarchicalTestEngine.execute(HierarchicalTestEngine.java:54)
	at org.junit.platform.launcher.core.EngineExecutionOrchestrator.execute(EngineExecutionOrchestrator.java:201)
	at org.junit.platform.launcher.core.EngineExecutionOrchestrator.execute(EngineExecutionOrchestrator.java:170)
	at org.junit.platform.launcher.core.EngineExecutionOrchestrator.execute(EngineExecutionOrchestrator.java:94)
	at org.junit.platform.launcher.core.EngineExecutionOrchestrator.lambda$execute$0(EngineExecutionOrchestrator.java:59)
	at org.junit.platform.launcher.core.EngineExecutionOrchestrator.withInterceptedStreams(EngineExecutionOrchestrator.java:142)
	at org.junit.platform.launcher.core.EngineExecutionOrchestrator.execute(EngineExecutionOrchestrator.java:58)
	at org.junit.platform.launcher.core.DefaultLauncher.execute(DefaultLauncher.java:103)
	at org.junit.platform.launcher.core.DefaultLauncher.execute(DefaultLauncher.java:85)
	at org.junit.platform.launcher.core.DelegatingLauncher.execute(DelegatingLauncher.java:47)
	at org.junit.platform.launcher.core.InterceptingLauncher.lambda$execute$1(InterceptingLauncher.java:39)
	at org.junit.platform.launcher.core.ClasspathAlignmentCheckingLauncherInterceptor.intercept(ClasspathAlignmentCheckingLauncherInterceptor.java:25)
	at org.junit.platform.launcher.core.InterceptingLauncher.execute(InterceptingLauncher.java:38)
	at org.junit.platform.launcher.core.DelegatingLauncher.execute(DelegatingLauncher.java:47)
	at org.apache.maven.surefire.junitplatform.LazyLauncher.execute(LazyLauncher.java:55)
	at org.apache.maven.surefire.junitplatform.JUnitPlatformProvider.execute(JUnitPlatformProvider.java:223)
	at org.apache.maven.surefire.junitplatform.JUnitPlatformProvider.invokeAllTests(JUnitPlatformProvider.java:175)
	at org.apache.maven.surefire.junitplatform.JUnitPlatformProvider.invoke(JUnitPlatformProvider.java:139)
	at org.apache.maven.surefire.booter.ForkedBooter.runSuitesInProcess(ForkedBooter.java:456)
	at org.apache.maven.surefire.booter.ForkedBooter.execute(ForkedBooter.java:169)
	at org.apache.maven.surefire.booter.ForkedBooter.run(ForkedBooter.java:595)
	at org.apache.maven.surefire.booter.ForkedBooter.main(ForkedBooter.java:581)

{"@timestamp":"2025-08-18T23:20:37.228519+05:30","@version":"1","message":"Outbox id=1 publish attempt 1 failed","logger_name":"com.swifteats.order.poller.OutboxPoller","thread_name":"main","level":"WARN","stack_trace":"java.lang.RuntimeException: rabbit down\n\tat com.swifteats.order.poller.OutboxPoller.pollAndPublish(OutboxPoller.java:42)\n\tat com.swifteats.order.poller.OutboxPollerResilienceTest.whenPublishFails_thenRetriesAndUpdatesAttempts(OutboxPollerResilienceTest.java:53)\n\tat java.base/jdk.internal.reflect.DirectMethodHandleAccessor.invoke(DirectMethodHandleAccessor.java:103)\n\tat java.base/java.lang.reflect.Method.invoke(Method.java:580)\n\tat org.junit.platform.commons.util.ReflectionUtils.invokeMethod(ReflectionUtils.java:775)\n\tat org.junit.platform.commons.support.ReflectionSupport.invokeMethod(ReflectionSupport.java:479)\n\tat org.junit.jupiter.engine.execution.MethodInvocation.proceed(MethodInvocation.java:60)\n\tat org.junit.jupiter.engine.execution.InvocationInterceptorChain$ValidatingInvocation.proceed(InvocationInterceptorChain.java:131)\n\tat org.junit.jupiter.engine.extension.TimeoutExtension.intercept(TimeoutExtension.java:161)\n\tat org.junit.jupiter.engine.extension.TimeoutExtension.interceptTestableMethod(TimeoutExtension.java:152)\n\tat org.junit.jupiter.engine.extension.TimeoutExtension.interceptTestMethod(TimeoutExtension.java:91)\n\tat org.junit.jupiter.engine.execution.InterceptingExecutableInvoker$ReflectiveInterceptorCall.lambda$ofVoidMethod$0(InterceptingExecutableInvoker.java:112)\n\tat org.junit.jupiter.engine.execution.InterceptingExecutableInvoker.lambda$invoke$0(InterceptingExecutableInvoker.java:94)\n\tat org.junit.jupiter.engine.execution.InvocationInterceptorChain$InterceptedInvocation.proceed(InvocationInterceptorChain.java:106)\n\tat org.junit.jupiter.engine.execution.InvocationInterceptorChain.proceed(InvocationInterceptorChain.java:64)\n\tat org.junit.jupiter.engine.execution.InvocationInterceptorChain.chainAndInvoke(InvocationInterceptorChain.java:45)\n\tat org.junit.jupiter.engine.execution.InvocationInterceptorChain.invoke(InvocationInterceptorChain.java:37)\n\tat org.junit.jupiter.engine.execution.InterceptingExecutableInvoker.invoke(InterceptingExecutableInvoker.java:93)\n\tat org.junit.jupiter.engine.execution.InterceptingExecutableInvoker.invoke(InterceptingExecutableInvoker.java:87)\n\tat org.junit.jupiter.engine.descriptor.TestMethodTestDescriptor.lambda$invokeTestMethod$7(TestMethodTestDescriptor.java:216)\n\tat org.junit.platform.engine.support.hierarchical.ThrowableCollector.execute(ThrowableCollector.java:73)\n\tat org.junit.jupiter.engine.descriptor.TestMethodTestDescriptor.invokeTestMethod(TestMethodTestDescriptor.java:212)\n\tat org.junit.jupiter.engine.descriptor.TestMethodTestDescriptor.execute(TestMethodTestDescriptor.java:137)\n\tat org.junit.jupiter.engine.descriptor.TestMethodTestDescriptor.execute(TestMethodTestDescriptor.java:69)\n\tat org.junit.platform.engine.support.hierarchical.NodeTestTask.lambda$executeRecursively$6(NodeTestTask.java:156)\n\tat org.junit.platform.engine.support.hierarchical.ThrowableCollector.execute(ThrowableCollector.java:73)\n\tat org.junit.platform.engine.support.hierarchical.NodeTestTask.lambda$executeRecursively$8(NodeTestTask.java:146)\n\tat org.junit.platform.engine.support.hierarchical.Node.around(Node.java:137)\n\tat org.junit.platform.engine.support.hierarchical.NodeTestTask.lambda$executeRecursively$9(NodeTestTask.java:144)\n\tat org.junit.platform.engine.support.hierarchical.ThrowableCollector.execute(ThrowableCollector.java:73)\n\tat org.junit.platform.engine.support.hierarchical.NodeTestTask.executeRecursively(NodeTestTask.java:143)\n\tat org.junit.platform.engine.support.hierarchical.NodeTestTask.execute(NodeTestTask.java:100)\n\tat java.base/java.util.ArrayList.forEach(ArrayList.java:1596)\n\tat org.junit.platform.engine.support.hierarchical.SameThreadHierarchicalTestExecutorService.invokeAll(SameThreadHierarchicalTestExecutorService.java:41)\n\tat org.junit.platform.engine.support.hierarchical.NodeTestTask.lambda$executeRecursively$6(NodeTestTask.java:160)\n\tat org.junit.platform.engine.support.hierarchical.ThrowableCollector.execute(ThrowableCollector.java:73)\n\tat org.junit.platform.engine.support.hierarchical.NodeTestTask.lambda$executeRecursively$8(NodeTestTask.java:146)\n\tat org.junit.platform.engine.support.hierarchical.Node.around(Node.java:137)\n\tat org.junit.platform.engine.support.hierarchical.NodeTestTask.lambda$executeRecursively$9(NodeTestTask.java:144)\n\tat org.junit.platform.engine.support.hierarchical.ThrowableCollector.execute(ThrowableCollector.java:73)\n\tat org.junit.platform.engine.support.hierarchical.NodeTestTask.executeRecursively(NodeTestTask.java:143)\n\tat org.junit.platform.engine.support.hierarchical.NodeTestTask.execute(NodeTestTask.java:100)\n\tat java.base/java.util.ArrayList.forEach(ArrayList.java:1596)\n\tat org.junit.platform.engine.support.hierarchical.SameThreadHierarchicalTestExecutorService.invokeAll(SameThreadHierarchicalTestExecutorService.java:41)\n\tat org.junit.platform.engine.support.hierarchical.NodeTestTask.lambda$executeRecursively$6(NodeTestTask.java:160)\n\tat org.junit.platform.engine.support.hierarchical.ThrowableCollector.execute(ThrowableCollector.java:73)\n\tat org.junit.platform.engine.support.hierarchical.NodeTestTask.lambda$executeRecursively$8(NodeTestTask.java:146)\n\tat org.junit.platform.engine.support.hierarchical.Node.around(Node.java:137)\n\tat org.junit.platform.engine.support.hierarchical.NodeTestTask.lambda$executeRecursively$9(NodeTestTask.java:144)\n\tat org.junit.platform.engine.support.hierarchical.ThrowableCollector.execute(ThrowableCollector.java:73)\n\tat org.junit.platform.engine.support.hierarchical.NodeTestTask.executeRecursively(NodeTestTask.java:143)\n\tat org.junit.platform.engine.support.hierarchical.NodeTestTask.execute(NodeTestTask.java:100)\n\tat org.junit.platform.engine.support.hierarchical.SameThreadHierarchicalTestExecutorService.submit(SameThreadHierarchicalTestExecutorService.java:35)\n\tat org.junit.platform.engine.support.hierarchical.HierarchicalTestExecutor.execute(HierarchicalTestExecutor.java:57)\n\tat org.junit.platform.engine.support.hierarchical.HierarchicalTestEngine.execute(HierarchicalTestEngine.java:54)\n\tat org.junit.platform.launcher.core.EngineExecutionOrchestrator.execute(EngineExecutionOrchestrator.java:201)\n\tat org.junit.platform.launcher.core.EngineExecutionOrchestrator.execute(EngineExecutionOrchestrator.java:170)\n\tat org.junit.platform.launcher.core.EngineExecutionOrchestrator.execute(EngineExecutionOrchestrator.java:94)\n\tat org.junit.platform.launcher.core.EngineExecutionOrchestrator.lambda$execute$0(EngineExecutionOrchestrator.java:59)\n\tat org.junit.platform.launcher.core.EngineExecutionOrchestrator.withInterceptedStreams(EngineExecutionOrchestrator.java:142)\n\tat org.junit.platform.launcher.core.EngineExecutionOrchestrator.execute(EngineExecutionOrchestrator.java:58)\n\tat org.junit.platform.launcher.core.DefaultLauncher.execute(DefaultLauncher.java:103)\n\tat org.junit.platform.launcher.core.DefaultLauncher.execute(DefaultLauncher.java:85)\n\tat org.junit.platform.launcher.core.DelegatingLauncher.execute(DelegatingLauncher.java:47)\n\tat org.junit.platform.launcher.core.InterceptingLauncher.lambda$execute$1(InterceptingLauncher.java:39)\n\tat org.junit.platform.launcher.core.ClasspathAlignmentCheckingLauncherInterceptor.intercept(ClasspathAlignmentCheckingLauncherInterceptor.java:25)\n\tat org.junit.platform.launcher.core.InterceptingLauncher.execute(InterceptingLauncher.java:38)\n\tat org.junit.platform.launcher.core.DelegatingLauncher.execute(DelegatingLauncher.java:47)\n\tat org.apache.maven.surefire.junitplatform.LazyLauncher.execute(LazyLauncher.java:55)\n\tat org.apache.maven.surefire.junitplatform.JUnitPlatformProvider.execute(JUnitPlatformProvider.java:223)\n\tat org.apache.maven.surefire.junitplatform.JUnitPlatformProvider.invokeAllTests(JUnitPlatformProvider.java:175)\n\tat org.apache.maven.surefire.junitplatform.JUnitPlatformProvider.invoke(JUnitPlatformProvider.java:139)\n\tat org.apache.maven.surefire.booter.ForkedBooter.runSuitesInProcess(ForkedBooter.java:456)\n\tat org.apache.maven.surefire.booter.ForkedBooter.execute(ForkedBooter.java:169)\n\tat org.apache.maven.surefire.booter.ForkedBooter.run(ForkedBooter.java:595)\n\tat org.apache.maven.surefire.booter.ForkedBooter.main(ForkedBooter.java:581)\n"}
2025-08-18T23:20:37.230+05:30  WARN 11954 --- [order-service] [           main] c.swifteats.order.poller.OutboxPoller    : Outbox id=1 publish attempt 2 failed

java.lang.RuntimeException: still down
	at com.swifteats.order.poller.OutboxPoller.pollAndPublish(OutboxPoller.java:42)
	at com.swifteats.order.poller.OutboxPollerResilienceTest.whenPublishFails_thenRetriesAndUpdatesAttempts(OutboxPollerResilienceTest.java:53)
	at java.base/jdk.internal.reflect.DirectMethodHandleAccessor.invoke(DirectMethodHandleAccessor.java:103)
	at java.base/java.lang.reflect.Method.invoke(Method.java:580)
	at org.junit.platform.commons.util.ReflectionUtils.invokeMethod(ReflectionUtils.java:775)
	at org.junit.platform.commons.support.ReflectionSupport.invokeMethod(ReflectionSupport.java:479)
	at org.junit.jupiter.engine.execution.MethodInvocation.proceed(MethodInvocation.java:60)
	at org.junit.jupiter.engine.execution.InvocationInterceptorChain$ValidatingInvocation.proceed(InvocationInterceptorChain.java:131)
	at org.junit.jupiter.engine.extension.TimeoutExtension.intercept(TimeoutExtension.java:161)
	at org.junit.jupiter.engine.extension.TimeoutExtension.interceptTestableMethod(TimeoutExtension.java:152)
	at org.junit.jupiter.engine.extension.TimeoutExtension.interceptTestMethod(TimeoutExtension.java:91)
	at org.junit.jupiter.engine.execution.InterceptingExecutableInvoker$ReflectiveInterceptorCall.lambda$ofVoidMethod$0(InterceptingExecutableInvoker.java:112)
	at org.junit.jupiter.engine.execution.InterceptingExecutableInvoker.lambda$invoke$0(InterceptingExecutableInvoker.java:94)
	at org.junit.jupiter.engine.execution.InvocationInterceptorChain$InterceptedInvocation.proceed(InvocationInterceptorChain.java:106)
	at org.junit.jupiter.engine.execution.InvocationInterceptorChain.proceed(InvocationInterceptorChain.java:64)
	at org.junit.jupiter.engine.execution.InvocationInterceptorChain.chainAndInvoke(InvocationInterceptorChain.java:45)
	at org.junit.jupiter.engine.execution.InvocationInterceptorChain.invoke(InvocationInterceptorChain.java:37)
	at org.junit.jupiter.engine.execution.InterceptingExecutableInvoker.invoke(InterceptingExecutableInvoker.java:93)
	at org.junit.jupiter.engine.execution.InterceptingExecutableInvoker.invoke(InterceptingExecutableInvoker.java:87)
	at org.junit.jupiter.engine.descriptor.TestMethodTestDescriptor.lambda$invokeTestMethod$7(TestMethodTestDescriptor.java:216)
	at org.junit.platform.engine.support.hierarchical.ThrowableCollector.execute(ThrowableCollector.java:73)
	at org.junit.jupiter.engine.descriptor.TestMethodTestDescriptor.invokeTestMethod(TestMethodTestDescriptor.java:212)
	at org.junit.jupiter.engine.descriptor.TestMethodTestDescriptor.execute(TestMethodTestDescriptor.java:137)
	at org.junit.jupiter.engine.descriptor.TestMethodTestDescriptor.execute(TestMethodTestDescriptor.java:69)
	at org.junit.platform.engine.support.hierarchical.NodeTestTask.lambda$executeRecursively$6(NodeTestTask.java:156)
	at org.junit.platform.engine.support.hierarchical.ThrowableCollector.execute(ThrowableCollector.java:73)
	at org.junit.platform.engine.support.hierarchical.NodeTestTask.lambda$executeRecursively$8(NodeTestTask.java:146)
	at org.junit.platform.engine.support.hierarchical.Node.around(Node.java:137)
	at org.junit.platform.engine.support.hierarchical.NodeTestTask.lambda$executeRecursively$9(NodeTestTask.java:144)
	at org.junit.platform.engine.support.hierarchical.ThrowableCollector.execute(ThrowableCollector.java:73)
	at org.junit.platform.engine.support.hierarchical.NodeTestTask.executeRecursively(NodeTestTask.java:143)
	at org.junit.platform.engine.support.hierarchical.NodeTestTask.execute(NodeTestTask.java:100)
	at java.base/java.util.ArrayList.forEach(ArrayList.java:1596)
	at org.junit.platform.engine.support.hierarchical.SameThreadHierarchicalTestExecutorService.invokeAll(SameThreadHierarchicalTestExecutorService.java:41)
	at org.junit.platform.engine.support.hierarchical.NodeTestTask.lambda$executeRecursively$6(NodeTestTask.java:160)
	at org.junit.platform.engine.support.hierarchical.ThrowableCollector.execute(ThrowableCollector.java:73)
	at org.junit.platform.engine.support.hierarchical.NodeTestTask.lambda$executeRecursively$8(NodeTestTask.java:146)
	at org.junit.platform.engine.support.hierarchical.Node.around(Node.java:137)
	at org.junit.platform.engine.support.hierarchical.NodeTestTask.lambda$executeRecursively$9(NodeTestTask.java:144)
	at org.junit.platform.engine.support.hierarchical.ThrowableCollector.execute(ThrowableCollector.java:73)
	at org.junit.platform.engine.support.hierarchical.NodeTestTask.executeRecursively(NodeTestTask.java:143)
	at org.junit.platform.engine.support.hierarchical.NodeTestTask.execute(NodeTestTask.java:100)
	at java.base/java.util.ArrayList.forEach(ArrayList.java:1596)
	at org.junit.platform.engine.support.hierarchical.SameThreadHierarchicalTestExecutorService.invokeAll(SameThreadHierarchicalTestExecutorService.java:41)
	at org.junit.platform.engine.support.hierarchical.NodeTestTask.lambda$executeRecursively$6(NodeTestTask.java:160)
	at org.junit.platform.engine.support.hierarchical.ThrowableCollector.execute(ThrowableCollector.java:73)
	at org.junit.platform.engine.support.hierarchical.NodeTestTask.lambda$executeRecursively$8(NodeTestTask.java:146)
	at org.junit.platform.engine.support.hierarchical.Node.around(Node.java:137)
	at org.junit.platform.engine.support.hierarchical.NodeTestTask.lambda$executeRecursively$9(NodeTestTask.java:144)
	at org.junit.platform.engine.support.hierarchical.ThrowableCollector.execute(ThrowableCollector.java:73)
	at org.junit.platform.engine.support.hierarchical.NodeTestTask.executeRecursively(NodeTestTask.java:143)
	at org.junit.platform.engine.support.hierarchical.NodeTestTask.execute(NodeTestTask.java:100)
	at org.junit.platform.engine.support.hierarchical.SameThreadHierarchicalTestExecutorService.submit(SameThreadHierarchicalTestExecutorService.java:35)
	at org.junit.platform.engine.support.hierarchical.HierarchicalTestExecutor.execute(HierarchicalTestExecutor.java:57)
	at org.junit.platform.engine.support.hierarchical.HierarchicalTestEngine.execute(HierarchicalTestEngine.java:54)
	at org.junit.platform.launcher.core.EngineExecutionOrchestrator.execute(EngineExecutionOrchestrator.java:201)
	at org.junit.platform.launcher.core.EngineExecutionOrchestrator.execute(EngineExecutionOrchestrator.java:170)
	at org.junit.platform.launcher.core.EngineExecutionOrchestrator.execute(EngineExecutionOrchestrator.java:94)
	at org.junit.platform.launcher.core.EngineExecutionOrchestrator.lambda$execute$0(EngineExecutionOrchestrator.java:59)
	at org.junit.platform.launcher.core.EngineExecutionOrchestrator.withInterceptedStreams(EngineExecutionOrchestrator.java:142)
	at org.junit.platform.launcher.core.EngineExecutionOrchestrator.execute(EngineExecutionOrchestrator.java:58)
	at org.junit.platform.launcher.core.DefaultLauncher.execute(DefaultLauncher.java:103)
	at org.junit.platform.launcher.core.DefaultLauncher.execute(DefaultLauncher.java:85)
	at org.junit.platform.launcher.core.DelegatingLauncher.execute(DelegatingLauncher.java:47)
	at org.junit.platform.launcher.core.InterceptingLauncher.lambda$execute$1(InterceptingLauncher.java:39)
	at org.junit.platform.launcher.core.ClasspathAlignmentCheckingLauncherInterceptor.intercept(ClasspathAlignmentCheckingLauncherInterceptor.java:25)
	at org.junit.platform.launcher.core.InterceptingLauncher.execute(InterceptingLauncher.java:38)
	at org.junit.platform.launcher.core.DelegatingLauncher.execute(DelegatingLauncher.java:47)
	at org.apache.maven.surefire.junitplatform.LazyLauncher.execute(LazyLauncher.java:55)
	at org.apache.maven.surefire.junitplatform.JUnitPlatformProvider.execute(JUnitPlatformProvider.java:223)
	at org.apache.maven.surefire.junitplatform.JUnitPlatformProvider.invokeAllTests(JUnitPlatformProvider.java:175)
	at org.apache.maven.surefire.junitplatform.JUnitPlatformProvider.invoke(JUnitPlatformProvider.java:139)
	at org.apache.maven.surefire.booter.ForkedBooter.runSuitesInProcess(ForkedBooter.java:456)
	at org.apache.maven.surefire.booter.ForkedBooter.execute(ForkedBooter.java:169)
	at org.apache.maven.surefire.booter.ForkedBooter.run(ForkedBooter.java:595)
	at org.apache.maven.surefire.booter.ForkedBooter.main(ForkedBooter.java:581)

{"@timestamp":"2025-08-18T23:20:37.230279+05:30","@version":"1","message":"Outbox id=1 publish attempt 2 failed","logger_name":"com.swifteats.order.poller.OutboxPoller","thread_name":"main","level":"WARN","stack_trace":"java.lang.RuntimeException: still down\n\tat com.swifteats.order.poller.OutboxPoller.pollAndPublish(OutboxPoller.java:42)\n\tat com.swifteats.order.poller.OutboxPollerResilienceTest.whenPublishFails_thenRetriesAndUpdatesAttempts(OutboxPollerResilienceTest.java:53)\n\tat java.base/jdk.internal.reflect.DirectMethodHandleAccessor.invoke(DirectMethodHandleAccessor.java:103)\n\tat java.base/java.lang.reflect.Method.invoke(Method.java:580)\n\tat org.junit.platform.commons.util.ReflectionUtils.invokeMethod(ReflectionUtils.java:775)\n\tat org.junit.platform.commons.support.ReflectionSupport.invokeMethod(ReflectionSupport.java:479)\n\tat org.junit.jupiter.engine.execution.MethodInvocation.proceed(MethodInvocation.java:60)\n\tat org.junit.jupiter.engine.execution.InvocationInterceptorChain$ValidatingInvocation.proceed(InvocationInterceptorChain.java:131)\n\tat org.junit.jupiter.engine.extension.TimeoutExtension.intercept(TimeoutExtension.java:161)\n\tat org.junit.jupiter.engine.extension.TimeoutExtension.interceptTestableMethod(TimeoutExtension.java:152)\n\tat org.junit.jupiter.engine.extension.TimeoutExtension.interceptTestMethod(TimeoutExtension.java:91)\n\tat org.junit.jupiter.engine.execution.InterceptingExecutableInvoker$ReflectiveInterceptorCall.lambda$ofVoidMethod$0(InterceptingExecutableInvoker.java:112)\n\tat org.junit.jupiter.engine.execution.InterceptingExecutableInvoker.lambda$invoke$0(InterceptingExecutableInvoker.java:94)\n\tat org.junit.jupiter.engine.execution.InvocationInterceptorChain$InterceptedInvocation.proceed(InvocationInterceptorChain.java:106)\n\tat org.junit.jupiter.engine.execution.InvocationInterceptorChain.proceed(InvocationInterceptorChain.java:64)\n\tat org.junit.jupiter.engine.execution.InvocationInterceptorChain.chainAndInvoke(InvocationInterceptorChain.java:45)\n\tat org.junit.jupiter.engine.execution.InvocationInterceptorChain.invoke(InvocationInterceptorChain.java:37)\n\tat org.junit.jupiter.engine.execution.InterceptingExecutableInvoker.invoke(InterceptingExecutableInvoker.java:93)\n\tat org.junit.jupiter.engine.execution.InterceptingExecutableInvoker.invoke(InterceptingExecutableInvoker.java:87)\n\tat org.junit.jupiter.engine.descriptor.TestMethodTestDescriptor.lambda$invokeTestMethod$7(TestMethodTestDescriptor.java:216)\n\tat org.junit.platform.engine.support.hierarchical.ThrowableCollector.execute(ThrowableCollector.java:73)\n\tat org.junit.jupiter.engine.descriptor.TestMethodTestDescriptor.invokeTestMethod(TestMethodTestDescriptor.java:212)\n\tat org.junit.jupiter.engine.descriptor.TestMethodTestDescriptor.execute(TestMethodTestDescriptor.java:137)\n\tat org.junit.jupiter.engine.descriptor.TestMethodTestDescriptor.execute(TestMethodTestDescriptor.java:69)\n\tat org.junit.platform.engine.support.hierarchical.NodeTestTask.lambda$executeRecursively$6(NodeTestTask.java:156)\n\tat org.junit.platform.engine.support.hierarchical.ThrowableCollector.execute(ThrowableCollector.java:73)\n\tat org.junit.platform.engine.support.hierarchical.NodeTestTask.lambda$executeRecursively$8(NodeTestTask.java:146)\n\tat org.junit.platform.engine.support.hierarchical.Node.around(Node.java:137)\n\tat org.junit.platform.engine.support.hierarchical.NodeTestTask.lambda$executeRecursively$9(NodeTestTask.java:144)\n\tat org.junit.platform.engine.support.hierarchical.ThrowableCollector.execute(ThrowableCollector.java:73)\n\tat org.junit.platform.engine.support.hierarchical.NodeTestTask.executeRecursively(NodeTestTask.java:143)\n\tat org.junit.platform.engine.support.hierarchical.NodeTestTask.execute(NodeTestTask.java:100)\n\tat java.base/java.util.ArrayList.forEach(ArrayList.java:1596)\n\tat org.junit.platform.engine.support.hierarchical.SameThreadHierarchicalTestExecutorService.invokeAll(SameThreadHierarchicalTestExecutorService.java:41)\n\tat org.junit.platform.engine.support.hierarchical.NodeTestTask.lambda$executeRecursively$6(NodeTestTask.java:160)\n\tat org.junit.platform.engine.support.hierarchical.ThrowableCollector.execute(ThrowableCollector.java:73)\n\tat org.junit.platform.engine.support.hierarchical.NodeTestTask.lambda$executeRecursively$8(NodeTestTask.java:146)\n\tat org.junit.platform.engine.support.hierarchical.Node.around(Node.java:137)\n\tat org.junit.platform.engine.support.hierarchical.NodeTestTask.lambda$executeRecursively$9(NodeTestTask.java:144)\n\tat org.junit.platform.engine.support.hierarchical.ThrowableCollector.execute(ThrowableCollector.java:73)\n\tat org.junit.platform.engine.support.hierarchical.NodeTestTask.executeRecursively(NodeTestTask.java:143)\n\tat org.junit.platform.engine.support.hierarchical.NodeTestTask.execute(NodeTestTask.java:100)\n\tat java.base/java.util.ArrayList.forEach(ArrayList.java:1596)\n\tat org.junit.platform.engine.support.hierarchical.SameThreadHierarchicalTestExecutorService.invokeAll(SameThreadHierarchicalTestExecutorService.java:41)\n\tat org.junit.platform.engine.support.hierarchical.NodeTestTask.lambda$executeRecursively$6(NodeTestTask.java:160)\n\tat org.junit.platform.engine.support.hierarchical.ThrowableCollector.execute(ThrowableCollector.java:73)\n\tat org.junit.platform.engine.support.hierarchical.NodeTestTask.lambda$executeRecursively$8(NodeTestTask.java:146)\n\tat org.junit.platform.engine.support.hierarchical.Node.around(Node.java:137)\n\tat org.junit.platform.engine.support.hierarchical.NodeTestTask.lambda$executeRecursively$9(NodeTestTask.java:144)\n\tat org.junit.platform.engine.support.hierarchical.ThrowableCollector.execute(ThrowableCollector.java:73)\n\tat org.junit.platform.engine.support.hierarchical.NodeTestTask.executeRecursively(NodeTestTask.java:143)\n\tat org.junit.platform.engine.support.hierarchical.NodeTestTask.execute(NodeTestTask.java:100)\n\tat org.junit.platform.engine.support.hierarchical.SameThreadHierarchicalTestExecutorService.submit(SameThreadHierarchicalTestExecutorService.java:35)\n\tat org.junit.platform.engine.support.hierarchical.HierarchicalTestExecutor.execute(HierarchicalTestExecutor.java:57)\n\tat org.junit.platform.engine.support.hierarchical.HierarchicalTestEngine.execute(HierarchicalTestEngine.java:54)\n\tat org.junit.platform.launcher.core.EngineExecutionOrchestrator.execute(EngineExecutionOrchestrator.java:201)\n\tat org.junit.platform.launcher.core.EngineExecutionOrchestrator.execute(EngineExecutionOrchestrator.java:170)\n\tat org.junit.platform.launcher.core.EngineExecutionOrchestrator.execute(EngineExecutionOrchestrator.java:94)\n\tat org.junit.platform.launcher.core.EngineExecutionOrchestrator.lambda$execute$0(EngineExecutionOrchestrator.java:59)\n\tat org.junit.platform.launcher.core.EngineExecutionOrchestrator.withInterceptedStreams(EngineExecutionOrchestrator.java:142)\n\tat org.junit.platform.launcher.core.EngineExecutionOrchestrator.execute(EngineExecutionOrchestrator.java:58)\n\tat org.junit.platform.launcher.core.DefaultLauncher.execute(DefaultLauncher.java:103)\n\tat org.junit.platform.launcher.core.DefaultLauncher.execute(DefaultLauncher.java:85)\n\tat org.junit.platform.launcher.core.DelegatingLauncher.execute(DelegatingLauncher.java:47)\n\tat org.junit.platform.launcher.core.InterceptingLauncher.lambda$execute$1(InterceptingLauncher.java:39)\n\tat org.junit.platform.launcher.core.ClasspathAlignmentCheckingLauncherInterceptor.intercept(ClasspathAlignmentCheckingLauncherInterceptor.java:25)\n\tat org.junit.platform.launcher.core.InterceptingLauncher.execute(InterceptingLauncher.java:38)\n\tat org.junit.platform.launcher.core.DelegatingLauncher.execute(DelegatingLauncher.java:47)\n\tat org.apache.maven.surefire.junitplatform.LazyLauncher.execute(LazyLauncher.java:55)\n\tat org.apache.maven.surefire.junitplatform.JUnitPlatformProvider.execute(JUnitPlatformProvider.java:223)\n\tat org.apache.maven.surefire.junitplatform.JUnitPlatformProvider.invokeAllTests(JUnitPlatformProvider.java:175)\n\tat org.apache.maven.surefire.junitplatform.JUnitPlatformProvider.invoke(JUnitPlatformProvider.java:139)\n\tat org.apache.maven.surefire.booter.ForkedBooter.runSuitesInProcess(ForkedBooter.java:456)\n\tat org.apache.maven.surefire.booter.ForkedBooter.execute(ForkedBooter.java:169)\n\tat org.apache.maven.surefire.booter.ForkedBooter.run(ForkedBooter.java:595)\n\tat org.apache.maven.surefire.booter.ForkedBooter.main(ForkedBooter.java:581)\n"}
2025-08-18T23:20:37.231+05:30  INFO 11954 --- [order-service] [           main] c.swifteats.order.poller.OutboxPoller    : Forwarded order null payload to payments.incoming
{"@timestamp":"2025-08-18T23:20:37.23124+05:30","@version":"1","message":"Forwarded order null payload to payments.incoming","logger_name":"com.swifteats.order.poller.OutboxPoller","thread_name":"main","level":"INFO"}
2025-08-18T23:20:37.231+05:30  INFO 11954 --- [order-service] [           main] c.swifteats.order.poller.OutboxPoller    : Published outbox id=1 eventType=order.created
{"@timestamp":"2025-08-18T23:20:37.231502+05:30","@version":"1","message":"Published outbox id=1 eventType=order.created","logger_name":"com.swifteats.order.poller.OutboxPoller","thread_name":"main","level":"INFO"}
[[1;34mINFO[m] [1;32mTests run: [0;1;32m1[m, Failures: 0, Errors: 0, Skipped: 0, Time elapsed: 0.203 s - in com.swifteats.order.poller.[1mOutboxPollerResilienceTest[m
[[1;34mINFO[m] Running com.swifteats.order.[1mPaymentFlowIntegrationTest[m
2025-08-18T23:20:37.240+05:30  INFO 11954 --- [order-service] [           main] tc.postgres:13                           : Creating container for image: postgres:13
{"@timestamp":"2025-08-18T23:20:37.24003+05:30","@version":"1","message":"Creating container for image: postgres:13","logger_name":"tc.postgres:13","thread_name":"main","level":"INFO"}
2025-08-18T23:20:37.290+05:30  INFO 11954 --- [order-service] [           main] tc.postgres:13                           : Container postgres:13 is starting: fcf4e74f624b761fbf93903f9ce3c03630239c03cdd24ad9d8e033c56892484d
{"@timestamp":"2025-08-18T23:20:37.290013+05:30","@version":"1","message":"Container postgres:13 is starting: fcf4e74f624b761fbf93903f9ce3c03630239c03cdd24ad9d8e033c56892484d","logger_name":"tc.postgres:13","thread_name":"main","level":"INFO"}
2025-08-18T23:20:38.043+05:30  INFO 11954 --- [order-service] [           main] tc.postgres:13                           : Container postgres:13 started in PT0.802075S
{"@timestamp":"2025-08-18T23:20:38.043002+05:30","@version":"1","message":"Container postgres:13 started in PT0.802075S","logger_name":"tc.postgres:13","thread_name":"main","level":"INFO"}
2025-08-18T23:20:38.043+05:30  INFO 11954 --- [order-service] [           main] tc.postgres:13                           : Container is started (JDBC URL: jdbc:postgresql://localhost:60509/testdb?loggerLevel=OFF)
{"@timestamp":"2025-08-18T23:20:38.043921+05:30","@version":"1","message":"Container is started (JDBC URL: jdbc:postgresql://localhost:60509/testdb?loggerLevel=OFF)","logger_name":"tc.postgres:13","thread_name":"main","level":"INFO"}
2025-08-18T23:20:38.044+05:30  INFO 11954 --- [order-service] [           main] tc.rabbitmq:3.11-management              : Creating container for image: rabbitmq:3.11-management
{"@timestamp":"2025-08-18T23:20:38.044713+05:30","@version":"1","message":"Creating container for image: rabbitmq:3.11-management","logger_name":"tc.rabbitmq:3.11-management","thread_name":"main","level":"INFO"}
2025-08-18T23:20:38.088+05:30  INFO 11954 --- [order-service] [           main] tc.rabbitmq:3.11-management              : Container rabbitmq:3.11-management is starting: 63a4f2d734b5c00acfbb949776c12a522a9f119bae1b9bc4ee31f7b13ade4531
{"@timestamp":"2025-08-18T23:20:38.088693+05:30","@version":"1","message":"Container rabbitmq:3.11-management is starting: 63a4f2d734b5c00acfbb949776c12a522a9f119bae1b9bc4ee31f7b13ade4531","logger_name":"tc.rabbitmq:3.11-management","thread_name":"main","level":"INFO"}
2025-08-18T23:20:42.015+05:30  WARN 11954 --- [order-service] [ntContainer#1-2] o.s.a.r.l.SimpleMessageListenerContainer : Consumer raised exception, processing can restart if the connection factory supports it. Exception summary: org.springframework.amqp.AmqpConnectException: java.net.ConnectException: Connection refused
{"@timestamp":"2025-08-18T23:20:42.01591+05:30","@version":"1","message":"Consumer raised exception, processing can restart if the connection factory supports it. Exception summary: org.springframework.amqp.AmqpConnectException: java.net.ConnectException: Connection refused","logger_name":"org.springframework.amqp.rabbit.listener.SimpleMessageListenerContainer","thread_name":"org.springframework.amqp.rabbit.RabbitListenerEndpointContainer#1-2","level":"WARN"}
2025-08-18T23:20:42.017+05:30  INFO 11954 --- [order-service] [ntContainer#1-2] o.s.a.r.l.SimpleMessageListenerContainer : Restarting Consumer@41eb0d6b: tags=[[]], channel=null, acknowledgeMode=AUTO local queue size=0
{"@timestamp":"2025-08-18T23:20:42.017317+05:30","@version":"1","message":"Restarting Consumer@41eb0d6b: tags=[[]], channel=null, acknowledgeMode=AUTO local queue size=0","logger_name":"org.springframework.amqp.rabbit.listener.SimpleMessageListenerContainer","thread_name":"org.springframework.amqp.rabbit.RabbitListenerEndpointContainer#1-2","level":"INFO"}
2025-08-18T23:20:42.024+05:30  INFO 11954 --- [order-service] [ntContainer#1-3] o.s.a.r.c.CachingConnectionFactory       : Attempting to connect to: localhost:60486
{"@timestamp":"2025-08-18T23:20:42.024094+05:30","@version":"1","message":"Attempting to connect to: localhost:60486","logger_name":"org.springframework.amqp.rabbit.connection.CachingConnectionFactory","thread_name":"org.springframework.amqp.rabbit.RabbitListenerEndpointContainer#1-3","level":"INFO"}
2025-08-18T23:20:42.025+05:30 ERROR 11954 --- [order-service] [ntContainer#1-3] o.s.a.r.l.SimpleMessageListenerContainer : Failed to check/redeclare auto-delete queue(s).
{"@timestamp":"2025-08-18T23:20:42.025612+05:30","@version":"1","message":"Failed to check/redeclare auto-delete queue(s).","logger_name":"org.springframework.amqp.rabbit.listener.SimpleMessageListenerContainer","thread_name":"org.springframework.amqp.rabbit.RabbitListenerEndpointContainer#1-3","level":"ERROR"}
2025-08-18T23:20:42.025+05:30  INFO 11954 --- [order-service] [ntContainer#1-3] o.s.a.r.c.CachingConnectionFactory       : Attempting to connect to: localhost:60486
{"@timestamp":"2025-08-18T23:20:42.025887+05:30","@version":"1","message":"Attempting to connect to: localhost:60486","logger_name":"org.springframework.amqp.rabbit.connection.CachingConnectionFactory","thread_name":"org.springframework.amqp.rabbit.RabbitListenerEndpointContainer#1-3","level":"INFO"}
2025-08-18T23:20:42.038+05:30  WARN 11954 --- [order-service] [ntContainer#0-2] o.s.a.r.l.SimpleMessageListenerContainer : Consumer raised exception, processing can restart if the connection factory supports it. Exception summary: org.springframework.amqp.AmqpConnectException: java.net.ConnectException: Connection refused
{"@timestamp":"2025-08-18T23:20:42.038563+05:30","@version":"1","message":"Consumer raised exception, processing can restart if the connection factory supports it. Exception summary: org.springframework.amqp.AmqpConnectException: java.net.ConnectException: Connection refused","logger_name":"org.springframework.amqp.rabbit.listener.SimpleMessageListenerContainer","thread_name":"org.springframework.amqp.rabbit.RabbitListenerEndpointContainer#0-2","level":"WARN"}
2025-08-18T23:20:42.039+05:30  INFO 11954 --- [order-service] [ntContainer#0-2] o.s.a.r.l.SimpleMessageListenerContainer : Restarting Consumer@14a786ee: tags=[[]], channel=null, acknowledgeMode=AUTO local queue size=0
{"@timestamp":"2025-08-18T23:20:42.039042+05:30","@version":"1","message":"Restarting Consumer@14a786ee: tags=[[]], channel=null, acknowledgeMode=AUTO local queue size=0","logger_name":"org.springframework.amqp.rabbit.listener.SimpleMessageListenerContainer","thread_name":"org.springframework.amqp.rabbit.RabbitListenerEndpointContainer#0-2","level":"INFO"}
2025-08-18T23:20:42.041+05:30  INFO 11954 --- [order-service] [ntContainer#0-3] o.s.a.r.c.CachingConnectionFactory       : Attempting to connect to: localhost:60486
{"@timestamp":"2025-08-18T23:20:42.041229+05:30","@version":"1","message":"Attempting to connect to: localhost:60486","logger_name":"org.springframework.amqp.rabbit.connection.CachingConnectionFactory","thread_name":"org.springframework.amqp.rabbit.RabbitListenerEndpointContainer#0-3","level":"INFO"}
2025-08-18T23:20:42.042+05:30 ERROR 11954 --- [order-service] [ntContainer#0-3] o.s.a.r.l.SimpleMessageListenerContainer : Failed to check/redeclare auto-delete queue(s).
{"@timestamp":"2025-08-18T23:20:42.042027+05:30","@version":"1","message":"Failed to check/redeclare auto-delete queue(s).","logger_name":"org.springframework.amqp.rabbit.listener.SimpleMessageListenerContainer","thread_name":"org.springframework.amqp.rabbit.RabbitListenerEndpointContainer#0-3","level":"ERROR"}
2025-08-18T23:20:42.042+05:30  INFO 11954 --- [order-service] [ntContainer#0-3] o.s.a.r.c.CachingConnectionFactory       : Attempting to connect to: localhost:60486
{"@timestamp":"2025-08-18T23:20:42.04221+05:30","@version":"1","message":"Attempting to connect to: localhost:60486","logger_name":"org.springframework.amqp.rabbit.connection.CachingConnectionFactory","thread_name":"org.springframework.amqp.rabbit.RabbitListenerEndpointContainer#0-3","level":"INFO"}
2025-08-18T23:20:42.381+05:30  INFO 11954 --- [order-service] [           main] tc.rabbitmq:3.11-management              : Container rabbitmq:3.11-management started in PT4.336844S
{"@timestamp":"2025-08-18T23:20:42.38151+05:30","@version":"1","message":"Container rabbitmq:3.11-management started in PT4.336844S","logger_name":"tc.rabbitmq:3.11-management","thread_name":"main","level":"INFO"}
2025-08-18T23:20:42.389+05:30  INFO 11954 --- [order-service] [           main] t.c.s.AnnotationConfigContextLoaderUtils : Could not detect default configuration classes for test class [com.swifteats.order.PaymentFlowIntegrationTest]: PaymentFlowIntegrationTest does not declare any static, non-private, non-final, nested classes annotated with @Configuration.
{"@timestamp":"2025-08-18T23:20:42.38948+05:30","@version":"1","message":"Could not detect default configuration classes for test class [com.swifteats.order.PaymentFlowIntegrationTest]: PaymentFlowIntegrationTest does not declare any static, non-private, non-final, nested classes annotated with @Configuration.","logger_name":"org.springframework.test.context.support.AnnotationConfigContextLoaderUtils","thread_name":"main","level":"INFO"}
2025-08-18T23:20:42.393+05:30  INFO 11954 --- [order-service] [           main] .b.t.c.SpringBootTestContextBootstrapper : Found @SpringBootConfiguration com.swifteats.order.OrderApplication for test class com.swifteats.order.PaymentFlowIntegrationTest
{"@timestamp":"2025-08-18T23:20:42.393138+05:30","@version":"1","message":"Found @SpringBootConfiguration com.swifteats.order.OrderApplication for test class com.swifteats.order.PaymentFlowIntegrationTest","logger_name":"org.springframework.boot.test.context.SpringBootTestContextBootstrapper","thread_name":"main","level":"INFO"}

  .   ____          _            __ _ _
 /\\ / ___'_ __ _ _(_)_ __  __ _ \ \ \ \
( ( )\___ | '_ | '_| | '_ \/ _` | \ \ \ \
 \\/  ___)| |_)| | | | | || (_| |  ) ) ) )
  '  |____| .__|_| |_|_| |_\__, | / / / /
 =========|_|==============|___/=/_/_/_/

 :: Spring Boot ::                (v3.5.2)

2025-08-18T23:20:42.425+05:30  INFO 11954 --- [order-service] [           main] c.s.order.PaymentFlowIntegrationTest     : Starting PaymentFlowIntegrationTest using Java 21.0.3 with PID 11954 (started by deependraverma in /Users/deependraverma/Documents/Projects/AI/swifteats-delivery-service-new/order-service)
{"@timestamp":"2025-08-18T23:20:42.425752+05:30","@version":"1","message":"Starting PaymentFlowIntegrationTest using Java 21.0.3 with PID 11954 (started by deependraverma in /Users/deependraverma/Documents/Projects/AI/swifteats-delivery-service-new/order-service)","logger_name":"com.swifteats.order.PaymentFlowIntegrationTest","thread_name":"main","level":"INFO"}
2025-08-18T23:20:42.426+05:30  INFO 11954 --- [order-service] [           main] c.s.order.PaymentFlowIntegrationTest     : No active profile set, falling back to 1 default profile: "default"
{"@timestamp":"2025-08-18T23:20:42.426316+05:30","@version":"1","message":"No active profile set, falling back to 1 default profile: \"default\"","logger_name":"com.swifteats.order.PaymentFlowIntegrationTest","thread_name":"main","level":"INFO"}
2025-08-18T23:20:42.610+05:30  INFO 11954 --- [order-service] [           main] .s.d.r.c.RepositoryConfigurationDelegate : Bootstrapping Spring Data JPA repositories in DEFAULT mode.
{"@timestamp":"2025-08-18T23:20:42.610562+05:30","@version":"1","message":"Bootstrapping Spring Data JPA repositories in DEFAULT mode.","logger_name":"org.springframework.data.repository.config.RepositoryConfigurationDelegate","thread_name":"main","level":"INFO"}
2025-08-18T23:20:42.617+05:30  INFO 11954 --- [order-service] [           main] .s.d.r.c.RepositoryConfigurationDelegate : Finished Spring Data repository scanning in 5 ms. Found 2 JPA repository interfaces.
{"@timestamp":"2025-08-18T23:20:42.617475+05:30","@version":"1","message":"Finished Spring Data repository scanning in 5 ms. Found 2 JPA repository interfaces.","logger_name":"org.springframework.data.repository.config.RepositoryConfigurationDelegate","thread_name":"main","level":"INFO"}
2025-08-18T23:20:42.787+05:30  INFO 11954 --- [order-service] [           main] o.s.b.w.embedded.tomcat.TomcatWebServer  : Tomcat initialized with port 0 (http)
{"@timestamp":"2025-08-18T23:20:42.787116+05:30","@version":"1","message":"Tomcat initialized with port 0 (http)","logger_name":"org.springframework.boot.web.embedded.tomcat.TomcatWebServer","thread_name":"main","level":"INFO"}
2025-08-18T23:20:42.788+05:30  INFO 11954 --- [order-service] [           main] o.apache.catalina.core.StandardService   : Starting service [Tomcat]
{"@timestamp":"2025-08-18T23:20:42.788295+05:30","@version":"1","message":"Starting service [Tomcat]","logger_name":"org.apache.catalina.core.StandardService","thread_name":"main","level":"INFO"}
2025-08-18T23:20:42.788+05:30  INFO 11954 --- [order-service] [           main] o.apache.catalina.core.StandardEngine    : Starting Servlet engine: [Apache Tomcat/10.1.42]
{"@timestamp":"2025-08-18T23:20:42.788466+05:30","@version":"1","message":"Starting Servlet engine: [Apache Tomcat/10.1.42]","logger_name":"org.apache.catalina.core.StandardEngine","thread_name":"main","level":"INFO"}
2025-08-18T23:20:42.802+05:30  INFO 11954 --- [order-service] [           main] o.a.c.c.C.[Tomcat-1].[localhost].[/]     : Initializing Spring embedded WebApplicationContext
{"@timestamp":"2025-08-18T23:20:42.802873+05:30","@version":"1","message":"Initializing Spring embedded WebApplicationContext","logger_name":"org.apache.catalina.core.ContainerBase.[Tomcat-1].[localhost].[/]","thread_name":"main","level":"INFO"}
2025-08-18T23:20:42.803+05:30  INFO 11954 --- [order-service] [           main] w.s.c.ServletWebServerApplicationContext : Root WebApplicationContext: initialization completed in 374 ms
{"@timestamp":"2025-08-18T23:20:42.803152+05:30","@version":"1","message":"Root WebApplicationContext: initialization completed in 374 ms","logger_name":"org.springframework.boot.web.servlet.context.ServletWebServerApplicationContext","thread_name":"main","level":"INFO"}
2025-08-18T23:20:42.931+05:30  INFO 11954 --- [order-service] [           main] com.zaxxer.hikari.HikariDataSource       : HikariPool-2 - Starting...
{"@timestamp":"2025-08-18T23:20:42.93158+05:30","@version":"1","message":"HikariPool-2 - Starting...","logger_name":"com.zaxxer.hikari.HikariDataSource","thread_name":"main","level":"INFO"}
2025-08-18T23:20:42.963+05:30  INFO 11954 --- [order-service] [           main] com.zaxxer.hikari.pool.HikariPool        : HikariPool-2 - Added connection org.postgresql.jdbc.PgConnection@1e40bfbe
{"@timestamp":"2025-08-18T23:20:42.963578+05:30","@version":"1","message":"HikariPool-2 - Added connection org.postgresql.jdbc.PgConnection@1e40bfbe","logger_name":"com.zaxxer.hikari.pool.HikariPool","thread_name":"main","level":"INFO"}
2025-08-18T23:20:42.964+05:30  INFO 11954 --- [order-service] [           main] com.zaxxer.hikari.HikariDataSource       : HikariPool-2 - Start completed.
{"@timestamp":"2025-08-18T23:20:42.964169+05:30","@version":"1","message":"HikariPool-2 - Start completed.","logger_name":"com.zaxxer.hikari.HikariDataSource","thread_name":"main","level":"INFO"}
2025-08-18T23:20:42.965+05:30  INFO 11954 --- [order-service] [           main] o.hibernate.jpa.internal.util.LogHelper  : HHH000204: Processing PersistenceUnitInfo [name: default]
{"@timestamp":"2025-08-18T23:20:42.965863+05:30","@version":"1","message":"HHH000204: Processing PersistenceUnitInfo [name: default]","logger_name":"org.hibernate.jpa.internal.util.LogHelper","thread_name":"main","level":"INFO"}
2025-08-18T23:20:42.967+05:30  INFO 11954 --- [order-service] [           main] o.h.c.internal.RegionFactoryInitiator    : HHH000026: Second-level cache disabled
{"@timestamp":"2025-08-18T23:20:42.967721+05:30","@version":"1","message":"HHH000026: Second-level cache disabled","logger_name":"org.hibernate.cache.internal.RegionFactoryInitiator","thread_name":"main","level":"INFO"}
2025-08-18T23:20:42.973+05:30  INFO 11954 --- [order-service] [           main] o.s.o.j.p.SpringPersistenceUnitInfo      : No LoadTimeWeaver setup: ignoring JPA class transformer
{"@timestamp":"2025-08-18T23:20:42.973965+05:30","@version":"1","message":"No LoadTimeWeaver setup: ignoring JPA class transformer","logger_name":"org.springframework.orm.jpa.persistenceunit.SpringPersistenceUnitInfo","thread_name":"main","level":"INFO"}
2025-08-18T23:20:42.982+05:30  INFO 11954 --- [order-service] [           main] org.hibernate.orm.connections.pooling    : HHH10001005: Database info:
	Database JDBC URL [Connecting through datasource 'HikariDataSource (HikariPool-2)']
	Database driver: undefined/unknown
	Database version: 13.22
	Autocommit mode: undefined/unknown
	Isolation level: undefined/unknown
	Minimum pool size: undefined/unknown
	Maximum pool size: undefined/unknown
{"@timestamp":"2025-08-18T23:20:42.982702+05:30","@version":"1","message":"HHH10001005: Database info:\n\tDatabase JDBC URL [Connecting through datasource 'HikariDataSource (HikariPool-2)']\n\tDatabase driver: undefined/unknown\n\tDatabase version: 13.22\n\tAutocommit mode: undefined/unknown\n\tIsolation level: undefined/unknown\n\tMinimum pool size: undefined/unknown\n\tMaximum pool size: undefined/unknown","logger_name":"org.hibernate.orm.connections.pooling","thread_name":"main","level":"INFO"}
2025-08-18T23:20:42.995+05:30  INFO 11954 --- [order-service] [           main] o.h.e.t.j.p.i.JtaPlatformInitiator       : HHH000489: No JTA platform available (set 'hibernate.transaction.jta.platform' to enable JTA platform integration)
{"@timestamp":"2025-08-18T23:20:42.995691+05:30","@version":"1","message":"HHH000489: No JTA platform available (set 'hibernate.transaction.jta.platform' to enable JTA platform integration)","logger_name":"org.hibernate.engine.transaction.jta.platform.internal.JtaPlatformInitiator","thread_name":"main","level":"INFO"}
2025-08-18T23:20:42.995+05:30  INFO 11954 --- [order-service] [           main] j.LocalContainerEntityManagerFactoryBean : Initialized JPA EntityManagerFactory for persistence unit 'default'
{"@timestamp":"2025-08-18T23:20:42.995943+05:30","@version":"1","message":"Initialized JPA EntityManagerFactory for persistence unit 'default'","logger_name":"org.springframework.orm.jpa.LocalContainerEntityManagerFactoryBean","thread_name":"main","level":"INFO"}
2025-08-18T23:20:43.185+05:30  WARN 11954 --- [order-service] [           main] JpaBaseConfiguration$JpaWebConfiguration : spring.jpa.open-in-view is enabled by default. Therefore, database queries may be performed during view rendering. Explicitly configure spring.jpa.open-in-view to disable this warning
{"@timestamp":"2025-08-18T23:20:43.185254+05:30","@version":"1","message":"spring.jpa.open-in-view is enabled by default. Therefore, database queries may be performed during view rendering. Explicitly configure spring.jpa.open-in-view to disable this warning","logger_name":"org.springframework.boot.autoconfigure.orm.jpa.JpaBaseConfiguration$JpaWebConfiguration","thread_name":"main","level":"WARN"}
2025-08-18T23:20:43.476+05:30  INFO 11954 --- [order-service] [           main] o.s.b.a.e.web.EndpointLinksResolver      : Exposing 2 endpoints beneath base path '/actuator'
{"@timestamp":"2025-08-18T23:20:43.476084+05:30","@version":"1","message":"Exposing 2 endpoints beneath base path '/actuator'","logger_name":"org.springframework.boot.actuate.endpoint.web.EndpointLinksResolver","thread_name":"main","level":"INFO"}
2025-08-18T23:20:43.501+05:30  INFO 11954 --- [order-service] [           main] o.s.b.w.embedded.tomcat.TomcatWebServer  : Tomcat started on port 60533 (http) with context path '/'
{"@timestamp":"2025-08-18T23:20:43.50112+05:30","@version":"1","message":"Tomcat started on port 60533 (http) with context path '/'","logger_name":"org.springframework.boot.web.embedded.tomcat.TomcatWebServer","thread_name":"main","level":"INFO"}
2025-08-18T23:20:43.502+05:30  INFO 11954 --- [order-service] [           main] o.s.a.r.c.CachingConnectionFactory       : Attempting to connect to: localhost:60513
{"@timestamp":"2025-08-18T23:20:43.502068+05:30","@version":"1","message":"Attempting to connect to: localhost:60513","logger_name":"org.springframework.amqp.rabbit.connection.CachingConnectionFactory","thread_name":"main","level":"INFO"}
2025-08-18T23:20:43.506+05:30  INFO 11954 --- [order-service] [           main] o.s.a.r.c.CachingConnectionFactory       : Created new connection: connectionFactory#3c42114d:0/SimpleConnection@191a957 [delegate=amqp://guest@127.0.0.1:60513/, localPort=60534]
{"@timestamp":"2025-08-18T23:20:43.506671+05:30","@version":"1","message":"Created new connection: connectionFactory#3c42114d:0/SimpleConnection@191a957 [delegate=amqp://guest@127.0.0.1:60513/, localPort=60534]","logger_name":"org.springframework.amqp.rabbit.connection.CachingConnectionFactory","thread_name":"main","level":"INFO"}
2025-08-18T23:20:43.522+05:30  INFO 11954 --- [order-service] [           main] c.s.order.PaymentFlowIntegrationTest     : Started PaymentFlowIntegrationTest in 1.123 seconds (process running for 16.804)
{"@timestamp":"2025-08-18T23:20:43.522773+05:30","@version":"1","message":"Started PaymentFlowIntegrationTest in 1.123 seconds (process running for 16.804)","logger_name":"com.swifteats.order.PaymentFlowIntegrationTest","thread_name":"main","level":"INFO"}
2025-08-18T23:20:43.615+05:30  INFO 11954 --- [order-service] [o-auto-2-exec-1] o.a.c.c.C.[Tomcat-1].[localhost].[/]     : Initializing Spring DispatcherServlet 'dispatcherServlet'
{"@timestamp":"2025-08-18T23:20:43.61564+05:30","@version":"1","message":"Initializing Spring DispatcherServlet 'dispatcherServlet'","logger_name":"org.apache.catalina.core.ContainerBase.[Tomcat-1].[localhost].[/]","thread_name":"http-nio-auto-2-exec-1","level":"INFO"}
2025-08-18T23:20:43.615+05:30  INFO 11954 --- [order-service] [o-auto-2-exec-1] o.s.web.servlet.DispatcherServlet        : Initializing Servlet 'dispatcherServlet'
{"@timestamp":"2025-08-18T23:20:43.615883+05:30","@version":"1","message":"Initializing Servlet 'dispatcherServlet'","logger_name":"org.springframework.web.servlet.DispatcherServlet","thread_name":"http-nio-auto-2-exec-1","level":"INFO"}
2025-08-18T23:20:43.616+05:30  INFO 11954 --- [order-service] [o-auto-2-exec-1] o.s.web.servlet.DispatcherServlet        : Completed initialization in 1 ms
{"@timestamp":"2025-08-18T23:20:43.616499+05:30","@version":"1","message":"Completed initialization in 1 ms","logger_name":"org.springframework.web.servlet.DispatcherServlet","thread_name":"http-nio-auto-2-exec-1","level":"INFO"}
2025-08-18T23:20:43.673+05:30  INFO 11954 --- [order-service] [           main] c.swifteats.order.poller.OutboxPoller    : Forwarded order 1 payload to payments.incoming
{"@timestamp":"2025-08-18T23:20:43.673048+05:30","@version":"1","message":"Forwarded order 1 payload to payments.incoming","logger_name":"com.swifteats.order.poller.OutboxPoller","thread_name":"main","level":"INFO"}
2025-08-18T23:20:43.674+05:30  INFO 11954 --- [order-service] [           main] c.swifteats.order.poller.OutboxPoller    : Published outbox id=1 eventType=order.created
{"@timestamp":"2025-08-18T23:20:43.674384+05:30","@version":"1","message":"Published outbox id=1 eventType=order.created","logger_name":"com.swifteats.order.poller.OutboxPoller","thread_name":"main","level":"INFO"}
2025-08-18T23:20:43.678+05:30  INFO 11954 --- [order-service] [ntContainer#0-1] c.s.o.t.PaymentMockTestListener          : PaymentMockTestListener received payload: {"id":1,"clientOrderId":"bd8d7c0b-ce36-41e1-a6dd-ec14c2d946b3","restaurantId":1,"totalCents":1500,"createdAt":"2025-08-18T17:50:43.546036Z"}
{"@timestamp":"2025-08-18T23:20:43.67896+05:30","@version":"1","message":"PaymentMockTestListener received payload: {\"id\":1,\"clientOrderId\":\"bd8d7c0b-ce36-41e1-a6dd-ec14c2d946b3\",\"restaurantId\":1,\"totalCents\":1500,\"createdAt\":\"2025-08-18T17:50:43.546036Z\"}","logger_name":"com.swifteats.order.testsupport.PaymentMockTestListener","thread_name":"org.springframework.amqp.rabbit.RabbitListenerEndpointContainer#0-1","level":"INFO"}
2025-08-18T23:20:43.887+05:30  INFO 11954 --- [order-service] [ntContainer#0-1] c.s.o.t.PaymentMockTestListener          : PaymentMockTestListener published result for orderId=bd8d7c0b-ce36-41e1-a6dd-ec14c2d946b3
{"@timestamp":"2025-08-18T23:20:43.887112+05:30","@version":"1","message":"PaymentMockTestListener published result for orderId=bd8d7c0b-ce36-41e1-a6dd-ec14c2d946b3","logger_name":"com.swifteats.order.testsupport.PaymentMockTestListener","thread_name":"org.springframework.amqp.rabbit.RabbitListenerEndpointContainer#0-1","level":"INFO"}
2025-08-18T23:20:43.890+05:30  INFO 11954 --- [order-service] [ntContainer#1-1] c.s.order.amqp.PaymentResultListener     : Received payment result: {orderId=bd8d7c0b-ce36-41e1-a6dd-ec14c2d946b3, status=PAID}
{"@timestamp":"2025-08-18T23:20:43.890284+05:30","@version":"1","message":"Received payment result: {orderId=bd8d7c0b-ce36-41e1-a6dd-ec14c2d946b3, status=PAID}","logger_name":"com.swifteats.order.amqp.PaymentResultListener","thread_name":"org.springframework.amqp.rabbit.RabbitListenerEndpointContainer#1-1","level":"INFO"}
[[1;34mINFO[m] [1;32mTests run: [0;1;32m1[m, Failures: 0, Errors: 0, Skipped: 0, Time elapsed: 7.496 s - in com.swifteats.order.[1mPaymentFlowIntegrationTest[m
[[1;34mINFO[m] Running com.swifteats.order.[1mTransactionalOutboxTest[m
2025-08-18T23:20:44.739+05:30  INFO 11954 --- [order-service] [           main] tc.postgres:13                           : Creating container for image: postgres:13
{"@timestamp":"2025-08-18T23:20:44.739588+05:30","@version":"1","message":"Creating container for image: postgres:13","logger_name":"tc.postgres:13","thread_name":"main","level":"INFO"}
2025-08-18T23:20:44.854+05:30  INFO 11954 --- [order-service] [           main] tc.postgres:13                           : Container postgres:13 is starting: 1d41d619b70bb3dd7d18da51221433f3fdc96517b8f1ce8dad2cc1c8b3ee9457
{"@timestamp":"2025-08-18T23:20:44.854594+05:30","@version":"1","message":"Container postgres:13 is starting: 1d41d619b70bb3dd7d18da51221433f3fdc96517b8f1ce8dad2cc1c8b3ee9457","logger_name":"tc.postgres:13","thread_name":"main","level":"INFO"}
2025-08-18T23:20:44.894+05:30  WARN 11954 --- [order-service] [ntContainer#0-1] o.s.a.r.l.SimpleMessageListenerContainer : Consumer raised exception, processing can restart if the connection factory supports it

com.rabbitmq.client.ShutdownSignalException: connection error
	at com.rabbitmq.client.impl.AMQConnection.startShutdown(AMQConnection.java:1007)
	at com.rabbitmq.client.impl.AMQConnection.shutdown(AMQConnection.java:997)
	at com.rabbitmq.client.impl.AMQConnection.handleFailure(AMQConnection.java:797)
	at com.rabbitmq.client.impl.AMQConnection.access$500(AMQConnection.java:48)
	at com.rabbitmq.client.impl.AMQConnection$MainLoop.run(AMQConnection.java:696)
	at java.base/java.lang.Thread.run(Thread.java:1583)
Caused by: java.io.EOFException: null
	at java.base/java.io.DataInputStream.readUnsignedByte(DataInputStream.java:297)
	at com.rabbitmq.client.impl.Frame.readFrom(Frame.java:91)
	at com.rabbitmq.client.impl.SocketFrameHandler.readFrame(SocketFrameHandler.java:199)
	at com.rabbitmq.client.impl.AMQConnection$MainLoop.run(AMQConnection.java:687)
	... 1 common frames omitted

{"@timestamp":"2025-08-18T23:20:44.894098+05:30","@version":"1","message":"Consumer raised exception, processing can restart if the connection factory supports it","logger_name":"org.springframework.amqp.rabbit.listener.SimpleMessageListenerContainer","thread_name":"org.springframework.amqp.rabbit.RabbitListenerEndpointContainer#0-1","level":"WARN","stack_trace":"com.rabbitmq.client.ShutdownSignalException: connection error\n\tat com.rabbitmq.client.impl.AMQConnection.startShutdown(AMQConnection.java:1007)\n\tat com.rabbitmq.client.impl.AMQConnection.shutdown(AMQConnection.java:997)\n\tat com.rabbitmq.client.impl.AMQConnection.handleFailure(AMQConnection.java:797)\n\tat com.rabbitmq.client.impl.AMQConnection.access$500(AMQConnection.java:48)\n\tat com.rabbitmq.client.impl.AMQConnection$MainLoop.run(AMQConnection.java:696)\n\tat java.base/java.lang.Thread.run(Thread.java:1583)\nCaused by: java.io.EOFException: null\n\tat java.base/java.io.DataInputStream.readUnsignedByte(DataInputStream.java:297)\n\tat com.rabbitmq.client.impl.Frame.readFrom(Frame.java:91)\n\tat com.rabbitmq.client.impl.SocketFrameHandler.readFrame(SocketFrameHandler.java:199)\n\tat com.rabbitmq.client.impl.AMQConnection$MainLoop.run(AMQConnection.java:687)\n\t... 1 common frames omitted\n"}
2025-08-18T23:20:44.894+05:30  WARN 11954 --- [order-service] [ntContainer#1-1] o.s.a.r.l.SimpleMessageListenerContainer : Consumer raised exception, processing can restart if the connection factory supports it

com.rabbitmq.client.ShutdownSignalException: connection error
	at com.rabbitmq.client.impl.AMQConnection.startShutdown(AMQConnection.java:1007)
	at com.rabbitmq.client.impl.AMQConnection.shutdown(AMQConnection.java:997)
	at com.rabbitmq.client.impl.AMQConnection.handleFailure(AMQConnection.java:797)
	at com.rabbitmq.client.impl.AMQConnection.access$500(AMQConnection.java:48)
	at com.rabbitmq.client.impl.AMQConnection$MainLoop.run(AMQConnection.java:696)
	at java.base/java.lang.Thread.run(Thread.java:1583)
Caused by: java.io.EOFException: null
	at java.base/java.io.DataInputStream.readUnsignedByte(DataInputStream.java:297)
	at com.rabbitmq.client.impl.Frame.readFrom(Frame.java:91)
	at com.rabbitmq.client.impl.SocketFrameHandler.readFrame(SocketFrameHandler.java:199)
	at com.rabbitmq.client.impl.AMQConnection$MainLoop.run(AMQConnection.java:687)
	... 1 common frames omitted

2025-08-18T23:20:44.894+05:30  INFO 11954 --- [order-service] [ntContainer#0-1] o.s.a.r.l.SimpleMessageListenerContainer : Restarting Consumer@c4078b6: tags=[[amq.ctag-7keRygr_cQWZV8U-_UB00g]], channel=Cached Rabbit Channel: AMQChannel(amqp://guest@127.0.0.1:60513/,1), conn: Proxy@5555eb81 Shared Rabbit Connection: SimpleConnection@191a957 [delegate=amqp://guest@127.0.0.1:60513/, localPort=60534], acknowledgeMode=AUTO local queue size=0
{"@timestamp":"2025-08-18T23:20:44.894317+05:30","@version":"1","message":"Consumer raised exception, processing can restart if the connection factory supports it","logger_name":"org.springframework.amqp.rabbit.listener.SimpleMessageListenerContainer","thread_name":"org.springframework.amqp.rabbit.RabbitListenerEndpointContainer#1-1","level":"WARN","stack_trace":"com.rabbitmq.client.ShutdownSignalException: connection error\n\tat com.rabbitmq.client.impl.AMQConnection.startShutdown(AMQConnection.java:1007)\n\tat com.rabbitmq.client.impl.AMQConnection.shutdown(AMQConnection.java:997)\n\tat com.rabbitmq.client.impl.AMQConnection.handleFailure(AMQConnection.java:797)\n\tat com.rabbitmq.client.impl.AMQConnection.access$500(AMQConnection.java:48)\n\tat com.rabbitmq.client.impl.AMQConnection$MainLoop.run(AMQConnection.java:696)\n\tat java.base/java.lang.Thread.run(Thread.java:1583)\nCaused by: java.io.EOFException: null\n\tat java.base/java.io.DataInputStream.readUnsignedByte(DataInputStream.java:297)\n\tat com.rabbitmq.client.impl.Frame.readFrom(Frame.java:91)\n\tat com.rabbitmq.client.impl.SocketFrameHandler.readFrame(SocketFrameHandler.java:199)\n\tat com.rabbitmq.client.impl.AMQConnection$MainLoop.run(AMQConnection.java:687)\n\t... 1 common frames omitted\n"}
{"@timestamp":"2025-08-18T23:20:44.89476+05:30","@version":"1","message":"Restarting Consumer@c4078b6: tags=[[amq.ctag-7keRygr_cQWZV8U-_UB00g]], channel=Cached Rabbit Channel: AMQChannel(amqp://guest@127.0.0.1:60513/,1), conn: Proxy@5555eb81 Shared Rabbit Connection: SimpleConnection@191a957 [delegate=amqp://guest@127.0.0.1:60513/, localPort=60534], acknowledgeMode=AUTO local queue size=0","logger_name":"org.springframework.amqp.rabbit.listener.SimpleMessageListenerContainer","thread_name":"org.springframework.amqp.rabbit.RabbitListenerEndpointContainer#0-1","level":"INFO"}
2025-08-18T23:20:44.894+05:30  INFO 11954 --- [order-service] [ntContainer#1-1] o.s.a.r.l.SimpleMessageListenerContainer : Restarting Consumer@7ae45908: tags=[[amq.ctag-gKv9TsuOlAKcAFkk3G1-pw]], channel=Cached Rabbit Channel: AMQChannel(amqp://guest@127.0.0.1:60513/,2), conn: Proxy@5555eb81 Shared Rabbit Connection: SimpleConnection@191a957 [delegate=amqp://guest@127.0.0.1:60513/, localPort=60534], acknowledgeMode=AUTO local queue size=0
{"@timestamp":"2025-08-18T23:20:44.894855+05:30","@version":"1","message":"Restarting Consumer@7ae45908: tags=[[amq.ctag-gKv9TsuOlAKcAFkk3G1-pw]], channel=Cached Rabbit Channel: AMQChannel(amqp://guest@127.0.0.1:60513/,2), conn: Proxy@5555eb81 Shared Rabbit Connection: SimpleConnection@191a957 [delegate=amqp://guest@127.0.0.1:60513/, localPort=60534], acknowledgeMode=AUTO local queue size=0","logger_name":"org.springframework.amqp.rabbit.listener.SimpleMessageListenerContainer","thread_name":"org.springframework.amqp.rabbit.RabbitListenerEndpointContainer#1-1","level":"INFO"}
2025-08-18T23:20:44.896+05:30  INFO 11954 --- [order-service] [ntContainer#1-2] o.s.a.r.c.CachingConnectionFactory       : Attempting to connect to: localhost:60513
{"@timestamp":"2025-08-18T23:20:44.896143+05:30","@version":"1","message":"Attempting to connect to: localhost:60513","logger_name":"org.springframework.amqp.rabbit.connection.CachingConnectionFactory","thread_name":"org.springframework.amqp.rabbit.RabbitListenerEndpointContainer#1-2","level":"INFO"}
2025-08-18T23:20:44.896+05:30  INFO 11954 --- [order-service] [ntContainer#0-2] o.s.a.r.c.CachingConnectionFactory       : Attempting to connect to: localhost:60513
{"@timestamp":"2025-08-18T23:20:44.89693+05:30","@version":"1","message":"Attempting to connect to: localhost:60513","logger_name":"org.springframework.amqp.rabbit.connection.CachingConnectionFactory","thread_name":"org.springframework.amqp.rabbit.RabbitListenerEndpointContainer#0-2","level":"INFO"}
2025-08-18T23:20:44.896+05:30 ERROR 11954 --- [order-service] [ntContainer#1-2] o.s.a.r.l.SimpleMessageListenerContainer : Failed to check/redeclare auto-delete queue(s).

org.springframework.amqp.AmqpConnectException: java.net.ConnectException: Connection refused
	at org.springframework.amqp.rabbit.support.RabbitExceptionTranslator.convertRabbitAccessException(RabbitExceptionTranslator.java:61)
	at org.springframework.amqp.rabbit.connection.AbstractConnectionFactory.createBareConnection(AbstractConnectionFactory.java:632)
	at org.springframework.amqp.rabbit.connection.CachingConnectionFactory.createConnection(CachingConnectionFactory.java:726)
	at org.springframework.amqp.rabbit.connection.CachingConnectionFactory.createBareChannel(CachingConnectionFactory.java:671)
	at org.springframework.amqp.rabbit.connection.CachingConnectionFactory.getCachedChannelProxy(CachingConnectionFactory.java:644)
	at org.springframework.amqp.rabbit.connection.CachingConnectionFactory.getChannel(CachingConnectionFactory.java:533)
	at org.springframework.amqp.rabbit.connection.CachingConnectionFactory$ChannelCachingConnectionProxy.createChannel(CachingConnectionFactory.java:1484)
	at org.springframework.amqp.rabbit.core.RabbitTemplate.doExecute(RabbitTemplate.java:2268)
	at org.springframework.amqp.rabbit.core.RabbitTemplate.execute(RabbitTemplate.java:2235)
	at org.springframework.amqp.rabbit.core.RabbitTemplate.execute(RabbitTemplate.java:2215)
	at org.springframework.amqp.rabbit.core.RabbitAdmin.getQueueInfo(RabbitAdmin.java:467)
	at org.springframework.amqp.rabbit.core.RabbitAdmin.getQueueProperties(RabbitAdmin.java:451)
	at org.springframework.amqp.rabbit.listener.AbstractMessageListenerContainer.attemptDeclarations(AbstractMessageListenerContainer.java:1972)
	at org.springframework.amqp.rabbit.listener.AbstractMessageListenerContainer.redeclareElementsIfNecessary(AbstractMessageListenerContainer.java:1936)
	at org.springframework.amqp.rabbit.listener.SimpleMessageListenerContainer$AsyncMessageProcessingConsumer.initialize(SimpleMessageListenerContainer.java:1481)
	at org.springframework.amqp.rabbit.listener.SimpleMessageListenerContainer$AsyncMessageProcessingConsumer.run(SimpleMessageListenerContainer.java:1322)
	at java.base/java.lang.Thread.run(Thread.java:1583)
Caused by: java.net.ConnectException: Connection refused
	at java.base/sun.nio.ch.Net.pollConnect(Native Method)
	at java.base/sun.nio.ch.Net.pollConnectNow(Net.java:682)
	at java.base/sun.nio.ch.NioSocketImpl.timedFinishConnect(NioSocketImpl.java:549)
	at java.base/sun.nio.ch.NioSocketImpl.connect(NioSocketImpl.java:592)
	at java.base/java.net.SocksSocketImpl.connect(SocksSocketImpl.java:327)
	at java.base/java.net.Socket.connect(Socket.java:751)
	at com.rabbitmq.client.impl.SocketFrameHandlerFactory.create(SocketFrameHandlerFactory.java:61)
	at com.rabbitmq.client.ConnectionFactory.newConnection(ConnectionFactory.java:1249)
	at com.rabbitmq.client.ConnectionFactory.newConnection(ConnectionFactory.java:1198)
	at com.rabbitmq.client.ConnectionFactory.newConnection(ConnectionFactory.java:1369)
	at org.springframework.amqp.rabbit.connection.AbstractConnectionFactory.connectHostPort(AbstractConnectionFactory.java:695)
	at org.springframework.amqp.rabbit.connection.AbstractConnectionFactory.connect(AbstractConnectionFactory.java:650)
	at org.springframework.amqp.rabbit.connection.AbstractConnectionFactory.createBareConnection(AbstractConnectionFactory.java:593)
	... 15 common frames omitted

{"@timestamp":"2025-08-18T23:20:44.896949+05:30","@version":"1","message":"Failed to check/redeclare auto-delete queue(s).","logger_name":"org.springframework.amqp.rabbit.listener.SimpleMessageListenerContainer","thread_name":"org.springframework.amqp.rabbit.RabbitListenerEndpointContainer#1-2","level":"ERROR","stack_trace":"org.springframework.amqp.AmqpConnectException: java.net.ConnectException: Connection refused\n\tat org.springframework.amqp.rabbit.support.RabbitExceptionTranslator.convertRabbitAccessException(RabbitExceptionTranslator.java:61)\n\tat org.springframework.amqp.rabbit.connection.AbstractConnectionFactory.createBareConnection(AbstractConnectionFactory.java:632)\n\tat org.springframework.amqp.rabbit.connection.CachingConnectionFactory.createConnection(CachingConnectionFactory.java:726)\n\tat org.springframework.amqp.rabbit.connection.CachingConnectionFactory.createBareChannel(CachingConnectionFactory.java:671)\n\tat org.springframework.amqp.rabbit.connection.CachingConnectionFactory.getCachedChannelProxy(CachingConnectionFactory.java:644)\n\tat org.springframework.amqp.rabbit.connection.CachingConnectionFactory.getChannel(CachingConnectionFactory.java:533)\n\tat org.springframework.amqp.rabbit.connection.CachingConnectionFactory$ChannelCachingConnectionProxy.createChannel(CachingConnectionFactory.java:1484)\n\tat org.springframework.amqp.rabbit.core.RabbitTemplate.doExecute(RabbitTemplate.java:2268)\n\tat org.springframework.amqp.rabbit.core.RabbitTemplate.execute(RabbitTemplate.java:2235)\n\tat org.springframework.amqp.rabbit.core.RabbitTemplate.execute(RabbitTemplate.java:2215)\n\tat org.springframework.amqp.rabbit.core.RabbitAdmin.getQueueInfo(RabbitAdmin.java:467)\n\tat org.springframework.amqp.rabbit.core.RabbitAdmin.getQueueProperties(RabbitAdmin.java:451)\n\tat org.springframework.amqp.rabbit.listener.AbstractMessageListenerContainer.attemptDeclarations(AbstractMessageListenerContainer.java:1972)\n\tat org.springframework.amqp.rabbit.listener.AbstractMessageListenerContainer.redeclareElementsIfNecessary(AbstractMessageListenerContainer.java:1936)\n\tat org.springframework.amqp.rabbit.listener.SimpleMessageListenerContainer$AsyncMessageProcessingConsumer.initialize(SimpleMessageListenerContainer.java:1481)\n\tat org.springframework.amqp.rabbit.listener.SimpleMessageListenerContainer$AsyncMessageProcessingConsumer.run(SimpleMessageListenerContainer.java:1322)\n\tat java.base/java.lang.Thread.run(Thread.java:1583)\nCaused by: java.net.ConnectException: Connection refused\n\tat java.base/sun.nio.ch.Net.pollConnect(Native Method)\n\tat java.base/sun.nio.ch.Net.pollConnectNow(Net.java:682)\n\tat java.base/sun.nio.ch.NioSocketImpl.timedFinishConnect(NioSocketImpl.java:549)\n\tat java.base/sun.nio.ch.NioSocketImpl.connect(NioSocketImpl.java:592)\n\tat java.base/java.net.SocksSocketImpl.connect(SocksSocketImpl.java:327)\n\tat java.base/java.net.Socket.connect(Socket.java:751)\n\tat com.rabbitmq.client.impl.SocketFrameHandlerFactory.create(SocketFrameHandlerFactory.java:61)\n\tat com.rabbitmq.client.ConnectionFactory.newConnection(ConnectionFactory.java:1249)\n\tat com.rabbitmq.client.ConnectionFactory.newConnection(ConnectionFactory.java:1198)\n\tat com.rabbitmq.client.ConnectionFactory.newConnection(ConnectionFactory.java:1369)\n\tat org.springframework.amqp.rabbit.connection.AbstractConnectionFactory.connectHostPort(AbstractConnectionFactory.java:695)\n\tat org.springframework.amqp.rabbit.connection.AbstractConnectionFactory.connect(AbstractConnectionFactory.java:650)\n\tat org.springframework.amqp.rabbit.connection.AbstractConnectionFactory.createBareConnection(AbstractConnectionFactory.java:593)\n\t... 15 common frames omitted\n"}
2025-08-18T23:20:44.897+05:30  INFO 11954 --- [order-service] [ntContainer#1-2] o.s.a.r.c.CachingConnectionFactory       : Attempting to connect to: localhost:60513
2025-08-18T23:20:44.897+05:30 ERROR 11954 --- [order-service] [ntContainer#0-2] o.s.a.r.l.SimpleMessageListenerContainer : Failed to check/redeclare auto-delete queue(s).

org.springframework.amqp.AmqpConnectException: java.net.ConnectException: Connection refused
	at org.springframework.amqp.rabbit.support.RabbitExceptionTranslator.convertRabbitAccessException(RabbitExceptionTranslator.java:61)
	at org.springframework.amqp.rabbit.connection.AbstractConnectionFactory.createBareConnection(AbstractConnectionFactory.java:632)
	at org.springframework.amqp.rabbit.connection.CachingConnectionFactory.createConnection(CachingConnectionFactory.java:726)
	at org.springframework.amqp.rabbit.connection.ConnectionFactoryUtils.createConnection(ConnectionFactoryUtils.java:257)
	at org.springframework.amqp.rabbit.core.RabbitTemplate.doExecute(RabbitTemplate.java:2262)
	at org.springframework.amqp.rabbit.core.RabbitTemplate.execute(RabbitTemplate.java:2235)
	at org.springframework.amqp.rabbit.core.RabbitTemplate.execute(RabbitTemplate.java:2215)
	at org.springframework.amqp.rabbit.core.RabbitAdmin.getQueueInfo(RabbitAdmin.java:467)
	at org.springframework.amqp.rabbit.core.RabbitAdmin.getQueueProperties(RabbitAdmin.java:451)
	at org.springframework.amqp.rabbit.listener.AbstractMessageListenerContainer.attemptDeclarations(AbstractMessageListenerContainer.java:1972)
	at org.springframework.amqp.rabbit.listener.AbstractMessageListenerContainer.redeclareElementsIfNecessary(AbstractMessageListenerContainer.java:1936)
	at org.springframework.amqp.rabbit.listener.SimpleMessageListenerContainer$AsyncMessageProcessingConsumer.initialize(SimpleMessageListenerContainer.java:1481)
	at org.springframework.amqp.rabbit.listener.SimpleMessageListenerContainer$AsyncMessageProcessingConsumer.run(SimpleMessageListenerContainer.java:1322)
	at java.base/java.lang.Thread.run(Thread.java:1583)
Caused by: java.net.ConnectException: Connection refused
	at java.base/sun.nio.ch.Net.pollConnect(Native Method)
	at java.base/sun.nio.ch.Net.pollConnectNow(Net.java:682)
	at java.base/sun.nio.ch.NioSocketImpl.timedFinishConnect(NioSocketImpl.java:549)
	at java.base/sun.nio.ch.NioSocketImpl.connect(NioSocketImpl.java:592)
	at java.base/java.net.SocksSocketImpl.connect(SocksSocketImpl.java:327)
	at java.base/java.net.Socket.connect(Socket.java:751)
	at com.rabbitmq.client.impl.SocketFrameHandlerFactory.create(SocketFrameHandlerFactory.java:61)
	at com.rabbitmq.client.ConnectionFactory.newConnection(ConnectionFactory.java:1249)
	at com.rabbitmq.client.ConnectionFactory.newConnection(ConnectionFactory.java:1198)
	at com.rabbitmq.client.ConnectionFactory.newConnection(ConnectionFactory.java:1369)
	at org.springframework.amqp.rabbit.connection.AbstractConnectionFactory.connectHostPort(AbstractConnectionFactory.java:695)
	at org.springframework.amqp.rabbit.connection.AbstractConnectionFactory.connect(AbstractConnectionFactory.java:650)
	at org.springframework.amqp.rabbit.connection.AbstractConnectionFactory.createBareConnection(AbstractConnectionFactory.java:593)
	... 12 common frames omitted

{"@timestamp":"2025-08-18T23:20:44.897899+05:30","@version":"1","message":"Attempting to connect to: localhost:60513","logger_name":"org.springframework.amqp.rabbit.connection.CachingConnectionFactory","thread_name":"org.springframework.amqp.rabbit.RabbitListenerEndpointContainer#1-2","level":"INFO"}
{"@timestamp":"2025-08-18T23:20:44.897872+05:30","@version":"1","message":"Failed to check/redeclare auto-delete queue(s).","logger_name":"org.springframework.amqp.rabbit.listener.SimpleMessageListenerContainer","thread_name":"org.springframework.amqp.rabbit.RabbitListenerEndpointContainer#0-2","level":"ERROR","stack_trace":"org.springframework.amqp.AmqpConnectException: java.net.ConnectException: Connection refused\n\tat org.springframework.amqp.rabbit.support.RabbitExceptionTranslator.convertRabbitAccessException(RabbitExceptionTranslator.java:61)\n\tat org.springframework.amqp.rabbit.connection.AbstractConnectionFactory.createBareConnection(AbstractConnectionFactory.java:632)\n\tat org.springframework.amqp.rabbit.connection.CachingConnectionFactory.createConnection(CachingConnectionFactory.java:726)\n\tat org.springframework.amqp.rabbit.connection.ConnectionFactoryUtils.createConnection(ConnectionFactoryUtils.java:257)\n\tat org.springframework.amqp.rabbit.core.RabbitTemplate.doExecute(RabbitTemplate.java:2262)\n\tat org.springframework.amqp.rabbit.core.RabbitTemplate.execute(RabbitTemplate.java:2235)\n\tat org.springframework.amqp.rabbit.core.RabbitTemplate.execute(RabbitTemplate.java:2215)\n\tat org.springframework.amqp.rabbit.core.RabbitAdmin.getQueueInfo(RabbitAdmin.java:467)\n\tat org.springframework.amqp.rabbit.core.RabbitAdmin.getQueueProperties(RabbitAdmin.java:451)\n\tat org.springframework.amqp.rabbit.listener.AbstractMessageListenerContainer.attemptDeclarations(AbstractMessageListenerContainer.java:1972)\n\tat org.springframework.amqp.rabbit.listener.AbstractMessageListenerContainer.redeclareElementsIfNecessary(AbstractMessageListenerContainer.java:1936)\n\tat org.springframework.amqp.rabbit.listener.SimpleMessageListenerContainer$AsyncMessageProcessingConsumer.initialize(SimpleMessageListenerContainer.java:1481)\n\tat org.springframework.amqp.rabbit.listener.SimpleMessageListenerContainer$AsyncMessageProcessingConsumer.run(SimpleMessageListenerContainer.java:1322)\n\tat java.base/java.lang.Thread.run(Thread.java:1583)\nCaused by: java.net.ConnectException: Connection refused\n\tat java.base/sun.nio.ch.Net.pollConnect(Native Method)\n\tat java.base/sun.nio.ch.Net.pollConnectNow(Net.java:682)\n\tat java.base/sun.nio.ch.NioSocketImpl.timedFinishConnect(NioSocketImpl.java:549)\n\tat java.base/sun.nio.ch.NioSocketImpl.connect(NioSocketImpl.java:592)\n\tat java.base/java.net.SocksSocketImpl.connect(SocksSocketImpl.java:327)\n\tat java.base/java.net.Socket.connect(Socket.java:751)\n\tat com.rabbitmq.client.impl.SocketFrameHandlerFactory.create(SocketFrameHandlerFactory.java:61)\n\tat com.rabbitmq.client.ConnectionFactory.newConnection(ConnectionFactory.java:1249)\n\tat com.rabbitmq.client.ConnectionFactory.newConnection(ConnectionFactory.java:1198)\n\tat com.rabbitmq.client.ConnectionFactory.newConnection(ConnectionFactory.java:1369)\n\tat org.springframework.amqp.rabbit.connection.AbstractConnectionFactory.connectHostPort(AbstractConnectionFactory.java:695)\n\tat org.springframework.amqp.rabbit.connection.AbstractConnectionFactory.connect(AbstractConnectionFactory.java:650)\n\tat org.springframework.amqp.rabbit.connection.AbstractConnectionFactory.createBareConnection(AbstractConnectionFactory.java:593)\n\t... 12 common frames omitted\n"}
2025-08-18T23:20:44.898+05:30  INFO 11954 --- [order-service] [ntContainer#0-2] o.s.a.r.c.CachingConnectionFactory       : Attempting to connect to: localhost:60513
{"@timestamp":"2025-08-18T23:20:44.898779+05:30","@version":"1","message":"Attempting to connect to: localhost:60513","logger_name":"org.springframework.amqp.rabbit.connection.CachingConnectionFactory","thread_name":"org.springframework.amqp.rabbit.RabbitListenerEndpointContainer#0-2","level":"INFO"}
2025-08-18T23:20:45.628+05:30  INFO 11954 --- [order-service] [           main] tc.postgres:13                           : Container postgres:13 started in PT0.889412S
{"@timestamp":"2025-08-18T23:20:45.628986+05:30","@version":"1","message":"Container postgres:13 started in PT0.889412S","logger_name":"tc.postgres:13","thread_name":"main","level":"INFO"}
2025-08-18T23:20:45.629+05:30  INFO 11954 --- [order-service] [           main] tc.postgres:13                           : Container is started (JDBC URL: jdbc:postgresql://localhost:60545/testdb?loggerLevel=OFF)
{"@timestamp":"2025-08-18T23:20:45.629448+05:30","@version":"1","message":"Container is started (JDBC URL: jdbc:postgresql://localhost:60545/testdb?loggerLevel=OFF)","logger_name":"tc.postgres:13","thread_name":"main","level":"INFO"}
2025-08-18T23:20:45.630+05:30  INFO 11954 --- [order-service] [           main] t.c.s.AnnotationConfigContextLoaderUtils : Could not detect default configuration classes for test class [com.swifteats.order.TransactionalOutboxTest]: TransactionalOutboxTest does not declare any static, non-private, non-final, nested classes annotated with @Configuration.
{"@timestamp":"2025-08-18T23:20:45.630558+05:30","@version":"1","message":"Could not detect default configuration classes for test class [com.swifteats.order.TransactionalOutboxTest]: TransactionalOutboxTest does not declare any static, non-private, non-final, nested classes annotated with @Configuration.","logger_name":"org.springframework.test.context.support.AnnotationConfigContextLoaderUtils","thread_name":"main","level":"INFO"}
2025-08-18T23:20:45.632+05:30  INFO 11954 --- [order-service] [           main] .b.t.c.SpringBootTestContextBootstrapper : Found @SpringBootConfiguration com.swifteats.order.OrderApplication for test class com.swifteats.order.TransactionalOutboxTest
{"@timestamp":"2025-08-18T23:20:45.632167+05:30","@version":"1","message":"Found @SpringBootConfiguration com.swifteats.order.OrderApplication for test class com.swifteats.order.TransactionalOutboxTest","logger_name":"org.springframework.boot.test.context.SpringBootTestContextBootstrapper","thread_name":"main","level":"INFO"}

  .   ____          _            __ _ _
 /\\ / ___'_ __ _ _(_)_ __  __ _ \ \ \ \
( ( )\___ | '_ | '_| | '_ \/ _` | \ \ \ \
 \\/  ___)| |_)| | | | | || (_| |  ) ) ) )
  '  |____| .__|_| |_|_| |_\__, | / / / /
 =========|_|==============|___/=/_/_/_/

 :: Spring Boot ::                (v3.5.2)

2025-08-18T23:20:45.642+05:30  INFO 11954 --- [order-service] [           main] c.s.order.TransactionalOutboxTest        : Starting TransactionalOutboxTest using Java 21.0.3 with PID 11954 (started by deependraverma in /Users/deependraverma/Documents/Projects/AI/swifteats-delivery-service-new/order-service)
{"@timestamp":"2025-08-18T23:20:45.642663+05:30","@version":"1","message":"Starting TransactionalOutboxTest using Java 21.0.3 with PID 11954 (started by deependraverma in /Users/deependraverma/Documents/Projects/AI/swifteats-delivery-service-new/order-service)","logger_name":"com.swifteats.order.TransactionalOutboxTest","thread_name":"main","level":"INFO"}
2025-08-18T23:20:45.642+05:30  INFO 11954 --- [order-service] [           main] c.s.order.TransactionalOutboxTest        : No active profile set, falling back to 1 default profile: "default"
{"@timestamp":"2025-08-18T23:20:45.642832+05:30","@version":"1","message":"No active profile set, falling back to 1 default profile: \"default\"","logger_name":"com.swifteats.order.TransactionalOutboxTest","thread_name":"main","level":"INFO"}
2025-08-18T23:20:45.712+05:30  INFO 11954 --- [order-service] [           main] .s.d.r.c.RepositoryConfigurationDelegate : Bootstrapping Spring Data JPA repositories in DEFAULT mode.
{"@timestamp":"2025-08-18T23:20:45.712578+05:30","@version":"1","message":"Bootstrapping Spring Data JPA repositories in DEFAULT mode.","logger_name":"org.springframework.data.repository.config.RepositoryConfigurationDelegate","thread_name":"main","level":"INFO"}
2025-08-18T23:20:45.717+05:30  INFO 11954 --- [order-service] [           main] .s.d.r.c.RepositoryConfigurationDelegate : Finished Spring Data repository scanning in 3 ms. Found 2 JPA repository interfaces.
{"@timestamp":"2025-08-18T23:20:45.717108+05:30","@version":"1","message":"Finished Spring Data repository scanning in 3 ms. Found 2 JPA repository interfaces.","logger_name":"org.springframework.data.repository.config.RepositoryConfigurationDelegate","thread_name":"main","level":"INFO"}
2025-08-18T23:20:45.768+05:30  INFO 11954 --- [order-service] [           main] o.s.b.w.embedded.tomcat.TomcatWebServer  : Tomcat initialized with port 0 (http)
{"@timestamp":"2025-08-18T23:20:45.768023+05:30","@version":"1","message":"Tomcat initialized with port 0 (http)","logger_name":"org.springframework.boot.web.embedded.tomcat.TomcatWebServer","thread_name":"main","level":"INFO"}
2025-08-18T23:20:45.768+05:30  INFO 11954 --- [order-service] [           main] o.apache.catalina.core.StandardService   : Starting service [Tomcat]
{"@timestamp":"2025-08-18T23:20:45.76857+05:30","@version":"1","message":"Starting service [Tomcat]","logger_name":"org.apache.catalina.core.StandardService","thread_name":"main","level":"INFO"}
2025-08-18T23:20:45.768+05:30  INFO 11954 --- [order-service] [           main] o.apache.catalina.core.StandardEngine    : Starting Servlet engine: [Apache Tomcat/10.1.42]
{"@timestamp":"2025-08-18T23:20:45.768674+05:30","@version":"1","message":"Starting Servlet engine: [Apache Tomcat/10.1.42]","logger_name":"org.apache.catalina.core.StandardEngine","thread_name":"main","level":"INFO"}
2025-08-18T23:20:45.774+05:30  INFO 11954 --- [order-service] [           main] o.a.c.c.C.[Tomcat-2].[localhost].[/]     : Initializing Spring embedded WebApplicationContext
{"@timestamp":"2025-08-18T23:20:45.774734+05:30","@version":"1","message":"Initializing Spring embedded WebApplicationContext","logger_name":"org.apache.catalina.core.ContainerBase.[Tomcat-2].[localhost].[/]","thread_name":"main","level":"INFO"}
2025-08-18T23:20:45.774+05:30  INFO 11954 --- [order-service] [           main] w.s.c.ServletWebServerApplicationContext : Root WebApplicationContext: initialization completed in 131 ms
{"@timestamp":"2025-08-18T23:20:45.774905+05:30","@version":"1","message":"Root WebApplicationContext: initialization completed in 131 ms","logger_name":"org.springframework.boot.web.servlet.context.ServletWebServerApplicationContext","thread_name":"main","level":"INFO"}
2025-08-18T23:20:45.826+05:30  INFO 11954 --- [order-service] [           main] com.zaxxer.hikari.HikariDataSource       : HikariPool-3 - Starting...
{"@timestamp":"2025-08-18T23:20:45.826683+05:30","@version":"1","message":"HikariPool-3 - Starting...","logger_name":"com.zaxxer.hikari.HikariDataSource","thread_name":"main","level":"INFO"}
2025-08-18T23:20:45.839+05:30  INFO 11954 --- [order-service] [           main] com.zaxxer.hikari.pool.HikariPool        : HikariPool-3 - Added connection org.postgresql.jdbc.PgConnection@1b42356e
{"@timestamp":"2025-08-18T23:20:45.839455+05:30","@version":"1","message":"HikariPool-3 - Added connection org.postgresql.jdbc.PgConnection@1b42356e","logger_name":"com.zaxxer.hikari.pool.HikariPool","thread_name":"main","level":"INFO"}
2025-08-18T23:20:45.839+05:30  INFO 11954 --- [order-service] [           main] com.zaxxer.hikari.HikariDataSource       : HikariPool-3 - Start completed.
{"@timestamp":"2025-08-18T23:20:45.839713+05:30","@version":"1","message":"HikariPool-3 - Start completed.","logger_name":"com.zaxxer.hikari.HikariDataSource","thread_name":"main","level":"INFO"}
2025-08-18T23:20:45.840+05:30  INFO 11954 --- [order-service] [           main] o.hibernate.jpa.internal.util.LogHelper  : HHH000204: Processing PersistenceUnitInfo [name: default]
{"@timestamp":"2025-08-18T23:20:45.840107+05:30","@version":"1","message":"HHH000204: Processing PersistenceUnitInfo [name: default]","logger_name":"org.hibernate.jpa.internal.util.LogHelper","thread_name":"main","level":"INFO"}
2025-08-18T23:20:45.840+05:30  INFO 11954 --- [order-service] [           main] o.h.c.internal.RegionFactoryInitiator    : HHH000026: Second-level cache disabled
{"@timestamp":"2025-08-18T23:20:45.840916+05:30","@version":"1","message":"HHH000026: Second-level cache disabled","logger_name":"org.hibernate.cache.internal.RegionFactoryInitiator","thread_name":"main","level":"INFO"}
2025-08-18T23:20:45.843+05:30  INFO 11954 --- [order-service] [           main] o.s.o.j.p.SpringPersistenceUnitInfo      : No LoadTimeWeaver setup: ignoring JPA class transformer
{"@timestamp":"2025-08-18T23:20:45.843621+05:30","@version":"1","message":"No LoadTimeWeaver setup: ignoring JPA class transformer","logger_name":"org.springframework.orm.jpa.persistenceunit.SpringPersistenceUnitInfo","thread_name":"main","level":"INFO"}
2025-08-18T23:20:45.852+05:30  INFO 11954 --- [order-service] [           main] org.hibernate.orm.connections.pooling    : HHH10001005: Database info:
	Database JDBC URL [Connecting through datasource 'HikariDataSource (HikariPool-3)']
	Database driver: undefined/unknown
	Database version: 13.22
	Autocommit mode: undefined/unknown
	Isolation level: undefined/unknown
	Minimum pool size: undefined/unknown
	Maximum pool size: undefined/unknown
{"@timestamp":"2025-08-18T23:20:45.852375+05:30","@version":"1","message":"HHH10001005: Database info:\n\tDatabase JDBC URL [Connecting through datasource 'HikariDataSource (HikariPool-3)']\n\tDatabase driver: undefined/unknown\n\tDatabase version: 13.22\n\tAutocommit mode: undefined/unknown\n\tIsolation level: undefined/unknown\n\tMinimum pool size: undefined/unknown\n\tMaximum pool size: undefined/unknown","logger_name":"org.hibernate.orm.connections.pooling","thread_name":"main","level":"INFO"}
2025-08-18T23:20:45.865+05:30  INFO 11954 --- [order-service] [           main] o.h.e.t.j.p.i.JtaPlatformInitiator       : HHH000489: No JTA platform available (set 'hibernate.transaction.jta.platform' to enable JTA platform integration)
{"@timestamp":"2025-08-18T23:20:45.865404+05:30","@version":"1","message":"HHH000489: No JTA platform available (set 'hibernate.transaction.jta.platform' to enable JTA platform integration)","logger_name":"org.hibernate.engine.transaction.jta.platform.internal.JtaPlatformInitiator","thread_name":"main","level":"INFO"}
2025-08-18T23:20:45.865+05:30  INFO 11954 --- [order-service] [           main] j.LocalContainerEntityManagerFactoryBean : Initialized JPA EntityManagerFactory for persistence unit 'default'
{"@timestamp":"2025-08-18T23:20:45.865628+05:30","@version":"1","message":"Initialized JPA EntityManagerFactory for persistence unit 'default'","logger_name":"org.springframework.orm.jpa.LocalContainerEntityManagerFactoryBean","thread_name":"main","level":"INFO"}
2025-08-18T23:20:45.989+05:30  WARN 11954 --- [order-service] [           main] JpaBaseConfiguration$JpaWebConfiguration : spring.jpa.open-in-view is enabled by default. Therefore, database queries may be performed during view rendering. Explicitly configure spring.jpa.open-in-view to disable this warning
{"@timestamp":"2025-08-18T23:20:45.989318+05:30","@version":"1","message":"spring.jpa.open-in-view is enabled by default. Therefore, database queries may be performed during view rendering. Explicitly configure spring.jpa.open-in-view to disable this warning","logger_name":"org.springframework.boot.autoconfigure.orm.jpa.JpaBaseConfiguration$JpaWebConfiguration","thread_name":"main","level":"WARN"}
2025-08-18T23:20:46.153+05:30  INFO 11954 --- [order-service] [           main] o.s.b.a.e.web.EndpointLinksResolver      : Exposing 2 endpoints beneath base path '/actuator'
{"@timestamp":"2025-08-18T23:20:46.153903+05:30","@version":"1","message":"Exposing 2 endpoints beneath base path '/actuator'","logger_name":"org.springframework.boot.actuate.endpoint.web.EndpointLinksResolver","thread_name":"main","level":"INFO"}
2025-08-18T23:20:46.166+05:30  INFO 11954 --- [order-service] [           main] o.s.b.w.embedded.tomcat.TomcatWebServer  : Tomcat started on port 60553 (http) with context path '/'
{"@timestamp":"2025-08-18T23:20:46.166413+05:30","@version":"1","message":"Tomcat started on port 60553 (http) with context path '/'","logger_name":"org.springframework.boot.web.embedded.tomcat.TomcatWebServer","thread_name":"main","level":"INFO"}
2025-08-18T23:20:46.166+05:30  INFO 11954 --- [order-service] [           main] o.s.a.r.c.CachingConnectionFactory       : Attempting to connect to: localhost:5672
{"@timestamp":"2025-08-18T23:20:46.166755+05:30","@version":"1","message":"Attempting to connect to: localhost:5672","logger_name":"org.springframework.amqp.rabbit.connection.CachingConnectionFactory","thread_name":"main","level":"INFO"}
2025-08-18T23:20:46.178+05:30  INFO 11954 --- [order-service] [           main] o.s.a.r.c.CachingConnectionFactory       : Created new connection: connectionFactory#143b32f4:0/SimpleConnection@68c9bef8 [delegate=amqp://guest@127.0.0.1:5672/, localPort=60554]
{"@timestamp":"2025-08-18T23:20:46.178089+05:30","@version":"1","message":"Created new connection: connectionFactory#143b32f4:0/SimpleConnection@68c9bef8 [delegate=amqp://guest@127.0.0.1:5672/, localPort=60554]","logger_name":"org.springframework.amqp.rabbit.connection.CachingConnectionFactory","thread_name":"main","level":"INFO"}
2025-08-18T23:20:46.188+05:30  INFO 11954 --- [order-service] [           main] c.s.order.TransactionalOutboxTest        : Started TransactionalOutboxTest in 0.554 seconds (process running for 19.469)
{"@timestamp":"2025-08-18T23:20:46.188053+05:30","@version":"1","message":"Started TransactionalOutboxTest in 0.554 seconds (process running for 19.469)","logger_name":"com.swifteats.order.TransactionalOutboxTest","thread_name":"main","level":"INFO"}
[[1;34mINFO[m] [1;32mTests run: [0;1;32m1[m, Failures: 0, Errors: 0, Skipped: 0, Time elapsed: 2.122 s - in com.swifteats.order.[1mTransactionalOutboxTest[m
[[1;34mINFO[m] Running com.swifteats.order.[1mSuccessfulOutboxTest[m
2025-08-18T23:20:46.863+05:30  INFO 11954 --- [order-service] [           main] tc.postgres:13                           : Creating container for image: postgres:13
{"@timestamp":"2025-08-18T23:20:46.863941+05:30","@version":"1","message":"Creating container for image: postgres:13","logger_name":"tc.postgres:13","thread_name":"main","level":"INFO"}
2025-08-18T23:20:46.963+05:30  INFO 11954 --- [order-service] [           main] tc.postgres:13                           : Container postgres:13 is starting: d73c31539c28496463bf88ff74b2b70853bafe098685e605903fdf89c1e87096
{"@timestamp":"2025-08-18T23:20:46.963902+05:30","@version":"1","message":"Container postgres:13 is starting: d73c31539c28496463bf88ff74b2b70853bafe098685e605903fdf89c1e87096","logger_name":"tc.postgres:13","thread_name":"main","level":"INFO"}
2025-08-18T23:20:47.125+05:30  WARN 11954 --- [order-service] [ntContainer#1-3] o.s.a.r.l.SimpleMessageListenerContainer : Consumer raised exception, processing can restart if the connection factory supports it. Exception summary: org.springframework.amqp.AmqpConnectException: java.net.ConnectException: Connection refused
{"@timestamp":"2025-08-18T23:20:47.125195+05:30","@version":"1","message":"Consumer raised exception, processing can restart if the connection factory supports it. Exception summary: org.springframework.amqp.AmqpConnectException: java.net.ConnectException: Connection refused","logger_name":"org.springframework.amqp.rabbit.listener.SimpleMessageListenerContainer","thread_name":"org.springframework.amqp.rabbit.RabbitListenerEndpointContainer#1-3","level":"WARN"}
2025-08-18T23:20:47.125+05:30  INFO 11954 --- [order-service] [ntContainer#1-3] o.s.a.r.l.SimpleMessageListenerContainer : Restarting Consumer@752591e: tags=[[]], channel=null, acknowledgeMode=AUTO local queue size=0
{"@timestamp":"2025-08-18T23:20:47.12549+05:30","@version":"1","message":"Restarting Consumer@752591e: tags=[[]], channel=null, acknowledgeMode=AUTO local queue size=0","logger_name":"org.springframework.amqp.rabbit.listener.SimpleMessageListenerContainer","thread_name":"org.springframework.amqp.rabbit.RabbitListenerEndpointContainer#1-3","level":"INFO"}
2025-08-18T23:20:47.126+05:30  INFO 11954 --- [order-service] [ntContainer#1-4] o.s.a.r.c.CachingConnectionFactory       : Attempting to connect to: localhost:60486
{"@timestamp":"2025-08-18T23:20:47.12634+05:30","@version":"1","message":"Attempting to connect to: localhost:60486","logger_name":"org.springframework.amqp.rabbit.connection.CachingConnectionFactory","thread_name":"org.springframework.amqp.rabbit.RabbitListenerEndpointContainer#1-4","level":"INFO"}
2025-08-18T23:20:47.126+05:30 ERROR 11954 --- [order-service] [ntContainer#1-4] o.s.a.r.l.SimpleMessageListenerContainer : Failed to check/redeclare auto-delete queue(s).
{"@timestamp":"2025-08-18T23:20:47.126885+05:30","@version":"1","message":"Failed to check/redeclare auto-delete queue(s).","logger_name":"org.springframework.amqp.rabbit.listener.SimpleMessageListenerContainer","thread_name":"org.springframework.amqp.rabbit.RabbitListenerEndpointContainer#1-4","level":"ERROR"}
2025-08-18T23:20:47.126+05:30  INFO 11954 --- [order-service] [ntContainer#1-4] o.s.a.r.c.CachingConnectionFactory       : Attempting to connect to: localhost:60486
{"@timestamp":"2025-08-18T23:20:47.12695+05:30","@version":"1","message":"Attempting to connect to: localhost:60486","logger_name":"org.springframework.amqp.rabbit.connection.CachingConnectionFactory","thread_name":"org.springframework.amqp.rabbit.RabbitListenerEndpointContainer#1-4","level":"INFO"}
2025-08-18T23:20:47.133+05:30  WARN 11954 --- [order-service] [ntContainer#0-3] o.s.a.r.l.SimpleMessageListenerContainer : Consumer raised exception, processing can restart if the connection factory supports it. Exception summary: org.springframework.amqp.AmqpConnectException: java.net.ConnectException: Connection refused
{"@timestamp":"2025-08-18T23:20:47.133996+05:30","@version":"1","message":"Consumer raised exception, processing can restart if the connection factory supports it. Exception summary: org.springframework.amqp.AmqpConnectException: java.net.ConnectException: Connection refused","logger_name":"org.springframework.amqp.rabbit.listener.SimpleMessageListenerContainer","thread_name":"org.springframework.amqp.rabbit.RabbitListenerEndpointContainer#0-3","level":"WARN"}
2025-08-18T23:20:47.134+05:30  INFO 11954 --- [order-service] [ntContainer#0-3] o.s.a.r.l.SimpleMessageListenerContainer : Restarting Consumer@28ef1369: tags=[[]], channel=null, acknowledgeMode=AUTO local queue size=0
{"@timestamp":"2025-08-18T23:20:47.134136+05:30","@version":"1","message":"Restarting Consumer@28ef1369: tags=[[]], channel=null, acknowledgeMode=AUTO local queue size=0","logger_name":"org.springframework.amqp.rabbit.listener.SimpleMessageListenerContainer","thread_name":"org.springframework.amqp.rabbit.RabbitListenerEndpointContainer#0-3","level":"INFO"}
2025-08-18T23:20:47.134+05:30  INFO 11954 --- [order-service] [ntContainer#0-4] o.s.a.r.c.CachingConnectionFactory       : Attempting to connect to: localhost:60486
{"@timestamp":"2025-08-18T23:20:47.134564+05:30","@version":"1","message":"Attempting to connect to: localhost:60486","logger_name":"org.springframework.amqp.rabbit.connection.CachingConnectionFactory","thread_name":"org.springframework.amqp.rabbit.RabbitListenerEndpointContainer#0-4","level":"INFO"}
2025-08-18T23:20:47.134+05:30 ERROR 11954 --- [order-service] [ntContainer#0-4] o.s.a.r.l.SimpleMessageListenerContainer : Failed to check/redeclare auto-delete queue(s).
{"@timestamp":"2025-08-18T23:20:47.134926+05:30","@version":"1","message":"Failed to check/redeclare auto-delete queue(s).","logger_name":"org.springframework.amqp.rabbit.listener.SimpleMessageListenerContainer","thread_name":"org.springframework.amqp.rabbit.RabbitListenerEndpointContainer#0-4","level":"ERROR"}
2025-08-18T23:20:47.134+05:30  INFO 11954 --- [order-service] [ntContainer#0-4] o.s.a.r.c.CachingConnectionFactory       : Attempting to connect to: localhost:60486
{"@timestamp":"2025-08-18T23:20:47.134984+05:30","@version":"1","message":"Attempting to connect to: localhost:60486","logger_name":"org.springframework.amqp.rabbit.connection.CachingConnectionFactory","thread_name":"org.springframework.amqp.rabbit.RabbitListenerEndpointContainer#0-4","level":"INFO"}
2025-08-18T23:20:47.641+05:30  INFO 11954 --- [order-service] [           main] tc.postgres:13                           : Container postgres:13 started in PT0.777658S
{"@timestamp":"2025-08-18T23:20:47.64158+05:30","@version":"1","message":"Container postgres:13 started in PT0.777658S","logger_name":"tc.postgres:13","thread_name":"main","level":"INFO"}
2025-08-18T23:20:47.641+05:30  INFO 11954 --- [order-service] [           main] tc.postgres:13                           : Container is started (JDBC URL: jdbc:postgresql://localhost:60559/testdb?loggerLevel=OFF)
{"@timestamp":"2025-08-18T23:20:47.641899+05:30","@version":"1","message":"Container is started (JDBC URL: jdbc:postgresql://localhost:60559/testdb?loggerLevel=OFF)","logger_name":"tc.postgres:13","thread_name":"main","level":"INFO"}
2025-08-18T23:20:47.642+05:30  INFO 11954 --- [order-service] [           main] t.c.s.AnnotationConfigContextLoaderUtils : Could not detect default configuration classes for test class [com.swifteats.order.SuccessfulOutboxTest]: SuccessfulOutboxTest does not declare any static, non-private, non-final, nested classes annotated with @Configuration.
{"@timestamp":"2025-08-18T23:20:47.642977+05:30","@version":"1","message":"Could not detect default configuration classes for test class [com.swifteats.order.SuccessfulOutboxTest]: SuccessfulOutboxTest does not declare any static, non-private, non-final, nested classes annotated with @Configuration.","logger_name":"org.springframework.test.context.support.AnnotationConfigContextLoaderUtils","thread_name":"main","level":"INFO"}
2025-08-18T23:20:47.643+05:30  INFO 11954 --- [order-service] [           main] .b.t.c.SpringBootTestContextBootstrapper : Found @SpringBootConfiguration com.swifteats.order.OrderApplication for test class com.swifteats.order.SuccessfulOutboxTest
{"@timestamp":"2025-08-18T23:20:47.643784+05:30","@version":"1","message":"Found @SpringBootConfiguration com.swifteats.order.OrderApplication for test class com.swifteats.order.SuccessfulOutboxTest","logger_name":"org.springframework.boot.test.context.SpringBootTestContextBootstrapper","thread_name":"main","level":"INFO"}

  .   ____          _            __ _ _
 /\\ / ___'_ __ _ _(_)_ __  __ _ \ \ \ \
( ( )\___ | '_ | '_| | '_ \/ _` | \ \ \ \
 \\/  ___)| |_)| | | | | || (_| |  ) ) ) )
  '  |____| .__|_| |_|_| |_\__, | / / / /
 =========|_|==============|___/=/_/_/_/

 :: Spring Boot ::                (v3.5.2)

2025-08-18T23:20:47.654+05:30  INFO 11954 --- [order-service] [           main] c.swifteats.order.SuccessfulOutboxTest   : Starting SuccessfulOutboxTest using Java 21.0.3 with PID 11954 (started by deependraverma in /Users/deependraverma/Documents/Projects/AI/swifteats-delivery-service-new/order-service)
{"@timestamp":"2025-08-18T23:20:47.654612+05:30","@version":"1","message":"Starting SuccessfulOutboxTest using Java 21.0.3 with PID 11954 (started by deependraverma in /Users/deependraverma/Documents/Projects/AI/swifteats-delivery-service-new/order-service)","logger_name":"com.swifteats.order.SuccessfulOutboxTest","thread_name":"main","level":"INFO"}
2025-08-18T23:20:47.654+05:30  INFO 11954 --- [order-service] [           main] c.swifteats.order.SuccessfulOutboxTest   : No active profile set, falling back to 1 default profile: "default"
{"@timestamp":"2025-08-18T23:20:47.654794+05:30","@version":"1","message":"No active profile set, falling back to 1 default profile: \"default\"","logger_name":"com.swifteats.order.SuccessfulOutboxTest","thread_name":"main","level":"INFO"}
2025-08-18T23:20:47.764+05:30  INFO 11954 --- [order-service] [           main] .s.d.r.c.RepositoryConfigurationDelegate : Bootstrapping Spring Data JPA repositories in DEFAULT mode.
{"@timestamp":"2025-08-18T23:20:47.76416+05:30","@version":"1","message":"Bootstrapping Spring Data JPA repositories in DEFAULT mode.","logger_name":"org.springframework.data.repository.config.RepositoryConfigurationDelegate","thread_name":"main","level":"INFO"}
2025-08-18T23:20:47.768+05:30  INFO 11954 --- [order-service] [           main] .s.d.r.c.RepositoryConfigurationDelegate : Finished Spring Data repository scanning in 2 ms. Found 2 JPA repository interfaces.
{"@timestamp":"2025-08-18T23:20:47.768404+05:30","@version":"1","message":"Finished Spring Data repository scanning in 2 ms. Found 2 JPA repository interfaces.","logger_name":"org.springframework.data.repository.config.RepositoryConfigurationDelegate","thread_name":"main","level":"INFO"}
2025-08-18T23:20:47.813+05:30  INFO 11954 --- [order-service] [           main] o.s.b.w.embedded.tomcat.TomcatWebServer  : Tomcat initialized with port 0 (http)
{"@timestamp":"2025-08-18T23:20:47.813911+05:30","@version":"1","message":"Tomcat initialized with port 0 (http)","logger_name":"org.springframework.boot.web.embedded.tomcat.TomcatWebServer","thread_name":"main","level":"INFO"}
2025-08-18T23:20:47.814+05:30  INFO 11954 --- [order-service] [           main] o.apache.catalina.core.StandardService   : Starting service [Tomcat]
{"@timestamp":"2025-08-18T23:20:47.814435+05:30","@version":"1","message":"Starting service [Tomcat]","logger_name":"org.apache.catalina.core.StandardService","thread_name":"main","level":"INFO"}
2025-08-18T23:20:47.814+05:30  INFO 11954 --- [order-service] [           main] o.apache.catalina.core.StandardEngine    : Starting Servlet engine: [Apache Tomcat/10.1.42]
{"@timestamp":"2025-08-18T23:20:47.814539+05:30","@version":"1","message":"Starting Servlet engine: [Apache Tomcat/10.1.42]","logger_name":"org.apache.catalina.core.StandardEngine","thread_name":"main","level":"INFO"}
2025-08-18T23:20:47.824+05:30  INFO 11954 --- [order-service] [           main] o.a.c.c.C.[Tomcat-3].[localhost].[/]     : Initializing Spring embedded WebApplicationContext
{"@timestamp":"2025-08-18T23:20:47.824907+05:30","@version":"1","message":"Initializing Spring embedded WebApplicationContext","logger_name":"org.apache.catalina.core.ContainerBase.[Tomcat-3].[localhost].[/]","thread_name":"main","level":"INFO"}
2025-08-18T23:20:47.825+05:30  INFO 11954 --- [order-service] [           main] w.s.c.ServletWebServerApplicationContext : Root WebApplicationContext: initialization completed in 170 ms
{"@timestamp":"2025-08-18T23:20:47.825052+05:30","@version":"1","message":"Root WebApplicationContext: initialization completed in 170 ms","logger_name":"org.springframework.boot.web.servlet.context.ServletWebServerApplicationContext","thread_name":"main","level":"INFO"}
2025-08-18T23:20:47.874+05:30  INFO 11954 --- [order-service] [           main] com.zaxxer.hikari.HikariDataSource       : HikariPool-4 - Starting...
{"@timestamp":"2025-08-18T23:20:47.874363+05:30","@version":"1","message":"HikariPool-4 - Starting...","logger_name":"com.zaxxer.hikari.HikariDataSource","thread_name":"main","level":"INFO"}
2025-08-18T23:20:47.888+05:30  INFO 11954 --- [order-service] [           main] com.zaxxer.hikari.pool.HikariPool        : HikariPool-4 - Added connection org.postgresql.jdbc.PgConnection@10b7f988
{"@timestamp":"2025-08-18T23:20:47.888212+05:30","@version":"1","message":"HikariPool-4 - Added connection org.postgresql.jdbc.PgConnection@10b7f988","logger_name":"com.zaxxer.hikari.pool.HikariPool","thread_name":"main","level":"INFO"}
2025-08-18T23:20:47.888+05:30  INFO 11954 --- [order-service] [           main] com.zaxxer.hikari.HikariDataSource       : HikariPool-4 - Start completed.
{"@timestamp":"2025-08-18T23:20:47.888368+05:30","@version":"1","message":"HikariPool-4 - Start completed.","logger_name":"com.zaxxer.hikari.HikariDataSource","thread_name":"main","level":"INFO"}
2025-08-18T23:20:47.888+05:30  INFO 11954 --- [order-service] [           main] o.hibernate.jpa.internal.util.LogHelper  : HHH000204: Processing PersistenceUnitInfo [name: default]
{"@timestamp":"2025-08-18T23:20:47.888811+05:30","@version":"1","message":"HHH000204: Processing PersistenceUnitInfo [name: default]","logger_name":"org.hibernate.jpa.internal.util.LogHelper","thread_name":"main","level":"INFO"}
2025-08-18T23:20:47.889+05:30  INFO 11954 --- [order-service] [           main] o.h.c.internal.RegionFactoryInitiator    : HHH000026: Second-level cache disabled
{"@timestamp":"2025-08-18T23:20:47.889785+05:30","@version":"1","message":"HHH000026: Second-level cache disabled","logger_name":"org.hibernate.cache.internal.RegionFactoryInitiator","thread_name":"main","level":"INFO"}
2025-08-18T23:20:47.893+05:30  INFO 11954 --- [order-service] [           main] o.s.o.j.p.SpringPersistenceUnitInfo      : No LoadTimeWeaver setup: ignoring JPA class transformer
{"@timestamp":"2025-08-18T23:20:47.893708+05:30","@version":"1","message":"No LoadTimeWeaver setup: ignoring JPA class transformer","logger_name":"org.springframework.orm.jpa.persistenceunit.SpringPersistenceUnitInfo","thread_name":"main","level":"INFO"}
2025-08-18T23:20:47.901+05:30  INFO 11954 --- [order-service] [           main] org.hibernate.orm.connections.pooling    : HHH10001005: Database info:
	Database JDBC URL [Connecting through datasource 'HikariDataSource (HikariPool-4)']
	Database driver: undefined/unknown
	Database version: 13.22
	Autocommit mode: undefined/unknown
	Isolation level: undefined/unknown
	Minimum pool size: undefined/unknown
	Maximum pool size: undefined/unknown
{"@timestamp":"2025-08-18T23:20:47.9018+05:30","@version":"1","message":"HHH10001005: Database info:\n\tDatabase JDBC URL [Connecting through datasource 'HikariDataSource (HikariPool-4)']\n\tDatabase driver: undefined/unknown\n\tDatabase version: 13.22\n\tAutocommit mode: undefined/unknown\n\tIsolation level: undefined/unknown\n\tMinimum pool size: undefined/unknown\n\tMaximum pool size: undefined/unknown","logger_name":"org.hibernate.orm.connections.pooling","thread_name":"main","level":"INFO"}
2025-08-18T23:20:47.922+05:30  INFO 11954 --- [order-service] [           main] o.h.e.t.j.p.i.JtaPlatformInitiator       : HHH000489: No JTA platform available (set 'hibernate.transaction.jta.platform' to enable JTA platform integration)
{"@timestamp":"2025-08-18T23:20:47.922902+05:30","@version":"1","message":"HHH000489: No JTA platform available (set 'hibernate.transaction.jta.platform' to enable JTA platform integration)","logger_name":"org.hibernate.engine.transaction.jta.platform.internal.JtaPlatformInitiator","thread_name":"main","level":"INFO"}
2025-08-18T23:20:47.923+05:30  INFO 11954 --- [order-service] [           main] j.LocalContainerEntityManagerFactoryBean : Initialized JPA EntityManagerFactory for persistence unit 'default'
{"@timestamp":"2025-08-18T23:20:47.923146+05:30","@version":"1","message":"Initialized JPA EntityManagerFactory for persistence unit 'default'","logger_name":"org.springframework.orm.jpa.LocalContainerEntityManagerFactoryBean","thread_name":"main","level":"INFO"}
2025-08-18T23:20:48.032+05:30  WARN 11954 --- [order-service] [           main] JpaBaseConfiguration$JpaWebConfiguration : spring.jpa.open-in-view is enabled by default. Therefore, database queries may be performed during view rendering. Explicitly configure spring.jpa.open-in-view to disable this warning
{"@timestamp":"2025-08-18T23:20:48.032047+05:30","@version":"1","message":"spring.jpa.open-in-view is enabled by default. Therefore, database queries may be performed during view rendering. Explicitly configure spring.jpa.open-in-view to disable this warning","logger_name":"org.springframework.boot.autoconfigure.orm.jpa.JpaBaseConfiguration$JpaWebConfiguration","thread_name":"main","level":"WARN"}
2025-08-18T23:20:48.178+05:30  INFO 11954 --- [order-service] [           main] o.s.b.a.e.web.EndpointLinksResolver      : Exposing 2 endpoints beneath base path '/actuator'
{"@timestamp":"2025-08-18T23:20:48.178888+05:30","@version":"1","message":"Exposing 2 endpoints beneath base path '/actuator'","logger_name":"org.springframework.boot.actuate.endpoint.web.EndpointLinksResolver","thread_name":"main","level":"INFO"}
2025-08-18T23:20:48.189+05:30  INFO 11954 --- [order-service] [           main] o.s.b.w.embedded.tomcat.TomcatWebServer  : Tomcat started on port 60574 (http) with context path '/'
{"@timestamp":"2025-08-18T23:20:48.189732+05:30","@version":"1","message":"Tomcat started on port 60574 (http) with context path '/'","logger_name":"org.springframework.boot.web.embedded.tomcat.TomcatWebServer","thread_name":"main","level":"INFO"}
2025-08-18T23:20:48.190+05:30  INFO 11954 --- [order-service] [           main] o.s.a.r.c.CachingConnectionFactory       : Attempting to connect to: localhost:5672
{"@timestamp":"2025-08-18T23:20:48.190043+05:30","@version":"1","message":"Attempting to connect to: localhost:5672","logger_name":"org.springframework.amqp.rabbit.connection.CachingConnectionFactory","thread_name":"main","level":"INFO"}
2025-08-18T23:20:48.208+05:30  INFO 11954 --- [order-service] [           main] o.s.a.r.c.CachingConnectionFactory       : Created new connection: connectionFactory#2d247806:0/SimpleConnection@6d27a384 [delegate=amqp://guest@127.0.0.1:5672/, localPort=60575]
{"@timestamp":"2025-08-18T23:20:48.208075+05:30","@version":"1","message":"Created new connection: connectionFactory#2d247806:0/SimpleConnection@6d27a384 [delegate=amqp://guest@127.0.0.1:5672/, localPort=60575]","logger_name":"org.springframework.amqp.rabbit.connection.CachingConnectionFactory","thread_name":"main","level":"INFO"}
2025-08-18T23:20:48.219+05:30  INFO 11954 --- [order-service] [           main] c.swifteats.order.SuccessfulOutboxTest   : Started SuccessfulOutboxTest in 0.574 seconds (process running for 21.5)
{"@timestamp":"2025-08-18T23:20:48.219304+05:30","@version":"1","message":"Started SuccessfulOutboxTest in 0.574 seconds (process running for 21.5)","logger_name":"com.swifteats.order.SuccessfulOutboxTest","thread_name":"main","level":"INFO"}
[[1;34mINFO[m] [1;32mTests run: [0;1;32m1[m, Failures: 0, Errors: 0, Skipped: 0, Time elapsed: 1.573 s - in com.swifteats.order.[1mSuccessfulOutboxTest[m
[[1;34mINFO[m] Running com.swifteats.order.[1mIntegrationTest[m
2025-08-18T23:20:48.437+05:30  INFO 11954 --- [order-service] [           main] tc.postgres:13                           : Creating container for image: postgres:13
{"@timestamp":"2025-08-18T23:20:48.437966+05:30","@version":"1","message":"Creating container for image: postgres:13","logger_name":"tc.postgres:13","thread_name":"main","level":"INFO"}
2025-08-18T23:20:48.502+05:30  INFO 11954 --- [order-service] [           main] tc.postgres:13                           : Container postgres:13 is starting: ef73539392700c6ec78cb726c8274830aef5e29cb0511817b970bfa274a66d63
{"@timestamp":"2025-08-18T23:20:48.502887+05:30","@version":"1","message":"Container postgres:13 is starting: ef73539392700c6ec78cb726c8274830aef5e29cb0511817b970bfa274a66d63","logger_name":"tc.postgres:13","thread_name":"main","level":"INFO"}
2025-08-18T23:20:49.420+05:30  INFO 11954 --- [order-service] [           main] tc.postgres:13                           : Container postgres:13 started in PT0.982298S
{"@timestamp":"2025-08-18T23:20:49.420326+05:30","@version":"1","message":"Container postgres:13 started in PT0.982298S","logger_name":"tc.postgres:13","thread_name":"main","level":"INFO"}
2025-08-18T23:20:49.422+05:30  INFO 11954 --- [order-service] [           main] tc.postgres:13                           : Container is started (JDBC URL: jdbc:postgresql://localhost:60583/testdb?loggerLevel=OFF)
{"@timestamp":"2025-08-18T23:20:49.42219+05:30","@version":"1","message":"Container is started (JDBC URL: jdbc:postgresql://localhost:60583/testdb?loggerLevel=OFF)","logger_name":"tc.postgres:13","thread_name":"main","level":"INFO"}
2025-08-18T23:20:49.423+05:30  INFO 11954 --- [order-service] [           main] t.c.s.AnnotationConfigContextLoaderUtils : Could not detect default configuration classes for test class [com.swifteats.order.IntegrationTest]: IntegrationTest does not declare any static, non-private, non-final, nested classes annotated with @Configuration.
{"@timestamp":"2025-08-18T23:20:49.423715+05:30","@version":"1","message":"Could not detect default configuration classes for test class [com.swifteats.order.IntegrationTest]: IntegrationTest does not declare any static, non-private, non-final, nested classes annotated with @Configuration.","logger_name":"org.springframework.test.context.support.AnnotationConfigContextLoaderUtils","thread_name":"main","level":"INFO"}
2025-08-18T23:20:49.425+05:30  INFO 11954 --- [order-service] [           main] .b.t.c.SpringBootTestContextBootstrapper : Found @SpringBootConfiguration com.swifteats.order.OrderApplication for test class com.swifteats.order.IntegrationTest
{"@timestamp":"2025-08-18T23:20:49.425496+05:30","@version":"1","message":"Found @SpringBootConfiguration com.swifteats.order.OrderApplication for test class com.swifteats.order.IntegrationTest","logger_name":"org.springframework.boot.test.context.SpringBootTestContextBootstrapper","thread_name":"main","level":"INFO"}

  .   ____          _            __ _ _
 /\\ / ___'_ __ _ _(_)_ __  __ _ \ \ \ \
( ( )\___ | '_ | '_| | '_ \/ _` | \ \ \ \
 \\/  ___)| |_)| | | | | || (_| |  ) ) ) )
  '  |____| .__|_| |_|_| |_\__, | / / / /
 =========|_|==============|___/=/_/_/_/

 :: Spring Boot ::                (v3.5.2)

2025-08-18T23:20:49.441+05:30  INFO 11954 --- [order-service] [           main] com.swifteats.order.IntegrationTest      : Starting IntegrationTest using Java 21.0.3 with PID 11954 (started by deependraverma in /Users/deependraverma/Documents/Projects/AI/swifteats-delivery-service-new/order-service)
{"@timestamp":"2025-08-18T23:20:49.441534+05:30","@version":"1","message":"Starting IntegrationTest using Java 21.0.3 with PID 11954 (started by deependraverma in /Users/deependraverma/Documents/Projects/AI/swifteats-delivery-service-new/order-service)","logger_name":"com.swifteats.order.IntegrationTest","thread_name":"main","level":"INFO"}
2025-08-18T23:20:49.441+05:30  INFO 11954 --- [order-service] [           main] com.swifteats.order.IntegrationTest      : No active profile set, falling back to 1 default profile: "default"
{"@timestamp":"2025-08-18T23:20:49.441758+05:30","@version":"1","message":"No active profile set, falling back to 1 default profile: \"default\"","logger_name":"com.swifteats.order.IntegrationTest","thread_name":"main","level":"INFO"}
2025-08-18T23:20:49.509+05:30  INFO 11954 --- [order-service] [           main] .s.d.r.c.RepositoryConfigurationDelegate : Bootstrapping Spring Data JPA repositories in DEFAULT mode.
{"@timestamp":"2025-08-18T23:20:49.509031+05:30","@version":"1","message":"Bootstrapping Spring Data JPA repositories in DEFAULT mode.","logger_name":"org.springframework.data.repository.config.RepositoryConfigurationDelegate","thread_name":"main","level":"INFO"}
2025-08-18T23:20:49.512+05:30  INFO 11954 --- [order-service] [           main] .s.d.r.c.RepositoryConfigurationDelegate : Finished Spring Data repository scanning in 2 ms. Found 2 JPA repository interfaces.
{"@timestamp":"2025-08-18T23:20:49.512126+05:30","@version":"1","message":"Finished Spring Data repository scanning in 2 ms. Found 2 JPA repository interfaces.","logger_name":"org.springframework.data.repository.config.RepositoryConfigurationDelegate","thread_name":"main","level":"INFO"}
2025-08-18T23:20:49.565+05:30  INFO 11954 --- [order-service] [           main] o.s.b.w.embedded.tomcat.TomcatWebServer  : Tomcat initialized with port 0 (http)
{"@timestamp":"2025-08-18T23:20:49.565395+05:30","@version":"1","message":"Tomcat initialized with port 0 (http)","logger_name":"org.springframework.boot.web.embedded.tomcat.TomcatWebServer","thread_name":"main","level":"INFO"}
2025-08-18T23:20:49.566+05:30  INFO 11954 --- [order-service] [           main] o.apache.catalina.core.StandardService   : Starting service [Tomcat]
{"@timestamp":"2025-08-18T23:20:49.566095+05:30","@version":"1","message":"Starting service [Tomcat]","logger_name":"org.apache.catalina.core.StandardService","thread_name":"main","level":"INFO"}
2025-08-18T23:20:49.566+05:30  INFO 11954 --- [order-service] [           main] o.apache.catalina.core.StandardEngine    : Starting Servlet engine: [Apache Tomcat/10.1.42]
{"@timestamp":"2025-08-18T23:20:49.566196+05:30","@version":"1","message":"Starting Servlet engine: [Apache Tomcat/10.1.42]","logger_name":"org.apache.catalina.core.StandardEngine","thread_name":"main","level":"INFO"}
2025-08-18T23:20:49.576+05:30  INFO 11954 --- [order-service] [           main] o.a.c.c.C.[Tomcat-4].[localhost].[/]     : Initializing Spring embedded WebApplicationContext
{"@timestamp":"2025-08-18T23:20:49.576839+05:30","@version":"1","message":"Initializing Spring embedded WebApplicationContext","logger_name":"org.apache.catalina.core.ContainerBase.[Tomcat-4].[localhost].[/]","thread_name":"main","level":"INFO"}
2025-08-18T23:20:49.577+05:30  INFO 11954 --- [order-service] [           main] w.s.c.ServletWebServerApplicationContext : Root WebApplicationContext: initialization completed in 135 ms
{"@timestamp":"2025-08-18T23:20:49.577108+05:30","@version":"1","message":"Root WebApplicationContext: initialization completed in 135 ms","logger_name":"org.springframework.boot.web.servlet.context.ServletWebServerApplicationContext","thread_name":"main","level":"INFO"}
2025-08-18T23:20:49.634+05:30  INFO 11954 --- [order-service] [           main] com.zaxxer.hikari.HikariDataSource       : HikariPool-5 - Starting...
{"@timestamp":"2025-08-18T23:20:49.634758+05:30","@version":"1","message":"HikariPool-5 - Starting...","logger_name":"com.zaxxer.hikari.HikariDataSource","thread_name":"main","level":"INFO"}
2025-08-18T23:20:49.645+05:30  INFO 11954 --- [order-service] [           main] com.zaxxer.hikari.pool.HikariPool        : HikariPool-5 - Added connection org.postgresql.jdbc.PgConnection@142cab39
{"@timestamp":"2025-08-18T23:20:49.645868+05:30","@version":"1","message":"HikariPool-5 - Added connection org.postgresql.jdbc.PgConnection@142cab39","logger_name":"com.zaxxer.hikari.pool.HikariPool","thread_name":"main","level":"INFO"}
2025-08-18T23:20:49.646+05:30  INFO 11954 --- [order-service] [           main] com.zaxxer.hikari.HikariDataSource       : HikariPool-5 - Start completed.
{"@timestamp":"2025-08-18T23:20:49.646065+05:30","@version":"1","message":"HikariPool-5 - Start completed.","logger_name":"com.zaxxer.hikari.HikariDataSource","thread_name":"main","level":"INFO"}
2025-08-18T23:20:49.646+05:30  INFO 11954 --- [order-service] [           main] o.hibernate.jpa.internal.util.LogHelper  : HHH000204: Processing PersistenceUnitInfo [name: default]
{"@timestamp":"2025-08-18T23:20:49.646571+05:30","@version":"1","message":"HHH000204: Processing PersistenceUnitInfo [name: default]","logger_name":"org.hibernate.jpa.internal.util.LogHelper","thread_name":"main","level":"INFO"}
2025-08-18T23:20:49.647+05:30  INFO 11954 --- [order-service] [           main] o.h.c.internal.RegionFactoryInitiator    : HHH000026: Second-level cache disabled
{"@timestamp":"2025-08-18T23:20:49.64746+05:30","@version":"1","message":"HHH000026: Second-level cache disabled","logger_name":"org.hibernate.cache.internal.RegionFactoryInitiator","thread_name":"main","level":"INFO"}
2025-08-18T23:20:49.650+05:30  INFO 11954 --- [order-service] [           main] o.s.o.j.p.SpringPersistenceUnitInfo      : No LoadTimeWeaver setup: ignoring JPA class transformer
{"@timestamp":"2025-08-18T23:20:49.650071+05:30","@version":"1","message":"No LoadTimeWeaver setup: ignoring JPA class transformer","logger_name":"org.springframework.orm.jpa.persistenceunit.SpringPersistenceUnitInfo","thread_name":"main","level":"INFO"}
2025-08-18T23:20:49.659+05:30  INFO 11954 --- [order-service] [           main] org.hibernate.orm.connections.pooling    : HHH10001005: Database info:
	Database JDBC URL [Connecting through datasource 'HikariDataSource (HikariPool-5)']
	Database driver: undefined/unknown
	Database version: 13.22
	Autocommit mode: undefined/unknown
	Isolation level: undefined/unknown
	Minimum pool size: undefined/unknown
	Maximum pool size: undefined/unknown
{"@timestamp":"2025-08-18T23:20:49.659931+05:30","@version":"1","message":"HHH10001005: Database info:\n\tDatabase JDBC URL [Connecting through datasource 'HikariDataSource (HikariPool-5)']\n\tDatabase driver: undefined/unknown\n\tDatabase version: 13.22\n\tAutocommit mode: undefined/unknown\n\tIsolation level: undefined/unknown\n\tMinimum pool size: undefined/unknown\n\tMaximum pool size: undefined/unknown","logger_name":"org.hibernate.orm.connections.pooling","thread_name":"main","level":"INFO"}
2025-08-18T23:20:49.670+05:30  INFO 11954 --- [order-service] [           main] o.h.e.t.j.p.i.JtaPlatformInitiator       : HHH000489: No JTA platform available (set 'hibernate.transaction.jta.platform' to enable JTA platform integration)
{"@timestamp":"2025-08-18T23:20:49.670094+05:30","@version":"1","message":"HHH000489: No JTA platform available (set 'hibernate.transaction.jta.platform' to enable JTA platform integration)","logger_name":"org.hibernate.engine.transaction.jta.platform.internal.JtaPlatformInitiator","thread_name":"main","level":"INFO"}
2025-08-18T23:20:49.670+05:30  INFO 11954 --- [order-service] [           main] j.LocalContainerEntityManagerFactoryBean : Initialized JPA EntityManagerFactory for persistence unit 'default'
{"@timestamp":"2025-08-18T23:20:49.67028+05:30","@version":"1","message":"Initialized JPA EntityManagerFactory for persistence unit 'default'","logger_name":"org.springframework.orm.jpa.LocalContainerEntityManagerFactoryBean","thread_name":"main","level":"INFO"}
2025-08-18T23:20:49.763+05:30  WARN 11954 --- [order-service] [           main] JpaBaseConfiguration$JpaWebConfiguration : spring.jpa.open-in-view is enabled by default. Therefore, database queries may be performed during view rendering. Explicitly configure spring.jpa.open-in-view to disable this warning
{"@timestamp":"2025-08-18T23:20:49.763691+05:30","@version":"1","message":"spring.jpa.open-in-view is enabled by default. Therefore, database queries may be performed during view rendering. Explicitly configure spring.jpa.open-in-view to disable this warning","logger_name":"org.springframework.boot.autoconfigure.orm.jpa.JpaBaseConfiguration$JpaWebConfiguration","thread_name":"main","level":"WARN"}
2025-08-18T23:20:49.899+05:30  INFO 11954 --- [order-service] [           main] o.s.b.a.e.web.EndpointLinksResolver      : Exposing 2 endpoints beneath base path '/actuator'
{"@timestamp":"2025-08-18T23:20:49.899611+05:30","@version":"1","message":"Exposing 2 endpoints beneath base path '/actuator'","logger_name":"org.springframework.boot.actuate.endpoint.web.EndpointLinksResolver","thread_name":"main","level":"INFO"}
2025-08-18T23:20:49.911+05:30  INFO 11954 --- [order-service] [           main] o.s.b.w.embedded.tomcat.TomcatWebServer  : Tomcat started on port 60591 (http) with context path '/'
{"@timestamp":"2025-08-18T23:20:49.911098+05:30","@version":"1","message":"Tomcat started on port 60591 (http) with context path '/'","logger_name":"org.springframework.boot.web.embedded.tomcat.TomcatWebServer","thread_name":"main","level":"INFO"}
2025-08-18T23:20:49.911+05:30  INFO 11954 --- [order-service] [           main] o.s.a.r.c.CachingConnectionFactory       : Attempting to connect to: localhost:5672
{"@timestamp":"2025-08-18T23:20:49.91146+05:30","@version":"1","message":"Attempting to connect to: localhost:5672","logger_name":"org.springframework.amqp.rabbit.connection.CachingConnectionFactory","thread_name":"main","level":"INFO"}
2025-08-18T23:20:49.920+05:30  INFO 11954 --- [order-service] [           main] o.s.a.r.c.CachingConnectionFactory       : Created new connection: connectionFactory#ebef507:0/SimpleConnection@51c69389 [delegate=amqp://guest@127.0.0.1:5672/, localPort=60592]
{"@timestamp":"2025-08-18T23:20:49.920256+05:30","@version":"1","message":"Created new connection: connectionFactory#ebef507:0/SimpleConnection@51c69389 [delegate=amqp://guest@127.0.0.1:5672/, localPort=60592]","logger_name":"org.springframework.amqp.rabbit.connection.CachingConnectionFactory","thread_name":"main","level":"INFO"}
2025-08-18T23:20:49.933+05:30  INFO 11954 --- [order-service] [           main] com.swifteats.order.IntegrationTest      : Started IntegrationTest in 0.504 seconds (process running for 23.214)
{"@timestamp":"2025-08-18T23:20:49.93362+05:30","@version":"1","message":"Started IntegrationTest in 0.504 seconds (process running for 23.214)","logger_name":"com.swifteats.order.IntegrationTest","thread_name":"main","level":"INFO"}
2025-08-18T23:20:49.972+05:30  WARN 11954 --- [order-service] [ntContainer#0-2] o.s.a.r.l.SimpleMessageListenerContainer : Consumer raised exception, processing can restart if the connection factory supports it. Exception summary: org.springframework.amqp.AmqpConnectException: java.net.ConnectException: Connection refused
{"@timestamp":"2025-08-18T23:20:49.972067+05:30","@version":"1","message":"Consumer raised exception, processing can restart if the connection factory supports it. Exception summary: org.springframework.amqp.AmqpConnectException: java.net.ConnectException: Connection refused","logger_name":"org.springframework.amqp.rabbit.listener.SimpleMessageListenerContainer","thread_name":"org.springframework.amqp.rabbit.RabbitListenerEndpointContainer#0-2","level":"WARN"}
2025-08-18T23:20:49.972+05:30  INFO 11954 --- [order-service] [ntContainer#0-2] o.s.a.r.l.SimpleMessageListenerContainer : Restarting Consumer@4085913d: tags=[[]], channel=null, acknowledgeMode=AUTO local queue size=0
{"@timestamp":"2025-08-18T23:20:49.972403+05:30","@version":"1","message":"Restarting Consumer@4085913d: tags=[[]], channel=null, acknowledgeMode=AUTO local queue size=0","logger_name":"org.springframework.amqp.rabbit.listener.SimpleMessageListenerContainer","thread_name":"org.springframework.amqp.rabbit.RabbitListenerEndpointContainer#0-2","level":"INFO"}
2025-08-18T23:20:49.972+05:30  WARN 11954 --- [order-service] [ntContainer#1-2] o.s.a.r.l.SimpleMessageListenerContainer : Consumer raised exception, processing can restart if the connection factory supports it. Exception summary: org.springframework.amqp.AmqpConnectException: java.net.ConnectException: Connection refused
{"@timestamp":"2025-08-18T23:20:49.972982+05:30","@version":"1","message":"Consumer raised exception, processing can restart if the connection factory supports it. Exception summary: org.springframework.amqp.AmqpConnectException: java.net.ConnectException: Connection refused","logger_name":"org.springframework.amqp.rabbit.listener.SimpleMessageListenerContainer","thread_name":"org.springframework.amqp.rabbit.RabbitListenerEndpointContainer#1-2","level":"WARN"}
2025-08-18T23:20:49.973+05:30  INFO 11954 --- [order-service] [ntContainer#1-2] o.s.a.r.l.SimpleMessageListenerContainer : Restarting Consumer@5565de83: tags=[[]], channel=null, acknowledgeMode=AUTO local queue size=0
{"@timestamp":"2025-08-18T23:20:49.973275+05:30","@version":"1","message":"Restarting Consumer@5565de83: tags=[[]], channel=null, acknowledgeMode=AUTO local queue size=0","logger_name":"org.springframework.amqp.rabbit.listener.SimpleMessageListenerContainer","thread_name":"org.springframework.amqp.rabbit.RabbitListenerEndpointContainer#1-2","level":"INFO"}
2025-08-18T23:20:49.973+05:30  INFO 11954 --- [order-service] [ntContainer#0-3] o.s.a.r.c.CachingConnectionFactory       : Attempting to connect to: localhost:60513
{"@timestamp":"2025-08-18T23:20:49.973533+05:30","@version":"1","message":"Attempting to connect to: localhost:60513","logger_name":"org.springframework.amqp.rabbit.connection.CachingConnectionFactory","thread_name":"org.springframework.amqp.rabbit.RabbitListenerEndpointContainer#0-3","level":"INFO"}
2025-08-18T23:20:49.974+05:30 ERROR 11954 --- [order-service] [ntContainer#0-3] o.s.a.r.l.SimpleMessageListenerContainer : Failed to check/redeclare auto-delete queue(s).
{"@timestamp":"2025-08-18T23:20:49.974052+05:30","@version":"1","message":"Failed to check/redeclare auto-delete queue(s).","logger_name":"org.springframework.amqp.rabbit.listener.SimpleMessageListenerContainer","thread_name":"org.springframework.amqp.rabbit.RabbitListenerEndpointContainer#0-3","level":"ERROR"}
2025-08-18T23:20:49.974+05:30  INFO 11954 --- [order-service] [ntContainer#1-3] o.s.a.r.c.CachingConnectionFactory       : Attempting to connect to: localhost:60513
{"@timestamp":"2025-08-18T23:20:49.974133+05:30","@version":"1","message":"Attempting to connect to: localhost:60513","logger_name":"org.springframework.amqp.rabbit.connection.CachingConnectionFactory","thread_name":"org.springframework.amqp.rabbit.RabbitListenerEndpointContainer#1-3","level":"INFO"}
2025-08-18T23:20:49.974+05:30 ERROR 11954 --- [order-service] [ntContainer#1-3] o.s.a.r.l.SimpleMessageListenerContainer : Failed to check/redeclare auto-delete queue(s).
{"@timestamp":"2025-08-18T23:20:49.974401+05:30","@version":"1","message":"Failed to check/redeclare auto-delete queue(s).","logger_name":"org.springframework.amqp.rabbit.listener.SimpleMessageListenerContainer","thread_name":"org.springframework.amqp.rabbit.RabbitListenerEndpointContainer#1-3","level":"ERROR"}
2025-08-18T23:20:49.974+05:30  INFO 11954 --- [order-service] [ntContainer#0-3] o.s.a.r.c.CachingConnectionFactory       : Attempting to connect to: localhost:60513
{"@timestamp":"2025-08-18T23:20:49.974437+05:30","@version":"1","message":"Attempting to connect to: localhost:60513","logger_name":"org.springframework.amqp.rabbit.connection.CachingConnectionFactory","thread_name":"org.springframework.amqp.rabbit.RabbitListenerEndpointContainer#0-3","level":"INFO"}
2025-08-18T23:20:49.974+05:30  INFO 11954 --- [order-service] [ntContainer#1-3] o.s.a.r.c.CachingConnectionFactory       : Attempting to connect to: localhost:60513
{"@timestamp":"2025-08-18T23:20:49.974799+05:30","@version":"1","message":"Attempting to connect to: localhost:60513","logger_name":"org.springframework.amqp.rabbit.connection.CachingConnectionFactory","thread_name":"org.springframework.amqp.rabbit.RabbitListenerEndpointContainer#1-3","level":"INFO"}
[[1;34mINFO[m] [1;32mTests run: [0;1;32m1[m, Failures: 0, Errors: 0, Skipped: 0, Time elapsed: 1.706 s - in com.swifteats.order.[1mIntegrationTest[m
[[1;34mINFO[m] 
[[1;34mINFO[m] Results:
[[1;34mINFO[m] 
[[1;34mINFO[m] [1;32mTests run: 6, Failures: 0, Errors: 0, Skipped: 0[m
[[1;34mINFO[m] 
[[1;34mINFO[m] 
[[1;34mINFO[m] [1m-----------------< [0;36mcom.swifteats:payment-mock-service[0;1m >-----------------[m
[[1;34mINFO[m] [1mBuilding payment-mock-service 0.1.0-SNAPSHOT                       [6/9][m
[[1;34mINFO[m] [1m--------------------------------[ jar ]---------------------------------[m
[[1;34mINFO[m] 
[[1;34mINFO[m] [1m--- [0;32mmaven-resources-plugin:2.6:resources[m [1m(default-resources)[m @ [36mpayment-mock-service[0;1m ---[m
[[1;34mINFO[m] Using 'UTF-8' encoding to copy filtered resources.
[[1;34mINFO[m] Copying 3 resources
[[1;34mINFO[m] 
[[1;34mINFO[m] [1m--- [0;32mmaven-compiler-plugin:3.10.1:compile[m [1m(default-compile)[m @ [36mpayment-mock-service[0;1m ---[m
[[1;34mINFO[m] Changes detected - recompiling the module!
[[1;34mINFO[m] Compiling 8 source files to /Users/deependraverma/Documents/Projects/AI/swifteats-delivery-service-new/payment-mock-service/target/classes
[[1;34mINFO[m] 
[[1;34mINFO[m] [1m--- [0;32mmaven-resources-plugin:2.6:testResources[m [1m(default-testResources)[m @ [36mpayment-mock-service[0;1m ---[m
[[1;34mINFO[m] Using 'UTF-8' encoding to copy filtered resources.
[[1;34mINFO[m] skip non existing resourceDirectory /Users/deependraverma/Documents/Projects/AI/swifteats-delivery-service-new/payment-mock-service/src/test/resources
[[1;34mINFO[m] 
[[1;34mINFO[m] [1m--- [0;32mmaven-compiler-plugin:3.10.1:testCompile[m [1m(default-testCompile)[m @ [36mpayment-mock-service[0;1m ---[m
[[1;34mINFO[m] Changes detected - recompiling the module!
[[1;34mINFO[m] Compiling 1 source file to /Users/deependraverma/Documents/Projects/AI/swifteats-delivery-service-new/payment-mock-service/target/test-classes
[[1;34mINFO[m] 
[[1;34mINFO[m] [1m--- [0;32mmaven-surefire-plugin:3.0.0-M7:test[m [1m(default-test)[m @ [36mpayment-mock-service[0;1m ---[m
[[1;34mINFO[m] Using auto detected provider org.apache.maven.surefire.junitplatform.JUnitPlatformProvider
[[1;34mINFO[m] 
[[1;34mINFO[m] -------------------------------------------------------
[[1;34mINFO[m]  T E S T S
[[1;34mINFO[m] -------------------------------------------------------
[[1;34mINFO[m] Running com.swifteats.paymentmock.[1mPaymentMockServiceTest[m
[[1;34mINFO[m] [1;32mTests run: [0;1;32m1[m, Failures: 0, Errors: 0, Skipped: 0, Time elapsed: 0.047 s - in com.swifteats.paymentmock.[1mPaymentMockServiceTest[m
[[1;34mINFO[m] 
[[1;34mINFO[m] Results:
[[1;34mINFO[m] 
[[1;34mINFO[m] [1;32mTests run: 1, Failures: 0, Errors: 0, Skipped: 0[m
[[1;34mINFO[m] 
[[1;34mINFO[m] 
[[1;34mINFO[m] [1m---------------< [0;36mcom.swifteats:tracking-ingest-service[0;1m >----------------[m
[[1;34mINFO[m] [1mBuilding tracking-ingest-service 0.1.0-SNAPSHOT                    [7/9][m
[[1;34mINFO[m] [1m--------------------------------[ jar ]---------------------------------[m
[[1;34mINFO[m] 
[[1;34mINFO[m] [1m--- [0;32mmaven-resources-plugin:2.6:resources[m [1m(default-resources)[m @ [36mtracking-ingest-service[0;1m ---[m
[[1;34mINFO[m] Using 'UTF-8' encoding to copy filtered resources.
[[1;34mINFO[m] Copying 1 resource
[[1;34mINFO[m] 
[[1;34mINFO[m] [1m--- [0;32mmaven-compiler-plugin:3.10.1:compile[m [1m(default-compile)[m @ [36mtracking-ingest-service[0;1m ---[m
[[1;34mINFO[m] Nothing to compile - all classes are up to date
[[1;34mINFO[m] 
[[1;34mINFO[m] [1m--- [0;32mmaven-resources-plugin:2.6:testResources[m [1m(default-testResources)[m @ [36mtracking-ingest-service[0;1m ---[m
[[1;34mINFO[m] Using 'UTF-8' encoding to copy filtered resources.
[[1;34mINFO[m] skip non existing resourceDirectory /Users/deependraverma/Documents/Projects/AI/swifteats-delivery-service-new/tracking-ingest-service/src/test/resources
[[1;34mINFO[m] 
[[1;34mINFO[m] [1m--- [0;32mmaven-compiler-plugin:3.10.1:testCompile[m [1m(default-testCompile)[m @ [36mtracking-ingest-service[0;1m ---[m
[[1;34mINFO[m] Nothing to compile - all classes are up to date
[[1;34mINFO[m] 
[[1;34mINFO[m] [1m--- [0;32mmaven-surefire-plugin:3.0.0-M7:test[m [1m(default-test)[m @ [36mtracking-ingest-service[0;1m ---[m
[[1;34mINFO[m] Using auto detected provider org.apache.maven.surefire.junitplatform.JUnitPlatformProvider
[[1;34mINFO[m] 
[[1;34mINFO[m] -------------------------------------------------------
[[1;34mINFO[m]  T E S T S
[[1;34mINFO[m] -------------------------------------------------------
[[1;34mINFO[m] Running com.swifteats.tracking.ingest.[1mHttpSimulatorE2ETest[m
23:20:56.627 [main] INFO org.testcontainers.utility.ImageNameSubstitutor -- Image name substitution will be performed by: DefaultImageNameSubstitutor (composite of 'ConfigurationFileImageNameSubstitutor' and 'PrefixingImageNameSubstitutor')
23:20:56.712 [main] INFO org.testcontainers.dockerclient.DockerClientProviderStrategy -- Loaded org.testcontainers.dockerclient.UnixSocketClientProviderStrategy from ~/.testcontainers.properties, will try it first
23:20:56.829 [main] INFO org.testcontainers.dockerclient.DockerClientProviderStrategy -- Found Docker environment with local Unix socket (unix:///var/run/docker.sock)
23:20:56.829 [main] INFO org.testcontainers.DockerClientFactory -- Docker host IP address is localhost
23:20:56.843 [main] INFO org.testcontainers.DockerClientFactory -- Connected to docker: 
  Server Version: 28.3.2
  API Version: 1.51
  Operating System: Docker Desktop
  Total Memory: 7837 MB
23:20:56.967 [main] INFO tc.testcontainers/ryuk:0.5.1 -- Creating container for image: testcontainers/ryuk:0.5.1
23:20:57.142 [main] INFO org.testcontainers.utility.RegistryAuthLocator -- Credential helper/store (docker-credential-desktop) does not have credentials for https://index.docker.io/v1/
23:20:57.199 [main] INFO tc.testcontainers/ryuk:0.5.1 -- Container testcontainers/ryuk:0.5.1 is starting: 2353510485ca541bc4a14d9f552b19842e5632be188f62cdc403ebb48654a82a
23:20:57.402 [main] INFO tc.testcontainers/ryuk:0.5.1 -- Container testcontainers/ryuk:0.5.1 started in PT0.55635S
23:20:57.407 [main] INFO org.testcontainers.utility.RyukResourceReaper -- Ryuk started - will monitor and terminate Testcontainers containers on JVM exit
23:20:57.407 [main] INFO org.testcontainers.DockerClientFactory -- Checking the system...
23:20:57.408 [main] INFO org.testcontainers.DockerClientFactory -- ✔︎ Docker server version should be at least 1.6.0
23:20:57.408 [main] INFO tc.redis:7-alpine -- Creating container for image: redis:7-alpine
23:20:57.444 [main] INFO tc.redis:7-alpine -- Container redis:7-alpine is starting: b5af73b1912519b5def12b806c1704cd83a699c6f999e34c23a149dc0196ad95
23:20:57.557 [main] INFO tc.redis:7-alpine -- Container redis:7-alpine started in PT0.149464S
23:20:57.589 [main] INFO org.springframework.test.context.support.AnnotationConfigContextLoaderUtils -- Could not detect default configuration classes for test class [com.swifteats.tracking.ingest.HttpSimulatorE2ETest]: HttpSimulatorE2ETest does not declare any static, non-private, non-final, nested classes annotated with @Configuration.
23:20:57.636 [main] INFO org.springframework.boot.test.context.SpringBootTestContextBootstrapper -- Found @SpringBootConfiguration com.swifteats.tracking.ingest.TrackingIngestApplication for test class com.swifteats.tracking.ingest.HttpSimulatorE2ETest

  .   ____          _            __ _ _
 /\\ / ___'_ __ _ _(_)_ __  __ _ \ \ \ \
( ( )\___ | '_ | '_| | '_ \/ _` | \ \ \ \
 \\/  ___)| |_)| | | | | || (_| |  ) ) ) )
  '  |____| .__|_| |_|_| |_\__, | / / / /
 =========|_|==============|___/=/_/_/_/

 :: Spring Boot ::                (v3.5.2)

2025-08-18T23:20:57.937+05:30  INFO 12056 --- [tracking-ingest-service] [           main] c.s.t.ingest.HttpSimulatorE2ETest        : Starting HttpSimulatorE2ETest using Java 21.0.3 with PID 12056 (started by deependraverma in /Users/deependraverma/Documents/Projects/AI/swifteats-delivery-service-new/tracking-ingest-service)
{"@timestamp":"2025-08-18T23:20:57.937488+05:30","@version":"1","message":"Starting HttpSimulatorE2ETest using Java 21.0.3 with PID 12056 (started by deependraverma in /Users/deependraverma/Documents/Projects/AI/swifteats-delivery-service-new/tracking-ingest-service)","logger_name":"com.swifteats.tracking.ingest.HttpSimulatorE2ETest","thread_name":"main","level":"INFO"}
2025-08-18T23:20:57.940+05:30  INFO 12056 --- [tracking-ingest-service] [           main] c.s.t.ingest.HttpSimulatorE2ETest        : No active profile set, falling back to 1 default profile: "default"
{"@timestamp":"2025-08-18T23:20:57.940934+05:30","@version":"1","message":"No active profile set, falling back to 1 default profile: \"default\"","logger_name":"com.swifteats.tracking.ingest.HttpSimulatorE2ETest","thread_name":"main","level":"INFO"}
2025-08-18T23:20:58.240+05:30  INFO 12056 --- [tracking-ingest-service] [           main] .s.d.r.c.RepositoryConfigurationDelegate : Multiple Spring Data modules found, entering strict repository configuration mode
{"@timestamp":"2025-08-18T23:20:58.240692+05:30","@version":"1","message":"Multiple Spring Data modules found, entering strict repository configuration mode","logger_name":"org.springframework.data.repository.config.RepositoryConfigurationDelegate","thread_name":"main","level":"INFO"}
2025-08-18T23:20:58.241+05:30  INFO 12056 --- [tracking-ingest-service] [           main] .s.d.r.c.RepositoryConfigurationDelegate : Bootstrapping Spring Data Redis repositories in DEFAULT mode.
{"@timestamp":"2025-08-18T23:20:58.241775+05:30","@version":"1","message":"Bootstrapping Spring Data Redis repositories in DEFAULT mode.","logger_name":"org.springframework.data.repository.config.RepositoryConfigurationDelegate","thread_name":"main","level":"INFO"}
2025-08-18T23:20:58.253+05:30  INFO 12056 --- [tracking-ingest-service] [           main] .s.d.r.c.RepositoryConfigurationDelegate : Finished Spring Data repository scanning in 5 ms. Found 0 Redis repository interfaces.
{"@timestamp":"2025-08-18T23:20:58.253761+05:30","@version":"1","message":"Finished Spring Data repository scanning in 5 ms. Found 0 Redis repository interfaces.","logger_name":"org.springframework.data.repository.config.RepositoryConfigurationDelegate","thread_name":"main","level":"INFO"}
2025-08-18T23:20:58.879+05:30  INFO 12056 --- [tracking-ingest-service] [           main] o.s.b.w.embedded.tomcat.TomcatWebServer  : Tomcat initialized with port 0 (http)
{"@timestamp":"2025-08-18T23:20:58.879534+05:30","@version":"1","message":"Tomcat initialized with port 0 (http)","logger_name":"org.springframework.boot.web.embedded.tomcat.TomcatWebServer","thread_name":"main","level":"INFO"}
2025-08-18T23:20:58.885+05:30  INFO 12056 --- [tracking-ingest-service] [           main] o.apache.catalina.core.StandardService   : Starting service [Tomcat]
{"@timestamp":"2025-08-18T23:20:58.885866+05:30","@version":"1","message":"Starting service [Tomcat]","logger_name":"org.apache.catalina.core.StandardService","thread_name":"main","level":"INFO"}
2025-08-18T23:20:58.886+05:30  INFO 12056 --- [tracking-ingest-service] [           main] o.apache.catalina.core.StandardEngine    : Starting Servlet engine: [Apache Tomcat/10.1.42]
{"@timestamp":"2025-08-18T23:20:58.886199+05:30","@version":"1","message":"Starting Servlet engine: [Apache Tomcat/10.1.42]","logger_name":"org.apache.catalina.core.StandardEngine","thread_name":"main","level":"INFO"}
2025-08-18T23:20:58.908+05:30  INFO 12056 --- [tracking-ingest-service] [           main] o.a.c.c.C.[Tomcat].[localhost].[/]       : Initializing Spring embedded WebApplicationContext
{"@timestamp":"2025-08-18T23:20:58.90827+05:30","@version":"1","message":"Initializing Spring embedded WebApplicationContext","logger_name":"org.apache.catalina.core.ContainerBase.[Tomcat].[localhost].[/]","thread_name":"main","level":"INFO"}
2025-08-18T23:20:58.908+05:30  INFO 12056 --- [tracking-ingest-service] [           main] w.s.c.ServletWebServerApplicationContext : Root WebApplicationContext: initialization completed in 961 ms
{"@timestamp":"2025-08-18T23:20:58.908656+05:30","@version":"1","message":"Root WebApplicationContext: initialization completed in 961 ms","logger_name":"org.springframework.boot.web.servlet.context.ServletWebServerApplicationContext","thread_name":"main","level":"INFO"}
2025-08-18T23:20:59.331+05:30  INFO 12056 --- [tracking-ingest-service] [           main] o.s.b.a.e.web.EndpointLinksResolver      : Exposing 2 endpoints beneath base path '/actuator'
{"@timestamp":"2025-08-18T23:20:59.33145+05:30","@version":"1","message":"Exposing 2 endpoints beneath base path '/actuator'","logger_name":"org.springframework.boot.actuate.endpoint.web.EndpointLinksResolver","thread_name":"main","level":"INFO"}
2025-08-18T23:20:59.414+05:30  INFO 12056 --- [tracking-ingest-service] [           main] o.s.b.w.embedded.tomcat.TomcatWebServer  : Tomcat started on port 60618 (http) with context path '/'
{"@timestamp":"2025-08-18T23:20:59.414253+05:30","@version":"1","message":"Tomcat started on port 60618 (http) with context path '/'","logger_name":"org.springframework.boot.web.embedded.tomcat.TomcatWebServer","thread_name":"main","level":"INFO"}
2025-08-18T23:20:59.423+05:30  INFO 12056 --- [tracking-ingest-service] [           main] c.s.t.ingest.HttpSimulatorE2ETest        : Started HttpSimulatorE2ETest in 1.647 seconds (process running for 3.078)
{"@timestamp":"2025-08-18T23:20:59.423074+05:30","@version":"1","message":"Started HttpSimulatorE2ETest in 1.647 seconds (process running for 3.078)","logger_name":"com.swifteats.tracking.ingest.HttpSimulatorE2ETest","thread_name":"main","level":"INFO"}
2025-08-18T23:20:59.669+05:30  INFO 12056 --- [tracking-ingest-service] [o-auto-1-exec-1] o.a.c.c.C.[Tomcat].[localhost].[/]       : Initializing Spring DispatcherServlet 'dispatcherServlet'
{"@timestamp":"2025-08-18T23:20:59.669393+05:30","@version":"1","message":"Initializing Spring DispatcherServlet 'dispatcherServlet'","logger_name":"org.apache.catalina.core.ContainerBase.[Tomcat].[localhost].[/]","thread_name":"http-nio-auto-1-exec-1","level":"INFO"}
2025-08-18T23:20:59.669+05:30  INFO 12056 --- [tracking-ingest-service] [o-auto-1-exec-1] o.s.web.servlet.DispatcherServlet        : Initializing Servlet 'dispatcherServlet'
{"@timestamp":"2025-08-18T23:20:59.66973+05:30","@version":"1","message":"Initializing Servlet 'dispatcherServlet'","logger_name":"org.springframework.web.servlet.DispatcherServlet","thread_name":"http-nio-auto-1-exec-1","level":"INFO"}
2025-08-18T23:20:59.670+05:30  INFO 12056 --- [tracking-ingest-service] [o-auto-1-exec-1] o.s.web.servlet.DispatcherServlet        : Completed initialization in 1 ms
{"@timestamp":"2025-08-18T23:20:59.67044+05:30","@version":"1","message":"Completed initialization in 1 ms","logger_name":"org.springframework.web.servlet.DispatcherServlet","thread_name":"http-nio-auto-1-exec-1","level":"INFO"}
2025-08-18T23:20:59.706+05:30  INFO 12056 --- [tracking-ingest-service] [o-auto-1-exec-1] c.s.t.i.controller.TrackingController    : Published driver location for driver-1 to exchange driver.location.v1
{"@timestamp":"2025-08-18T23:20:59.70647+05:30","@version":"1","message":"Published driver location for driver-1 to exchange driver.location.v1","logger_name":"com.swifteats.tracking.ingest.controller.TrackingController","thread_name":"http-nio-auto-1-exec-1","level":"INFO"}
[[1;34mINFO[m] [1;32mTests run: [0;1;32m1[m, Failures: 0, Errors: 0, Skipped: 0, Time elapsed: 4.384 s - in com.swifteats.tracking.ingest.[1mHttpSimulatorE2ETest[m
[[1;34mINFO[m] Running com.swifteats.tracking.ingest.[1mTrackingControllerTest[m
2025-08-18T23:21:00.964+05:30  INFO 12056 --- [tracking-ingest-service] [           main] t.c.s.AnnotationConfigContextLoaderUtils : Could not detect default configuration classes for test class [com.swifteats.tracking.ingest.TrackingControllerTest]: TrackingControllerTest does not declare any static, non-private, non-final, nested classes annotated with @Configuration.
{"@timestamp":"2025-08-18T23:21:00.964851+05:30","@version":"1","message":"Could not detect default configuration classes for test class [com.swifteats.tracking.ingest.TrackingControllerTest]: TrackingControllerTest does not declare any static, non-private, non-final, nested classes annotated with @Configuration.","logger_name":"org.springframework.test.context.support.AnnotationConfigContextLoaderUtils","thread_name":"main","level":"INFO"}
2025-08-18T23:21:00.978+05:30  INFO 12056 --- [tracking-ingest-service] [           main] .b.t.c.SpringBootTestContextBootstrapper : Found @SpringBootConfiguration com.swifteats.tracking.ingest.TrackingIngestApplication for test class com.swifteats.tracking.ingest.TrackingControllerTest
{"@timestamp":"2025-08-18T23:21:00.978527+05:30","@version":"1","message":"Found @SpringBootConfiguration com.swifteats.tracking.ingest.TrackingIngestApplication for test class com.swifteats.tracking.ingest.TrackingControllerTest","logger_name":"org.springframework.boot.test.context.SpringBootTestContextBootstrapper","thread_name":"main","level":"INFO"}

  .   ____          _            __ _ _
 /\\ / ___'_ __ _ _(_)_ __  __ _ \ \ \ \
( ( )\___ | '_ | '_| | '_ \/ _` | \ \ \ \
 \\/  ___)| |_)| | | | | || (_| |  ) ) ) )
  '  |____| .__|_| |_|_| |_\__, | / / / /
 =========|_|==============|___/=/_/_/_/

 :: Spring Boot ::                (v3.5.2)

2025-08-18T23:21:01.007+05:30  INFO 12056 --- [tracking-ingest-service] [           main] c.s.t.ingest.TrackingControllerTest      : Starting TrackingControllerTest using Java 21.0.3 with PID 12056 (started by deependraverma in /Users/deependraverma/Documents/Projects/AI/swifteats-delivery-service-new/tracking-ingest-service)
{"@timestamp":"2025-08-18T23:21:01.00734+05:30","@version":"1","message":"Starting TrackingControllerTest using Java 21.0.3 with PID 12056 (started by deependraverma in /Users/deependraverma/Documents/Projects/AI/swifteats-delivery-service-new/tracking-ingest-service)","logger_name":"com.swifteats.tracking.ingest.TrackingControllerTest","thread_name":"main","level":"INFO"}
2025-08-18T23:21:01.007+05:30  INFO 12056 --- [tracking-ingest-service] [           main] c.s.t.ingest.TrackingControllerTest      : No active profile set, falling back to 1 default profile: "default"
{"@timestamp":"2025-08-18T23:21:01.007961+05:30","@version":"1","message":"No active profile set, falling back to 1 default profile: \"default\"","logger_name":"com.swifteats.tracking.ingest.TrackingControllerTest","thread_name":"main","level":"INFO"}
2025-08-18T23:21:01.260+05:30  INFO 12056 --- [tracking-ingest-service] [           main] o.s.b.t.m.w.SpringBootMockServletContext : Initializing Spring TestDispatcherServlet ''
{"@timestamp":"2025-08-18T23:21:01.260804+05:30","@version":"1","message":"Initializing Spring TestDispatcherServlet ''","logger_name":"org.springframework.boot.test.mock.web.SpringBootMockServletContext","thread_name":"main","level":"INFO"}
2025-08-18T23:21:01.261+05:30  INFO 12056 --- [tracking-ingest-service] [           main] o.s.t.web.servlet.TestDispatcherServlet  : Initializing Servlet ''
{"@timestamp":"2025-08-18T23:21:01.261134+05:30","@version":"1","message":"Initializing Servlet ''","logger_name":"org.springframework.test.web.servlet.TestDispatcherServlet","thread_name":"main","level":"INFO"}
2025-08-18T23:21:01.261+05:30  INFO 12056 --- [tracking-ingest-service] [           main] o.s.t.web.servlet.TestDispatcherServlet  : Completed initialization in 0 ms
{"@timestamp":"2025-08-18T23:21:01.261435+05:30","@version":"1","message":"Completed initialization in 0 ms","logger_name":"org.springframework.test.web.servlet.TestDispatcherServlet","thread_name":"main","level":"INFO"}
2025-08-18T23:21:01.269+05:30  INFO 12056 --- [tracking-ingest-service] [           main] c.s.t.ingest.TrackingControllerTest      : Started TrackingControllerTest in 0.286 seconds (process running for 4.924)
{"@timestamp":"2025-08-18T23:21:01.269328+05:30","@version":"1","message":"Started TrackingControllerTest in 0.286 seconds (process running for 4.924)","logger_name":"com.swifteats.tracking.ingest.TrackingControllerTest","thread_name":"main","level":"INFO"}
2025-08-18T23:21:01.292+05:30 ERROR 12056 --- [tracking-ingest-service] [           main] c.s.t.i.controller.TrackingController    : Failed to write driver location to Redis

java.lang.NullPointerException: Cannot invoke "org.springframework.data.redis.core.ValueOperations.set(Object, Object)" because the return value of "org.springframework.data.redis.core.StringRedisTemplate.opsForValue()" is null
	at com.swifteats.tracking.ingest.controller.TrackingController.pushLocation(TrackingController.java:42)
	at java.base/jdk.internal.reflect.DirectMethodHandleAccessor.invoke(DirectMethodHandleAccessor.java:103)
	at java.base/java.lang.reflect.Method.invoke(Method.java:580)
	at org.springframework.web.method.support.InvocableHandlerMethod.doInvoke(InvocableHandlerMethod.java:258)
	at org.springframework.web.method.support.InvocableHandlerMethod.invokeForRequest(InvocableHandlerMethod.java:191)
	at org.springframework.web.servlet.mvc.method.annotation.ServletInvocableHandlerMethod.invokeAndHandle(ServletInvocableHandlerMethod.java:118)
	at org.springframework.web.servlet.mvc.method.annotation.RequestMappingHandlerAdapter.invokeHandlerMethod(RequestMappingHandlerAdapter.java:986)
	at org.springframework.web.servlet.mvc.method.annotation.RequestMappingHandlerAdapter.handleInternal(RequestMappingHandlerAdapter.java:891)
	at org.springframework.web.servlet.mvc.method.AbstractHandlerMethodAdapter.handle(AbstractHandlerMethodAdapter.java:87)
	at org.springframework.web.servlet.DispatcherServlet.doDispatch(DispatcherServlet.java:1089)
	at org.springframework.web.servlet.DispatcherServlet.doService(DispatcherServlet.java:979)
	at org.springframework.web.servlet.FrameworkServlet.processRequest(FrameworkServlet.java:1014)
	at org.springframework.web.servlet.FrameworkServlet.doPost(FrameworkServlet.java:914)
	at jakarta.servlet.http.HttpServlet.service(HttpServlet.java:590)
	at org.springframework.web.servlet.FrameworkServlet.service(FrameworkServlet.java:885)
	at org.springframework.test.web.servlet.TestDispatcherServlet.service(TestDispatcherServlet.java:72)
	at jakarta.servlet.http.HttpServlet.service(HttpServlet.java:658)
	at org.springframework.mock.web.MockFilterChain$ServletFilterProxy.doFilter(MockFilterChain.java:165)
	at org.springframework.mock.web.MockFilterChain.doFilter(MockFilterChain.java:132)
	at org.springframework.web.filter.RequestContextFilter.doFilterInternal(RequestContextFilter.java:100)
	at org.springframework.web.filter.OncePerRequestFilter.doFilter(OncePerRequestFilter.java:116)
	at org.springframework.test.web.servlet.setup.MockMvcFilterDecorator.doFilter(MockMvcFilterDecorator.java:162)
	at org.springframework.mock.web.MockFilterChain.doFilter(MockFilterChain.java:132)
	at org.springframework.web.filter.FormContentFilter.doFilterInternal(FormContentFilter.java:93)
	at org.springframework.web.filter.OncePerRequestFilter.doFilter(OncePerRequestFilter.java:116)
	at org.springframework.test.web.servlet.setup.MockMvcFilterDecorator.doFilter(MockMvcFilterDecorator.java:162)
	at org.springframework.mock.web.MockFilterChain.doFilter(MockFilterChain.java:132)
	at org.springframework.web.filter.CharacterEncodingFilter.doFilterInternal(CharacterEncodingFilter.java:201)
	at org.springframework.web.filter.OncePerRequestFilter.doFilter(OncePerRequestFilter.java:116)
	at org.springframework.test.web.servlet.setup.MockMvcFilterDecorator.doFilter(MockMvcFilterDecorator.java:162)
	at org.springframework.mock.web.MockFilterChain.doFilter(MockFilterChain.java:132)
	at org.springframework.test.web.servlet.MockMvc.perform(MockMvc.java:201)
	at com.swifteats.tracking.ingest.TrackingControllerTest.testPushLocationSuccess(TrackingControllerTest.java:43)
	at java.base/jdk.internal.reflect.DirectMethodHandleAccessor.invoke(DirectMethodHandleAccessor.java:103)
	at java.base/java.lang.reflect.Method.invoke(Method.java:580)
	at org.junit.platform.commons.util.ReflectionUtils.invokeMethod(ReflectionUtils.java:775)
	at org.junit.platform.commons.support.ReflectionSupport.invokeMethod(ReflectionSupport.java:479)
	at org.junit.jupiter.engine.execution.MethodInvocation.proceed(MethodInvocation.java:60)
	at org.junit.jupiter.engine.execution.InvocationInterceptorChain$ValidatingInvocation.proceed(InvocationInterceptorChain.java:131)
	at org.junit.jupiter.engine.extension.TimeoutExtension.intercept(TimeoutExtension.java:161)
	at org.junit.jupiter.engine.extension.TimeoutExtension.interceptTestableMethod(TimeoutExtension.java:152)
	at org.junit.jupiter.engine.extension.TimeoutExtension.interceptTestMethod(TimeoutExtension.java:91)
	at org.junit.jupiter.engine.execution.InterceptingExecutableInvoker$ReflectiveInterceptorCall.lambda$ofVoidMethod$0(InterceptingExecutableInvoker.java:112)
	at org.junit.jupiter.engine.execution.InterceptingExecutableInvoker.lambda$invoke$0(InterceptingExecutableInvoker.java:94)
	at org.junit.jupiter.engine.execution.InvocationInterceptorChain$InterceptedInvocation.proceed(InvocationInterceptorChain.java:106)
	at org.junit.jupiter.engine.execution.InvocationInterceptorChain.proceed(InvocationInterceptorChain.java:64)
	at org.junit.jupiter.engine.execution.InvocationInterceptorChain.chainAndInvoke(InvocationInterceptorChain.java:45)
	at org.junit.jupiter.engine.execution.InvocationInterceptorChain.invoke(InvocationInterceptorChain.java:37)
	at org.junit.jupiter.engine.execution.InterceptingExecutableInvoker.invoke(InterceptingExecutableInvoker.java:93)
	at org.junit.jupiter.engine.execution.InterceptingExecutableInvoker.invoke(InterceptingExecutableInvoker.java:87)
	at org.junit.jupiter.engine.descriptor.TestMethodTestDescriptor.lambda$invokeTestMethod$7(TestMethodTestDescriptor.java:216)
	at org.junit.platform.engine.support.hierarchical.ThrowableCollector.execute(ThrowableCollector.java:73)
	at org.junit.jupiter.engine.descriptor.TestMethodTestDescriptor.invokeTestMethod(TestMethodTestDescriptor.java:212)
	at org.junit.jupiter.engine.descriptor.TestMethodTestDescriptor.execute(TestMethodTestDescriptor.java:137)
	at org.junit.jupiter.engine.descriptor.TestMethodTestDescriptor.execute(TestMethodTestDescriptor.java:69)
	at org.junit.platform.engine.support.hierarchical.NodeTestTask.lambda$executeRecursively$6(NodeTestTask.java:156)
	at org.junit.platform.engine.support.hierarchical.ThrowableCollector.execute(ThrowableCollector.java:73)
	at org.junit.platform.engine.support.hierarchical.NodeTestTask.lambda$executeRecursively$8(NodeTestTask.java:146)
	at org.junit.platform.engine.support.hierarchical.Node.around(Node.java:137)
	at org.junit.platform.engine.support.hierarchical.NodeTestTask.lambda$executeRecursively$9(NodeTestTask.java:144)
	at org.junit.platform.engine.support.hierarchical.ThrowableCollector.execute(ThrowableCollector.java:73)
	at org.junit.platform.engine.support.hierarchical.NodeTestTask.executeRecursively(NodeTestTask.java:143)
	at org.junit.platform.engine.support.hierarchical.NodeTestTask.execute(NodeTestTask.java:100)
	at java.base/java.util.ArrayList.forEach(ArrayList.java:1596)
	at org.junit.platform.engine.support.hierarchical.SameThreadHierarchicalTestExecutorService.invokeAll(SameThreadHierarchicalTestExecutorService.java:41)
	at org.junit.platform.engine.support.hierarchical.NodeTestTask.lambda$executeRecursively$6(NodeTestTask.java:160)
	at org.junit.platform.engine.support.hierarchical.ThrowableCollector.execute(ThrowableCollector.java:73)
	at org.junit.platform.engine.support.hierarchical.NodeTestTask.lambda$executeRecursively$8(NodeTestTask.java:146)
	at org.junit.platform.engine.support.hierarchical.Node.around(Node.java:137)
	at org.junit.platform.engine.support.hierarchical.NodeTestTask.lambda$executeRecursively$9(NodeTestTask.java:144)
	at org.junit.platform.engine.support.hierarchical.ThrowableCollector.execute(ThrowableCollector.java:73)
	at org.junit.platform.engine.support.hierarchical.NodeTestTask.executeRecursively(NodeTestTask.java:143)
	at org.junit.platform.engine.support.hierarchical.NodeTestTask.execute(NodeTestTask.java:100)
	at java.base/java.util.ArrayList.forEach(ArrayList.java:1596)
	at org.junit.platform.engine.support.hierarchical.SameThreadHierarchicalTestExecutorService.invokeAll(SameThreadHierarchicalTestExecutorService.java:41)
	at org.junit.platform.engine.support.hierarchical.NodeTestTask.lambda$executeRecursively$6(NodeTestTask.java:160)
	at org.junit.platform.engine.support.hierarchical.ThrowableCollector.execute(ThrowableCollector.java:73)
	at org.junit.platform.engine.support.hierarchical.NodeTestTask.lambda$executeRecursively$8(NodeTestTask.java:146)
	at org.junit.platform.engine.support.hierarchical.Node.around(Node.java:137)
	at org.junit.platform.engine.support.hierarchical.NodeTestTask.lambda$executeRecursively$9(NodeTestTask.java:144)
	at org.junit.platform.engine.support.hierarchical.ThrowableCollector.execute(ThrowableCollector.java:73)
	at org.junit.platform.engine.support.hierarchical.NodeTestTask.executeRecursively(NodeTestTask.java:143)
	at org.junit.platform.engine.support.hierarchical.NodeTestTask.execute(NodeTestTask.java:100)
	at org.junit.platform.engine.support.hierarchical.SameThreadHierarchicalTestExecutorService.submit(SameThreadHierarchicalTestExecutorService.java:35)
	at org.junit.platform.engine.support.hierarchical.HierarchicalTestExecutor.execute(HierarchicalTestExecutor.java:57)
	at org.junit.platform.engine.support.hierarchical.HierarchicalTestEngine.execute(HierarchicalTestEngine.java:54)
	at org.junit.platform.launcher.core.EngineExecutionOrchestrator.execute(EngineExecutionOrchestrator.java:201)
	at org.junit.platform.launcher.core.EngineExecutionOrchestrator.execute(EngineExecutionOrchestrator.java:170)
	at org.junit.platform.launcher.core.EngineExecutionOrchestrator.execute(EngineExecutionOrchestrator.java:94)
	at org.junit.platform.launcher.core.EngineExecutionOrchestrator.lambda$execute$0(EngineExecutionOrchestrator.java:59)
	at org.junit.platform.launcher.core.EngineExecutionOrchestrator.withInterceptedStreams(EngineExecutionOrchestrator.java:142)
	at org.junit.platform.launcher.core.EngineExecutionOrchestrator.execute(EngineExecutionOrchestrator.java:58)
	at org.junit.platform.launcher.core.DefaultLauncher.execute(DefaultLauncher.java:103)
	at org.junit.platform.launcher.core.DefaultLauncher.execute(DefaultLauncher.java:85)
	at org.junit.platform.launcher.core.DelegatingLauncher.execute(DelegatingLauncher.java:47)
	at org.junit.platform.launcher.core.InterceptingLauncher.lambda$execute$1(InterceptingLauncher.java:39)
	at org.junit.platform.launcher.core.ClasspathAlignmentCheckingLauncherInterceptor.intercept(ClasspathAlignmentCheckingLauncherInterceptor.java:25)
	at org.junit.platform.launcher.core.InterceptingLauncher.execute(InterceptingLauncher.java:38)
	at org.junit.platform.launcher.core.DelegatingLauncher.execute(DelegatingLauncher.java:47)
	at org.apache.maven.surefire.junitplatform.LazyLauncher.execute(LazyLauncher.java:55)
	at org.apache.maven.surefire.junitplatform.JUnitPlatformProvider.execute(JUnitPlatformProvider.java:223)
	at org.apache.maven.surefire.junitplatform.JUnitPlatformProvider.invokeAllTests(JUnitPlatformProvider.java:175)
	at org.apache.maven.surefire.junitplatform.JUnitPlatformProvider.invoke(JUnitPlatformProvider.java:139)
	at org.apache.maven.surefire.booter.ForkedBooter.runSuitesInProcess(ForkedBooter.java:456)
	at org.apache.maven.surefire.booter.ForkedBooter.execute(ForkedBooter.java:169)
	at org.apache.maven.surefire.booter.ForkedBooter.run(ForkedBooter.java:595)
	at org.apache.maven.surefire.booter.ForkedBooter.main(ForkedBooter.java:581)

{"@timestamp":"2025-08-18T23:21:01.292185+05:30","@version":"1","message":"Failed to write driver location to Redis","logger_name":"com.swifteats.tracking.ingest.controller.TrackingController","thread_name":"main","level":"ERROR","stack_trace":"java.lang.NullPointerException: Cannot invoke \"org.springframework.data.redis.core.ValueOperations.set(Object, Object)\" because the return value of \"org.springframework.data.redis.core.StringRedisTemplate.opsForValue()\" is null\n\tat com.swifteats.tracking.ingest.controller.TrackingController.pushLocation(TrackingController.java:42)\n\tat java.base/jdk.internal.reflect.DirectMethodHandleAccessor.invoke(DirectMethodHandleAccessor.java:103)\n\tat java.base/java.lang.reflect.Method.invoke(Method.java:580)\n\tat org.springframework.web.method.support.InvocableHandlerMethod.doInvoke(InvocableHandlerMethod.java:258)\n\tat org.springframework.web.method.support.InvocableHandlerMethod.invokeForRequest(InvocableHandlerMethod.java:191)\n\tat org.springframework.web.servlet.mvc.method.annotation.ServletInvocableHandlerMethod.invokeAndHandle(ServletInvocableHandlerMethod.java:118)\n\tat org.springframework.web.servlet.mvc.method.annotation.RequestMappingHandlerAdapter.invokeHandlerMethod(RequestMappingHandlerAdapter.java:986)\n\tat org.springframework.web.servlet.mvc.method.annotation.RequestMappingHandlerAdapter.handleInternal(RequestMappingHandlerAdapter.java:891)\n\tat org.springframework.web.servlet.mvc.method.AbstractHandlerMethodAdapter.handle(AbstractHandlerMethodAdapter.java:87)\n\tat org.springframework.web.servlet.DispatcherServlet.doDispatch(DispatcherServlet.java:1089)\n\tat org.springframework.web.servlet.DispatcherServlet.doService(DispatcherServlet.java:979)\n\tat org.springframework.web.servlet.FrameworkServlet.processRequest(FrameworkServlet.java:1014)\n\tat org.springframework.web.servlet.FrameworkServlet.doPost(FrameworkServlet.java:914)\n\tat jakarta.servlet.http.HttpServlet.service(HttpServlet.java:590)\n\tat org.springframework.web.servlet.FrameworkServlet.service(FrameworkServlet.java:885)\n\tat org.springframework.test.web.servlet.TestDispatcherServlet.service(TestDispatcherServlet.java:72)\n\tat jakarta.servlet.http.HttpServlet.service(HttpServlet.java:658)\n\tat org.springframework.mock.web.MockFilterChain$ServletFilterProxy.doFilter(MockFilterChain.java:165)\n\tat org.springframework.mock.web.MockFilterChain.doFilter(MockFilterChain.java:132)\n\tat org.springframework.web.filter.RequestContextFilter.doFilterInternal(RequestContextFilter.java:100)\n\tat org.springframework.web.filter.OncePerRequestFilter.doFilter(OncePerRequestFilter.java:116)\n\tat org.springframework.test.web.servlet.setup.MockMvcFilterDecorator.doFilter(MockMvcFilterDecorator.java:162)\n\tat org.springframework.mock.web.MockFilterChain.doFilter(MockFilterChain.java:132)\n\tat org.springframework.web.filter.FormContentFilter.doFilterInternal(FormContentFilter.java:93)\n\tat org.springframework.web.filter.OncePerRequestFilter.doFilter(OncePerRequestFilter.java:116)\n\tat org.springframework.test.web.servlet.setup.MockMvcFilterDecorator.doFilter(MockMvcFilterDecorator.java:162)\n\tat org.springframework.mock.web.MockFilterChain.doFilter(MockFilterChain.java:132)\n\tat org.springframework.web.filter.CharacterEncodingFilter.doFilterInternal(CharacterEncodingFilter.java:201)\n\tat org.springframework.web.filter.OncePerRequestFilter.doFilter(OncePerRequestFilter.java:116)\n\tat org.springframework.test.web.servlet.setup.MockMvcFilterDecorator.doFilter(MockMvcFilterDecorator.java:162)\n\tat org.springframework.mock.web.MockFilterChain.doFilter(MockFilterChain.java:132)\n\tat org.springframework.test.web.servlet.MockMvc.perform(MockMvc.java:201)\n\tat com.swifteats.tracking.ingest.TrackingControllerTest.testPushLocationSuccess(TrackingControllerTest.java:43)\n\tat java.base/jdk.internal.reflect.DirectMethodHandleAccessor.invoke(DirectMethodHandleAccessor.java:103)\n\tat java.base/java.lang.reflect.Method.invoke(Method.java:580)\n\tat org.junit.platform.commons.util.ReflectionUtils.invokeMethod(ReflectionUtils.java:775)\n\tat org.junit.platform.commons.support.ReflectionSupport.invokeMethod(ReflectionSupport.java:479)\n\tat org.junit.jupiter.engine.execution.MethodInvocation.proceed(MethodInvocation.java:60)\n\tat org.junit.jupiter.engine.execution.InvocationInterceptorChain$ValidatingInvocation.proceed(InvocationInterceptorChain.java:131)\n\tat org.junit.jupiter.engine.extension.TimeoutExtension.intercept(TimeoutExtension.java:161)\n\tat org.junit.jupiter.engine.extension.TimeoutExtension.interceptTestableMethod(TimeoutExtension.java:152)\n\tat org.junit.jupiter.engine.extension.TimeoutExtension.interceptTestMethod(TimeoutExtension.java:91)\n\tat org.junit.jupiter.engine.execution.InterceptingExecutableInvoker$ReflectiveInterceptorCall.lambda$ofVoidMethod$0(InterceptingExecutableInvoker.java:112)\n\tat org.junit.jupiter.engine.execution.InterceptingExecutableInvoker.lambda$invoke$0(InterceptingExecutableInvoker.java:94)\n\tat org.junit.jupiter.engine.execution.InvocationInterceptorChain$InterceptedInvocation.proceed(InvocationInterceptorChain.java:106)\n\tat org.junit.jupiter.engine.execution.InvocationInterceptorChain.proceed(InvocationInterceptorChain.java:64)\n\tat org.junit.jupiter.engine.execution.InvocationInterceptorChain.chainAndInvoke(InvocationInterceptorChain.java:45)\n\tat org.junit.jupiter.engine.execution.InvocationInterceptorChain.invoke(InvocationInterceptorChain.java:37)\n\tat org.junit.jupiter.engine.execution.InterceptingExecutableInvoker.invoke(InterceptingExecutableInvoker.java:93)\n\tat org.junit.jupiter.engine.execution.InterceptingExecutableInvoker.invoke(InterceptingExecutableInvoker.java:87)\n\tat org.junit.jupiter.engine.descriptor.TestMethodTestDescriptor.lambda$invokeTestMethod$7(TestMethodTestDescriptor.java:216)\n\tat org.junit.platform.engine.support.hierarchical.ThrowableCollector.execute(ThrowableCollector.java:73)\n\tat org.junit.jupiter.engine.descriptor.TestMethodTestDescriptor.invokeTestMethod(TestMethodTestDescriptor.java:212)\n\tat org.junit.jupiter.engine.descriptor.TestMethodTestDescriptor.execute(TestMethodTestDescriptor.java:137)\n\tat org.junit.jupiter.engine.descriptor.TestMethodTestDescriptor.execute(TestMethodTestDescriptor.java:69)\n\tat org.junit.platform.engine.support.hierarchical.NodeTestTask.lambda$executeRecursively$6(NodeTestTask.java:156)\n\tat org.junit.platform.engine.support.hierarchical.ThrowableCollector.execute(ThrowableCollector.java:73)\n\tat org.junit.platform.engine.support.hierarchical.NodeTestTask.lambda$executeRecursively$8(NodeTestTask.java:146)\n\tat org.junit.platform.engine.support.hierarchical.Node.around(Node.java:137)\n\tat org.junit.platform.engine.support.hierarchical.NodeTestTask.lambda$executeRecursively$9(NodeTestTask.java:144)\n\tat org.junit.platform.engine.support.hierarchical.ThrowableCollector.execute(ThrowableCollector.java:73)\n\tat org.junit.platform.engine.support.hierarchical.NodeTestTask.executeRecursively(NodeTestTask.java:143)\n\tat org.junit.platform.engine.support.hierarchical.NodeTestTask.execute(NodeTestTask.java:100)\n\tat java.base/java.util.ArrayList.forEach(ArrayList.java:1596)\n\tat org.junit.platform.engine.support.hierarchical.SameThreadHierarchicalTestExecutorService.invokeAll(SameThreadHierarchicalTestExecutorService.java:41)\n\tat org.junit.platform.engine.support.hierarchical.NodeTestTask.lambda$executeRecursively$6(NodeTestTask.java:160)\n\tat org.junit.platform.engine.support.hierarchical.ThrowableCollector.execute(ThrowableCollector.java:73)\n\tat org.junit.platform.engine.support.hierarchical.NodeTestTask.lambda$executeRecursively$8(NodeTestTask.java:146)\n\tat org.junit.platform.engine.support.hierarchical.Node.around(Node.java:137)\n\tat org.junit.platform.engine.support.hierarchical.NodeTestTask.lambda$executeRecursively$9(NodeTestTask.java:144)\n\tat org.junit.platform.engine.support.hierarchical.ThrowableCollector.execute(ThrowableCollector.java:73)\n\tat org.junit.platform.engine.support.hierarchical.NodeTestTask.executeRecursively(NodeTestTask.java:143)\n\tat org.junit.platform.engine.support.hierarchical.NodeTestTask.execute(NodeTestTask.java:100)\n\tat java.base/java.util.ArrayList.forEach(ArrayList.java:1596)\n\tat org.junit.platform.engine.support.hierarchical.SameThreadHierarchicalTestExecutorService.invokeAll(SameThreadHierarchicalTestExecutorService.java:41)\n\tat org.junit.platform.engine.support.hierarchical.NodeTestTask.lambda$executeRecursively$6(NodeTestTask.java:160)\n\tat org.junit.platform.engine.support.hierarchical.ThrowableCollector.execute(ThrowableCollector.java:73)\n\tat org.junit.platform.engine.support.hierarchical.NodeTestTask.lambda$executeRecursively$8(NodeTestTask.java:146)\n\tat org.junit.platform.engine.support.hierarchical.Node.around(Node.java:137)\n\tat org.junit.platform.engine.support.hierarchical.NodeTestTask.lambda$executeRecursively$9(NodeTestTask.java:144)\n\tat org.junit.platform.engine.support.hierarchical.ThrowableCollector.execute(ThrowableCollector.java:73)\n\tat org.junit.platform.engine.support.hierarchical.NodeTestTask.executeRecursively(NodeTestTask.java:143)\n\tat org.junit.platform.engine.support.hierarchical.NodeTestTask.execute(NodeTestTask.java:100)\n\tat org.junit.platform.engine.support.hierarchical.SameThreadHierarchicalTestExecutorService.submit(SameThreadHierarchicalTestExecutorService.java:35)\n\tat org.junit.platform.engine.support.hierarchical.HierarchicalTestExecutor.execute(HierarchicalTestExecutor.java:57)\n\tat org.junit.platform.engine.support.hierarchical.HierarchicalTestEngine.execute(HierarchicalTestEngine.java:54)\n\tat org.junit.platform.launcher.core.EngineExecutionOrchestrator.execute(EngineExecutionOrchestrator.java:201)\n\tat org.junit.platform.launcher.core.EngineExecutionOrchestrator.execute(EngineExecutionOrchestrator.java:170)\n\tat org.junit.platform.launcher.core.EngineExecutionOrchestrator.execute(EngineExecutionOrchestrator.java:94)\n\tat org.junit.platform.launcher.core.EngineExecutionOrchestrator.lambda$execute$0(EngineExecutionOrchestrator.java:59)\n\tat org.junit.platform.launcher.core.EngineExecutionOrchestrator.withInterceptedStreams(EngineExecutionOrchestrator.java:142)\n\tat org.junit.platform.launcher.core.EngineExecutionOrchestrator.execute(EngineExecutionOrchestrator.java:58)\n\tat org.junit.platform.launcher.core.DefaultLauncher.execute(DefaultLauncher.java:103)\n\tat org.junit.platform.launcher.core.DefaultLauncher.execute(DefaultLauncher.java:85)\n\tat org.junit.platform.launcher.core.DelegatingLauncher.execute(DelegatingLauncher.java:47)\n\tat org.junit.platform.launcher.core.InterceptingLauncher.lambda$execute$1(InterceptingLauncher.java:39)\n\tat org.junit.platform.launcher.core.ClasspathAlignmentCheckingLauncherInterceptor.intercept(ClasspathAlignmentCheckingLauncherInterceptor.java:25)\n\tat org.junit.platform.launcher.core.InterceptingLauncher.execute(InterceptingLauncher.java:38)\n\tat org.junit.platform.launcher.core.DelegatingLauncher.execute(DelegatingLauncher.java:47)\n\tat org.apache.maven.surefire.junitplatform.LazyLauncher.execute(LazyLauncher.java:55)\n\tat org.apache.maven.surefire.junitplatform.JUnitPlatformProvider.execute(JUnitPlatformProvider.java:223)\n\tat org.apache.maven.surefire.junitplatform.JUnitPlatformProvider.invokeAllTests(JUnitPlatformProvider.java:175)\n\tat org.apache.maven.surefire.junitplatform.JUnitPlatformProvider.invoke(JUnitPlatformProvider.java:139)\n\tat org.apache.maven.surefire.booter.ForkedBooter.runSuitesInProcess(ForkedBooter.java:456)\n\tat org.apache.maven.surefire.booter.ForkedBooter.execute(ForkedBooter.java:169)\n\tat org.apache.maven.surefire.booter.ForkedBooter.run(ForkedBooter.java:595)\n\tat org.apache.maven.surefire.booter.ForkedBooter.main(ForkedBooter.java:581)\n"}
2025-08-18T23:21:01.294+05:30  INFO 12056 --- [tracking-ingest-service] [           main] c.s.t.i.controller.TrackingController    : Published driver location for driver-1 to exchange driver.location.v1
{"@timestamp":"2025-08-18T23:21:01.294796+05:30","@version":"1","message":"Published driver location for driver-1 to exchange driver.location.v1","logger_name":"com.swifteats.tracking.ingest.controller.TrackingController","thread_name":"main","level":"INFO"}
2025-08-18T23:21:01.303+05:30 ERROR 12056 --- [tracking-ingest-service] [           main] c.s.t.i.controller.TrackingController    : Failed to write driver location to Redis

java.lang.NullPointerException: Cannot invoke "org.springframework.data.redis.core.ValueOperations.set(Object, Object)" because the return value of "org.springframework.data.redis.core.StringRedisTemplate.opsForValue()" is null
	at com.swifteats.tracking.ingest.controller.TrackingController.pushLocation(TrackingController.java:42)
	at java.base/jdk.internal.reflect.DirectMethodHandleAccessor.invoke(DirectMethodHandleAccessor.java:103)
	at java.base/java.lang.reflect.Method.invoke(Method.java:580)
	at org.springframework.web.method.support.InvocableHandlerMethod.doInvoke(InvocableHandlerMethod.java:258)
	at org.springframework.web.method.support.InvocableHandlerMethod.invokeForRequest(InvocableHandlerMethod.java:191)
	at org.springframework.web.servlet.mvc.method.annotation.ServletInvocableHandlerMethod.invokeAndHandle(ServletInvocableHandlerMethod.java:118)
	at org.springframework.web.servlet.mvc.method.annotation.RequestMappingHandlerAdapter.invokeHandlerMethod(RequestMappingHandlerAdapter.java:986)
	at org.springframework.web.servlet.mvc.method.annotation.RequestMappingHandlerAdapter.handleInternal(RequestMappingHandlerAdapter.java:891)
	at org.springframework.web.servlet.mvc.method.AbstractHandlerMethodAdapter.handle(AbstractHandlerMethodAdapter.java:87)
	at org.springframework.web.servlet.DispatcherServlet.doDispatch(DispatcherServlet.java:1089)
	at org.springframework.web.servlet.DispatcherServlet.doService(DispatcherServlet.java:979)
	at org.springframework.web.servlet.FrameworkServlet.processRequest(FrameworkServlet.java:1014)
	at org.springframework.web.servlet.FrameworkServlet.doPost(FrameworkServlet.java:914)
	at jakarta.servlet.http.HttpServlet.service(HttpServlet.java:590)
	at org.springframework.web.servlet.FrameworkServlet.service(FrameworkServlet.java:885)
	at org.springframework.test.web.servlet.TestDispatcherServlet.service(TestDispatcherServlet.java:72)
	at jakarta.servlet.http.HttpServlet.service(HttpServlet.java:658)
	at org.springframework.mock.web.MockFilterChain$ServletFilterProxy.doFilter(MockFilterChain.java:165)
	at org.springframework.mock.web.MockFilterChain.doFilter(MockFilterChain.java:132)
	at org.springframework.web.filter.RequestContextFilter.doFilterInternal(RequestContextFilter.java:100)
	at org.springframework.web.filter.OncePerRequestFilter.doFilter(OncePerRequestFilter.java:116)
	at org.springframework.test.web.servlet.setup.MockMvcFilterDecorator.doFilter(MockMvcFilterDecorator.java:162)
	at org.springframework.mock.web.MockFilterChain.doFilter(MockFilterChain.java:132)
	at org.springframework.web.filter.FormContentFilter.doFilterInternal(FormContentFilter.java:93)
	at org.springframework.web.filter.OncePerRequestFilter.doFilter(OncePerRequestFilter.java:116)
	at org.springframework.test.web.servlet.setup.MockMvcFilterDecorator.doFilter(MockMvcFilterDecorator.java:162)
	at org.springframework.mock.web.MockFilterChain.doFilter(MockFilterChain.java:132)
	at org.springframework.web.filter.CharacterEncodingFilter.doFilterInternal(CharacterEncodingFilter.java:201)
	at org.springframework.web.filter.OncePerRequestFilter.doFilter(OncePerRequestFilter.java:116)
	at org.springframework.test.web.servlet.setup.MockMvcFilterDecorator.doFilter(MockMvcFilterDecorator.java:162)
	at org.springframework.mock.web.MockFilterChain.doFilter(MockFilterChain.java:132)
	at org.springframework.test.web.servlet.MockMvc.perform(MockMvc.java:201)
	at com.swifteats.tracking.ingest.TrackingControllerTest.testPushLocationFailure(TrackingControllerTest.java:55)
	at java.base/jdk.internal.reflect.DirectMethodHandleAccessor.invoke(DirectMethodHandleAccessor.java:103)
	at java.base/java.lang.reflect.Method.invoke(Method.java:580)
	at org.junit.platform.commons.util.ReflectionUtils.invokeMethod(ReflectionUtils.java:775)
	at org.junit.platform.commons.support.ReflectionSupport.invokeMethod(ReflectionSupport.java:479)
	at org.junit.jupiter.engine.execution.MethodInvocation.proceed(MethodInvocation.java:60)
	at org.junit.jupiter.engine.execution.InvocationInterceptorChain$ValidatingInvocation.proceed(InvocationInterceptorChain.java:131)
	at org.junit.jupiter.engine.extension.TimeoutExtension.intercept(TimeoutExtension.java:161)
	at org.junit.jupiter.engine.extension.TimeoutExtension.interceptTestableMethod(TimeoutExtension.java:152)
	at org.junit.jupiter.engine.extension.TimeoutExtension.interceptTestMethod(TimeoutExtension.java:91)
	at org.junit.jupiter.engine.execution.InterceptingExecutableInvoker$ReflectiveInterceptorCall.lambda$ofVoidMethod$0(InterceptingExecutableInvoker.java:112)
	at org.junit.jupiter.engine.execution.InterceptingExecutableInvoker.lambda$invoke$0(InterceptingExecutableInvoker.java:94)
	at org.junit.jupiter.engine.execution.InvocationInterceptorChain$InterceptedInvocation.proceed(InvocationInterceptorChain.java:106)
	at org.junit.jupiter.engine.execution.InvocationInterceptorChain.proceed(InvocationInterceptorChain.java:64)
	at org.junit.jupiter.engine.execution.InvocationInterceptorChain.chainAndInvoke(InvocationInterceptorChain.java:45)
	at org.junit.jupiter.engine.execution.InvocationInterceptorChain.invoke(InvocationInterceptorChain.java:37)
	at org.junit.jupiter.engine.execution.InterceptingExecutableInvoker.invoke(InterceptingExecutableInvoker.java:93)
	at org.junit.jupiter.engine.execution.InterceptingExecutableInvoker.invoke(InterceptingExecutableInvoker.java:87)
	at org.junit.jupiter.engine.descriptor.TestMethodTestDescriptor.lambda$invokeTestMethod$7(TestMethodTestDescriptor.java:216)
	at org.junit.platform.engine.support.hierarchical.ThrowableCollector.execute(ThrowableCollector.java:73)
	at org.junit.jupiter.engine.descriptor.TestMethodTestDescriptor.invokeTestMethod(TestMethodTestDescriptor.java:212)
	at org.junit.jupiter.engine.descriptor.TestMethodTestDescriptor.execute(TestMethodTestDescriptor.java:137)
	at org.junit.jupiter.engine.descriptor.TestMethodTestDescriptor.execute(TestMethodTestDescriptor.java:69)
	at org.junit.platform.engine.support.hierarchical.NodeTestTask.lambda$executeRecursively$6(NodeTestTask.java:156)
	at org.junit.platform.engine.support.hierarchical.ThrowableCollector.execute(ThrowableCollector.java:73)
	at org.junit.platform.engine.support.hierarchical.NodeTestTask.lambda$executeRecursively$8(NodeTestTask.java:146)
	at org.junit.platform.engine.support.hierarchical.Node.around(Node.java:137)
	at org.junit.platform.engine.support.hierarchical.NodeTestTask.lambda$executeRecursively$9(NodeTestTask.java:144)
	at org.junit.platform.engine.support.hierarchical.ThrowableCollector.execute(ThrowableCollector.java:73)
	at org.junit.platform.engine.support.hierarchical.NodeTestTask.executeRecursively(NodeTestTask.java:143)
	at org.junit.platform.engine.support.hierarchical.NodeTestTask.execute(NodeTestTask.java:100)
	at java.base/java.util.ArrayList.forEach(ArrayList.java:1596)
	at org.junit.platform.engine.support.hierarchical.SameThreadHierarchicalTestExecutorService.invokeAll(SameThreadHierarchicalTestExecutorService.java:41)
	at org.junit.platform.engine.support.hierarchical.NodeTestTask.lambda$executeRecursively$6(NodeTestTask.java:160)
	at org.junit.platform.engine.support.hierarchical.ThrowableCollector.execute(ThrowableCollector.java:73)
	at org.junit.platform.engine.support.hierarchical.NodeTestTask.lambda$executeRecursively$8(NodeTestTask.java:146)
	at org.junit.platform.engine.support.hierarchical.Node.around(Node.java:137)
	at org.junit.platform.engine.support.hierarchical.NodeTestTask.lambda$executeRecursively$9(NodeTestTask.java:144)
	at org.junit.platform.engine.support.hierarchical.ThrowableCollector.execute(ThrowableCollector.java:73)
	at org.junit.platform.engine.support.hierarchical.NodeTestTask.executeRecursively(NodeTestTask.java:143)
	at org.junit.platform.engine.support.hierarchical.NodeTestTask.execute(NodeTestTask.java:100)
	at java.base/java.util.ArrayList.forEach(ArrayList.java:1596)
	at org.junit.platform.engine.support.hierarchical.SameThreadHierarchicalTestExecutorService.invokeAll(SameThreadHierarchicalTestExecutorService.java:41)
	at org.junit.platform.engine.support.hierarchical.NodeTestTask.lambda$executeRecursively$6(NodeTestTask.java:160)
	at org.junit.platform.engine.support.hierarchical.ThrowableCollector.execute(ThrowableCollector.java:73)
	at org.junit.platform.engine.support.hierarchical.NodeTestTask.lambda$executeRecursively$8(NodeTestTask.java:146)
	at org.junit.platform.engine.support.hierarchical.Node.around(Node.java:137)
	at org.junit.platform.engine.support.hierarchical.NodeTestTask.lambda$executeRecursively$9(NodeTestTask.java:144)
	at org.junit.platform.engine.support.hierarchical.ThrowableCollector.execute(ThrowableCollector.java:73)
	at org.junit.platform.engine.support.hierarchical.NodeTestTask.executeRecursively(NodeTestTask.java:143)
	at org.junit.platform.engine.support.hierarchical.NodeTestTask.execute(NodeTestTask.java:100)
	at org.junit.platform.engine.support.hierarchical.SameThreadHierarchicalTestExecutorService.submit(SameThreadHierarchicalTestExecutorService.java:35)
	at org.junit.platform.engine.support.hierarchical.HierarchicalTestExecutor.execute(HierarchicalTestExecutor.java:57)
	at org.junit.platform.engine.support.hierarchical.HierarchicalTestEngine.execute(HierarchicalTestEngine.java:54)
	at org.junit.platform.launcher.core.EngineExecutionOrchestrator.execute(EngineExecutionOrchestrator.java:201)
	at org.junit.platform.launcher.core.EngineExecutionOrchestrator.execute(EngineExecutionOrchestrator.java:170)
	at org.junit.platform.launcher.core.EngineExecutionOrchestrator.execute(EngineExecutionOrchestrator.java:94)
	at org.junit.platform.launcher.core.EngineExecutionOrchestrator.lambda$execute$0(EngineExecutionOrchestrator.java:59)
	at org.junit.platform.launcher.core.EngineExecutionOrchestrator.withInterceptedStreams(EngineExecutionOrchestrator.java:142)
	at org.junit.platform.launcher.core.EngineExecutionOrchestrator.execute(EngineExecutionOrchestrator.java:58)
	at org.junit.platform.launcher.core.DefaultLauncher.execute(DefaultLauncher.java:103)
	at org.junit.platform.launcher.core.DefaultLauncher.execute(DefaultLauncher.java:85)
	at org.junit.platform.launcher.core.DelegatingLauncher.execute(DelegatingLauncher.java:47)
	at org.junit.platform.launcher.core.InterceptingLauncher.lambda$execute$1(InterceptingLauncher.java:39)
	at org.junit.platform.launcher.core.ClasspathAlignmentCheckingLauncherInterceptor.intercept(ClasspathAlignmentCheckingLauncherInterceptor.java:25)
	at org.junit.platform.launcher.core.InterceptingLauncher.execute(InterceptingLauncher.java:38)
	at org.junit.platform.launcher.core.DelegatingLauncher.execute(DelegatingLauncher.java:47)
	at org.apache.maven.surefire.junitplatform.LazyLauncher.execute(LazyLauncher.java:55)
	at org.apache.maven.surefire.junitplatform.JUnitPlatformProvider.execute(JUnitPlatformProvider.java:223)
	at org.apache.maven.surefire.junitplatform.JUnitPlatformProvider.invokeAllTests(JUnitPlatformProvider.java:175)
	at org.apache.maven.surefire.junitplatform.JUnitPlatformProvider.invoke(JUnitPlatformProvider.java:139)
	at org.apache.maven.surefire.booter.ForkedBooter.runSuitesInProcess(ForkedBooter.java:456)
	at org.apache.maven.surefire.booter.ForkedBooter.execute(ForkedBooter.java:169)
	at org.apache.maven.surefire.booter.ForkedBooter.run(ForkedBooter.java:595)
	at org.apache.maven.surefire.booter.ForkedBooter.main(ForkedBooter.java:581)

{"@timestamp":"2025-08-18T23:21:01.3034+05:30","@version":"1","message":"Failed to write driver location to Redis","logger_name":"com.swifteats.tracking.ingest.controller.TrackingController","thread_name":"main","level":"ERROR","stack_trace":"java.lang.NullPointerException: Cannot invoke \"org.springframework.data.redis.core.ValueOperations.set(Object, Object)\" because the return value of \"org.springframework.data.redis.core.StringRedisTemplate.opsForValue()\" is null\n\tat com.swifteats.tracking.ingest.controller.TrackingController.pushLocation(TrackingController.java:42)\n\tat java.base/jdk.internal.reflect.DirectMethodHandleAccessor.invoke(DirectMethodHandleAccessor.java:103)\n\tat java.base/java.lang.reflect.Method.invoke(Method.java:580)\n\tat org.springframework.web.method.support.InvocableHandlerMethod.doInvoke(InvocableHandlerMethod.java:258)\n\tat org.springframework.web.method.support.InvocableHandlerMethod.invokeForRequest(InvocableHandlerMethod.java:191)\n\tat org.springframework.web.servlet.mvc.method.annotation.ServletInvocableHandlerMethod.invokeAndHandle(ServletInvocableHandlerMethod.java:118)\n\tat org.springframework.web.servlet.mvc.method.annotation.RequestMappingHandlerAdapter.invokeHandlerMethod(RequestMappingHandlerAdapter.java:986)\n\tat org.springframework.web.servlet.mvc.method.annotation.RequestMappingHandlerAdapter.handleInternal(RequestMappingHandlerAdapter.java:891)\n\tat org.springframework.web.servlet.mvc.method.AbstractHandlerMethodAdapter.handle(AbstractHandlerMethodAdapter.java:87)\n\tat org.springframework.web.servlet.DispatcherServlet.doDispatch(DispatcherServlet.java:1089)\n\tat org.springframework.web.servlet.DispatcherServlet.doService(DispatcherServlet.java:979)\n\tat org.springframework.web.servlet.FrameworkServlet.processRequest(FrameworkServlet.java:1014)\n\tat org.springframework.web.servlet.FrameworkServlet.doPost(FrameworkServlet.java:914)\n\tat jakarta.servlet.http.HttpServlet.service(HttpServlet.java:590)\n\tat org.springframework.web.servlet.FrameworkServlet.service(FrameworkServlet.java:885)\n\tat org.springframework.test.web.servlet.TestDispatcherServlet.service(TestDispatcherServlet.java:72)\n\tat jakarta.servlet.http.HttpServlet.service(HttpServlet.java:658)\n\tat org.springframework.mock.web.MockFilterChain$ServletFilterProxy.doFilter(MockFilterChain.java:165)\n\tat org.springframework.mock.web.MockFilterChain.doFilter(MockFilterChain.java:132)\n\tat org.springframework.web.filter.RequestContextFilter.doFilterInternal(RequestContextFilter.java:100)\n\tat org.springframework.web.filter.OncePerRequestFilter.doFilter(OncePerRequestFilter.java:116)\n\tat org.springframework.test.web.servlet.setup.MockMvcFilterDecorator.doFilter(MockMvcFilterDecorator.java:162)\n\tat org.springframework.mock.web.MockFilterChain.doFilter(MockFilterChain.java:132)\n\tat org.springframework.web.filter.FormContentFilter.doFilterInternal(FormContentFilter.java:93)\n\tat org.springframework.web.filter.OncePerRequestFilter.doFilter(OncePerRequestFilter.java:116)\n\tat org.springframework.test.web.servlet.setup.MockMvcFilterDecorator.doFilter(MockMvcFilterDecorator.java:162)\n\tat org.springframework.mock.web.MockFilterChain.doFilter(MockFilterChain.java:132)\n\tat org.springframework.web.filter.CharacterEncodingFilter.doFilterInternal(CharacterEncodingFilter.java:201)\n\tat org.springframework.web.filter.OncePerRequestFilter.doFilter(OncePerRequestFilter.java:116)\n\tat org.springframework.test.web.servlet.setup.MockMvcFilterDecorator.doFilter(MockMvcFilterDecorator.java:162)\n\tat org.springframework.mock.web.MockFilterChain.doFilter(MockFilterChain.java:132)\n\tat org.springframework.test.web.servlet.MockMvc.perform(MockMvc.java:201)\n\tat com.swifteats.tracking.ingest.TrackingControllerTest.testPushLocationFailure(TrackingControllerTest.java:55)\n\tat java.base/jdk.internal.reflect.DirectMethodHandleAccessor.invoke(DirectMethodHandleAccessor.java:103)\n\tat java.base/java.lang.reflect.Method.invoke(Method.java:580)\n\tat org.junit.platform.commons.util.ReflectionUtils.invokeMethod(ReflectionUtils.java:775)\n\tat org.junit.platform.commons.support.ReflectionSupport.invokeMethod(ReflectionSupport.java:479)\n\tat org.junit.jupiter.engine.execution.MethodInvocation.proceed(MethodInvocation.java:60)\n\tat org.junit.jupiter.engine.execution.InvocationInterceptorChain$ValidatingInvocation.proceed(InvocationInterceptorChain.java:131)\n\tat org.junit.jupiter.engine.extension.TimeoutExtension.intercept(TimeoutExtension.java:161)\n\tat org.junit.jupiter.engine.extension.TimeoutExtension.interceptTestableMethod(TimeoutExtension.java:152)\n\tat org.junit.jupiter.engine.extension.TimeoutExtension.interceptTestMethod(TimeoutExtension.java:91)\n\tat org.junit.jupiter.engine.execution.InterceptingExecutableInvoker$ReflectiveInterceptorCall.lambda$ofVoidMethod$0(InterceptingExecutableInvoker.java:112)\n\tat org.junit.jupiter.engine.execution.InterceptingExecutableInvoker.lambda$invoke$0(InterceptingExecutableInvoker.java:94)\n\tat org.junit.jupiter.engine.execution.InvocationInterceptorChain$InterceptedInvocation.proceed(InvocationInterceptorChain.java:106)\n\tat org.junit.jupiter.engine.execution.InvocationInterceptorChain.proceed(InvocationInterceptorChain.java:64)\n\tat org.junit.jupiter.engine.execution.InvocationInterceptorChain.chainAndInvoke(InvocationInterceptorChain.java:45)\n\tat org.junit.jupiter.engine.execution.InvocationInterceptorChain.invoke(InvocationInterceptorChain.java:37)\n\tat org.junit.jupiter.engine.execution.InterceptingExecutableInvoker.invoke(InterceptingExecutableInvoker.java:93)\n\tat org.junit.jupiter.engine.execution.InterceptingExecutableInvoker.invoke(InterceptingExecutableInvoker.java:87)\n\tat org.junit.jupiter.engine.descriptor.TestMethodTestDescriptor.lambda$invokeTestMethod$7(TestMethodTestDescriptor.java:216)\n\tat org.junit.platform.engine.support.hierarchical.ThrowableCollector.execute(ThrowableCollector.java:73)\n\tat org.junit.jupiter.engine.descriptor.TestMethodTestDescriptor.invokeTestMethod(TestMethodTestDescriptor.java:212)\n\tat org.junit.jupiter.engine.descriptor.TestMethodTestDescriptor.execute(TestMethodTestDescriptor.java:137)\n\tat org.junit.jupiter.engine.descriptor.TestMethodTestDescriptor.execute(TestMethodTestDescriptor.java:69)\n\tat org.junit.platform.engine.support.hierarchical.NodeTestTask.lambda$executeRecursively$6(NodeTestTask.java:156)\n\tat org.junit.platform.engine.support.hierarchical.ThrowableCollector.execute(ThrowableCollector.java:73)\n\tat org.junit.platform.engine.support.hierarchical.NodeTestTask.lambda$executeRecursively$8(NodeTestTask.java:146)\n\tat org.junit.platform.engine.support.hierarchical.Node.around(Node.java:137)\n\tat org.junit.platform.engine.support.hierarchical.NodeTestTask.lambda$executeRecursively$9(NodeTestTask.java:144)\n\tat org.junit.platform.engine.support.hierarchical.ThrowableCollector.execute(ThrowableCollector.java:73)\n\tat org.junit.platform.engine.support.hierarchical.NodeTestTask.executeRecursively(NodeTestTask.java:143)\n\tat org.junit.platform.engine.support.hierarchical.NodeTestTask.execute(NodeTestTask.java:100)\n\tat java.base/java.util.ArrayList.forEach(ArrayList.java:1596)\n\tat org.junit.platform.engine.support.hierarchical.SameThreadHierarchicalTestExecutorService.invokeAll(SameThreadHierarchicalTestExecutorService.java:41)\n\tat org.junit.platform.engine.support.hierarchical.NodeTestTask.lambda$executeRecursively$6(NodeTestTask.java:160)\n\tat org.junit.platform.engine.support.hierarchical.ThrowableCollector.execute(ThrowableCollector.java:73)\n\tat org.junit.platform.engine.support.hierarchical.NodeTestTask.lambda$executeRecursively$8(NodeTestTask.java:146)\n\tat org.junit.platform.engine.support.hierarchical.Node.around(Node.java:137)\n\tat org.junit.platform.engine.support.hierarchical.NodeTestTask.lambda$executeRecursively$9(NodeTestTask.java:144)\n\tat org.junit.platform.engine.support.hierarchical.ThrowableCollector.execute(ThrowableCollector.java:73)\n\tat org.junit.platform.engine.support.hierarchical.NodeTestTask.executeRecursively(NodeTestTask.java:143)\n\tat org.junit.platform.engine.support.hierarchical.NodeTestTask.execute(NodeTestTask.java:100)\n\tat java.base/java.util.ArrayList.forEach(ArrayList.java:1596)\n\tat org.junit.platform.engine.support.hierarchical.SameThreadHierarchicalTestExecutorService.invokeAll(SameThreadHierarchicalTestExecutorService.java:41)\n\tat org.junit.platform.engine.support.hierarchical.NodeTestTask.lambda$executeRecursively$6(NodeTestTask.java:160)\n\tat org.junit.platform.engine.support.hierarchical.ThrowableCollector.execute(ThrowableCollector.java:73)\n\tat org.junit.platform.engine.support.hierarchical.NodeTestTask.lambda$executeRecursively$8(NodeTestTask.java:146)\n\tat org.junit.platform.engine.support.hierarchical.Node.around(Node.java:137)\n\tat org.junit.platform.engine.support.hierarchical.NodeTestTask.lambda$executeRecursively$9(NodeTestTask.java:144)\n\tat org.junit.platform.engine.support.hierarchical.ThrowableCollector.execute(ThrowableCollector.java:73)\n\tat org.junit.platform.engine.support.hierarchical.NodeTestTask.executeRecursively(NodeTestTask.java:143)\n\tat org.junit.platform.engine.support.hierarchical.NodeTestTask.execute(NodeTestTask.java:100)\n\tat org.junit.platform.engine.support.hierarchical.SameThreadHierarchicalTestExecutorService.submit(SameThreadHierarchicalTestExecutorService.java:35)\n\tat org.junit.platform.engine.support.hierarchical.HierarchicalTestExecutor.execute(HierarchicalTestExecutor.java:57)\n\tat org.junit.platform.engine.support.hierarchical.HierarchicalTestEngine.execute(HierarchicalTestEngine.java:54)\n\tat org.junit.platform.launcher.core.EngineExecutionOrchestrator.execute(EngineExecutionOrchestrator.java:201)\n\tat org.junit.platform.launcher.core.EngineExecutionOrchestrator.execute(EngineExecutionOrchestrator.java:170)\n\tat org.junit.platform.launcher.core.EngineExecutionOrchestrator.execute(EngineExecutionOrchestrator.java:94)\n\tat org.junit.platform.launcher.core.EngineExecutionOrchestrator.lambda$execute$0(EngineExecutionOrchestrator.java:59)\n\tat org.junit.platform.launcher.core.EngineExecutionOrchestrator.withInterceptedStreams(EngineExecutionOrchestrator.java:142)\n\tat org.junit.platform.launcher.core.EngineExecutionOrchestrator.execute(EngineExecutionOrchestrator.java:58)\n\tat org.junit.platform.launcher.core.DefaultLauncher.execute(DefaultLauncher.java:103)\n\tat org.junit.platform.launcher.core.DefaultLauncher.execute(DefaultLauncher.java:85)\n\tat org.junit.platform.launcher.core.DelegatingLauncher.execute(DelegatingLauncher.java:47)\n\tat org.junit.platform.launcher.core.InterceptingLauncher.lambda$execute$1(InterceptingLauncher.java:39)\n\tat org.junit.platform.launcher.core.ClasspathAlignmentCheckingLauncherInterceptor.intercept(ClasspathAlignmentCheckingLauncherInterceptor.java:25)\n\tat org.junit.platform.launcher.core.InterceptingLauncher.execute(InterceptingLauncher.java:38)\n\tat org.junit.platform.launcher.core.DelegatingLauncher.execute(DelegatingLauncher.java:47)\n\tat org.apache.maven.surefire.junitplatform.LazyLauncher.execute(LazyLauncher.java:55)\n\tat org.apache.maven.surefire.junitplatform.JUnitPlatformProvider.execute(JUnitPlatformProvider.java:223)\n\tat org.apache.maven.surefire.junitplatform.JUnitPlatformProvider.invokeAllTests(JUnitPlatformProvider.java:175)\n\tat org.apache.maven.surefire.junitplatform.JUnitPlatformProvider.invoke(JUnitPlatformProvider.java:139)\n\tat org.apache.maven.surefire.booter.ForkedBooter.runSuitesInProcess(ForkedBooter.java:456)\n\tat org.apache.maven.surefire.booter.ForkedBooter.execute(ForkedBooter.java:169)\n\tat org.apache.maven.surefire.booter.ForkedBooter.run(ForkedBooter.java:595)\n\tat org.apache.maven.surefire.booter.ForkedBooter.main(ForkedBooter.java:581)\n"}
2025-08-18T23:21:01.304+05:30  WARN 12056 --- [tracking-ingest-service] [           main] c.s.t.i.controller.TrackingController    : Failed to publish driver location to RabbitMQ, continuing — data written to Redis

java.lang.RuntimeException: amqp down
	at com.swifteats.tracking.ingest.controller.TrackingController.pushLocation(TrackingController.java:51)
	at java.base/jdk.internal.reflect.DirectMethodHandleAccessor.invoke(DirectMethodHandleAccessor.java:103)
	at java.base/java.lang.reflect.Method.invoke(Method.java:580)
	at org.springframework.web.method.support.InvocableHandlerMethod.doInvoke(InvocableHandlerMethod.java:258)
	at org.springframework.web.method.support.InvocableHandlerMethod.invokeForRequest(InvocableHandlerMethod.java:191)
	at org.springframework.web.servlet.mvc.method.annotation.ServletInvocableHandlerMethod.invokeAndHandle(ServletInvocableHandlerMethod.java:118)
	at org.springframework.web.servlet.mvc.method.annotation.RequestMappingHandlerAdapter.invokeHandlerMethod(RequestMappingHandlerAdapter.java:986)
	at org.springframework.web.servlet.mvc.method.annotation.RequestMappingHandlerAdapter.handleInternal(RequestMappingHandlerAdapter.java:891)
	at org.springframework.web.servlet.mvc.method.AbstractHandlerMethodAdapter.handle(AbstractHandlerMethodAdapter.java:87)
	at org.springframework.web.servlet.DispatcherServlet.doDispatch(DispatcherServlet.java:1089)
	at org.springframework.web.servlet.DispatcherServlet.doService(DispatcherServlet.java:979)
	at org.springframework.web.servlet.FrameworkServlet.processRequest(FrameworkServlet.java:1014)
	at org.springframework.web.servlet.FrameworkServlet.doPost(FrameworkServlet.java:914)
	at jakarta.servlet.http.HttpServlet.service(HttpServlet.java:590)
	at org.springframework.web.servlet.FrameworkServlet.service(FrameworkServlet.java:885)
	at org.springframework.test.web.servlet.TestDispatcherServlet.service(TestDispatcherServlet.java:72)
	at jakarta.servlet.http.HttpServlet.service(HttpServlet.java:658)
	at org.springframework.mock.web.MockFilterChain$ServletFilterProxy.doFilter(MockFilterChain.java:165)
	at org.springframework.mock.web.MockFilterChain.doFilter(MockFilterChain.java:132)
	at org.springframework.web.filter.RequestContextFilter.doFilterInternal(RequestContextFilter.java:100)
	at org.springframework.web.filter.OncePerRequestFilter.doFilter(OncePerRequestFilter.java:116)
	at org.springframework.test.web.servlet.setup.MockMvcFilterDecorator.doFilter(MockMvcFilterDecorator.java:162)
	at org.springframework.mock.web.MockFilterChain.doFilter(MockFilterChain.java:132)
	at org.springframework.web.filter.FormContentFilter.doFilterInternal(FormContentFilter.java:93)
	at org.springframework.web.filter.OncePerRequestFilter.doFilter(OncePerRequestFilter.java:116)
	at org.springframework.test.web.servlet.setup.MockMvcFilterDecorator.doFilter(MockMvcFilterDecorator.java:162)
	at org.springframework.mock.web.MockFilterChain.doFilter(MockFilterChain.java:132)
	at org.springframework.web.filter.CharacterEncodingFilter.doFilterInternal(CharacterEncodingFilter.java:201)
	at org.springframework.web.filter.OncePerRequestFilter.doFilter(OncePerRequestFilter.java:116)
	at org.springframework.test.web.servlet.setup.MockMvcFilterDecorator.doFilter(MockMvcFilterDecorator.java:162)
	at org.springframework.mock.web.MockFilterChain.doFilter(MockFilterChain.java:132)
	at org.springframework.test.web.servlet.MockMvc.perform(MockMvc.java:201)
	at com.swifteats.tracking.ingest.TrackingControllerTest.testPushLocationFailure(TrackingControllerTest.java:55)
	at java.base/jdk.internal.reflect.DirectMethodHandleAccessor.invoke(DirectMethodHandleAccessor.java:103)
	at java.base/java.lang.reflect.Method.invoke(Method.java:580)
	at org.junit.platform.commons.util.ReflectionUtils.invokeMethod(ReflectionUtils.java:775)
	at org.junit.platform.commons.support.ReflectionSupport.invokeMethod(ReflectionSupport.java:479)
	at org.junit.jupiter.engine.execution.MethodInvocation.proceed(MethodInvocation.java:60)
	at org.junit.jupiter.engine.execution.InvocationInterceptorChain$ValidatingInvocation.proceed(InvocationInterceptorChain.java:131)
	at org.junit.jupiter.engine.extension.TimeoutExtension.intercept(TimeoutExtension.java:161)
	at org.junit.jupiter.engine.extension.TimeoutExtension.interceptTestableMethod(TimeoutExtension.java:152)
	at org.junit.jupiter.engine.extension.TimeoutExtension.interceptTestMethod(TimeoutExtension.java:91)
	at org.junit.jupiter.engine.execution.InterceptingExecutableInvoker$ReflectiveInterceptorCall.lambda$ofVoidMethod$0(InterceptingExecutableInvoker.java:112)
	at org.junit.jupiter.engine.execution.InterceptingExecutableInvoker.lambda$invoke$0(InterceptingExecutableInvoker.java:94)
	at org.junit.jupiter.engine.execution.InvocationInterceptorChain$InterceptedInvocation.proceed(InvocationInterceptorChain.java:106)
	at org.junit.jupiter.engine.execution.InvocationInterceptorChain.proceed(InvocationInterceptorChain.java:64)
	at org.junit.jupiter.engine.execution.InvocationInterceptorChain.chainAndInvoke(InvocationInterceptorChain.java:45)
	at org.junit.jupiter.engine.execution.InvocationInterceptorChain.invoke(InvocationInterceptorChain.java:37)
	at org.junit.jupiter.engine.execution.InterceptingExecutableInvoker.invoke(InterceptingExecutableInvoker.java:93)
	at org.junit.jupiter.engine.execution.InterceptingExecutableInvoker.invoke(InterceptingExecutableInvoker.java:87)
	at org.junit.jupiter.engine.descriptor.TestMethodTestDescriptor.lambda$invokeTestMethod$7(TestMethodTestDescriptor.java:216)
	at org.junit.platform.engine.support.hierarchical.ThrowableCollector.execute(ThrowableCollector.java:73)
	at org.junit.jupiter.engine.descriptor.TestMethodTestDescriptor.invokeTestMethod(TestMethodTestDescriptor.java:212)
	at org.junit.jupiter.engine.descriptor.TestMethodTestDescriptor.execute(TestMethodTestDescriptor.java:137)
	at org.junit.jupiter.engine.descriptor.TestMethodTestDescriptor.execute(TestMethodTestDescriptor.java:69)
	at org.junit.platform.engine.support.hierarchical.NodeTestTask.lambda$executeRecursively$6(NodeTestTask.java:156)
	at org.junit.platform.engine.support.hierarchical.ThrowableCollector.execute(ThrowableCollector.java:73)
	at org.junit.platform.engine.support.hierarchical.NodeTestTask.lambda$executeRecursively$8(NodeTestTask.java:146)
	at org.junit.platform.engine.support.hierarchical.Node.around(Node.java:137)
	at org.junit.platform.engine.support.hierarchical.NodeTestTask.lambda$executeRecursively$9(NodeTestTask.java:144)
	at org.junit.platform.engine.support.hierarchical.ThrowableCollector.execute(ThrowableCollector.java:73)
	at org.junit.platform.engine.support.hierarchical.NodeTestTask.executeRecursively(NodeTestTask.java:143)
	at org.junit.platform.engine.support.hierarchical.NodeTestTask.execute(NodeTestTask.java:100)
	at java.base/java.util.ArrayList.forEach(ArrayList.java:1596)
	at org.junit.platform.engine.support.hierarchical.SameThreadHierarchicalTestExecutorService.invokeAll(SameThreadHierarchicalTestExecutorService.java:41)
	at org.junit.platform.engine.support.hierarchical.NodeTestTask.lambda$executeRecursively$6(NodeTestTask.java:160)
	at org.junit.platform.engine.support.hierarchical.ThrowableCollector.execute(ThrowableCollector.java:73)
	at org.junit.platform.engine.support.hierarchical.NodeTestTask.lambda$executeRecursively$8(NodeTestTask.java:146)
	at org.junit.platform.engine.support.hierarchical.Node.around(Node.java:137)
	at org.junit.platform.engine.support.hierarchical.NodeTestTask.lambda$executeRecursively$9(NodeTestTask.java:144)
	at org.junit.platform.engine.support.hierarchical.ThrowableCollector.execute(ThrowableCollector.java:73)
	at org.junit.platform.engine.support.hierarchical.NodeTestTask.executeRecursively(NodeTestTask.java:143)
	at org.junit.platform.engine.support.hierarchical.NodeTestTask.execute(NodeTestTask.java:100)
	at java.base/java.util.ArrayList.forEach(ArrayList.java:1596)
	at org.junit.platform.engine.support.hierarchical.SameThreadHierarchicalTestExecutorService.invokeAll(SameThreadHierarchicalTestExecutorService.java:41)
	at org.junit.platform.engine.support.hierarchical.NodeTestTask.lambda$executeRecursively$6(NodeTestTask.java:160)
	at org.junit.platform.engine.support.hierarchical.ThrowableCollector.execute(ThrowableCollector.java:73)
	at org.junit.platform.engine.support.hierarchical.NodeTestTask.lambda$executeRecursively$8(NodeTestTask.java:146)
	at org.junit.platform.engine.support.hierarchical.Node.around(Node.java:137)
	at org.junit.platform.engine.support.hierarchical.NodeTestTask.lambda$executeRecursively$9(NodeTestTask.java:144)
	at org.junit.platform.engine.support.hierarchical.ThrowableCollector.execute(ThrowableCollector.java:73)
	at org.junit.platform.engine.support.hierarchical.NodeTestTask.executeRecursively(NodeTestTask.java:143)
	at org.junit.platform.engine.support.hierarchical.NodeTestTask.execute(NodeTestTask.java:100)
	at org.junit.platform.engine.support.hierarchical.SameThreadHierarchicalTestExecutorService.submit(SameThreadHierarchicalTestExecutorService.java:35)
	at org.junit.platform.engine.support.hierarchical.HierarchicalTestExecutor.execute(HierarchicalTestExecutor.java:57)
	at org.junit.platform.engine.support.hierarchical.HierarchicalTestEngine.execute(HierarchicalTestEngine.java:54)
	at org.junit.platform.launcher.core.EngineExecutionOrchestrator.execute(EngineExecutionOrchestrator.java:201)
	at org.junit.platform.launcher.core.EngineExecutionOrchestrator.execute(EngineExecutionOrchestrator.java:170)
	at org.junit.platform.launcher.core.EngineExecutionOrchestrator.execute(EngineExecutionOrchestrator.java:94)
	at org.junit.platform.launcher.core.EngineExecutionOrchestrator.lambda$execute$0(EngineExecutionOrchestrator.java:59)
	at org.junit.platform.launcher.core.EngineExecutionOrchestrator.withInterceptedStreams(EngineExecutionOrchestrator.java:142)
	at org.junit.platform.launcher.core.EngineExecutionOrchestrator.execute(EngineExecutionOrchestrator.java:58)
	at org.junit.platform.launcher.core.DefaultLauncher.execute(DefaultLauncher.java:103)
	at org.junit.platform.launcher.core.DefaultLauncher.execute(DefaultLauncher.java:85)
	at org.junit.platform.launcher.core.DelegatingLauncher.execute(DelegatingLauncher.java:47)
	at org.junit.platform.launcher.core.InterceptingLauncher.lambda$execute$1(InterceptingLauncher.java:39)
	at org.junit.platform.launcher.core.ClasspathAlignmentCheckingLauncherInterceptor.intercept(ClasspathAlignmentCheckingLauncherInterceptor.java:25)
	at org.junit.platform.launcher.core.InterceptingLauncher.execute(InterceptingLauncher.java:38)
	at org.junit.platform.launcher.core.DelegatingLauncher.execute(DelegatingLauncher.java:47)
	at org.apache.maven.surefire.junitplatform.LazyLauncher.execute(LazyLauncher.java:55)
	at org.apache.maven.surefire.junitplatform.JUnitPlatformProvider.execute(JUnitPlatformProvider.java:223)
	at org.apache.maven.surefire.junitplatform.JUnitPlatformProvider.invokeAllTests(JUnitPlatformProvider.java:175)
	at org.apache.maven.surefire.junitplatform.JUnitPlatformProvider.invoke(JUnitPlatformProvider.java:139)
	at org.apache.maven.surefire.booter.ForkedBooter.runSuitesInProcess(ForkedBooter.java:456)
	at org.apache.maven.surefire.booter.ForkedBooter.execute(ForkedBooter.java:169)
	at org.apache.maven.surefire.booter.ForkedBooter.run(ForkedBooter.java:595)
	at org.apache.maven.surefire.booter.ForkedBooter.main(ForkedBooter.java:581)

{"@timestamp":"2025-08-18T23:21:01.304982+05:30","@version":"1","message":"Failed to publish driver location to RabbitMQ, continuing — data written to Redis","logger_name":"com.swifteats.tracking.ingest.controller.TrackingController","thread_name":"main","level":"WARN","stack_trace":"java.lang.RuntimeException: amqp down\n\tat com.swifteats.tracking.ingest.controller.TrackingController.pushLocation(TrackingController.java:51)\n\tat java.base/jdk.internal.reflect.DirectMethodHandleAccessor.invoke(DirectMethodHandleAccessor.java:103)\n\tat java.base/java.lang.reflect.Method.invoke(Method.java:580)\n\tat org.springframework.web.method.support.InvocableHandlerMethod.doInvoke(InvocableHandlerMethod.java:258)\n\tat org.springframework.web.method.support.InvocableHandlerMethod.invokeForRequest(InvocableHandlerMethod.java:191)\n\tat org.springframework.web.servlet.mvc.method.annotation.ServletInvocableHandlerMethod.invokeAndHandle(ServletInvocableHandlerMethod.java:118)\n\tat org.springframework.web.servlet.mvc.method.annotation.RequestMappingHandlerAdapter.invokeHandlerMethod(RequestMappingHandlerAdapter.java:986)\n\tat org.springframework.web.servlet.mvc.method.annotation.RequestMappingHandlerAdapter.handleInternal(RequestMappingHandlerAdapter.java:891)\n\tat org.springframework.web.servlet.mvc.method.AbstractHandlerMethodAdapter.handle(AbstractHandlerMethodAdapter.java:87)\n\tat org.springframework.web.servlet.DispatcherServlet.doDispatch(DispatcherServlet.java:1089)\n\tat org.springframework.web.servlet.DispatcherServlet.doService(DispatcherServlet.java:979)\n\tat org.springframework.web.servlet.FrameworkServlet.processRequest(FrameworkServlet.java:1014)\n\tat org.springframework.web.servlet.FrameworkServlet.doPost(FrameworkServlet.java:914)\n\tat jakarta.servlet.http.HttpServlet.service(HttpServlet.java:590)\n\tat org.springframework.web.servlet.FrameworkServlet.service(FrameworkServlet.java:885)\n\tat org.springframework.test.web.servlet.TestDispatcherServlet.service(TestDispatcherServlet.java:72)\n\tat jakarta.servlet.http.HttpServlet.service(HttpServlet.java:658)\n\tat org.springframework.mock.web.MockFilterChain$ServletFilterProxy.doFilter(MockFilterChain.java:165)\n\tat org.springframework.mock.web.MockFilterChain.doFilter(MockFilterChain.java:132)\n\tat org.springframework.web.filter.RequestContextFilter.doFilterInternal(RequestContextFilter.java:100)\n\tat org.springframework.web.filter.OncePerRequestFilter.doFilter(OncePerRequestFilter.java:116)\n\tat org.springframework.test.web.servlet.setup.MockMvcFilterDecorator.doFilter(MockMvcFilterDecorator.java:162)\n\tat org.springframework.mock.web.MockFilterChain.doFilter(MockFilterChain.java:132)\n\tat org.springframework.web.filter.FormContentFilter.doFilterInternal(FormContentFilter.java:93)\n\tat org.springframework.web.filter.OncePerRequestFilter.doFilter(OncePerRequestFilter.java:116)\n\tat org.springframework.test.web.servlet.setup.MockMvcFilterDecorator.doFilter(MockMvcFilterDecorator.java:162)\n\tat org.springframework.mock.web.MockFilterChain.doFilter(MockFilterChain.java:132)\n\tat org.springframework.web.filter.CharacterEncodingFilter.doFilterInternal(CharacterEncodingFilter.java:201)\n\tat org.springframework.web.filter.OncePerRequestFilter.doFilter(OncePerRequestFilter.java:116)\n\tat org.springframework.test.web.servlet.setup.MockMvcFilterDecorator.doFilter(MockMvcFilterDecorator.java:162)\n\tat org.springframework.mock.web.MockFilterChain.doFilter(MockFilterChain.java:132)\n\tat org.springframework.test.web.servlet.MockMvc.perform(MockMvc.java:201)\n\tat com.swifteats.tracking.ingest.TrackingControllerTest.testPushLocationFailure(TrackingControllerTest.java:55)\n\tat java.base/jdk.internal.reflect.DirectMethodHandleAccessor.invoke(DirectMethodHandleAccessor.java:103)\n\tat java.base/java.lang.reflect.Method.invoke(Method.java:580)\n\tat org.junit.platform.commons.util.ReflectionUtils.invokeMethod(ReflectionUtils.java:775)\n\tat org.junit.platform.commons.support.ReflectionSupport.invokeMethod(ReflectionSupport.java:479)\n\tat org.junit.jupiter.engine.execution.MethodInvocation.proceed(MethodInvocation.java:60)\n\tat org.junit.jupiter.engine.execution.InvocationInterceptorChain$ValidatingInvocation.proceed(InvocationInterceptorChain.java:131)\n\tat org.junit.jupiter.engine.extension.TimeoutExtension.intercept(TimeoutExtension.java:161)\n\tat org.junit.jupiter.engine.extension.TimeoutExtension.interceptTestableMethod(TimeoutExtension.java:152)\n\tat org.junit.jupiter.engine.extension.TimeoutExtension.interceptTestMethod(TimeoutExtension.java:91)\n\tat org.junit.jupiter.engine.execution.InterceptingExecutableInvoker$ReflectiveInterceptorCall.lambda$ofVoidMethod$0(InterceptingExecutableInvoker.java:112)\n\tat org.junit.jupiter.engine.execution.InterceptingExecutableInvoker.lambda$invoke$0(InterceptingExecutableInvoker.java:94)\n\tat org.junit.jupiter.engine.execution.InvocationInterceptorChain$InterceptedInvocation.proceed(InvocationInterceptorChain.java:106)\n\tat org.junit.jupiter.engine.execution.InvocationInterceptorChain.proceed(InvocationInterceptorChain.java:64)\n\tat org.junit.jupiter.engine.execution.InvocationInterceptorChain.chainAndInvoke(InvocationInterceptorChain.java:45)\n\tat org.junit.jupiter.engine.execution.InvocationInterceptorChain.invoke(InvocationInterceptorChain.java:37)\n\tat org.junit.jupiter.engine.execution.InterceptingExecutableInvoker.invoke(InterceptingExecutableInvoker.java:93)\n\tat org.junit.jupiter.engine.execution.InterceptingExecutableInvoker.invoke(InterceptingExecutableInvoker.java:87)\n\tat org.junit.jupiter.engine.descriptor.TestMethodTestDescriptor.lambda$invokeTestMethod$7(TestMethodTestDescriptor.java:216)\n\tat org.junit.platform.engine.support.hierarchical.ThrowableCollector.execute(ThrowableCollector.java:73)\n\tat org.junit.jupiter.engine.descriptor.TestMethodTestDescriptor.invokeTestMethod(TestMethodTestDescriptor.java:212)\n\tat org.junit.jupiter.engine.descriptor.TestMethodTestDescriptor.execute(TestMethodTestDescriptor.java:137)\n\tat org.junit.jupiter.engine.descriptor.TestMethodTestDescriptor.execute(TestMethodTestDescriptor.java:69)\n\tat org.junit.platform.engine.support.hierarchical.NodeTestTask.lambda$executeRecursively$6(NodeTestTask.java:156)\n\tat org.junit.platform.engine.support.hierarchical.ThrowableCollector.execute(ThrowableCollector.java:73)\n\tat org.junit.platform.engine.support.hierarchical.NodeTestTask.lambda$executeRecursively$8(NodeTestTask.java:146)\n\tat org.junit.platform.engine.support.hierarchical.Node.around(Node.java:137)\n\tat org.junit.platform.engine.support.hierarchical.NodeTestTask.lambda$executeRecursively$9(NodeTestTask.java:144)\n\tat org.junit.platform.engine.support.hierarchical.ThrowableCollector.execute(ThrowableCollector.java:73)\n\tat org.junit.platform.engine.support.hierarchical.NodeTestTask.executeRecursively(NodeTestTask.java:143)\n\tat org.junit.platform.engine.support.hierarchical.NodeTestTask.execute(NodeTestTask.java:100)\n\tat java.base/java.util.ArrayList.forEach(ArrayList.java:1596)\n\tat org.junit.platform.engine.support.hierarchical.SameThreadHierarchicalTestExecutorService.invokeAll(SameThreadHierarchicalTestExecutorService.java:41)\n\tat org.junit.platform.engine.support.hierarchical.NodeTestTask.lambda$executeRecursively$6(NodeTestTask.java:160)\n\tat org.junit.platform.engine.support.hierarchical.ThrowableCollector.execute(ThrowableCollector.java:73)\n\tat org.junit.platform.engine.support.hierarchical.NodeTestTask.lambda$executeRecursively$8(NodeTestTask.java:146)\n\tat org.junit.platform.engine.support.hierarchical.Node.around(Node.java:137)\n\tat org.junit.platform.engine.support.hierarchical.NodeTestTask.lambda$executeRecursively$9(NodeTestTask.java:144)\n\tat org.junit.platform.engine.support.hierarchical.ThrowableCollector.execute(ThrowableCollector.java:73)\n\tat org.junit.platform.engine.support.hierarchical.NodeTestTask.executeRecursively(NodeTestTask.java:143)\n\tat org.junit.platform.engine.support.hierarchical.NodeTestTask.execute(NodeTestTask.java:100)\n\tat java.base/java.util.ArrayList.forEach(ArrayList.java:1596)\n\tat org.junit.platform.engine.support.hierarchical.SameThreadHierarchicalTestExecutorService.invokeAll(SameThreadHierarchicalTestExecutorService.java:41)\n\tat org.junit.platform.engine.support.hierarchical.NodeTestTask.lambda$executeRecursively$6(NodeTestTask.java:160)\n\tat org.junit.platform.engine.support.hierarchical.ThrowableCollector.execute(ThrowableCollector.java:73)\n\tat org.junit.platform.engine.support.hierarchical.NodeTestTask.lambda$executeRecursively$8(NodeTestTask.java:146)\n\tat org.junit.platform.engine.support.hierarchical.Node.around(Node.java:137)\n\tat org.junit.platform.engine.support.hierarchical.NodeTestTask.lambda$executeRecursively$9(NodeTestTask.java:144)\n\tat org.junit.platform.engine.support.hierarchical.ThrowableCollector.execute(ThrowableCollector.java:73)\n\tat org.junit.platform.engine.support.hierarchical.NodeTestTask.executeRecursively(NodeTestTask.java:143)\n\tat org.junit.platform.engine.support.hierarchical.NodeTestTask.execute(NodeTestTask.java:100)\n\tat org.junit.platform.engine.support.hierarchical.SameThreadHierarchicalTestExecutorService.submit(SameThreadHierarchicalTestExecutorService.java:35)\n\tat org.junit.platform.engine.support.hierarchical.HierarchicalTestExecutor.execute(HierarchicalTestExecutor.java:57)\n\tat org.junit.platform.engine.support.hierarchical.HierarchicalTestEngine.execute(HierarchicalTestEngine.java:54)\n\tat org.junit.platform.launcher.core.EngineExecutionOrchestrator.execute(EngineExecutionOrchestrator.java:201)\n\tat org.junit.platform.launcher.core.EngineExecutionOrchestrator.execute(EngineExecutionOrchestrator.java:170)\n\tat org.junit.platform.launcher.core.EngineExecutionOrchestrator.execute(EngineExecutionOrchestrator.java:94)\n\tat org.junit.platform.launcher.core.EngineExecutionOrchestrator.lambda$execute$0(EngineExecutionOrchestrator.java:59)\n\tat org.junit.platform.launcher.core.EngineExecutionOrchestrator.withInterceptedStreams(EngineExecutionOrchestrator.java:142)\n\tat org.junit.platform.launcher.core.EngineExecutionOrchestrator.execute(EngineExecutionOrchestrator.java:58)\n\tat org.junit.platform.launcher.core.DefaultLauncher.execute(DefaultLauncher.java:103)\n\tat org.junit.platform.launcher.core.DefaultLauncher.execute(DefaultLauncher.java:85)\n\tat org.junit.platform.launcher.core.DelegatingLauncher.execute(DelegatingLauncher.java:47)\n\tat org.junit.platform.launcher.core.InterceptingLauncher.lambda$execute$1(InterceptingLauncher.java:39)\n\tat org.junit.platform.launcher.core.ClasspathAlignmentCheckingLauncherInterceptor.intercept(ClasspathAlignmentCheckingLauncherInterceptor.java:25)\n\tat org.junit.platform.launcher.core.InterceptingLauncher.execute(InterceptingLauncher.java:38)\n\tat org.junit.platform.launcher.core.DelegatingLauncher.execute(DelegatingLauncher.java:47)\n\tat org.apache.maven.surefire.junitplatform.LazyLauncher.execute(LazyLauncher.java:55)\n\tat org.apache.maven.surefire.junitplatform.JUnitPlatformProvider.execute(JUnitPlatformProvider.java:223)\n\tat org.apache.maven.surefire.junitplatform.JUnitPlatformProvider.invokeAllTests(JUnitPlatformProvider.java:175)\n\tat org.apache.maven.surefire.junitplatform.JUnitPlatformProvider.invoke(JUnitPlatformProvider.java:139)\n\tat org.apache.maven.surefire.booter.ForkedBooter.runSuitesInProcess(ForkedBooter.java:456)\n\tat org.apache.maven.surefire.booter.ForkedBooter.execute(ForkedBooter.java:169)\n\tat org.apache.maven.surefire.booter.ForkedBooter.run(ForkedBooter.java:595)\n\tat org.apache.maven.surefire.booter.ForkedBooter.main(ForkedBooter.java:581)\n"}
[[1;34mINFO[m] [1;32mTests run: [0;1;32m2[m, Failures: 0, Errors: 0, Skipped: 0, Time elapsed: 0.347 s - in com.swifteats.tracking.ingest.[1mTrackingControllerTest[m
[[1;34mINFO[m] Running com.swifteats.tracking.ingest.[1mMultiDriverHttpE2ETest[m
2025-08-18T23:21:01.310+05:30  INFO 12056 --- [tracking-ingest-service] [           main] tc.redis:7-alpine                        : Creating container for image: redis:7-alpine
{"@timestamp":"2025-08-18T23:21:01.310892+05:30","@version":"1","message":"Creating container for image: redis:7-alpine","logger_name":"tc.redis:7-alpine","thread_name":"main","level":"INFO"}
2025-08-18T23:21:01.358+05:30  INFO 12056 --- [tracking-ingest-service] [           main] tc.redis:7-alpine                        : Container redis:7-alpine is starting: 39e170fecdd95669066246131473c11480955c2833c7b23e5ed1be707146a06d
{"@timestamp":"2025-08-18T23:21:01.358001+05:30","@version":"1","message":"Container redis:7-alpine is starting: 39e170fecdd95669066246131473c11480955c2833c7b23e5ed1be707146a06d","logger_name":"tc.redis:7-alpine","thread_name":"main","level":"INFO"}
2025-08-18T23:21:01.504+05:30  INFO 12056 --- [tracking-ingest-service] [           main] tc.redis:7-alpine                        : Container redis:7-alpine started in PT0.193201S
{"@timestamp":"2025-08-18T23:21:01.504106+05:30","@version":"1","message":"Container redis:7-alpine started in PT0.193201S","logger_name":"tc.redis:7-alpine","thread_name":"main","level":"INFO"}
2025-08-18T23:21:01.508+05:30  INFO 12056 --- [tracking-ingest-service] [           main] .b.t.c.SpringBootTestContextBootstrapper : Found @SpringBootConfiguration com.swifteats.tracking.ingest.TrackingIngestApplication for test class com.swifteats.tracking.ingest.MultiDriverHttpE2ETest
{"@timestamp":"2025-08-18T23:21:01.508051+05:30","@version":"1","message":"Found @SpringBootConfiguration com.swifteats.tracking.ingest.TrackingIngestApplication for test class com.swifteats.tracking.ingest.MultiDriverHttpE2ETest","logger_name":"org.springframework.boot.test.context.SpringBootTestContextBootstrapper","thread_name":"main","level":"INFO"}

  .   ____          _            __ _ _
 /\\ / ___'_ __ _ _(_)_ __  __ _ \ \ \ \
( ( )\___ | '_ | '_| | '_ \/ _` | \ \ \ \
 \\/  ___)| |_)| | | | | || (_| |  ) ) ) )
  '  |____| .__|_| |_|_| |_\__, | / / / /
 =========|_|==============|___/=/_/_/_/

 :: Spring Boot ::                (v3.5.2)

2025-08-18T23:21:01.520+05:30  INFO 12056 --- [tracking-ingest-service] [           main] c.s.t.ingest.MultiDriverHttpE2ETest      : Starting MultiDriverHttpE2ETest using Java 21.0.3 with PID 12056 (started by deependraverma in /Users/deependraverma/Documents/Projects/AI/swifteats-delivery-service-new/tracking-ingest-service)
{"@timestamp":"2025-08-18T23:21:01.520719+05:30","@version":"1","message":"Starting MultiDriverHttpE2ETest using Java 21.0.3 with PID 12056 (started by deependraverma in /Users/deependraverma/Documents/Projects/AI/swifteats-delivery-service-new/tracking-ingest-service)","logger_name":"com.swifteats.tracking.ingest.MultiDriverHttpE2ETest","thread_name":"main","level":"INFO"}
2025-08-18T23:21:01.520+05:30  INFO 12056 --- [tracking-ingest-service] [           main] c.s.t.ingest.MultiDriverHttpE2ETest      : No active profile set, falling back to 1 default profile: "default"
{"@timestamp":"2025-08-18T23:21:01.520951+05:30","@version":"1","message":"No active profile set, falling back to 1 default profile: \"default\"","logger_name":"com.swifteats.tracking.ingest.MultiDriverHttpE2ETest","thread_name":"main","level":"INFO"}
2025-08-18T23:21:01.630+05:30  INFO 12056 --- [tracking-ingest-service] [           main] .s.d.r.c.RepositoryConfigurationDelegate : Multiple Spring Data modules found, entering strict repository configuration mode
{"@timestamp":"2025-08-18T23:21:01.630414+05:30","@version":"1","message":"Multiple Spring Data modules found, entering strict repository configuration mode","logger_name":"org.springframework.data.repository.config.RepositoryConfigurationDelegate","thread_name":"main","level":"INFO"}
2025-08-18T23:21:01.630+05:30  INFO 12056 --- [tracking-ingest-service] [           main] .s.d.r.c.RepositoryConfigurationDelegate : Bootstrapping Spring Data Redis repositories in DEFAULT mode.
{"@timestamp":"2025-08-18T23:21:01.630648+05:30","@version":"1","message":"Bootstrapping Spring Data Redis repositories in DEFAULT mode.","logger_name":"org.springframework.data.repository.config.RepositoryConfigurationDelegate","thread_name":"main","level":"INFO"}
2025-08-18T23:21:01.633+05:30  INFO 12056 --- [tracking-ingest-service] [           main] .s.d.r.c.RepositoryConfigurationDelegate : Finished Spring Data repository scanning in 1 ms. Found 0 Redis repository interfaces.
{"@timestamp":"2025-08-18T23:21:01.633189+05:30","@version":"1","message":"Finished Spring Data repository scanning in 1 ms. Found 0 Redis repository interfaces.","logger_name":"org.springframework.data.repository.config.RepositoryConfigurationDelegate","thread_name":"main","level":"INFO"}
2025-08-18T23:21:01.660+05:30  INFO 12056 --- [tracking-ingest-service] [           main] o.s.b.w.embedded.tomcat.TomcatWebServer  : Tomcat initialized with port 0 (http)
{"@timestamp":"2025-08-18T23:21:01.660116+05:30","@version":"1","message":"Tomcat initialized with port 0 (http)","logger_name":"org.springframework.boot.web.embedded.tomcat.TomcatWebServer","thread_name":"main","level":"INFO"}
2025-08-18T23:21:01.660+05:30  INFO 12056 --- [tracking-ingest-service] [           main] o.apache.catalina.core.StandardService   : Starting service [Tomcat]
{"@timestamp":"2025-08-18T23:21:01.660707+05:30","@version":"1","message":"Starting service [Tomcat]","logger_name":"org.apache.catalina.core.StandardService","thread_name":"main","level":"INFO"}
2025-08-18T23:21:01.660+05:30  INFO 12056 --- [tracking-ingest-service] [           main] o.apache.catalina.core.StandardEngine    : Starting Servlet engine: [Apache Tomcat/10.1.42]
{"@timestamp":"2025-08-18T23:21:01.660838+05:30","@version":"1","message":"Starting Servlet engine: [Apache Tomcat/10.1.42]","logger_name":"org.apache.catalina.core.StandardEngine","thread_name":"main","level":"INFO"}
2025-08-18T23:21:01.670+05:30  INFO 12056 --- [tracking-ingest-service] [           main] o.a.c.c.C.[Tomcat-1].[localhost].[/]     : Initializing Spring embedded WebApplicationContext
{"@timestamp":"2025-08-18T23:21:01.670775+05:30","@version":"1","message":"Initializing Spring embedded WebApplicationContext","logger_name":"org.apache.catalina.core.ContainerBase.[Tomcat-1].[localhost].[/]","thread_name":"main","level":"INFO"}
2025-08-18T23:21:01.671+05:30  INFO 12056 --- [tracking-ingest-service] [           main] w.s.c.ServletWebServerApplicationContext : Root WebApplicationContext: initialization completed in 150 ms
{"@timestamp":"2025-08-18T23:21:01.671056+05:30","@version":"1","message":"Root WebApplicationContext: initialization completed in 150 ms","logger_name":"org.springframework.boot.web.servlet.context.ServletWebServerApplicationContext","thread_name":"main","level":"INFO"}
2025-08-18T23:21:01.766+05:30  INFO 12056 --- [tracking-ingest-service] [           main] o.s.b.a.e.web.EndpointLinksResolver      : Exposing 2 endpoints beneath base path '/actuator'
{"@timestamp":"2025-08-18T23:21:01.766552+05:30","@version":"1","message":"Exposing 2 endpoints beneath base path '/actuator'","logger_name":"org.springframework.boot.actuate.endpoint.web.EndpointLinksResolver","thread_name":"main","level":"INFO"}
2025-08-18T23:21:01.774+05:30  INFO 12056 --- [tracking-ingest-service] [           main] o.s.b.w.embedded.tomcat.TomcatWebServer  : Tomcat started on port 60623 (http) with context path '/'
{"@timestamp":"2025-08-18T23:21:01.774642+05:30","@version":"1","message":"Tomcat started on port 60623 (http) with context path '/'","logger_name":"org.springframework.boot.web.embedded.tomcat.TomcatWebServer","thread_name":"main","level":"INFO"}
2025-08-18T23:21:01.778+05:30  INFO 12056 --- [tracking-ingest-service] [           main] c.s.t.ingest.MultiDriverHttpE2ETest      : Started MultiDriverHttpE2ETest in 0.268 seconds (process running for 5.434)
{"@timestamp":"2025-08-18T23:21:01.778543+05:30","@version":"1","message":"Started MultiDriverHttpE2ETest in 0.268 seconds (process running for 5.434)","logger_name":"com.swifteats.tracking.ingest.MultiDriverHttpE2ETest","thread_name":"main","level":"INFO"}
2025-08-18T23:21:01.789+05:30  INFO 12056 --- [tracking-ingest-service] [o-auto-2-exec-1] o.a.c.c.C.[Tomcat-1].[localhost].[/]     : Initializing Spring DispatcherServlet 'dispatcherServlet'
{"@timestamp":"2025-08-18T23:21:01.789384+05:30","@version":"1","message":"Initializing Spring DispatcherServlet 'dispatcherServlet'","logger_name":"org.apache.catalina.core.ContainerBase.[Tomcat-1].[localhost].[/]","thread_name":"http-nio-auto-2-exec-1","level":"INFO"}
2025-08-18T23:21:01.789+05:30  INFO 12056 --- [tracking-ingest-service] [o-auto-2-exec-1] o.s.web.servlet.DispatcherServlet        : Initializing Servlet 'dispatcherServlet'
{"@timestamp":"2025-08-18T23:21:01.789622+05:30","@version":"1","message":"Initializing Servlet 'dispatcherServlet'","logger_name":"org.springframework.web.servlet.DispatcherServlet","thread_name":"http-nio-auto-2-exec-1","level":"INFO"}
2025-08-18T23:21:01.790+05:30  INFO 12056 --- [tracking-ingest-service] [o-auto-2-exec-1] o.s.web.servlet.DispatcherServlet        : Completed initialization in 1 ms
{"@timestamp":"2025-08-18T23:21:01.790093+05:30","@version":"1","message":"Completed initialization in 1 ms","logger_name":"org.springframework.web.servlet.DispatcherServlet","thread_name":"http-nio-auto-2-exec-1","level":"INFO"}
2025-08-18T23:21:01.793+05:30  INFO 12056 --- [tracking-ingest-service] [o-auto-2-exec-1] c.s.t.i.controller.TrackingController    : Published driver location for driver-1 to exchange driver.location.v1
{"@timestamp":"2025-08-18T23:21:01.793206+05:30","@version":"1","message":"Published driver location for driver-1 to exchange driver.location.v1","logger_name":"com.swifteats.tracking.ingest.controller.TrackingController","thread_name":"http-nio-auto-2-exec-1","level":"INFO"}
2025-08-18T23:21:01.797+05:30  INFO 12056 --- [tracking-ingest-service] [o-auto-2-exec-2] c.s.t.i.controller.TrackingController    : Published driver location for driver-1 to exchange driver.location.v1
{"@timestamp":"2025-08-18T23:21:01.797773+05:30","@version":"1","message":"Published driver location for driver-1 to exchange driver.location.v1","logger_name":"com.swifteats.tracking.ingest.controller.TrackingController","thread_name":"http-nio-auto-2-exec-2","level":"INFO"}
2025-08-18T23:21:01.802+05:30  INFO 12056 --- [tracking-ingest-service] [o-auto-2-exec-3] c.s.t.i.controller.TrackingController    : Published driver location for driver-1 to exchange driver.location.v1
{"@timestamp":"2025-08-18T23:21:01.802498+05:30","@version":"1","message":"Published driver location for driver-1 to exchange driver.location.v1","logger_name":"com.swifteats.tracking.ingest.controller.TrackingController","thread_name":"http-nio-auto-2-exec-3","level":"INFO"}
2025-08-18T23:21:01.807+05:30  INFO 12056 --- [tracking-ingest-service] [o-auto-2-exec-4] c.s.t.i.controller.TrackingController    : Published driver location for driver-2 to exchange driver.location.v1
{"@timestamp":"2025-08-18T23:21:01.807105+05:30","@version":"1","message":"Published driver location for driver-2 to exchange driver.location.v1","logger_name":"com.swifteats.tracking.ingest.controller.TrackingController","thread_name":"http-nio-auto-2-exec-4","level":"INFO"}
2025-08-18T23:21:01.811+05:30  INFO 12056 --- [tracking-ingest-service] [o-auto-2-exec-5] c.s.t.i.controller.TrackingController    : Published driver location for driver-2 to exchange driver.location.v1
{"@timestamp":"2025-08-18T23:21:01.811939+05:30","@version":"1","message":"Published driver location for driver-2 to exchange driver.location.v1","logger_name":"com.swifteats.tracking.ingest.controller.TrackingController","thread_name":"http-nio-auto-2-exec-5","level":"INFO"}
2025-08-18T23:21:01.816+05:30  INFO 12056 --- [tracking-ingest-service] [o-auto-2-exec-6] c.s.t.i.controller.TrackingController    : Published driver location for driver-2 to exchange driver.location.v1
{"@timestamp":"2025-08-18T23:21:01.816622+05:30","@version":"1","message":"Published driver location for driver-2 to exchange driver.location.v1","logger_name":"com.swifteats.tracking.ingest.controller.TrackingController","thread_name":"http-nio-auto-2-exec-6","level":"INFO"}
2025-08-18T23:21:01.820+05:30  INFO 12056 --- [tracking-ingest-service] [o-auto-2-exec-7] c.s.t.i.controller.TrackingController    : Published driver location for driver-3 to exchange driver.location.v1
{"@timestamp":"2025-08-18T23:21:01.820958+05:30","@version":"1","message":"Published driver location for driver-3 to exchange driver.location.v1","logger_name":"com.swifteats.tracking.ingest.controller.TrackingController","thread_name":"http-nio-auto-2-exec-7","level":"INFO"}
2025-08-18T23:21:01.826+05:30  INFO 12056 --- [tracking-ingest-service] [o-auto-2-exec-8] c.s.t.i.controller.TrackingController    : Published driver location for driver-3 to exchange driver.location.v1
{"@timestamp":"2025-08-18T23:21:01.826924+05:30","@version":"1","message":"Published driver location for driver-3 to exchange driver.location.v1","logger_name":"com.swifteats.tracking.ingest.controller.TrackingController","thread_name":"http-nio-auto-2-exec-8","level":"INFO"}
2025-08-18T23:21:01.830+05:30  INFO 12056 --- [tracking-ingest-service] [o-auto-2-exec-9] c.s.t.i.controller.TrackingController    : Published driver location for driver-3 to exchange driver.location.v1
{"@timestamp":"2025-08-18T23:21:01.830633+05:30","@version":"1","message":"Published driver location for driver-3 to exchange driver.location.v1","logger_name":"com.swifteats.tracking.ingest.controller.TrackingController","thread_name":"http-nio-auto-2-exec-9","level":"INFO"}
2025-08-18T23:21:01.834+05:30  INFO 12056 --- [tracking-ingest-service] [-auto-2-exec-10] c.s.t.i.controller.TrackingController    : Published driver location for driver-4 to exchange driver.location.v1
{"@timestamp":"2025-08-18T23:21:01.834227+05:30","@version":"1","message":"Published driver location for driver-4 to exchange driver.location.v1","logger_name":"com.swifteats.tracking.ingest.controller.TrackingController","thread_name":"http-nio-auto-2-exec-10","level":"INFO"}
2025-08-18T23:21:01.837+05:30  INFO 12056 --- [tracking-ingest-service] [o-auto-2-exec-1] c.s.t.i.controller.TrackingController    : Published driver location for driver-4 to exchange driver.location.v1
{"@timestamp":"2025-08-18T23:21:01.837742+05:30","@version":"1","message":"Published driver location for driver-4 to exchange driver.location.v1","logger_name":"com.swifteats.tracking.ingest.controller.TrackingController","thread_name":"http-nio-auto-2-exec-1","level":"INFO"}
2025-08-18T23:21:01.841+05:30  INFO 12056 --- [tracking-ingest-service] [o-auto-2-exec-2] c.s.t.i.controller.TrackingController    : Published driver location for driver-4 to exchange driver.location.v1
{"@timestamp":"2025-08-18T23:21:01.841121+05:30","@version":"1","message":"Published driver location for driver-4 to exchange driver.location.v1","logger_name":"com.swifteats.tracking.ingest.controller.TrackingController","thread_name":"http-nio-auto-2-exec-2","level":"INFO"}
2025-08-18T23:21:01.844+05:30  INFO 12056 --- [tracking-ingest-service] [o-auto-2-exec-3] c.s.t.i.controller.TrackingController    : Published driver location for driver-5 to exchange driver.location.v1
{"@timestamp":"2025-08-18T23:21:01.844423+05:30","@version":"1","message":"Published driver location for driver-5 to exchange driver.location.v1","logger_name":"com.swifteats.tracking.ingest.controller.TrackingController","thread_name":"http-nio-auto-2-exec-3","level":"INFO"}
2025-08-18T23:21:01.847+05:30  INFO 12056 --- [tracking-ingest-service] [o-auto-2-exec-4] c.s.t.i.controller.TrackingController    : Published driver location for driver-5 to exchange driver.location.v1
{"@timestamp":"2025-08-18T23:21:01.847404+05:30","@version":"1","message":"Published driver location for driver-5 to exchange driver.location.v1","logger_name":"com.swifteats.tracking.ingest.controller.TrackingController","thread_name":"http-nio-auto-2-exec-4","level":"INFO"}
2025-08-18T23:21:01.850+05:30  INFO 12056 --- [tracking-ingest-service] [o-auto-2-exec-5] c.s.t.i.controller.TrackingController    : Published driver location for driver-5 to exchange driver.location.v1
{"@timestamp":"2025-08-18T23:21:01.850431+05:30","@version":"1","message":"Published driver location for driver-5 to exchange driver.location.v1","logger_name":"com.swifteats.tracking.ingest.controller.TrackingController","thread_name":"http-nio-auto-2-exec-5","level":"INFO"}
[[1;34mINFO[m] [1;32mTests run: [0;1;32m1[m, Failures: 0, Errors: 0, Skipped: 0, Time elapsed: 1.735 s - in com.swifteats.tracking.ingest.[1mMultiDriverHttpE2ETest[m
[[1;34mINFO[m] Running com.swifteats.tracking.ingest.[1mTrackingIngestIntegrationTest[m
2025-08-18T23:21:03.048+05:30  INFO 12056 --- [tracking-ingest-service] [           main] t.c.s.AnnotationConfigContextLoaderUtils : Could not detect default configuration classes for test class [com.swifteats.tracking.ingest.TrackingIngestIntegrationTest]: TrackingIngestIntegrationTest does not declare any static, non-private, non-final, nested classes annotated with @Configuration.
{"@timestamp":"2025-08-18T23:21:03.048765+05:30","@version":"1","message":"Could not detect default configuration classes for test class [com.swifteats.tracking.ingest.TrackingIngestIntegrationTest]: TrackingIngestIntegrationTest does not declare any static, non-private, non-final, nested classes annotated with @Configuration.","logger_name":"org.springframework.test.context.support.AnnotationConfigContextLoaderUtils","thread_name":"main","level":"INFO"}
2025-08-18T23:21:03.052+05:30  INFO 12056 --- [tracking-ingest-service] [           main] .b.t.c.SpringBootTestContextBootstrapper : Found @SpringBootConfiguration com.swifteats.tracking.ingest.TrackingIngestApplication for test class com.swifteats.tracking.ingest.TrackingIngestIntegrationTest
{"@timestamp":"2025-08-18T23:21:03.052043+05:30","@version":"1","message":"Found @SpringBootConfiguration com.swifteats.tracking.ingest.TrackingIngestApplication for test class com.swifteats.tracking.ingest.TrackingIngestIntegrationTest","logger_name":"org.springframework.boot.test.context.SpringBootTestContextBootstrapper","thread_name":"main","level":"INFO"}

  .   ____          _            __ _ _
 /\\ / ___'_ __ _ _(_)_ __  __ _ \ \ \ \
( ( )\___ | '_ | '_| | '_ \/ _` | \ \ \ \
 \\/  ___)| |_)| | | | | || (_| |  ) ) ) )
  '  |____| .__|_| |_|_| |_\__, | / / / /
 =========|_|==============|___/=/_/_/_/

 :: Spring Boot ::                (v3.5.2)

2025-08-18T23:21:03.065+05:30  INFO 12056 --- [tracking-ingest-service] [           main] c.s.t.i.TrackingIngestIntegrationTest    : Starting TrackingIngestIntegrationTest using Java 21.0.3 with PID 12056 (started by deependraverma in /Users/deependraverma/Documents/Projects/AI/swifteats-delivery-service-new/tracking-ingest-service)
{"@timestamp":"2025-08-18T23:21:03.065306+05:30","@version":"1","message":"Starting TrackingIngestIntegrationTest using Java 21.0.3 with PID 12056 (started by deependraverma in /Users/deependraverma/Documents/Projects/AI/swifteats-delivery-service-new/tracking-ingest-service)","logger_name":"com.swifteats.tracking.ingest.TrackingIngestIntegrationTest","thread_name":"main","level":"INFO"}
2025-08-18T23:21:03.065+05:30  INFO 12056 --- [tracking-ingest-service] [           main] c.s.t.i.TrackingIngestIntegrationTest    : No active profile set, falling back to 1 default profile: "default"
{"@timestamp":"2025-08-18T23:21:03.065634+05:30","@version":"1","message":"No active profile set, falling back to 1 default profile: \"default\"","logger_name":"com.swifteats.tracking.ingest.TrackingIngestIntegrationTest","thread_name":"main","level":"INFO"}
2025-08-18T23:21:03.187+05:30  INFO 12056 --- [tracking-ingest-service] [           main] .s.d.r.c.RepositoryConfigurationDelegate : Multiple Spring Data modules found, entering strict repository configuration mode
{"@timestamp":"2025-08-18T23:21:03.187636+05:30","@version":"1","message":"Multiple Spring Data modules found, entering strict repository configuration mode","logger_name":"org.springframework.data.repository.config.RepositoryConfigurationDelegate","thread_name":"main","level":"INFO"}
2025-08-18T23:21:03.188+05:30  INFO 12056 --- [tracking-ingest-service] [           main] .s.d.r.c.RepositoryConfigurationDelegate : Bootstrapping Spring Data Redis repositories in DEFAULT mode.
{"@timestamp":"2025-08-18T23:21:03.188061+05:30","@version":"1","message":"Bootstrapping Spring Data Redis repositories in DEFAULT mode.","logger_name":"org.springframework.data.repository.config.RepositoryConfigurationDelegate","thread_name":"main","level":"INFO"}
2025-08-18T23:21:03.190+05:30  INFO 12056 --- [tracking-ingest-service] [           main] .s.d.r.c.RepositoryConfigurationDelegate : Finished Spring Data repository scanning in 1 ms. Found 0 Redis repository interfaces.
{"@timestamp":"2025-08-18T23:21:03.190589+05:30","@version":"1","message":"Finished Spring Data repository scanning in 1 ms. Found 0 Redis repository interfaces.","logger_name":"org.springframework.data.repository.config.RepositoryConfigurationDelegate","thread_name":"main","level":"INFO"}
2025-08-18T23:21:03.208+05:30  INFO 12056 --- [tracking-ingest-service] [           main] o.s.b.w.embedded.tomcat.TomcatWebServer  : Tomcat initialized with port 0 (http)
{"@timestamp":"2025-08-18T23:21:03.208317+05:30","@version":"1","message":"Tomcat initialized with port 0 (http)","logger_name":"org.springframework.boot.web.embedded.tomcat.TomcatWebServer","thread_name":"main","level":"INFO"}
2025-08-18T23:21:03.208+05:30  INFO 12056 --- [tracking-ingest-service] [           main] o.apache.catalina.core.StandardService   : Starting service [Tomcat]
{"@timestamp":"2025-08-18T23:21:03.208927+05:30","@version":"1","message":"Starting service [Tomcat]","logger_name":"org.apache.catalina.core.StandardService","thread_name":"main","level":"INFO"}
2025-08-18T23:21:03.209+05:30  INFO 12056 --- [tracking-ingest-service] [           main] o.apache.catalina.core.StandardEngine    : Starting Servlet engine: [Apache Tomcat/10.1.42]
{"@timestamp":"2025-08-18T23:21:03.209043+05:30","@version":"1","message":"Starting Servlet engine: [Apache Tomcat/10.1.42]","logger_name":"org.apache.catalina.core.StandardEngine","thread_name":"main","level":"INFO"}
2025-08-18T23:21:03.215+05:30  INFO 12056 --- [tracking-ingest-service] [           main] o.a.c.c.C.[Tomcat-2].[localhost].[/]     : Initializing Spring embedded WebApplicationContext
{"@timestamp":"2025-08-18T23:21:03.215107+05:30","@version":"1","message":"Initializing Spring embedded WebApplicationContext","logger_name":"org.apache.catalina.core.ContainerBase.[Tomcat-2].[localhost].[/]","thread_name":"main","level":"INFO"}
2025-08-18T23:21:03.215+05:30  INFO 12056 --- [tracking-ingest-service] [           main] w.s.c.ServletWebServerApplicationContext : Root WebApplicationContext: initialization completed in 149 ms
{"@timestamp":"2025-08-18T23:21:03.215331+05:30","@version":"1","message":"Root WebApplicationContext: initialization completed in 149 ms","logger_name":"org.springframework.boot.web.servlet.context.ServletWebServerApplicationContext","thread_name":"main","level":"INFO"}
2025-08-18T23:21:03.258+05:30  INFO 12056 --- [tracking-ingest-service] [           main] o.s.b.a.e.web.EndpointLinksResolver      : Exposing 2 endpoints beneath base path '/actuator'
{"@timestamp":"2025-08-18T23:21:03.258888+05:30","@version":"1","message":"Exposing 2 endpoints beneath base path '/actuator'","logger_name":"org.springframework.boot.actuate.endpoint.web.EndpointLinksResolver","thread_name":"main","level":"INFO"}
2025-08-18T23:21:03.265+05:30  INFO 12056 --- [tracking-ingest-service] [           main] o.s.b.w.embedded.tomcat.TomcatWebServer  : Tomcat started on port 60626 (http) with context path '/'
{"@timestamp":"2025-08-18T23:21:03.265185+05:30","@version":"1","message":"Tomcat started on port 60626 (http) with context path '/'","logger_name":"org.springframework.boot.web.embedded.tomcat.TomcatWebServer","thread_name":"main","level":"INFO"}
2025-08-18T23:21:03.267+05:30  INFO 12056 --- [tracking-ingest-service] [           main] c.s.t.i.TrackingIngestIntegrationTest    : Started TrackingIngestIntegrationTest in 0.213 seconds (process running for 6.923)
{"@timestamp":"2025-08-18T23:21:03.267728+05:30","@version":"1","message":"Started TrackingIngestIntegrationTest in 0.213 seconds (process running for 6.923)","logger_name":"com.swifteats.tracking.ingest.TrackingIngestIntegrationTest","thread_name":"main","level":"INFO"}
2025-08-18T23:21:03.292+05:30  INFO 12056 --- [tracking-ingest-service] [o-auto-3-exec-1] o.a.c.c.C.[Tomcat-2].[localhost].[/]     : Initializing Spring DispatcherServlet 'dispatcherServlet'
{"@timestamp":"2025-08-18T23:21:03.292005+05:30","@version":"1","message":"Initializing Spring DispatcherServlet 'dispatcherServlet'","logger_name":"org.apache.catalina.core.ContainerBase.[Tomcat-2].[localhost].[/]","thread_name":"http-nio-auto-3-exec-1","level":"INFO"}
2025-08-18T23:21:03.292+05:30  INFO 12056 --- [tracking-ingest-service] [o-auto-3-exec-1] o.s.web.servlet.DispatcherServlet        : Initializing Servlet 'dispatcherServlet'
{"@timestamp":"2025-08-18T23:21:03.292279+05:30","@version":"1","message":"Initializing Servlet 'dispatcherServlet'","logger_name":"org.springframework.web.servlet.DispatcherServlet","thread_name":"http-nio-auto-3-exec-1","level":"INFO"}
2025-08-18T23:21:03.292+05:30  INFO 12056 --- [tracking-ingest-service] [o-auto-3-exec-1] o.s.web.servlet.DispatcherServlet        : Completed initialization in 0 ms
{"@timestamp":"2025-08-18T23:21:03.292729+05:30","@version":"1","message":"Completed initialization in 0 ms","logger_name":"org.springframework.web.servlet.DispatcherServlet","thread_name":"http-nio-auto-3-exec-1","level":"INFO"}
2025-08-18T23:21:03.299+05:30  INFO 12056 --- [tracking-ingest-service] [o-auto-3-exec-1] c.s.t.i.controller.TrackingController    : Published driver location for driver-1 to exchange driver.location.v1
{"@timestamp":"2025-08-18T23:21:03.299812+05:30","@version":"1","message":"Published driver location for driver-1 to exchange driver.location.v1","logger_name":"com.swifteats.tracking.ingest.controller.TrackingController","thread_name":"http-nio-auto-3-exec-1","level":"INFO"}
[[1;34mINFO[m] [1;32mTests run: [0;1;32m1[m, Failures: 0, Errors: 0, Skipped: 0, Time elapsed: 0.264 s - in com.swifteats.tracking.ingest.[1mTrackingIngestIntegrationTest[m
2025-08-18T23:21:03.317+05:30  INFO 12056 --- [tracking-ingest-service] [ionShutdownHook] o.s.b.w.e.tomcat.GracefulShutdown        : Commencing graceful shutdown. Waiting for active requests to complete
{"@timestamp":"2025-08-18T23:21:03.317522+05:30","@version":"1","message":"Commencing graceful shutdown. Waiting for active requests to complete","logger_name":"org.springframework.boot.web.embedded.tomcat.GracefulShutdown","thread_name":"SpringApplicationShutdownHook","level":"INFO"}
2025-08-18T23:21:03.318+05:30  INFO 12056 --- [tracking-ingest-service] [tomcat-shutdown] o.s.b.w.e.tomcat.GracefulShutdown        : Graceful shutdown complete
{"@timestamp":"2025-08-18T23:21:03.318886+05:30","@version":"1","message":"Graceful shutdown complete","logger_name":"org.springframework.boot.web.embedded.tomcat.GracefulShutdown","thread_name":"tomcat-shutdown","level":"INFO"}
2025-08-18T23:21:03.327+05:30  INFO 12056 --- [tracking-ingest-service] [ionShutdownHook] o.s.b.w.e.tomcat.GracefulShutdown        : Commencing graceful shutdown. Waiting for active requests to complete
{"@timestamp":"2025-08-18T23:21:03.327792+05:30","@version":"1","message":"Commencing graceful shutdown. Waiting for active requests to complete","logger_name":"org.springframework.boot.web.embedded.tomcat.GracefulShutdown","thread_name":"SpringApplicationShutdownHook","level":"INFO"}
[[1;31mERROR[m] Surefire is going to kill self fork JVM. The exit has elapsed 30 seconds after System.exit(0).
[[1;34mINFO[m] 
[[1;34mINFO[m] Results:
[[1;34mINFO[m] 
[[1;34mINFO[m] [1;32mTests run: 5, Failures: 0, Errors: 0, Skipped: 0[m
[[1;34mINFO[m] 
[[1;34mINFO[m] 
[[1;34mINFO[m] [1m----------------< [0;36mcom.swifteats:tracking-query-service[0;1m >----------------[m
[[1;34mINFO[m] [1mBuilding tracking-query-service 0.1.0-SNAPSHOT                     [8/9][m
[[1;34mINFO[m] [1m--------------------------------[ jar ]---------------------------------[m
[[1;34mINFO[m] 
[[1;34mINFO[m] [1m--- [0;32mmaven-resources-plugin:2.6:resources[m [1m(default-resources)[m @ [36mtracking-query-service[0;1m ---[m
[[1;34mINFO[m] Using 'UTF-8' encoding to copy filtered resources.
[[1;34mINFO[m] Copying 1 resource
[[1;34mINFO[m] 
[[1;34mINFO[m] [1m--- [0;32mmaven-compiler-plugin:3.10.1:compile[m [1m(default-compile)[m @ [36mtracking-query-service[0;1m ---[m
[[1;34mINFO[m] Changes detected - recompiling the module!
[[1;34mINFO[m] Compiling 7 source files to /Users/deependraverma/Documents/Projects/AI/swifteats-delivery-service-new/tracking-query-service/target/classes
[[1;34mINFO[m] 
[[1;34mINFO[m] [1m--- [0;32mmaven-resources-plugin:2.6:testResources[m [1m(default-testResources)[m @ [36mtracking-query-service[0;1m ---[m
[[1;34mINFO[m] Using 'UTF-8' encoding to copy filtered resources.
[[1;34mINFO[m] skip non existing resourceDirectory /Users/deependraverma/Documents/Projects/AI/swifteats-delivery-service-new/tracking-query-service/src/test/resources
[[1;34mINFO[m] 
[[1;34mINFO[m] [1m--- [0;32mmaven-compiler-plugin:3.10.1:testCompile[m [1m(default-testCompile)[m @ [36mtracking-query-service[0;1m ---[m
[[1;34mINFO[m] Changes detected - recompiling the module!
[[1;34mINFO[m] Compiling 2 source files to /Users/deependraverma/Documents/Projects/AI/swifteats-delivery-service-new/tracking-query-service/target/test-classes
[[1;34mINFO[m] /Users/deependraverma/Documents/Projects/AI/swifteats-delivery-service-new/tracking-query-service/src/test/java/com/swifteats/tracking/query/TrackingQuerySseControllerTest.java: /Users/deependraverma/Documents/Projects/AI/swifteats-delivery-service-new/tracking-query-service/src/test/java/com/swifteats/tracking/query/TrackingQuerySseControllerTest.java uses or overrides a deprecated API that is marked for removal.
[[1;34mINFO[m] /Users/deependraverma/Documents/Projects/AI/swifteats-delivery-service-new/tracking-query-service/src/test/java/com/swifteats/tracking/query/TrackingQuerySseControllerTest.java: Recompile with -Xlint:removal for details.
[[1;34mINFO[m] 
[[1;34mINFO[m] [1m--- [0;32mmaven-surefire-plugin:3.0.0-M7:test[m [1m(default-test)[m @ [36mtracking-query-service[0;1m ---[m
[[1;34mINFO[m] Using auto detected provider org.apache.maven.surefire.junitplatform.JUnitPlatformProvider
[[1;34mINFO[m] 
[[1;34mINFO[m] -------------------------------------------------------
[[1;34mINFO[m]  T E S T S
[[1;34mINFO[m] -------------------------------------------------------
[[1;34mINFO[m] Running com.swifteats.tracking.query.[1mTrackingQuerySseControllerTest[m
23:21:34.379 [main] INFO org.springframework.test.context.support.AnnotationConfigContextLoaderUtils -- Could not detect default configuration classes for test class [com.swifteats.tracking.query.TrackingQuerySseControllerTest]: TrackingQuerySseControllerTest does not declare any static, non-private, non-final, nested classes annotated with @Configuration.
23:21:34.432 [main] INFO org.springframework.boot.test.context.SpringBootTestContextBootstrapper -- Found @SpringBootConfiguration com.swifteats.tracking.query.TrackingQueryApplication for test class com.swifteats.tracking.query.TrackingQuerySseControllerTest

  .   ____          _            __ _ _
 /\\ / ___'_ __ _ _(_)_ __  __ _ \ \ \ \
( ( )\___ | '_ | '_| | '_ \/ _` | \ \ \ \
 \\/  ___)| |_)| | | | | || (_| |  ) ) ) )
  '  |____| .__|_| |_|_| |_\__, | / / / /
 =========|_|==============|___/=/_/_/_/

 :: Spring Boot ::                (v3.5.2)

2025-08-18T23:21:34.695+05:30  INFO 12113 --- [tracking-query-service] [           main] c.s.t.q.TrackingQuerySseControllerTest   : Starting TrackingQuerySseControllerTest using Java 21.0.3 with PID 12113 (started by deependraverma in /Users/deependraverma/Documents/Projects/AI/swifteats-delivery-service-new/tracking-query-service)
{"@timestamp":"2025-08-18T23:21:34.695859+05:30","@version":"1","message":"Starting TrackingQuerySseControllerTest using Java 21.0.3 with PID 12113 (started by deependraverma in /Users/deependraverma/Documents/Projects/AI/swifteats-delivery-service-new/tracking-query-service)","logger_name":"com.swifteats.tracking.query.TrackingQuerySseControllerTest","thread_name":"main","level":"INFO"}
2025-08-18T23:21:34.699+05:30  INFO 12113 --- [tracking-query-service] [           main] c.s.t.q.TrackingQuerySseControllerTest   : No active profile set, falling back to 1 default profile: "default"
{"@timestamp":"2025-08-18T23:21:34.699584+05:30","@version":"1","message":"No active profile set, falling back to 1 default profile: \"default\"","logger_name":"com.swifteats.tracking.query.TrackingQuerySseControllerTest","thread_name":"main","level":"INFO"}
2025-08-18T23:21:35.525+05:30  INFO 12113 --- [tracking-query-service] [           main] o.s.b.t.m.w.SpringBootMockServletContext : Initializing Spring TestDispatcherServlet ''
{"@timestamp":"2025-08-18T23:21:35.525855+05:30","@version":"1","message":"Initializing Spring TestDispatcherServlet ''","logger_name":"org.springframework.boot.test.mock.web.SpringBootMockServletContext","thread_name":"main","level":"INFO"}
2025-08-18T23:21:35.526+05:30  INFO 12113 --- [tracking-query-service] [           main] o.s.t.web.servlet.TestDispatcherServlet  : Initializing Servlet ''
{"@timestamp":"2025-08-18T23:21:35.526233+05:30","@version":"1","message":"Initializing Servlet ''","logger_name":"org.springframework.test.web.servlet.TestDispatcherServlet","thread_name":"main","level":"INFO"}
2025-08-18T23:21:35.526+05:30  INFO 12113 --- [tracking-query-service] [           main] o.s.t.web.servlet.TestDispatcherServlet  : Completed initialization in 0 ms
{"@timestamp":"2025-08-18T23:21:35.526818+05:30","@version":"1","message":"Completed initialization in 0 ms","logger_name":"org.springframework.test.web.servlet.TestDispatcherServlet","thread_name":"main","level":"INFO"}
2025-08-18T23:21:35.569+05:30  INFO 12113 --- [tracking-query-service] [           main] c.s.t.q.TrackingQuerySseControllerTest   : Started TrackingQuerySseControllerTest in 1.11 seconds (process running for 1.475)
{"@timestamp":"2025-08-18T23:21:35.56924+05:30","@version":"1","message":"Started TrackingQuerySseControllerTest in 1.11 seconds (process running for 1.475)","logger_name":"com.swifteats.tracking.query.TrackingQuerySseControllerTest","thread_name":"main","level":"INFO"}
[[1;34mINFO[m] [1;32mTests run: [0;1;32m1[m, Failures: 0, Errors: 0, Skipped: 0, Time elapsed: 1.294 s - in com.swifteats.tracking.query.[1mTrackingQuerySseControllerTest[m
[[1;34mINFO[m] Running com.swifteats.tracking.query.[1mTrackingQueryIntegrationTest[m
2025-08-18T23:21:35.636+05:30  INFO 12113 --- [tracking-query-service] [           main] o.t.utility.ImageNameSubstitutor         : Image name substitution will be performed by: DefaultImageNameSubstitutor (composite of 'ConfigurationFileImageNameSubstitutor' and 'PrefixingImageNameSubstitutor')
{"@timestamp":"2025-08-18T23:21:35.636898+05:30","@version":"1","message":"Image name substitution will be performed by: DefaultImageNameSubstitutor (composite of 'ConfigurationFileImageNameSubstitutor' and 'PrefixingImageNameSubstitutor')","logger_name":"org.testcontainers.utility.ImageNameSubstitutor","thread_name":"main","level":"INFO"}
2025-08-18T23:21:35.703+05:30  INFO 12113 --- [tracking-query-service] [           main] o.t.d.DockerClientProviderStrategy       : Loaded org.testcontainers.dockerclient.UnixSocketClientProviderStrategy from ~/.testcontainers.properties, will try it first
{"@timestamp":"2025-08-18T23:21:35.703473+05:30","@version":"1","message":"Loaded org.testcontainers.dockerclient.UnixSocketClientProviderStrategy from ~/.testcontainers.properties, will try it first","logger_name":"org.testcontainers.dockerclient.DockerClientProviderStrategy","thread_name":"main","level":"INFO"}
2025-08-18T23:21:35.816+05:30  INFO 12113 --- [tracking-query-service] [           main] o.t.d.DockerClientProviderStrategy       : Found Docker environment with local Unix socket (unix:///var/run/docker.sock)
{"@timestamp":"2025-08-18T23:21:35.816162+05:30","@version":"1","message":"Found Docker environment with local Unix socket (unix:///var/run/docker.sock)","logger_name":"org.testcontainers.dockerclient.DockerClientProviderStrategy","thread_name":"main","level":"INFO"}
2025-08-18T23:21:35.816+05:30  INFO 12113 --- [tracking-query-service] [           main] org.testcontainers.DockerClientFactory   : Docker host IP address is localhost
{"@timestamp":"2025-08-18T23:21:35.816862+05:30","@version":"1","message":"Docker host IP address is localhost","logger_name":"org.testcontainers.DockerClientFactory","thread_name":"main","level":"INFO"}
2025-08-18T23:21:35.829+05:30  INFO 12113 --- [tracking-query-service] [           main] org.testcontainers.DockerClientFactory   : Connected to docker: 
  Server Version: 28.3.2
  API Version: 1.51
  Operating System: Docker Desktop
  Total Memory: 7837 MB
{"@timestamp":"2025-08-18T23:21:35.829842+05:30","@version":"1","message":"Connected to docker: \n  Server Version: 28.3.2\n  API Version: 1.51\n  Operating System: Docker Desktop\n  Total Memory: 7837 MB","logger_name":"org.testcontainers.DockerClientFactory","thread_name":"main","level":"INFO"}
2025-08-18T23:21:35.933+05:30  INFO 12113 --- [tracking-query-service] [           main] tc.testcontainers/ryuk:0.5.1             : Creating container for image: testcontainers/ryuk:0.5.1
{"@timestamp":"2025-08-18T23:21:35.933805+05:30","@version":"1","message":"Creating container for image: testcontainers/ryuk:0.5.1","logger_name":"tc.testcontainers/ryuk:0.5.1","thread_name":"main","level":"INFO"}
2025-08-18T23:21:36.086+05:30  INFO 12113 --- [tracking-query-service] [           main] o.t.utility.RegistryAuthLocator          : Credential helper/store (docker-credential-desktop) does not have credentials for https://index.docker.io/v1/
{"@timestamp":"2025-08-18T23:21:36.086556+05:30","@version":"1","message":"Credential helper/store (docker-credential-desktop) does not have credentials for https://index.docker.io/v1/","logger_name":"org.testcontainers.utility.RegistryAuthLocator","thread_name":"main","level":"INFO"}
2025-08-18T23:21:36.156+05:30  INFO 12113 --- [tracking-query-service] [           main] tc.testcontainers/ryuk:0.5.1             : Container testcontainers/ryuk:0.5.1 is starting: 6ef6f407fdca725f396610d8ed776e4e96464156cd2c14c6b96177f692c66bf3
{"@timestamp":"2025-08-18T23:21:36.156261+05:30","@version":"1","message":"Container testcontainers/ryuk:0.5.1 is starting: 6ef6f407fdca725f396610d8ed776e4e96464156cd2c14c6b96177f692c66bf3","logger_name":"tc.testcontainers/ryuk:0.5.1","thread_name":"main","level":"INFO"}
2025-08-18T23:21:36.340+05:30  INFO 12113 --- [tracking-query-service] [           main] tc.testcontainers/ryuk:0.5.1             : Container testcontainers/ryuk:0.5.1 started in PT0.508715S
{"@timestamp":"2025-08-18T23:21:36.340786+05:30","@version":"1","message":"Container testcontainers/ryuk:0.5.1 started in PT0.508715S","logger_name":"tc.testcontainers/ryuk:0.5.1","thread_name":"main","level":"INFO"}
2025-08-18T23:21:36.345+05:30  INFO 12113 --- [tracking-query-service] [           main] o.t.utility.RyukResourceReaper           : Ryuk started - will monitor and terminate Testcontainers containers on JVM exit
{"@timestamp":"2025-08-18T23:21:36.345708+05:30","@version":"1","message":"Ryuk started - will monitor and terminate Testcontainers containers on JVM exit","logger_name":"org.testcontainers.utility.RyukResourceReaper","thread_name":"main","level":"INFO"}
2025-08-18T23:21:36.345+05:30  INFO 12113 --- [tracking-query-service] [           main] org.testcontainers.DockerClientFactory   : Checking the system...
{"@timestamp":"2025-08-18T23:21:36.345989+05:30","@version":"1","message":"Checking the system...","logger_name":"org.testcontainers.DockerClientFactory","thread_name":"main","level":"INFO"}
2025-08-18T23:21:36.346+05:30  INFO 12113 --- [tracking-query-service] [           main] org.testcontainers.DockerClientFactory   : ✔︎ Docker server version should be at least 1.6.0
{"@timestamp":"2025-08-18T23:21:36.346361+05:30","@version":"1","message":"✔︎ Docker server version should be at least 1.6.0","logger_name":"org.testcontainers.DockerClientFactory","thread_name":"main","level":"INFO"}
2025-08-18T23:21:36.347+05:30  INFO 12113 --- [tracking-query-service] [           main] tc.redis:7                               : Creating container for image: redis:7
{"@timestamp":"2025-08-18T23:21:36.347187+05:30","@version":"1","message":"Creating container for image: redis:7","logger_name":"tc.redis:7","thread_name":"main","level":"INFO"}
2025-08-18T23:21:36.392+05:30  INFO 12113 --- [tracking-query-service] [           main] tc.redis:7                               : Container redis:7 is starting: df414092f119e7d8c2e601c74aef5e7c8e32b29e9da6ac58cc4832850b8e6876
{"@timestamp":"2025-08-18T23:21:36.392544+05:30","@version":"1","message":"Container redis:7 is starting: df414092f119e7d8c2e601c74aef5e7c8e32b29e9da6ac58cc4832850b8e6876","logger_name":"tc.redis:7","thread_name":"main","level":"INFO"}
2025-08-18T23:21:36.586+05:30  INFO 12113 --- [tracking-query-service] [           main] tc.redis:7                               : Container redis:7 started in PT0.239094S
{"@timestamp":"2025-08-18T23:21:36.586198+05:30","@version":"1","message":"Container redis:7 started in PT0.239094S","logger_name":"tc.redis:7","thread_name":"main","level":"INFO"}
2025-08-18T23:21:36.588+05:30  INFO 12113 --- [tracking-query-service] [           main] t.c.s.AnnotationConfigContextLoaderUtils : Could not detect default configuration classes for test class [com.swifteats.tracking.query.TrackingQueryIntegrationTest]: TrackingQueryIntegrationTest does not declare any static, non-private, non-final, nested classes annotated with @Configuration.
{"@timestamp":"2025-08-18T23:21:36.588256+05:30","@version":"1","message":"Could not detect default configuration classes for test class [com.swifteats.tracking.query.TrackingQueryIntegrationTest]: TrackingQueryIntegrationTest does not declare any static, non-private, non-final, nested classes annotated with @Configuration.","logger_name":"org.springframework.test.context.support.AnnotationConfigContextLoaderUtils","thread_name":"main","level":"INFO"}
2025-08-18T23:21:36.590+05:30  INFO 12113 --- [tracking-query-service] [           main] .b.t.c.SpringBootTestContextBootstrapper : Found @SpringBootConfiguration com.swifteats.tracking.query.TrackingQueryApplication for test class com.swifteats.tracking.query.TrackingQueryIntegrationTest
{"@timestamp":"2025-08-18T23:21:36.59037+05:30","@version":"1","message":"Found @SpringBootConfiguration com.swifteats.tracking.query.TrackingQueryApplication for test class com.swifteats.tracking.query.TrackingQueryIntegrationTest","logger_name":"org.springframework.boot.test.context.SpringBootTestContextBootstrapper","thread_name":"main","level":"INFO"}

  .   ____          _            __ _ _
 /\\ / ___'_ __ _ _(_)_ __  __ _ \ \ \ \
( ( )\___ | '_ | '_| | '_ \/ _` | \ \ \ \
 \\/  ___)| |_)| | | | | || (_| |  ) ) ) )
  '  |____| .__|_| |_|_| |_\__, | / / / /
 =========|_|==============|___/=/_/_/_/

 :: Spring Boot ::                (v3.5.2)

2025-08-18T23:21:36.612+05:30  INFO 12113 --- [tracking-query-service] [           main] c.s.t.q.TrackingQueryIntegrationTest     : Starting TrackingQueryIntegrationTest using Java 21.0.3 with PID 12113 (started by deependraverma in /Users/deependraverma/Documents/Projects/AI/swifteats-delivery-service-new/tracking-query-service)
{"@timestamp":"2025-08-18T23:21:36.612235+05:30","@version":"1","message":"Starting TrackingQueryIntegrationTest using Java 21.0.3 with PID 12113 (started by deependraverma in /Users/deependraverma/Documents/Projects/AI/swifteats-delivery-service-new/tracking-query-service)","logger_name":"com.swifteats.tracking.query.TrackingQueryIntegrationTest","thread_name":"main","level":"INFO"}
2025-08-18T23:21:36.612+05:30  INFO 12113 --- [tracking-query-service] [           main] c.s.t.q.TrackingQueryIntegrationTest     : No active profile set, falling back to 1 default profile: "default"
{"@timestamp":"2025-08-18T23:21:36.612559+05:30","@version":"1","message":"No active profile set, falling back to 1 default profile: \"default\"","logger_name":"com.swifteats.tracking.query.TrackingQueryIntegrationTest","thread_name":"main","level":"INFO"}
2025-08-18T23:21:36.619+05:30  WARN 12113 --- [tracking-query-service] [           main] ConfigServletWebServerApplicationContext : Exception encountered during context initialization - cancelling refresh attempt: org.springframework.beans.factory.BeanDefinitionStoreException: Failed to parse configuration class [com.swifteats.tracking.query.TrackingQueryApplication]
{"@timestamp":"2025-08-18T23:21:36.619753+05:30","@version":"1","message":"Exception encountered during context initialization - cancelling refresh attempt: org.springframework.beans.factory.BeanDefinitionStoreException: Failed to parse configuration class [com.swifteats.tracking.query.TrackingQueryApplication]","logger_name":"org.springframework.boot.web.servlet.context.AnnotationConfigServletWebServerApplicationContext","thread_name":"main","level":"WARN"}
2025-08-18T23:21:36.628+05:30 ERROR 12113 --- [tracking-query-service] [           main] o.s.boot.SpringApplication               : Application run failed

org.springframework.beans.factory.BeanDefinitionStoreException: Failed to parse configuration class [com.swifteats.tracking.query.TrackingQueryApplication]
	at org.springframework.context.annotation.ConfigurationClassParser.parse(ConfigurationClassParser.java:194)
	at org.springframework.context.annotation.ConfigurationClassPostProcessor.processConfigBeanDefinitions(ConfigurationClassPostProcessor.java:418)
	at org.springframework.context.annotation.ConfigurationClassPostProcessor.postProcessBeanDefinitionRegistry(ConfigurationClassPostProcessor.java:290)
	at org.springframework.context.support.PostProcessorRegistrationDelegate.invokeBeanDefinitionRegistryPostProcessors(PostProcessorRegistrationDelegate.java:349)
	at org.springframework.context.support.PostProcessorRegistrationDelegate.invokeBeanFactoryPostProcessors(PostProcessorRegistrationDelegate.java:118)
	at org.springframework.context.support.AbstractApplicationContext.invokeBeanFactoryPostProcessors(AbstractApplicationContext.java:791)
	at org.springframework.context.support.AbstractApplicationContext.refresh(AbstractApplicationContext.java:609)
	at org.springframework.boot.web.servlet.context.ServletWebServerApplicationContext.refresh(ServletWebServerApplicationContext.java:146)
	at org.springframework.boot.SpringApplication.refresh(SpringApplication.java:752)
	at org.springframework.boot.SpringApplication.refreshContext(SpringApplication.java:439)
	at org.springframework.boot.SpringApplication.run(SpringApplication.java:318)
	at org.springframework.boot.test.context.SpringBootContextLoader.lambda$loadContext$3(SpringBootContextLoader.java:144)
	at org.springframework.util.function.ThrowingSupplier.get(ThrowingSupplier.java:58)
	at org.springframework.util.function.ThrowingSupplier.get(ThrowingSupplier.java:46)
	at org.springframework.boot.SpringApplication.withHook(SpringApplication.java:1461)
	at org.springframework.boot.test.context.SpringBootContextLoader$ContextLoaderHook.run(SpringBootContextLoader.java:563)
	at org.springframework.boot.test.context.SpringBootContextLoader.loadContext(SpringBootContextLoader.java:144)
	at org.springframework.boot.test.context.SpringBootContextLoader.loadContext(SpringBootContextLoader.java:110)
	at org.springframework.test.context.cache.DefaultCacheAwareContextLoaderDelegate.loadContextInternal(DefaultCacheAwareContextLoaderDelegate.java:225)
	at org.springframework.test.context.cache.DefaultCacheAwareContextLoaderDelegate.loadContext(DefaultCacheAwareContextLoaderDelegate.java:152)
	at org.springframework.test.context.support.DefaultTestContext.getApplicationContext(DefaultTestContext.java:130)
	at org.springframework.test.context.support.DependencyInjectionTestExecutionListener.injectDependencies(DependencyInjectionTestExecutionListener.java:155)
	at org.springframework.test.context.support.DependencyInjectionTestExecutionListener.prepareTestInstance(DependencyInjectionTestExecutionListener.java:111)
	at org.springframework.test.context.TestContextManager.prepareTestInstance(TestContextManager.java:260)
	at org.springframework.test.context.junit.jupiter.SpringExtension.postProcessTestInstance(SpringExtension.java:159)
	at org.junit.jupiter.engine.descriptor.ClassBasedTestDescriptor.lambda$invokeTestInstancePostProcessors$10(ClassBasedTestDescriptor.java:383)
	at org.junit.jupiter.engine.descriptor.ClassBasedTestDescriptor.executeAndMaskThrowable(ClassBasedTestDescriptor.java:388)
	at org.junit.jupiter.engine.descriptor.ClassBasedTestDescriptor.lambda$invokeTestInstancePostProcessors$11(ClassBasedTestDescriptor.java:382)
	at java.base/java.util.stream.ForEachOps$ForEachOp$OfRef.accept(ForEachOps.java:184)
	at java.base/java.util.stream.ReferencePipeline$3$1.accept(ReferencePipeline.java:197)
	at java.base/java.util.stream.ReferencePipeline$2$1.accept(ReferencePipeline.java:179)
	at java.base/java.util.stream.ReferencePipeline$3$1.accept(ReferencePipeline.java:197)
	at java.base/java.util.ArrayList$ArrayListSpliterator.forEachRemaining(ArrayList.java:1708)
	at java.base/java.util.stream.AbstractPipeline.copyInto(AbstractPipeline.java:509)
	at java.base/java.util.stream.AbstractPipeline.wrapAndCopyInto(AbstractPipeline.java:499)
	at java.base/java.util.stream.ForEachOps$ForEachOp.evaluateSequential(ForEachOps.java:151)
	at java.base/java.util.stream.ForEachOps$ForEachOp$OfRef.evaluateSequential(ForEachOps.java:174)
	at java.base/java.util.stream.AbstractPipeline.evaluate(AbstractPipeline.java:234)
	at java.base/java.util.stream.ReferencePipeline.forEach(ReferencePipeline.java:596)
	at org.junit.jupiter.engine.descriptor.ClassBasedTestDescriptor.invokeTestInstancePostProcessors(ClassBasedTestDescriptor.java:382)
	at org.junit.jupiter.engine.descriptor.ClassBasedTestDescriptor.lambda$instantiateAndPostProcessTestInstance$6(ClassBasedTestDescriptor.java:293)
	at org.junit.platform.engine.support.hierarchical.ThrowableCollector.execute(ThrowableCollector.java:73)
	at org.junit.jupiter.engine.descriptor.ClassBasedTestDescriptor.instantiateAndPostProcessTestInstance(ClassBasedTestDescriptor.java:292)
	at org.junit.jupiter.engine.descriptor.ClassBasedTestDescriptor.lambda$testInstancesProvider$4(ClassBasedTestDescriptor.java:281)
	at java.base/java.util.Optional.orElseGet(Optional.java:364)
	at org.junit.jupiter.engine.descriptor.ClassBasedTestDescriptor.lambda$testInstancesProvider$5(ClassBasedTestDescriptor.java:280)
	at org.junit.jupiter.engine.execution.TestInstancesProvider.getTestInstances(TestInstancesProvider.java:27)
	at org.junit.jupiter.engine.descriptor.TestMethodTestDescriptor.lambda$prepare$0(TestMethodTestDescriptor.java:112)
	at org.junit.platform.engine.support.hierarchical.ThrowableCollector.execute(ThrowableCollector.java:73)
	at org.junit.jupiter.engine.descriptor.TestMethodTestDescriptor.prepare(TestMethodTestDescriptor.java:111)
	at org.junit.jupiter.engine.descriptor.TestMethodTestDescriptor.prepare(TestMethodTestDescriptor.java:69)
	at org.junit.platform.engine.support.hierarchical.NodeTestTask.lambda$prepare$2(NodeTestTask.java:128)
	at org.junit.platform.engine.support.hierarchical.ThrowableCollector.execute(ThrowableCollector.java:73)
	at org.junit.platform.engine.support.hierarchical.NodeTestTask.prepare(NodeTestTask.java:128)
	at org.junit.platform.engine.support.hierarchical.NodeTestTask.execute(NodeTestTask.java:95)
	at java.base/java.util.ArrayList.forEach(ArrayList.java:1596)
	at org.junit.platform.engine.support.hierarchical.SameThreadHierarchicalTestExecutorService.invokeAll(SameThreadHierarchicalTestExecutorService.java:41)
	at org.junit.platform.engine.support.hierarchical.NodeTestTask.lambda$executeRecursively$6(NodeTestTask.java:160)
	at org.junit.platform.engine.support.hierarchical.ThrowableCollector.execute(ThrowableCollector.java:73)
	at org.junit.platform.engine.support.hierarchical.NodeTestTask.lambda$executeRecursively$8(NodeTestTask.java:146)
	at org.junit.platform.engine.support.hierarchical.Node.around(Node.java:137)
	at org.junit.platform.engine.support.hierarchical.NodeTestTask.lambda$executeRecursively$9(NodeTestTask.java:144)
	at org.junit.platform.engine.support.hierarchical.ThrowableCollector.execute(ThrowableCollector.java:73)
	at org.junit.platform.engine.support.hierarchical.NodeTestTask.executeRecursively(NodeTestTask.java:143)
	at org.junit.platform.engine.support.hierarchical.NodeTestTask.execute(NodeTestTask.java:100)
	at java.base/java.util.ArrayList.forEach(ArrayList.java:1596)
	at org.junit.platform.engine.support.hierarchical.SameThreadHierarchicalTestExecutorService.invokeAll(SameThreadHierarchicalTestExecutorService.java:41)
	at org.junit.platform.engine.support.hierarchical.NodeTestTask.lambda$executeRecursively$6(NodeTestTask.java:160)
	at org.junit.platform.engine.support.hierarchical.ThrowableCollector.execute(ThrowableCollector.java:73)
	at org.junit.platform.engine.support.hierarchical.NodeTestTask.lambda$executeRecursively$8(NodeTestTask.java:146)
	at org.junit.platform.engine.support.hierarchical.Node.around(Node.java:137)
	at org.junit.platform.engine.support.hierarchical.NodeTestTask.lambda$executeRecursively$9(NodeTestTask.java:144)
	at org.junit.platform.engine.support.hierarchical.ThrowableCollector.execute(ThrowableCollector.java:73)
	at org.junit.platform.engine.support.hierarchical.NodeTestTask.executeRecursively(NodeTestTask.java:143)
	at org.junit.platform.engine.support.hierarchical.NodeTestTask.execute(NodeTestTask.java:100)
	at org.junit.platform.engine.support.hierarchical.SameThreadHierarchicalTestExecutorService.submit(SameThreadHierarchicalTestExecutorService.java:35)
	at org.junit.platform.engine.support.hierarchical.HierarchicalTestExecutor.execute(HierarchicalTestExecutor.java:57)
	at org.junit.platform.engine.support.hierarchical.HierarchicalTestEngine.execute(HierarchicalTestEngine.java:54)
	at org.junit.platform.launcher.core.EngineExecutionOrchestrator.execute(EngineExecutionOrchestrator.java:201)
	at org.junit.platform.launcher.core.EngineExecutionOrchestrator.execute(EngineExecutionOrchestrator.java:170)
	at org.junit.platform.launcher.core.EngineExecutionOrchestrator.execute(EngineExecutionOrchestrator.java:94)
	at org.junit.platform.launcher.core.EngineExecutionOrchestrator.lambda$execute$0(EngineExecutionOrchestrator.java:59)
	at org.junit.platform.launcher.core.EngineExecutionOrchestrator.withInterceptedStreams(EngineExecutionOrchestrator.java:142)
	at org.junit.platform.launcher.core.EngineExecutionOrchestrator.execute(EngineExecutionOrchestrator.java:58)
	at org.junit.platform.launcher.core.DefaultLauncher.execute(DefaultLauncher.java:103)
	at org.junit.platform.launcher.core.DefaultLauncher.execute(DefaultLauncher.java:85)
	at org.junit.platform.launcher.core.DelegatingLauncher.execute(DelegatingLauncher.java:47)
	at org.junit.platform.launcher.core.InterceptingLauncher.lambda$execute$1(InterceptingLauncher.java:39)
	at org.junit.platform.launcher.core.ClasspathAlignmentCheckingLauncherInterceptor.intercept(ClasspathAlignmentCheckingLauncherInterceptor.java:25)
	at org.junit.platform.launcher.core.InterceptingLauncher.execute(InterceptingLauncher.java:38)
	at org.junit.platform.launcher.core.DelegatingLauncher.execute(DelegatingLauncher.java:47)
	at org.apache.maven.surefire.junitplatform.LazyLauncher.execute(LazyLauncher.java:55)
	at org.apache.maven.surefire.junitplatform.JUnitPlatformProvider.execute(JUnitPlatformProvider.java:223)
	at org.apache.maven.surefire.junitplatform.JUnitPlatformProvider.invokeAllTests(JUnitPlatformProvider.java:175)
	at org.apache.maven.surefire.junitplatform.JUnitPlatformProvider.invoke(JUnitPlatformProvider.java:139)
	at org.apache.maven.surefire.booter.ForkedBooter.runSuitesInProcess(ForkedBooter.java:456)
	at org.apache.maven.surefire.booter.ForkedBooter.execute(ForkedBooter.java:169)
	at org.apache.maven.surefire.booter.ForkedBooter.run(ForkedBooter.java:595)
	at org.apache.maven.surefire.booter.ForkedBooter.main(ForkedBooter.java:581)
Caused by: org.springframework.context.annotation.ConflictingBeanDefinitionException: Annotation-specified bean name 'trackingQuerySseController' for bean class [com.swifteats.tracking.query.controller.TrackingQuerySseController] conflicts with existing, non-compatible bean definition of same name and class [com.swifteats.tracking.query.TrackingQuerySseController]
	at org.springframework.context.annotation.ClassPathBeanDefinitionScanner.checkCandidate(ClassPathBeanDefinitionScanner.java:361)
	at org.springframework.context.annotation.ClassPathBeanDefinitionScanner.doScan(ClassPathBeanDefinitionScanner.java:288)
	at org.springframework.context.annotation.ComponentScanAnnotationParser.parse(ComponentScanAnnotationParser.java:128)
	at org.springframework.context.annotation.ConfigurationClassParser.doProcessConfigurationClass(ConfigurationClassParser.java:346)
	at org.springframework.context.annotation.ConfigurationClassParser.processConfigurationClass(ConfigurationClassParser.java:281)
	at org.springframework.context.annotation.ConfigurationClassParser.parse(ConfigurationClassParser.java:204)
	at org.springframework.context.annotation.ConfigurationClassParser.parse(ConfigurationClassParser.java:172)
	... 98 common frames omitted

{"@timestamp":"2025-08-18T23:21:36.62898+05:30","@version":"1","message":"Application run failed","logger_name":"org.springframework.boot.SpringApplication","thread_name":"main","level":"ERROR","stack_trace":"org.springframework.beans.factory.BeanDefinitionStoreException: Failed to parse configuration class [com.swifteats.tracking.query.TrackingQueryApplication]\n\tat org.springframework.context.annotation.ConfigurationClassParser.parse(ConfigurationClassParser.java:194)\n\tat org.springframework.context.annotation.ConfigurationClassPostProcessor.processConfigBeanDefinitions(ConfigurationClassPostProcessor.java:418)\n\tat org.springframework.context.annotation.ConfigurationClassPostProcessor.postProcessBeanDefinitionRegistry(ConfigurationClassPostProcessor.java:290)\n\tat org.springframework.context.support.PostProcessorRegistrationDelegate.invokeBeanDefinitionRegistryPostProcessors(PostProcessorRegistrationDelegate.java:349)\n\tat org.springframework.context.support.PostProcessorRegistrationDelegate.invokeBeanFactoryPostProcessors(PostProcessorRegistrationDelegate.java:118)\n\tat org.springframework.context.support.AbstractApplicationContext.invokeBeanFactoryPostProcessors(AbstractApplicationContext.java:791)\n\tat org.springframework.context.support.AbstractApplicationContext.refresh(AbstractApplicationContext.java:609)\n\tat org.springframework.boot.web.servlet.context.ServletWebServerApplicationContext.refresh(ServletWebServerApplicationContext.java:146)\n\tat org.springframework.boot.SpringApplication.refresh(SpringApplication.java:752)\n\tat org.springframework.boot.SpringApplication.refreshContext(SpringApplication.java:439)\n\tat org.springframework.boot.SpringApplication.run(SpringApplication.java:318)\n\tat org.springframework.boot.test.context.SpringBootContextLoader.lambda$loadContext$3(SpringBootContextLoader.java:144)\n\tat org.springframework.util.function.ThrowingSupplier.get(ThrowingSupplier.java:58)\n\tat org.springframework.util.function.ThrowingSupplier.get(ThrowingSupplier.java:46)\n\tat org.springframework.boot.SpringApplication.withHook(SpringApplication.java:1461)\n\tat org.springframework.boot.test.context.SpringBootContextLoader$ContextLoaderHook.run(SpringBootContextLoader.java:563)\n\tat org.springframework.boot.test.context.SpringBootContextLoader.loadContext(SpringBootContextLoader.java:144)\n\tat org.springframework.boot.test.context.SpringBootContextLoader.loadContext(SpringBootContextLoader.java:110)\n\tat org.springframework.test.context.cache.DefaultCacheAwareContextLoaderDelegate.loadContextInternal(DefaultCacheAwareContextLoaderDelegate.java:225)\n\tat org.springframework.test.context.cache.DefaultCacheAwareContextLoaderDelegate.loadContext(DefaultCacheAwareContextLoaderDelegate.java:152)\n\tat org.springframework.test.context.support.DefaultTestContext.getApplicationContext(DefaultTestContext.java:130)\n\tat org.springframework.test.context.support.DependencyInjectionTestExecutionListener.injectDependencies(DependencyInjectionTestExecutionListener.java:155)\n\tat org.springframework.test.context.support.DependencyInjectionTestExecutionListener.prepareTestInstance(DependencyInjectionTestExecutionListener.java:111)\n\tat org.springframework.test.context.TestContextManager.prepareTestInstance(TestContextManager.java:260)\n\tat org.springframework.test.context.junit.jupiter.SpringExtension.postProcessTestInstance(SpringExtension.java:159)\n\tat org.junit.jupiter.engine.descriptor.ClassBasedTestDescriptor.lambda$invokeTestInstancePostProcessors$10(ClassBasedTestDescriptor.java:383)\n\tat org.junit.jupiter.engine.descriptor.ClassBasedTestDescriptor.executeAndMaskThrowable(ClassBasedTestDescriptor.java:388)\n\tat org.junit.jupiter.engine.descriptor.ClassBasedTestDescriptor.lambda$invokeTestInstancePostProcessors$11(ClassBasedTestDescriptor.java:382)\n\tat java.base/java.util.stream.ForEachOps$ForEachOp$OfRef.accept(ForEachOps.java:184)\n\tat java.base/java.util.stream.ReferencePipeline$3$1.accept(ReferencePipeline.java:197)\n\tat java.base/java.util.stream.ReferencePipeline$2$1.accept(ReferencePipeline.java:179)\n\tat java.base/java.util.stream.ReferencePipeline$3$1.accept(ReferencePipeline.java:197)\n\tat java.base/java.util.ArrayList$ArrayListSpliterator.forEachRemaining(ArrayList.java:1708)\n\tat java.base/java.util.stream.AbstractPipeline.copyInto(AbstractPipeline.java:509)\n\tat java.base/java.util.stream.AbstractPipeline.wrapAndCopyInto(AbstractPipeline.java:499)\n\tat java.base/java.util.stream.ForEachOps$ForEachOp.evaluateSequential(ForEachOps.java:151)\n\tat java.base/java.util.stream.ForEachOps$ForEachOp$OfRef.evaluateSequential(ForEachOps.java:174)\n\tat java.base/java.util.stream.AbstractPipeline.evaluate(AbstractPipeline.java:234)\n\tat java.base/java.util.stream.ReferencePipeline.forEach(ReferencePipeline.java:596)\n\tat org.junit.jupiter.engine.descriptor.ClassBasedTestDescriptor.invokeTestInstancePostProcessors(ClassBasedTestDescriptor.java:382)\n\tat org.junit.jupiter.engine.descriptor.ClassBasedTestDescriptor.lambda$instantiateAndPostProcessTestInstance$6(ClassBasedTestDescriptor.java:293)\n\tat org.junit.platform.engine.support.hierarchical.ThrowableCollector.execute(ThrowableCollector.java:73)\n\tat org.junit.jupiter.engine.descriptor.ClassBasedTestDescriptor.instantiateAndPostProcessTestInstance(ClassBasedTestDescriptor.java:292)\n\tat org.junit.jupiter.engine.descriptor.ClassBasedTestDescriptor.lambda$testInstancesProvider$4(ClassBasedTestDescriptor.java:281)\n\tat java.base/java.util.Optional.orElseGet(Optional.java:364)\n\tat org.junit.jupiter.engine.descriptor.ClassBasedTestDescriptor.lambda$testInstancesProvider$5(ClassBasedTestDescriptor.java:280)\n\tat org.junit.jupiter.engine.execution.TestInstancesProvider.getTestInstances(TestInstancesProvider.java:27)\n\tat org.junit.jupiter.engine.descriptor.TestMethodTestDescriptor.lambda$prepare$0(TestMethodTestDescriptor.java:112)\n\tat org.junit.platform.engine.support.hierarchical.ThrowableCollector.execute(ThrowableCollector.java:73)\n\tat org.junit.jupiter.engine.descriptor.TestMethodTestDescriptor.prepare(TestMethodTestDescriptor.java:111)\n\tat org.junit.jupiter.engine.descriptor.TestMethodTestDescriptor.prepare(TestMethodTestDescriptor.java:69)\n\tat org.junit.platform.engine.support.hierarchical.NodeTestTask.lambda$prepare$2(NodeTestTask.java:128)\n\tat org.junit.platform.engine.support.hierarchical.ThrowableCollector.execute(ThrowableCollector.java:73)\n\tat org.junit.platform.engine.support.hierarchical.NodeTestTask.prepare(NodeTestTask.java:128)\n\tat org.junit.platform.engine.support.hierarchical.NodeTestTask.execute(NodeTestTask.java:95)\n\tat java.base/java.util.ArrayList.forEach(ArrayList.java:1596)\n\tat org.junit.platform.engine.support.hierarchical.SameThreadHierarchicalTestExecutorService.invokeAll(SameThreadHierarchicalTestExecutorService.java:41)\n\tat org.junit.platform.engine.support.hierarchical.NodeTestTask.lambda$executeRecursively$6(NodeTestTask.java:160)\n\tat org.junit.platform.engine.support.hierarchical.ThrowableCollector.execute(ThrowableCollector.java:73)\n\tat org.junit.platform.engine.support.hierarchical.NodeTestTask.lambda$executeRecursively$8(NodeTestTask.java:146)\n\tat org.junit.platform.engine.support.hierarchical.Node.around(Node.java:137)\n\tat org.junit.platform.engine.support.hierarchical.NodeTestTask.lambda$executeRecursively$9(NodeTestTask.java:144)\n\tat org.junit.platform.engine.support.hierarchical.ThrowableCollector.execute(ThrowableCollector.java:73)\n\tat org.junit.platform.engine.support.hierarchical.NodeTestTask.executeRecursively(NodeTestTask.java:143)\n\tat org.junit.platform.engine.support.hierarchical.NodeTestTask.execute(NodeTestTask.java:100)\n\tat java.base/java.util.ArrayList.forEach(ArrayList.java:1596)\n\tat org.junit.platform.engine.support.hierarchical.SameThreadHierarchicalTestExecutorService.invokeAll(SameThreadHierarchicalTestExecutorService.java:41)\n\tat org.junit.platform.engine.support.hierarchical.NodeTestTask.lambda$executeRecursively$6(NodeTestTask.java:160)\n\tat org.junit.platform.engine.support.hierarchical.ThrowableCollector.execute(ThrowableCollector.java:73)\n\tat org.junit.platform.engine.support.hierarchical.NodeTestTask.lambda$executeRecursively$8(NodeTestTask.java:146)\n\tat org.junit.platform.engine.support.hierarchical.Node.around(Node.java:137)\n\tat org.junit.platform.engine.support.hierarchical.NodeTestTask.lambda$executeRecursively$9(NodeTestTask.java:144)\n\tat org.junit.platform.engine.support.hierarchical.ThrowableCollector.execute(ThrowableCollector.java:73)\n\tat org.junit.platform.engine.support.hierarchical.NodeTestTask.executeRecursively(NodeTestTask.java:143)\n\tat org.junit.platform.engine.support.hierarchical.NodeTestTask.execute(NodeTestTask.java:100)\n\tat org.junit.platform.engine.support.hierarchical.SameThreadHierarchicalTestExecutorService.submit(SameThreadHierarchicalTestExecutorService.java:35)\n\tat org.junit.platform.engine.support.hierarchical.HierarchicalTestExecutor.execute(HierarchicalTestExecutor.java:57)\n\tat org.junit.platform.engine.support.hierarchical.HierarchicalTestEngine.execute(HierarchicalTestEngine.java:54)\n\tat org.junit.platform.launcher.core.EngineExecutionOrchestrator.execute(EngineExecutionOrchestrator.java:201)\n\tat org.junit.platform.launcher.core.EngineExecutionOrchestrator.execute(EngineExecutionOrchestrator.java:170)\n\tat org.junit.platform.launcher.core.EngineExecutionOrchestrator.execute(EngineExecutionOrchestrator.java:94)\n\tat org.junit.platform.launcher.core.EngineExecutionOrchestrator.lambda$execute$0(EngineExecutionOrchestrator.java:59)\n\tat org.junit.platform.launcher.core.EngineExecutionOrchestrator.withInterceptedStreams(EngineExecutionOrchestrator.java:142)\n\tat org.junit.platform.launcher.core.EngineExecutionOrchestrator.execute(EngineExecutionOrchestrator.java:58)\n\tat org.junit.platform.launcher.core.DefaultLauncher.execute(DefaultLauncher.java:103)\n\tat org.junit.platform.launcher.core.DefaultLauncher.execute(DefaultLauncher.java:85)\n\tat org.junit.platform.launcher.core.DelegatingLauncher.execute(DelegatingLauncher.java:47)\n\tat org.junit.platform.launcher.core.InterceptingLauncher.lambda$execute$1(InterceptingLauncher.java:39)\n\tat org.junit.platform.launcher.core.ClasspathAlignmentCheckingLauncherInterceptor.intercept(ClasspathAlignmentCheckingLauncherInterceptor.java:25)\n\tat org.junit.platform.launcher.core.InterceptingLauncher.execute(InterceptingLauncher.java:38)\n\tat org.junit.platform.launcher.core.DelegatingLauncher.execute(DelegatingLauncher.java:47)\n\tat org.apache.maven.surefire.junitplatform.LazyLauncher.execute(LazyLauncher.java:55)\n\tat org.apache.maven.surefire.junitplatform.JUnitPlatformProvider.execute(JUnitPlatformProvider.java:223)\n\tat org.apache.maven.surefire.junitplatform.JUnitPlatformProvider.invokeAllTests(JUnitPlatformProvider.java:175)\n\tat org.apache.maven.surefire.junitplatform.JUnitPlatformProvider.invoke(JUnitPlatformProvider.java:139)\n\tat org.apache.maven.surefire.booter.ForkedBooter.runSuitesInProcess(ForkedBooter.java:456)\n\tat org.apache.maven.surefire.booter.ForkedBooter.execute(ForkedBooter.java:169)\n\tat org.apache.maven.surefire.booter.ForkedBooter.run(ForkedBooter.java:595)\n\tat org.apache.maven.surefire.booter.ForkedBooter.main(ForkedBooter.java:581)\nCaused by: org.springframework.context.annotation.ConflictingBeanDefinitionException: Annotation-specified bean name 'trackingQuerySseController' for bean class [com.swifteats.tracking.query.controller.TrackingQuerySseController] conflicts with existing, non-compatible bean definition of same name and class [com.swifteats.tracking.query.TrackingQuerySseController]\n\tat org.springframework.context.annotation.ClassPathBeanDefinitionScanner.checkCandidate(ClassPathBeanDefinitionScanner.java:361)\n\tat org.springframework.context.annotation.ClassPathBeanDefinitionScanner.doScan(ClassPathBeanDefinitionScanner.java:288)\n\tat org.springframework.context.annotation.ComponentScanAnnotationParser.parse(ComponentScanAnnotationParser.java:128)\n\tat org.springframework.context.annotation.ConfigurationClassParser.doProcessConfigurationClass(ConfigurationClassParser.java:346)\n\tat org.springframework.context.annotation.ConfigurationClassParser.processConfigurationClass(ConfigurationClassParser.java:281)\n\tat org.springframework.context.annotation.ConfigurationClassParser.parse(ConfigurationClassParser.java:204)\n\tat org.springframework.context.annotation.ConfigurationClassParser.parse(ConfigurationClassParser.java:172)\n\t... 98 common frames omitted\n"}
2025-08-18T23:21:36.632+05:30  WARN 12113 --- [tracking-query-service] [           main] o.s.test.context.TestContextManager      : Caught exception while allowing TestExecutionListener [org.springframework.test.context.support.DependencyInjectionTestExecutionListener] to prepare test instance [com.swifteats.tracking.query.TrackingQueryIntegrationTest@44a0e68f]

java.lang.IllegalStateException: Failed to load ApplicationContext for [WebMergedContextConfiguration@9c40f43 testClass = com.swifteats.tracking.query.TrackingQueryIntegrationTest, locations = [], classes = [com.swifteats.tracking.query.TrackingQueryApplication], contextInitializerClasses = [], activeProfiles = [], propertySourceDescriptors = [], propertySourceProperties = ["org.springframework.boot.test.context.SpringBootTestContextBootstrapper=true", "server.port=0"], contextCustomizers = [org.springframework.boot.test.context.filter.ExcludeFilterContextCustomizer@48b67364, org.springframework.boot.test.json.DuplicateJsonObjectContextCustomizerFactory$DuplicateJsonObjectContextCustomizer@42e25b0b, org.springframework.boot.test.mock.mockito.MockitoContextCustomizer@0, org.springframework.boot.test.web.client.TestRestTemplateContextCustomizer@16f62062, org.springframework.boot.test.web.reactive.server.WebTestClientContextCustomizer@13e5b262, org.springframework.boot.test.web.reactor.netty.DisableReactorResourceFactoryGlobalResourcesContextCustomizerFactory$DisableReactorResourceFactoryGlobalResourcesContextCustomizerCustomizer@4e07b95f, org.springframework.boot.test.autoconfigure.OnFailureConditionReportContextCustomizerFactory$OnFailureConditionReportContextCustomizer@3b79fd76, org.springframework.boot.test.autoconfigure.actuate.observability.ObservabilityContextCustomizerFactory$DisableObservabilityContextCustomizer@1f, org.springframework.boot.test.autoconfigure.properties.PropertyMappingContextCustomizer@0, org.springframework.boot.test.autoconfigure.web.servlet.WebDriverContextCustomizer@6304101a, org.springframework.test.context.support.DynamicPropertiesContextCustomizer@0, org.springframework.boot.test.context.SpringBootTestAnnotation@5798e317], resourceBasePath = "src/main/webapp", contextLoader = org.springframework.boot.test.context.SpringBootContextLoader, parent = null]
	at org.springframework.test.context.cache.DefaultCacheAwareContextLoaderDelegate.loadContext(DefaultCacheAwareContextLoaderDelegate.java:180)
	at org.springframework.test.context.support.DefaultTestContext.getApplicationContext(DefaultTestContext.java:130)
	at org.springframework.test.context.support.DependencyInjectionTestExecutionListener.injectDependencies(DependencyInjectionTestExecutionListener.java:155)
	at org.springframework.test.context.support.DependencyInjectionTestExecutionListener.prepareTestInstance(DependencyInjectionTestExecutionListener.java:111)
	at org.springframework.test.context.TestContextManager.prepareTestInstance(TestContextManager.java:260)
	at org.springframework.test.context.junit.jupiter.SpringExtension.postProcessTestInstance(SpringExtension.java:159)
	at org.junit.jupiter.engine.descriptor.ClassBasedTestDescriptor.lambda$invokeTestInstancePostProcessors$10(ClassBasedTestDescriptor.java:383)
	at org.junit.jupiter.engine.descriptor.ClassBasedTestDescriptor.executeAndMaskThrowable(ClassBasedTestDescriptor.java:388)
	at org.junit.jupiter.engine.descriptor.ClassBasedTestDescriptor.lambda$invokeTestInstancePostProcessors$11(ClassBasedTestDescriptor.java:382)
	at java.base/java.util.stream.ForEachOps$ForEachOp$OfRef.accept(ForEachOps.java:184)
	at java.base/java.util.stream.ReferencePipeline$3$1.accept(ReferencePipeline.java:197)
	at java.base/java.util.stream.ReferencePipeline$2$1.accept(ReferencePipeline.java:179)
	at java.base/java.util.stream.ReferencePipeline$3$1.accept(ReferencePipeline.java:197)
	at java.base/java.util.ArrayList$ArrayListSpliterator.forEachRemaining(ArrayList.java:1708)
	at java.base/java.util.stream.AbstractPipeline.copyInto(AbstractPipeline.java:509)
	at java.base/java.util.stream.AbstractPipeline.wrapAndCopyInto(AbstractPipeline.java:499)
	at java.base/java.util.stream.ForEachOps$ForEachOp.evaluateSequential(ForEachOps.java:151)
	at java.base/java.util.stream.ForEachOps$ForEachOp$OfRef.evaluateSequential(ForEachOps.java:174)
	at java.base/java.util.stream.AbstractPipeline.evaluate(AbstractPipeline.java:234)
	at java.base/java.util.stream.ReferencePipeline.forEach(ReferencePipeline.java:596)
	at org.junit.jupiter.engine.descriptor.ClassBasedTestDescriptor.invokeTestInstancePostProcessors(ClassBasedTestDescriptor.java:382)
	at org.junit.jupiter.engine.descriptor.ClassBasedTestDescriptor.lambda$instantiateAndPostProcessTestInstance$6(ClassBasedTestDescriptor.java:293)
	at org.junit.platform.engine.support.hierarchical.ThrowableCollector.execute(ThrowableCollector.java:73)
	at org.junit.jupiter.engine.descriptor.ClassBasedTestDescriptor.instantiateAndPostProcessTestInstance(ClassBasedTestDescriptor.java:292)
	at org.junit.jupiter.engine.descriptor.ClassBasedTestDescriptor.lambda$testInstancesProvider$4(ClassBasedTestDescriptor.java:281)
	at java.base/java.util.Optional.orElseGet(Optional.java:364)
	at org.junit.jupiter.engine.descriptor.ClassBasedTestDescriptor.lambda$testInstancesProvider$5(ClassBasedTestDescriptor.java:280)
	at org.junit.jupiter.engine.execution.TestInstancesProvider.getTestInstances(TestInstancesProvider.java:27)
	at org.junit.jupiter.engine.descriptor.TestMethodTestDescriptor.lambda$prepare$0(TestMethodTestDescriptor.java:112)
	at org.junit.platform.engine.support.hierarchical.ThrowableCollector.execute(ThrowableCollector.java:73)
	at org.junit.jupiter.engine.descriptor.TestMethodTestDescriptor.prepare(TestMethodTestDescriptor.java:111)
	at org.junit.jupiter.engine.descriptor.TestMethodTestDescriptor.prepare(TestMethodTestDescriptor.java:69)
	at org.junit.platform.engine.support.hierarchical.NodeTestTask.lambda$prepare$2(NodeTestTask.java:128)
	at org.junit.platform.engine.support.hierarchical.ThrowableCollector.execute(ThrowableCollector.java:73)
	at org.junit.platform.engine.support.hierarchical.NodeTestTask.prepare(NodeTestTask.java:128)
	at org.junit.platform.engine.support.hierarchical.NodeTestTask.execute(NodeTestTask.java:95)
	at java.base/java.util.ArrayList.forEach(ArrayList.java:1596)
	at org.junit.platform.engine.support.hierarchical.SameThreadHierarchicalTestExecutorService.invokeAll(SameThreadHierarchicalTestExecutorService.java:41)
	at org.junit.platform.engine.support.hierarchical.NodeTestTask.lambda$executeRecursively$6(NodeTestTask.java:160)
	at org.junit.platform.engine.support.hierarchical.ThrowableCollector.execute(ThrowableCollector.java:73)
	at org.junit.platform.engine.support.hierarchical.NodeTestTask.lambda$executeRecursively$8(NodeTestTask.java:146)
	at org.junit.platform.engine.support.hierarchical.Node.around(Node.java:137)
	at org.junit.platform.engine.support.hierarchical.NodeTestTask.lambda$executeRecursively$9(NodeTestTask.java:144)
	at org.junit.platform.engine.support.hierarchical.ThrowableCollector.execute(ThrowableCollector.java:73)
	at org.junit.platform.engine.support.hierarchical.NodeTestTask.executeRecursively(NodeTestTask.java:143)
	at org.junit.platform.engine.support.hierarchical.NodeTestTask.execute(NodeTestTask.java:100)
	at java.base/java.util.ArrayList.forEach(ArrayList.java:1596)
	at org.junit.platform.engine.support.hierarchical.SameThreadHierarchicalTestExecutorService.invokeAll(SameThreadHierarchicalTestExecutorService.java:41)
	at org.junit.platform.engine.support.hierarchical.NodeTestTask.lambda$executeRecursively$6(NodeTestTask.java:160)
	at org.junit.platform.engine.support.hierarchical.ThrowableCollector.execute(ThrowableCollector.java:73)
	at org.junit.platform.engine.support.hierarchical.NodeTestTask.lambda$executeRecursively$8(NodeTestTask.java:146)
	at org.junit.platform.engine.support.hierarchical.Node.around(Node.java:137)
	at org.junit.platform.engine.support.hierarchical.NodeTestTask.lambda$executeRecursively$9(NodeTestTask.java:144)
	at org.junit.platform.engine.support.hierarchical.ThrowableCollector.execute(ThrowableCollector.java:73)
	at org.junit.platform.engine.support.hierarchical.NodeTestTask.executeRecursively(NodeTestTask.java:143)
	at org.junit.platform.engine.support.hierarchical.NodeTestTask.execute(NodeTestTask.java:100)
	at org.junit.platform.engine.support.hierarchical.SameThreadHierarchicalTestExecutorService.submit(SameThreadHierarchicalTestExecutorService.java:35)
	at org.junit.platform.engine.support.hierarchical.HierarchicalTestExecutor.execute(HierarchicalTestExecutor.java:57)
	at org.junit.platform.engine.support.hierarchical.HierarchicalTestEngine.execute(HierarchicalTestEngine.java:54)
	at org.junit.platform.launcher.core.EngineExecutionOrchestrator.execute(EngineExecutionOrchestrator.java:201)
	at org.junit.platform.launcher.core.EngineExecutionOrchestrator.execute(EngineExecutionOrchestrator.java:170)
	at org.junit.platform.launcher.core.EngineExecutionOrchestrator.execute(EngineExecutionOrchestrator.java:94)
	at org.junit.platform.launcher.core.EngineExecutionOrchestrator.lambda$execute$0(EngineExecutionOrchestrator.java:59)
	at org.junit.platform.launcher.core.EngineExecutionOrchestrator.withInterceptedStreams(EngineExecutionOrchestrator.java:142)
	at org.junit.platform.launcher.core.EngineExecutionOrchestrator.execute(EngineExecutionOrchestrator.java:58)
	at org.junit.platform.launcher.core.DefaultLauncher.execute(DefaultLauncher.java:103)
	at org.junit.platform.launcher.core.DefaultLauncher.execute(DefaultLauncher.java:85)
	at org.junit.platform.launcher.core.DelegatingLauncher.execute(DelegatingLauncher.java:47)
	at org.junit.platform.launcher.core.InterceptingLauncher.lambda$execute$1(InterceptingLauncher.java:39)
	at org.junit.platform.launcher.core.ClasspathAlignmentCheckingLauncherInterceptor.intercept(ClasspathAlignmentCheckingLauncherInterceptor.java:25)
	at org.junit.platform.launcher.core.InterceptingLauncher.execute(InterceptingLauncher.java:38)
	at org.junit.platform.launcher.core.DelegatingLauncher.execute(DelegatingLauncher.java:47)
	at org.apache.maven.surefire.junitplatform.LazyLauncher.execute(LazyLauncher.java:55)
	at org.apache.maven.surefire.junitplatform.JUnitPlatformProvider.execute(JUnitPlatformProvider.java:223)
	at org.apache.maven.surefire.junitplatform.JUnitPlatformProvider.invokeAllTests(JUnitPlatformProvider.java:175)
	at org.apache.maven.surefire.junitplatform.JUnitPlatformProvider.invoke(JUnitPlatformProvider.java:139)
	at org.apache.maven.surefire.booter.ForkedBooter.runSuitesInProcess(ForkedBooter.java:456)
	at org.apache.maven.surefire.booter.ForkedBooter.execute(ForkedBooter.java:169)
	at org.apache.maven.surefire.booter.ForkedBooter.run(ForkedBooter.java:595)
	at org.apache.maven.surefire.booter.ForkedBooter.main(ForkedBooter.java:581)
Caused by: org.springframework.beans.factory.BeanDefinitionStoreException: Failed to parse configuration class [com.swifteats.tracking.query.TrackingQueryApplication]
	at org.springframework.context.annotation.ConfigurationClassParser.parse(ConfigurationClassParser.java:194)
	at org.springframework.context.annotation.ConfigurationClassPostProcessor.processConfigBeanDefinitions(ConfigurationClassPostProcessor.java:418)
	at org.springframework.context.annotation.ConfigurationClassPostProcessor.postProcessBeanDefinitionRegistry(ConfigurationClassPostProcessor.java:290)
	at org.springframework.context.support.PostProcessorRegistrationDelegate.invokeBeanDefinitionRegistryPostProcessors(PostProcessorRegistrationDelegate.java:349)
	at org.springframework.context.support.PostProcessorRegistrationDelegate.invokeBeanFactoryPostProcessors(PostProcessorRegistrationDelegate.java:118)
	at org.springframework.context.support.AbstractApplicationContext.invokeBeanFactoryPostProcessors(AbstractApplicationContext.java:791)
	at org.springframework.context.support.AbstractApplicationContext.refresh(AbstractApplicationContext.java:609)
	at org.springframework.boot.web.servlet.context.ServletWebServerApplicationContext.refresh(ServletWebServerApplicationContext.java:146)
	at org.springframework.boot.SpringApplication.refresh(SpringApplication.java:752)
	at org.springframework.boot.SpringApplication.refreshContext(SpringApplication.java:439)
	at org.springframework.boot.SpringApplication.run(SpringApplication.java:318)
	at org.springframework.boot.test.context.SpringBootContextLoader.lambda$loadContext$3(SpringBootContextLoader.java:144)
	at org.springframework.util.function.ThrowingSupplier.get(ThrowingSupplier.java:58)
	at org.springframework.util.function.ThrowingSupplier.get(ThrowingSupplier.java:46)
	at org.springframework.boot.SpringApplication.withHook(SpringApplication.java:1461)
	at org.springframework.boot.test.context.SpringBootContextLoader$ContextLoaderHook.run(SpringBootContextLoader.java:563)
	at org.springframework.boot.test.context.SpringBootContextLoader.loadContext(SpringBootContextLoader.java:144)
	at org.springframework.boot.test.context.SpringBootContextLoader.loadContext(SpringBootContextLoader.java:110)
	at org.springframework.test.context.cache.DefaultCacheAwareContextLoaderDelegate.loadContextInternal(DefaultCacheAwareContextLoaderDelegate.java:225)
	at org.springframework.test.context.cache.DefaultCacheAwareContextLoaderDelegate.loadContext(DefaultCacheAwareContextLoaderDelegate.java:152)
	... 79 common frames omitted
Caused by: org.springframework.context.annotation.ConflictingBeanDefinitionException: Annotation-specified bean name 'trackingQuerySseController' for bean class [com.swifteats.tracking.query.controller.TrackingQuerySseController] conflicts with existing, non-compatible bean definition of same name and class [com.swifteats.tracking.query.TrackingQuerySseController]
	at org.springframework.context.annotation.ClassPathBeanDefinitionScanner.checkCandidate(ClassPathBeanDefinitionScanner.java:361)
	at org.springframework.context.annotation.ClassPathBeanDefinitionScanner.doScan(ClassPathBeanDefinitionScanner.java:288)
	at org.springframework.context.annotation.ComponentScanAnnotationParser.parse(ComponentScanAnnotationParser.java:128)
	at org.springframework.context.annotation.ConfigurationClassParser.doProcessConfigurationClass(ConfigurationClassParser.java:346)
	at org.springframework.context.annotation.ConfigurationClassParser.processConfigurationClass(ConfigurationClassParser.java:281)
	at org.springframework.context.annotation.ConfigurationClassParser.parse(ConfigurationClassParser.java:204)
	at org.springframework.context.annotation.ConfigurationClassParser.parse(ConfigurationClassParser.java:172)
	... 98 common frames omitted

{"@timestamp":"2025-08-18T23:21:36.63223+05:30","@version":"1","message":"Caught exception while allowing TestExecutionListener [org.springframework.test.context.support.DependencyInjectionTestExecutionListener] to prepare test instance [com.swifteats.tracking.query.TrackingQueryIntegrationTest@44a0e68f]","logger_name":"org.springframework.test.context.TestContextManager","thread_name":"main","level":"WARN","stack_trace":"java.lang.IllegalStateException: Failed to load ApplicationContext for [WebMergedContextConfiguration@9c40f43 testClass = com.swifteats.tracking.query.TrackingQueryIntegrationTest, locations = [], classes = [com.swifteats.tracking.query.TrackingQueryApplication], contextInitializerClasses = [], activeProfiles = [], propertySourceDescriptors = [], propertySourceProperties = [\"org.springframework.boot.test.context.SpringBootTestContextBootstrapper=true\", \"server.port=0\"], contextCustomizers = [org.springframework.boot.test.context.filter.ExcludeFilterContextCustomizer@48b67364, org.springframework.boot.test.json.DuplicateJsonObjectContextCustomizerFactory$DuplicateJsonObjectContextCustomizer@42e25b0b, org.springframework.boot.test.mock.mockito.MockitoContextCustomizer@0, org.springframework.boot.test.web.client.TestRestTemplateContextCustomizer@16f62062, org.springframework.boot.test.web.reactive.server.WebTestClientContextCustomizer@13e5b262, org.springframework.boot.test.web.reactor.netty.DisableReactorResourceFactoryGlobalResourcesContextCustomizerFactory$DisableReactorResourceFactoryGlobalResourcesContextCustomizerCustomizer@4e07b95f, org.springframework.boot.test.autoconfigure.OnFailureConditionReportContextCustomizerFactory$OnFailureConditionReportContextCustomizer@3b79fd76, org.springframework.boot.test.autoconfigure.actuate.observability.ObservabilityContextCustomizerFactory$DisableObservabilityContextCustomizer@1f, org.springframework.boot.test.autoconfigure.properties.PropertyMappingContextCustomizer@0, org.springframework.boot.test.autoconfigure.web.servlet.WebDriverContextCustomizer@6304101a, org.springframework.test.context.support.DynamicPropertiesContextCustomizer@0, org.springframework.boot.test.context.SpringBootTestAnnotation@5798e317], resourceBasePath = \"src/main/webapp\", contextLoader = org.springframework.boot.test.context.SpringBootContextLoader, parent = null]\n\tat org.springframework.test.context.cache.DefaultCacheAwareContextLoaderDelegate.loadContext(DefaultCacheAwareContextLoaderDelegate.java:180)\n\tat org.springframework.test.context.support.DefaultTestContext.getApplicationContext(DefaultTestContext.java:130)\n\tat org.springframework.test.context.support.DependencyInjectionTestExecutionListener.injectDependencies(DependencyInjectionTestExecutionListener.java:155)\n\tat org.springframework.test.context.support.DependencyInjectionTestExecutionListener.prepareTestInstance(DependencyInjectionTestExecutionListener.java:111)\n\tat org.springframework.test.context.TestContextManager.prepareTestInstance(TestContextManager.java:260)\n\tat org.springframework.test.context.junit.jupiter.SpringExtension.postProcessTestInstance(SpringExtension.java:159)\n\tat org.junit.jupiter.engine.descriptor.ClassBasedTestDescriptor.lambda$invokeTestInstancePostProcessors$10(ClassBasedTestDescriptor.java:383)\n\tat org.junit.jupiter.engine.descriptor.ClassBasedTestDescriptor.executeAndMaskThrowable(ClassBasedTestDescriptor.java:388)\n\tat org.junit.jupiter.engine.descriptor.ClassBasedTestDescriptor.lambda$invokeTestInstancePostProcessors$11(ClassBasedTestDescriptor.java:382)\n\tat java.base/java.util.stream.ForEachOps$ForEachOp$OfRef.accept(ForEachOps.java:184)\n\tat java.base/java.util.stream.ReferencePipeline$3$1.accept(ReferencePipeline.java:197)\n\tat java.base/java.util.stream.ReferencePipeline$2$1.accept(ReferencePipeline.java:179)\n\tat java.base/java.util.stream.ReferencePipeline$3$1.accept(ReferencePipeline.java:197)\n\tat java.base/java.util.ArrayList$ArrayListSpliterator.forEachRemaining(ArrayList.java:1708)\n\tat java.base/java.util.stream.AbstractPipeline.copyInto(AbstractPipeline.java:509)\n\tat java.base/java.util.stream.AbstractPipeline.wrapAndCopyInto(AbstractPipeline.java:499)\n\tat java.base/java.util.stream.ForEachOps$ForEachOp.evaluateSequential(ForEachOps.java:151)\n\tat java.base/java.util.stream.ForEachOps$ForEachOp$OfRef.evaluateSequential(ForEachOps.java:174)\n\tat java.base/java.util.stream.AbstractPipeline.evaluate(AbstractPipeline.java:234)\n\tat java.base/java.util.stream.ReferencePipeline.forEach(ReferencePipeline.java:596)\n\tat org.junit.jupiter.engine.descriptor.ClassBasedTestDescriptor.invokeTestInstancePostProcessors(ClassBasedTestDescriptor.java:382)\n\tat org.junit.jupiter.engine.descriptor.ClassBasedTestDescriptor.lambda$instantiateAndPostProcessTestInstance$6(ClassBasedTestDescriptor.java:293)\n\tat org.junit.platform.engine.support.hierarchical.ThrowableCollector.execute(ThrowableCollector.java:73)\n\tat org.junit.jupiter.engine.descriptor.ClassBasedTestDescriptor.instantiateAndPostProcessTestInstance(ClassBasedTestDescriptor.java:292)\n\tat org.junit.jupiter.engine.descriptor.ClassBasedTestDescriptor.lambda$testInstancesProvider$4(ClassBasedTestDescriptor.java:281)\n\tat java.base/java.util.Optional.orElseGet(Optional.java:364)\n\tat org.junit.jupiter.engine.descriptor.ClassBasedTestDescriptor.lambda$testInstancesProvider$5(ClassBasedTestDescriptor.java:280)\n\tat org.junit.jupiter.engine.execution.TestInstancesProvider.getTestInstances(TestInstancesProvider.java:27)\n\tat org.junit.jupiter.engine.descriptor.TestMethodTestDescriptor.lambda$prepare$0(TestMethodTestDescriptor.java:112)\n\tat org.junit.platform.engine.support.hierarchical.ThrowableCollector.execute(ThrowableCollector.java:73)\n\tat org.junit.jupiter.engine.descriptor.TestMethodTestDescriptor.prepare(TestMethodTestDescriptor.java:111)\n\tat org.junit.jupiter.engine.descriptor.TestMethodTestDescriptor.prepare(TestMethodTestDescriptor.java:69)\n\tat org.junit.platform.engine.support.hierarchical.NodeTestTask.lambda$prepare$2(NodeTestTask.java:128)\n\tat org.junit.platform.engine.support.hierarchical.ThrowableCollector.execute(ThrowableCollector.java:73)\n\tat org.junit.platform.engine.support.hierarchical.NodeTestTask.prepare(NodeTestTask.java:128)\n\tat org.junit.platform.engine.support.hierarchical.NodeTestTask.execute(NodeTestTask.java:95)\n\tat java.base/java.util.ArrayList.forEach(ArrayList.java:1596)\n\tat org.junit.platform.engine.support.hierarchical.SameThreadHierarchicalTestExecutorService.invokeAll(SameThreadHierarchicalTestExecutorService.java:41)\n\tat org.junit.platform.engine.support.hierarchical.NodeTestTask.lambda$executeRecursively$6(NodeTestTask.java:160)\n\tat org.junit.platform.engine.support.hierarchical.ThrowableCollector.execute(ThrowableCollector.java:73)\n\tat org.junit.platform.engine.support.hierarchical.NodeTestTask.lambda$executeRecursively$8(NodeTestTask.java:146)\n\tat org.junit.platform.engine.support.hierarchical.Node.around(Node.java:137)\n\tat org.junit.platform.engine.support.hierarchical.NodeTestTask.lambda$executeRecursively$9(NodeTestTask.java:144)\n\tat org.junit.platform.engine.support.hierarchical.ThrowableCollector.execute(ThrowableCollector.java:73)\n\tat org.junit.platform.engine.support.hierarchical.NodeTestTask.executeRecursively(NodeTestTask.java:143)\n\tat org.junit.platform.engine.support.hierarchical.NodeTestTask.execute(NodeTestTask.java:100)\n\tat java.base/java.util.ArrayList.forEach(ArrayList.java:1596)\n\tat org.junit.platform.engine.support.hierarchical.SameThreadHierarchicalTestExecutorService.invokeAll(SameThreadHierarchicalTestExecutorService.java:41)\n\tat org.junit.platform.engine.support.hierarchical.NodeTestTask.lambda$executeRecursively$6(NodeTestTask.java:160)\n\tat org.junit.platform.engine.support.hierarchical.ThrowableCollector.execute(ThrowableCollector.java:73)\n\tat org.junit.platform.engine.support.hierarchical.NodeTestTask.lambda$executeRecursively$8(NodeTestTask.java:146)\n\tat org.junit.platform.engine.support.hierarchical.Node.around(Node.java:137)\n\tat org.junit.platform.engine.support.hierarchical.NodeTestTask.lambda$executeRecursively$9(NodeTestTask.java:144)\n\tat org.junit.platform.engine.support.hierarchical.ThrowableCollector.execute(ThrowableCollector.java:73)\n\tat org.junit.platform.engine.support.hierarchical.NodeTestTask.executeRecursively(NodeTestTask.java:143)\n\tat org.junit.platform.engine.support.hierarchical.NodeTestTask.execute(NodeTestTask.java:100)\n\tat org.junit.platform.engine.support.hierarchical.SameThreadHierarchicalTestExecutorService.submit(SameThreadHierarchicalTestExecutorService.java:35)\n\tat org.junit.platform.engine.support.hierarchical.HierarchicalTestExecutor.execute(HierarchicalTestExecutor.java:57)\n\tat org.junit.platform.engine.support.hierarchical.HierarchicalTestEngine.execute(HierarchicalTestEngine.java:54)\n\tat org.junit.platform.launcher.core.EngineExecutionOrchestrator.execute(EngineExecutionOrchestrator.java:201)\n\tat org.junit.platform.launcher.core.EngineExecutionOrchestrator.execute(EngineExecutionOrchestrator.java:170)\n\tat org.junit.platform.launcher.core.EngineExecutionOrchestrator.execute(EngineExecutionOrchestrator.java:94)\n\tat org.junit.platform.launcher.core.EngineExecutionOrchestrator.lambda$execute$0(EngineExecutionOrchestrator.java:59)\n\tat org.junit.platform.launcher.core.EngineExecutionOrchestrator.withInterceptedStreams(EngineExecutionOrchestrator.java:142)\n\tat org.junit.platform.launcher.core.EngineExecutionOrchestrator.execute(EngineExecutionOrchestrator.java:58)\n\tat org.junit.platform.launcher.core.DefaultLauncher.execute(DefaultLauncher.java:103)\n\tat org.junit.platform.launcher.core.DefaultLauncher.execute(DefaultLauncher.java:85)\n\tat org.junit.platform.launcher.core.DelegatingLauncher.execute(DelegatingLauncher.java:47)\n\tat org.junit.platform.launcher.core.InterceptingLauncher.lambda$execute$1(InterceptingLauncher.java:39)\n\tat org.junit.platform.launcher.core.ClasspathAlignmentCheckingLauncherInterceptor.intercept(ClasspathAlignmentCheckingLauncherInterceptor.java:25)\n\tat org.junit.platform.launcher.core.InterceptingLauncher.execute(InterceptingLauncher.java:38)\n\tat org.junit.platform.launcher.core.DelegatingLauncher.execute(DelegatingLauncher.java:47)\n\tat org.apache.maven.surefire.junitplatform.LazyLauncher.execute(LazyLauncher.java:55)\n\tat org.apache.maven.surefire.junitplatform.JUnitPlatformProvider.execute(JUnitPlatformProvider.java:223)\n\tat org.apache.maven.surefire.junitplatform.JUnitPlatformProvider.invokeAllTests(JUnitPlatformProvider.java:175)\n\tat org.apache.maven.surefire.junitplatform.JUnitPlatformProvider.invoke(JUnitPlatformProvider.java:139)\n\tat org.apache.maven.surefire.booter.ForkedBooter.runSuitesInProcess(ForkedBooter.java:456)\n\tat org.apache.maven.surefire.booter.ForkedBooter.execute(ForkedBooter.java:169)\n\tat org.apache.maven.surefire.booter.ForkedBooter.run(ForkedBooter.java:595)\n\tat org.apache.maven.surefire.booter.ForkedBooter.main(ForkedBooter.java:581)\nCaused by: org.springframework.beans.factory.BeanDefinitionStoreException: Failed to parse configuration class [com.swifteats.tracking.query.TrackingQueryApplication]\n\tat org.springframework.context.annotation.ConfigurationClassParser.parse(ConfigurationClassParser.java:194)\n\tat org.springframework.context.annotation.ConfigurationClassPostProcessor.processConfigBeanDefinitions(ConfigurationClassPostProcessor.java:418)\n\tat org.springframework.context.annotation.ConfigurationClassPostProcessor.postProcessBeanDefinitionRegistry(ConfigurationClassPostProcessor.java:290)\n\tat org.springframework.context.support.PostProcessorRegistrationDelegate.invokeBeanDefinitionRegistryPostProcessors(PostProcessorRegistrationDelegate.java:349)\n\tat org.springframework.context.support.PostProcessorRegistrationDelegate.invokeBeanFactoryPostProcessors(PostProcessorRegistrationDelegate.java:118)\n\tat org.springframework.context.support.AbstractApplicationContext.invokeBeanFactoryPostProcessors(AbstractApplicationContext.java:791)\n\tat org.springframework.context.support.AbstractApplicationContext.refresh(AbstractApplicationContext.java:609)\n\tat org.springframework.boot.web.servlet.context.ServletWebServerApplicationContext.refresh(ServletWebServerApplicationContext.java:146)\n\tat org.springframework.boot.SpringApplication.refresh(SpringApplication.java:752)\n\tat org.springframework.boot.SpringApplication.refreshContext(SpringApplication.java:439)\n\tat org.springframework.boot.SpringApplication.run(SpringApplication.java:318)\n\tat org.springframework.boot.test.context.SpringBootContextLoader.lambda$loadContext$3(SpringBootContextLoader.java:144)\n\tat org.springframework.util.function.ThrowingSupplier.get(ThrowingSupplier.java:58)\n\tat org.springframework.util.function.ThrowingSupplier.get(ThrowingSupplier.java:46)\n\tat org.springframework.boot.SpringApplication.withHook(SpringApplication.java:1461)\n\tat org.springframework.boot.test.context.SpringBootContextLoader$ContextLoaderHook.run(SpringBootContextLoader.java:563)\n\tat org.springframework.boot.test.context.SpringBootContextLoader.loadContext(SpringBootContextLoader.java:144)\n\tat org.springframework.boot.test.context.SpringBootContextLoader.loadContext(SpringBootContextLoader.java:110)\n\tat org.springframework.test.context.cache.DefaultCacheAwareContextLoaderDelegate.loadContextInternal(DefaultCacheAwareContextLoaderDelegate.java:225)\n\tat org.springframework.test.context.cache.DefaultCacheAwareContextLoaderDelegate.loadContext(DefaultCacheAwareContextLoaderDelegate.java:152)\n\t... 79 common frames omitted\nCaused by: org.springframework.context.annotation.ConflictingBeanDefinitionException: Annotation-specified bean name 'trackingQuerySseController' for bean class [com.swifteats.tracking.query.controller.TrackingQuerySseController] conflicts with existing, non-compatible bean definition of same name and class [com.swifteats.tracking.query.TrackingQuerySseController]\n\tat org.springframework.context.annotation.ClassPathBeanDefinitionScanner.checkCandidate(ClassPathBeanDefinitionScanner.java:361)\n\tat org.springframework.context.annotation.ClassPathBeanDefinitionScanner.doScan(ClassPathBeanDefinitionScanner.java:288)\n\tat org.springframework.context.annotation.ComponentScanAnnotationParser.parse(ComponentScanAnnotationParser.java:128)\n\tat org.springframework.context.annotation.ConfigurationClassParser.doProcessConfigurationClass(ConfigurationClassParser.java:346)\n\tat org.springframework.context.annotation.ConfigurationClassParser.processConfigurationClass(ConfigurationClassParser.java:281)\n\tat org.springframework.context.annotation.ConfigurationClassParser.parse(ConfigurationClassParser.java:204)\n\tat org.springframework.context.annotation.ConfigurationClassParser.parse(ConfigurationClassParser.java:172)\n\t... 98 common frames omitted\n"}
2025-08-18T23:21:36.637+05:30  WARN 12113 --- [tracking-query-service] [           main] o.s.test.context.TestContextManager      : Caught exception while allowing TestExecutionListener [org.springframework.test.context.support.DependencyInjectionTestExecutionListener] to prepare test instance [com.swifteats.tracking.query.TrackingQueryIntegrationTest@6ca97ddf]

java.lang.IllegalStateException: ApplicationContext failure threshold (1) exceeded: skipping repeated attempt to load context for [WebMergedContextConfiguration@9c40f43 testClass = com.swifteats.tracking.query.TrackingQueryIntegrationTest, locations = [], classes = [com.swifteats.tracking.query.TrackingQueryApplication], contextInitializerClasses = [], activeProfiles = [], propertySourceDescriptors = [], propertySourceProperties = ["org.springframework.boot.test.context.SpringBootTestContextBootstrapper=true", "server.port=0"], contextCustomizers = [org.springframework.boot.test.context.filter.ExcludeFilterContextCustomizer@48b67364, org.springframework.boot.test.json.DuplicateJsonObjectContextCustomizerFactory$DuplicateJsonObjectContextCustomizer@42e25b0b, org.springframework.boot.test.mock.mockito.MockitoContextCustomizer@0, org.springframework.boot.test.web.client.TestRestTemplateContextCustomizer@16f62062, org.springframework.boot.test.web.reactive.server.WebTestClientContextCustomizer@13e5b262, org.springframework.boot.test.web.reactor.netty.DisableReactorResourceFactoryGlobalResourcesContextCustomizerFactory$DisableReactorResourceFactoryGlobalResourcesContextCustomizerCustomizer@4e07b95f, org.springframework.boot.test.autoconfigure.OnFailureConditionReportContextCustomizerFactory$OnFailureConditionReportContextCustomizer@3b79fd76, org.springframework.boot.test.autoconfigure.actuate.observability.ObservabilityContextCustomizerFactory$DisableObservabilityContextCustomizer@1f, org.springframework.boot.test.autoconfigure.properties.PropertyMappingContextCustomizer@0, org.springframework.boot.test.autoconfigure.web.servlet.WebDriverContextCustomizer@6304101a, org.springframework.test.context.support.DynamicPropertiesContextCustomizer@0, org.springframework.boot.test.context.SpringBootTestAnnotation@5798e317], resourceBasePath = "src/main/webapp", contextLoader = org.springframework.boot.test.context.SpringBootContextLoader, parent = null]
	at org.springframework.test.context.cache.DefaultCacheAwareContextLoaderDelegate.loadContext(DefaultCacheAwareContextLoaderDelegate.java:145)
	at org.springframework.test.context.support.DefaultTestContext.getApplicationContext(DefaultTestContext.java:130)
	at org.springframework.test.context.support.DependencyInjectionTestExecutionListener.injectDependencies(DependencyInjectionTestExecutionListener.java:155)
	at org.springframework.test.context.support.DependencyInjectionTestExecutionListener.prepareTestInstance(DependencyInjectionTestExecutionListener.java:111)
	at org.springframework.test.context.TestContextManager.prepareTestInstance(TestContextManager.java:260)
	at org.springframework.test.context.junit.jupiter.SpringExtension.postProcessTestInstance(SpringExtension.java:159)
	at org.junit.jupiter.engine.descriptor.ClassBasedTestDescriptor.lambda$invokeTestInstancePostProcessors$10(ClassBasedTestDescriptor.java:383)
	at org.junit.jupiter.engine.descriptor.ClassBasedTestDescriptor.executeAndMaskThrowable(ClassBasedTestDescriptor.java:388)
	at org.junit.jupiter.engine.descriptor.ClassBasedTestDescriptor.lambda$invokeTestInstancePostProcessors$11(ClassBasedTestDescriptor.java:382)
	at java.base/java.util.stream.ForEachOps$ForEachOp$OfRef.accept(ForEachOps.java:184)
	at java.base/java.util.stream.ReferencePipeline$3$1.accept(ReferencePipeline.java:197)
	at java.base/java.util.stream.ReferencePipeline$2$1.accept(ReferencePipeline.java:179)
	at java.base/java.util.stream.ReferencePipeline$3$1.accept(ReferencePipeline.java:197)
	at java.base/java.util.ArrayList$ArrayListSpliterator.forEachRemaining(ArrayList.java:1708)
	at java.base/java.util.stream.AbstractPipeline.copyInto(AbstractPipeline.java:509)
	at java.base/java.util.stream.AbstractPipeline.wrapAndCopyInto(AbstractPipeline.java:499)
	at java.base/java.util.stream.ForEachOps$ForEachOp.evaluateSequential(ForEachOps.java:151)
	at java.base/java.util.stream.ForEachOps$ForEachOp$OfRef.evaluateSequential(ForEachOps.java:174)
	at java.base/java.util.stream.AbstractPipeline.evaluate(AbstractPipeline.java:234)
	at java.base/java.util.stream.ReferencePipeline.forEach(ReferencePipeline.java:596)
	at org.junit.jupiter.engine.descriptor.ClassBasedTestDescriptor.invokeTestInstancePostProcessors(ClassBasedTestDescriptor.java:382)
	at org.junit.jupiter.engine.descriptor.ClassBasedTestDescriptor.lambda$instantiateAndPostProcessTestInstance$6(ClassBasedTestDescriptor.java:293)
	at org.junit.platform.engine.support.hierarchical.ThrowableCollector.execute(ThrowableCollector.java:73)
	at org.junit.jupiter.engine.descriptor.ClassBasedTestDescriptor.instantiateAndPostProcessTestInstance(ClassBasedTestDescriptor.java:292)
	at org.junit.jupiter.engine.descriptor.ClassBasedTestDescriptor.lambda$testInstancesProvider$4(ClassBasedTestDescriptor.java:281)
	at java.base/java.util.Optional.orElseGet(Optional.java:364)
	at org.junit.jupiter.engine.descriptor.ClassBasedTestDescriptor.lambda$testInstancesProvider$5(ClassBasedTestDescriptor.java:280)
	at org.junit.jupiter.engine.execution.TestInstancesProvider.getTestInstances(TestInstancesProvider.java:27)
	at org.junit.jupiter.engine.descriptor.TestMethodTestDescriptor.lambda$prepare$0(TestMethodTestDescriptor.java:112)
	at org.junit.platform.engine.support.hierarchical.ThrowableCollector.execute(ThrowableCollector.java:73)
	at org.junit.jupiter.engine.descriptor.TestMethodTestDescriptor.prepare(TestMethodTestDescriptor.java:111)
	at org.junit.jupiter.engine.descriptor.TestMethodTestDescriptor.prepare(TestMethodTestDescriptor.java:69)
	at org.junit.platform.engine.support.hierarchical.NodeTestTask.lambda$prepare$2(NodeTestTask.java:128)
	at org.junit.platform.engine.support.hierarchical.ThrowableCollector.execute(ThrowableCollector.java:73)
	at org.junit.platform.engine.support.hierarchical.NodeTestTask.prepare(NodeTestTask.java:128)
	at org.junit.platform.engine.support.hierarchical.NodeTestTask.execute(NodeTestTask.java:95)
	at java.base/java.util.ArrayList.forEach(ArrayList.java:1596)
	at org.junit.platform.engine.support.hierarchical.SameThreadHierarchicalTestExecutorService.invokeAll(SameThreadHierarchicalTestExecutorService.java:41)
	at org.junit.platform.engine.support.hierarchical.NodeTestTask.lambda$executeRecursively$6(NodeTestTask.java:160)
	at org.junit.platform.engine.support.hierarchical.ThrowableCollector.execute(ThrowableCollector.java:73)
	at org.junit.platform.engine.support.hierarchical.NodeTestTask.lambda$executeRecursively$8(NodeTestTask.java:146)
	at org.junit.platform.engine.support.hierarchical.Node.around(Node.java:137)
	at org.junit.platform.engine.support.hierarchical.NodeTestTask.lambda$executeRecursively$9(NodeTestTask.java:144)
	at org.junit.platform.engine.support.hierarchical.ThrowableCollector.execute(ThrowableCollector.java:73)
	at org.junit.platform.engine.support.hierarchical.NodeTestTask.executeRecursively(NodeTestTask.java:143)
	at org.junit.platform.engine.support.hierarchical.NodeTestTask.execute(NodeTestTask.java:100)
	at java.base/java.util.ArrayList.forEach(ArrayList.java:1596)
	at org.junit.platform.engine.support.hierarchical.SameThreadHierarchicalTestExecutorService.invokeAll(SameThreadHierarchicalTestExecutorService.java:41)
	at org.junit.platform.engine.support.hierarchical.NodeTestTask.lambda$executeRecursively$6(NodeTestTask.java:160)
	at org.junit.platform.engine.support.hierarchical.ThrowableCollector.execute(ThrowableCollector.java:73)
	at org.junit.platform.engine.support.hierarchical.NodeTestTask.lambda$executeRecursively$8(NodeTestTask.java:146)
	at org.junit.platform.engine.support.hierarchical.Node.around(Node.java:137)
	at org.junit.platform.engine.support.hierarchical.NodeTestTask.lambda$executeRecursively$9(NodeTestTask.java:144)
	at org.junit.platform.engine.support.hierarchical.ThrowableCollector.execute(ThrowableCollector.java:73)
	at org.junit.platform.engine.support.hierarchical.NodeTestTask.executeRecursively(NodeTestTask.java:143)
	at org.junit.platform.engine.support.hierarchical.NodeTestTask.execute(NodeTestTask.java:100)
	at org.junit.platform.engine.support.hierarchical.SameThreadHierarchicalTestExecutorService.submit(SameThreadHierarchicalTestExecutorService.java:35)
	at org.junit.platform.engine.support.hierarchical.HierarchicalTestExecutor.execute(HierarchicalTestExecutor.java:57)
	at org.junit.platform.engine.support.hierarchical.HierarchicalTestEngine.execute(HierarchicalTestEngine.java:54)
	at org.junit.platform.launcher.core.EngineExecutionOrchestrator.execute(EngineExecutionOrchestrator.java:201)
	at org.junit.platform.launcher.core.EngineExecutionOrchestrator.execute(EngineExecutionOrchestrator.java:170)
	at org.junit.platform.launcher.core.EngineExecutionOrchestrator.execute(EngineExecutionOrchestrator.java:94)
	at org.junit.platform.launcher.core.EngineExecutionOrchestrator.lambda$execute$0(EngineExecutionOrchestrator.java:59)
	at org.junit.platform.launcher.core.EngineExecutionOrchestrator.withInterceptedStreams(EngineExecutionOrchestrator.java:142)
	at org.junit.platform.launcher.core.EngineExecutionOrchestrator.execute(EngineExecutionOrchestrator.java:58)
	at org.junit.platform.launcher.core.DefaultLauncher.execute(DefaultLauncher.java:103)
	at org.junit.platform.launcher.core.DefaultLauncher.execute(DefaultLauncher.java:85)
	at org.junit.platform.launcher.core.DelegatingLauncher.execute(DelegatingLauncher.java:47)
	at org.junit.platform.launcher.core.InterceptingLauncher.lambda$execute$1(InterceptingLauncher.java:39)
	at org.junit.platform.launcher.core.ClasspathAlignmentCheckingLauncherInterceptor.intercept(ClasspathAlignmentCheckingLauncherInterceptor.java:25)
	at org.junit.platform.launcher.core.InterceptingLauncher.execute(InterceptingLauncher.java:38)
	at org.junit.platform.launcher.core.DelegatingLauncher.execute(DelegatingLauncher.java:47)
	at org.apache.maven.surefire.junitplatform.LazyLauncher.execute(LazyLauncher.java:55)
	at org.apache.maven.surefire.junitplatform.JUnitPlatformProvider.execute(JUnitPlatformProvider.java:223)
	at org.apache.maven.surefire.junitplatform.JUnitPlatformProvider.invokeAllTests(JUnitPlatformProvider.java:175)
	at org.apache.maven.surefire.junitplatform.JUnitPlatformProvider.invoke(JUnitPlatformProvider.java:139)
	at org.apache.maven.surefire.booter.ForkedBooter.runSuitesInProcess(ForkedBooter.java:456)
	at org.apache.maven.surefire.booter.ForkedBooter.execute(ForkedBooter.java:169)
	at org.apache.maven.surefire.booter.ForkedBooter.run(ForkedBooter.java:595)
	at org.apache.maven.surefire.booter.ForkedBooter.main(ForkedBooter.java:581)

{"@timestamp":"2025-08-18T23:21:36.637305+05:30","@version":"1","message":"Caught exception while allowing TestExecutionListener [org.springframework.test.context.support.DependencyInjectionTestExecutionListener] to prepare test instance [com.swifteats.tracking.query.TrackingQueryIntegrationTest@6ca97ddf]","logger_name":"org.springframework.test.context.TestContextManager","thread_name":"main","level":"WARN","stack_trace":"java.lang.IllegalStateException: ApplicationContext failure threshold (1) exceeded: skipping repeated attempt to load context for [WebMergedContextConfiguration@9c40f43 testClass = com.swifteats.tracking.query.TrackingQueryIntegrationTest, locations = [], classes = [com.swifteats.tracking.query.TrackingQueryApplication], contextInitializerClasses = [], activeProfiles = [], propertySourceDescriptors = [], propertySourceProperties = [\"org.springframework.boot.test.context.SpringBootTestContextBootstrapper=true\", \"server.port=0\"], contextCustomizers = [org.springframework.boot.test.context.filter.ExcludeFilterContextCustomizer@48b67364, org.springframework.boot.test.json.DuplicateJsonObjectContextCustomizerFactory$DuplicateJsonObjectContextCustomizer@42e25b0b, org.springframework.boot.test.mock.mockito.MockitoContextCustomizer@0, org.springframework.boot.test.web.client.TestRestTemplateContextCustomizer@16f62062, org.springframework.boot.test.web.reactive.server.WebTestClientContextCustomizer@13e5b262, org.springframework.boot.test.web.reactor.netty.DisableReactorResourceFactoryGlobalResourcesContextCustomizerFactory$DisableReactorResourceFactoryGlobalResourcesContextCustomizerCustomizer@4e07b95f, org.springframework.boot.test.autoconfigure.OnFailureConditionReportContextCustomizerFactory$OnFailureConditionReportContextCustomizer@3b79fd76, org.springframework.boot.test.autoconfigure.actuate.observability.ObservabilityContextCustomizerFactory$DisableObservabilityContextCustomizer@1f, org.springframework.boot.test.autoconfigure.properties.PropertyMappingContextCustomizer@0, org.springframework.boot.test.autoconfigure.web.servlet.WebDriverContextCustomizer@6304101a, org.springframework.test.context.support.DynamicPropertiesContextCustomizer@0, org.springframework.boot.test.context.SpringBootTestAnnotation@5798e317], resourceBasePath = \"src/main/webapp\", contextLoader = org.springframework.boot.test.context.SpringBootContextLoader, parent = null]\n\tat org.springframework.test.context.cache.DefaultCacheAwareContextLoaderDelegate.loadContext(DefaultCacheAwareContextLoaderDelegate.java:145)\n\tat org.springframework.test.context.support.DefaultTestContext.getApplicationContext(DefaultTestContext.java:130)\n\tat org.springframework.test.context.support.DependencyInjectionTestExecutionListener.injectDependencies(DependencyInjectionTestExecutionListener.java:155)\n\tat org.springframework.test.context.support.DependencyInjectionTestExecutionListener.prepareTestInstance(DependencyInjectionTestExecutionListener.java:111)\n\tat org.springframework.test.context.TestContextManager.prepareTestInstance(TestContextManager.java:260)\n\tat org.springframework.test.context.junit.jupiter.SpringExtension.postProcessTestInstance(SpringExtension.java:159)\n\tat org.junit.jupiter.engine.descriptor.ClassBasedTestDescriptor.lambda$invokeTestInstancePostProcessors$10(ClassBasedTestDescriptor.java:383)\n\tat org.junit.jupiter.engine.descriptor.ClassBasedTestDescriptor.executeAndMaskThrowable(ClassBasedTestDescriptor.java:388)\n\tat org.junit.jupiter.engine.descriptor.ClassBasedTestDescriptor.lambda$invokeTestInstancePostProcessors$11(ClassBasedTestDescriptor.java:382)\n\tat java.base/java.util.stream.ForEachOps$ForEachOp$OfRef.accept(ForEachOps.java:184)\n\tat java.base/java.util.stream.ReferencePipeline$3$1.accept(ReferencePipeline.java:197)\n\tat java.base/java.util.stream.ReferencePipeline$2$1.accept(ReferencePipeline.java:179)\n\tat java.base/java.util.stream.ReferencePipeline$3$1.accept(ReferencePipeline.java:197)\n\tat java.base/java.util.ArrayList$ArrayListSpliterator.forEachRemaining(ArrayList.java:1708)\n\tat java.base/java.util.stream.AbstractPipeline.copyInto(AbstractPipeline.java:509)\n\tat java.base/java.util.stream.AbstractPipeline.wrapAndCopyInto(AbstractPipeline.java:499)\n\tat java.base/java.util.stream.ForEachOps$ForEachOp.evaluateSequential(ForEachOps.java:151)\n\tat java.base/java.util.stream.ForEachOps$ForEachOp$OfRef.evaluateSequential(ForEachOps.java:174)\n\tat java.base/java.util.stream.AbstractPipeline.evaluate(AbstractPipeline.java:234)\n\tat java.base/java.util.stream.ReferencePipeline.forEach(ReferencePipeline.java:596)\n\tat org.junit.jupiter.engine.descriptor.ClassBasedTestDescriptor.invokeTestInstancePostProcessors(ClassBasedTestDescriptor.java:382)\n\tat org.junit.jupiter.engine.descriptor.ClassBasedTestDescriptor.lambda$instantiateAndPostProcessTestInstance$6(ClassBasedTestDescriptor.java:293)\n\tat org.junit.platform.engine.support.hierarchical.ThrowableCollector.execute(ThrowableCollector.java:73)\n\tat org.junit.jupiter.engine.descriptor.ClassBasedTestDescriptor.instantiateAndPostProcessTestInstance(ClassBasedTestDescriptor.java:292)\n\tat org.junit.jupiter.engine.descriptor.ClassBasedTestDescriptor.lambda$testInstancesProvider$4(ClassBasedTestDescriptor.java:281)\n\tat java.base/java.util.Optional.orElseGet(Optional.java:364)\n\tat org.junit.jupiter.engine.descriptor.ClassBasedTestDescriptor.lambda$testInstancesProvider$5(ClassBasedTestDescriptor.java:280)\n\tat org.junit.jupiter.engine.execution.TestInstancesProvider.getTestInstances(TestInstancesProvider.java:27)\n\tat org.junit.jupiter.engine.descriptor.TestMethodTestDescriptor.lambda$prepare$0(TestMethodTestDescriptor.java:112)\n\tat org.junit.platform.engine.support.hierarchical.ThrowableCollector.execute(ThrowableCollector.java:73)\n\tat org.junit.jupiter.engine.descriptor.TestMethodTestDescriptor.prepare(TestMethodTestDescriptor.java:111)\n\tat org.junit.jupiter.engine.descriptor.TestMethodTestDescriptor.prepare(TestMethodTestDescriptor.java:69)\n\tat org.junit.platform.engine.support.hierarchical.NodeTestTask.lambda$prepare$2(NodeTestTask.java:128)\n\tat org.junit.platform.engine.support.hierarchical.ThrowableCollector.execute(ThrowableCollector.java:73)\n\tat org.junit.platform.engine.support.hierarchical.NodeTestTask.prepare(NodeTestTask.java:128)\n\tat org.junit.platform.engine.support.hierarchical.NodeTestTask.execute(NodeTestTask.java:95)\n\tat java.base/java.util.ArrayList.forEach(ArrayList.java:1596)\n\tat org.junit.platform.engine.support.hierarchical.SameThreadHierarchicalTestExecutorService.invokeAll(SameThreadHierarchicalTestExecutorService.java:41)\n\tat org.junit.platform.engine.support.hierarchical.NodeTestTask.lambda$executeRecursively$6(NodeTestTask.java:160)\n\tat org.junit.platform.engine.support.hierarchical.ThrowableCollector.execute(ThrowableCollector.java:73)\n\tat org.junit.platform.engine.support.hierarchical.NodeTestTask.lambda$executeRecursively$8(NodeTestTask.java:146)\n\tat org.junit.platform.engine.support.hierarchical.Node.around(Node.java:137)\n\tat org.junit.platform.engine.support.hierarchical.NodeTestTask.lambda$executeRecursively$9(NodeTestTask.java:144)\n\tat org.junit.platform.engine.support.hierarchical.ThrowableCollector.execute(ThrowableCollector.java:73)\n\tat org.junit.platform.engine.support.hierarchical.NodeTestTask.executeRecursively(NodeTestTask.java:143)\n\tat org.junit.platform.engine.support.hierarchical.NodeTestTask.execute(NodeTestTask.java:100)\n\tat java.base/java.util.ArrayList.forEach(ArrayList.java:1596)\n\tat org.junit.platform.engine.support.hierarchical.SameThreadHierarchicalTestExecutorService.invokeAll(SameThreadHierarchicalTestExecutorService.java:41)\n\tat org.junit.platform.engine.support.hierarchical.NodeTestTask.lambda$executeRecursively$6(NodeTestTask.java:160)\n\tat org.junit.platform.engine.support.hierarchical.ThrowableCollector.execute(ThrowableCollector.java:73)\n\tat org.junit.platform.engine.support.hierarchical.NodeTestTask.lambda$executeRecursively$8(NodeTestTask.java:146)\n\tat org.junit.platform.engine.support.hierarchical.Node.around(Node.java:137)\n\tat org.junit.platform.engine.support.hierarchical.NodeTestTask.lambda$executeRecursively$9(NodeTestTask.java:144)\n\tat org.junit.platform.engine.support.hierarchical.ThrowableCollector.execute(ThrowableCollector.java:73)\n\tat org.junit.platform.engine.support.hierarchical.NodeTestTask.executeRecursively(NodeTestTask.java:143)\n\tat org.junit.platform.engine.support.hierarchical.NodeTestTask.execute(NodeTestTask.java:100)\n\tat org.junit.platform.engine.support.hierarchical.SameThreadHierarchicalTestExecutorService.submit(SameThreadHierarchicalTestExecutorService.java:35)\n\tat org.junit.platform.engine.support.hierarchical.HierarchicalTestExecutor.execute(HierarchicalTestExecutor.java:57)\n\tat org.junit.platform.engine.support.hierarchical.HierarchicalTestEngine.execute(HierarchicalTestEngine.java:54)\n\tat org.junit.platform.launcher.core.EngineExecutionOrchestrator.execute(EngineExecutionOrchestrator.java:201)\n\tat org.junit.platform.launcher.core.EngineExecutionOrchestrator.execute(EngineExecutionOrchestrator.java:170)\n\tat org.junit.platform.launcher.core.EngineExecutionOrchestrator.execute(EngineExecutionOrchestrator.java:94)\n\tat org.junit.platform.launcher.core.EngineExecutionOrchestrator.lambda$execute$0(EngineExecutionOrchestrator.java:59)\n\tat org.junit.platform.launcher.core.EngineExecutionOrchestrator.withInterceptedStreams(EngineExecutionOrchestrator.java:142)\n\tat org.junit.platform.launcher.core.EngineExecutionOrchestrator.execute(EngineExecutionOrchestrator.java:58)\n\tat org.junit.platform.launcher.core.DefaultLauncher.execute(DefaultLauncher.java:103)\n\tat org.junit.platform.launcher.core.DefaultLauncher.execute(DefaultLauncher.java:85)\n\tat org.junit.platform.launcher.core.DelegatingLauncher.execute(DelegatingLauncher.java:47)\n\tat org.junit.platform.launcher.core.InterceptingLauncher.lambda$execute$1(InterceptingLauncher.java:39)\n\tat org.junit.platform.launcher.core.ClasspathAlignmentCheckingLauncherInterceptor.intercept(ClasspathAlignmentCheckingLauncherInterceptor.java:25)\n\tat org.junit.platform.launcher.core.InterceptingLauncher.execute(InterceptingLauncher.java:38)\n\tat org.junit.platform.launcher.core.DelegatingLauncher.execute(DelegatingLauncher.java:47)\n\tat org.apache.maven.surefire.junitplatform.LazyLauncher.execute(LazyLauncher.java:55)\n\tat org.apache.maven.surefire.junitplatform.JUnitPlatformProvider.execute(JUnitPlatformProvider.java:223)\n\tat org.apache.maven.surefire.junitplatform.JUnitPlatformProvider.invokeAllTests(JUnitPlatformProvider.java:175)\n\tat org.apache.maven.surefire.junitplatform.JUnitPlatformProvider.invoke(JUnitPlatformProvider.java:139)\n\tat org.apache.maven.surefire.booter.ForkedBooter.runSuitesInProcess(ForkedBooter.java:456)\n\tat org.apache.maven.surefire.booter.ForkedBooter.execute(ForkedBooter.java:169)\n\tat org.apache.maven.surefire.booter.ForkedBooter.run(ForkedBooter.java:595)\n\tat org.apache.maven.surefire.booter.ForkedBooter.main(ForkedBooter.java:581)\n"}
[[1;31mERROR[m] [1;31mTests [0;1mrun: [0;1m2[m, Failures: 0, [1;31mErrors: [0;1;31m2[m, Skipped: 0, Time elapsed: 1.2 s[1;31m <<< FAILURE![m - in com.swifteats.tracking.query.[1mTrackingQueryIntegrationTest[m
[[1;31mERROR[m] com.swifteats.tracking.query.TrackingQueryIntegrationTest.pingAvailable  Time elapsed: 0.002 s  <<< ERROR!
java.lang.IllegalStateException: Failed to load ApplicationContext for [WebMergedContextConfiguration@9c40f43 testClass = com.swifteats.tracking.query.TrackingQueryIntegrationTest, locations = [], classes = [com.swifteats.tracking.query.TrackingQueryApplication], contextInitializerClasses = [], activeProfiles = [], propertySourceDescriptors = [], propertySourceProperties = ["org.springframework.boot.test.context.SpringBootTestContextBootstrapper=true", "server.port=0"], contextCustomizers = [org.springframework.boot.test.context.filter.ExcludeFilterContextCustomizer@48b67364, org.springframework.boot.test.json.DuplicateJsonObjectContextCustomizerFactory$DuplicateJsonObjectContextCustomizer@42e25b0b, org.springframework.boot.test.mock.mockito.MockitoContextCustomizer@0, org.springframework.boot.test.web.client.TestRestTemplateContextCustomizer@16f62062, org.springframework.boot.test.web.reactive.server.WebTestClientContextCustomizer@13e5b262, org.springframework.boot.test.web.reactor.netty.DisableReactorResourceFactoryGlobalResourcesContextCustomizerFactory$DisableReactorResourceFactoryGlobalResourcesContextCustomizerCustomizer@4e07b95f, org.springframework.boot.test.autoconfigure.OnFailureConditionReportContextCustomizerFactory$OnFailureConditionReportContextCustomizer@3b79fd76, org.springframework.boot.test.autoconfigure.actuate.observability.ObservabilityContextCustomizerFactory$DisableObservabilityContextCustomizer@1f, org.springframework.boot.test.autoconfigure.properties.PropertyMappingContextCustomizer@0, org.springframework.boot.test.autoconfigure.web.servlet.WebDriverContextCustomizer@6304101a, org.springframework.test.context.support.DynamicPropertiesContextCustomizer@0, org.springframework.boot.test.context.SpringBootTestAnnotation@5798e317], resourceBasePath = "src/main/webapp", contextLoader = org.springframework.boot.test.context.SpringBootContextLoader, parent = null]
	at org.springframework.test.context.cache.DefaultCacheAwareContextLoaderDelegate.loadContext(DefaultCacheAwareContextLoaderDelegate.java:180)
	at org.springframework.test.context.support.DefaultTestContext.getApplicationContext(DefaultTestContext.java:130)
	at org.springframework.test.context.support.DependencyInjectionTestExecutionListener.injectDependencies(DependencyInjectionTestExecutionListener.java:155)
	at org.springframework.test.context.support.DependencyInjectionTestExecutionListener.prepareTestInstance(DependencyInjectionTestExecutionListener.java:111)
	at org.springframework.test.context.TestContextManager.prepareTestInstance(TestContextManager.java:260)
	at org.springframework.test.context.junit.jupiter.SpringExtension.postProcessTestInstance(SpringExtension.java:159)
	at java.base/java.util.stream.ForEachOps$ForEachOp$OfRef.accept(ForEachOps.java:184)
	at java.base/java.util.stream.ReferencePipeline$3$1.accept(ReferencePipeline.java:197)
	at java.base/java.util.stream.ReferencePipeline$2$1.accept(ReferencePipeline.java:179)
	at java.base/java.util.stream.ReferencePipeline$3$1.accept(ReferencePipeline.java:197)
	at java.base/java.util.ArrayList$ArrayListSpliterator.forEachRemaining(ArrayList.java:1708)
	at java.base/java.util.stream.AbstractPipeline.copyInto(AbstractPipeline.java:509)
	at java.base/java.util.stream.AbstractPipeline.wrapAndCopyInto(AbstractPipeline.java:499)
	at java.base/java.util.stream.ForEachOps$ForEachOp.evaluateSequential(ForEachOps.java:151)
	at java.base/java.util.stream.ForEachOps$ForEachOp$OfRef.evaluateSequential(ForEachOps.java:174)
	at java.base/java.util.stream.AbstractPipeline.evaluate(AbstractPipeline.java:234)
	at java.base/java.util.stream.ReferencePipeline.forEach(ReferencePipeline.java:596)
	at java.base/java.util.Optional.orElseGet(Optional.java:364)
	at java.base/java.util.ArrayList.forEach(ArrayList.java:1596)
	at java.base/java.util.ArrayList.forEach(ArrayList.java:1596)
Caused by: org.springframework.beans.factory.BeanDefinitionStoreException: Failed to parse configuration class [com.swifteats.tracking.query.TrackingQueryApplication]
	at org.springframework.context.annotation.ConfigurationClassParser.parse(ConfigurationClassParser.java:194)
	at org.springframework.context.annotation.ConfigurationClassPostProcessor.processConfigBeanDefinitions(ConfigurationClassPostProcessor.java:418)
	at org.springframework.context.annotation.ConfigurationClassPostProcessor.postProcessBeanDefinitionRegistry(ConfigurationClassPostProcessor.java:290)
	at org.springframework.context.support.PostProcessorRegistrationDelegate.invokeBeanDefinitionRegistryPostProcessors(PostProcessorRegistrationDelegate.java:349)
	at org.springframework.context.support.PostProcessorRegistrationDelegate.invokeBeanFactoryPostProcessors(PostProcessorRegistrationDelegate.java:118)
	at org.springframework.context.support.AbstractApplicationContext.invokeBeanFactoryPostProcessors(AbstractApplicationContext.java:791)
	at org.springframework.context.support.AbstractApplicationContext.refresh(AbstractApplicationContext.java:609)
	at org.springframework.boot.web.servlet.context.ServletWebServerApplicationContext.refresh(ServletWebServerApplicationContext.java:146)
	at org.springframework.boot.SpringApplication.refresh(SpringApplication.java:752)
	at org.springframework.boot.SpringApplication.refreshContext(SpringApplication.java:439)
	at org.springframework.boot.SpringApplication.run(SpringApplication.java:318)
	at org.springframework.boot.test.context.SpringBootContextLoader.lambda$loadContext$3(SpringBootContextLoader.java:144)
	at org.springframework.util.function.ThrowingSupplier.get(ThrowingSupplier.java:58)
	at org.springframework.util.function.ThrowingSupplier.get(ThrowingSupplier.java:46)
	at org.springframework.boot.SpringApplication.withHook(SpringApplication.java:1461)
	at org.springframework.boot.test.context.SpringBootContextLoader$ContextLoaderHook.run(SpringBootContextLoader.java:563)
	at org.springframework.boot.test.context.SpringBootContextLoader.loadContext(SpringBootContextLoader.java:144)
	at org.springframework.boot.test.context.SpringBootContextLoader.loadContext(SpringBootContextLoader.java:110)
	at org.springframework.test.context.cache.DefaultCacheAwareContextLoaderDelegate.loadContextInternal(DefaultCacheAwareContextLoaderDelegate.java:225)
	at org.springframework.test.context.cache.DefaultCacheAwareContextLoaderDelegate.loadContext(DefaultCacheAwareContextLoaderDelegate.java:152)
	... 19 more
Caused by: org.springframework.context.annotation.ConflictingBeanDefinitionException: Annotation-specified bean name 'trackingQuerySseController' for bean class [com.swifteats.tracking.query.controller.TrackingQuerySseController] conflicts with existing, non-compatible bean definition of same name and class [com.swifteats.tracking.query.TrackingQuerySseController]
	at org.springframework.context.annotation.ClassPathBeanDefinitionScanner.checkCandidate(ClassPathBeanDefinitionScanner.java:361)
	at org.springframework.context.annotation.ClassPathBeanDefinitionScanner.doScan(ClassPathBeanDefinitionScanner.java:288)
	at org.springframework.context.annotation.ComponentScanAnnotationParser.parse(ComponentScanAnnotationParser.java:128)
	at org.springframework.context.annotation.ConfigurationClassParser.doProcessConfigurationClass(ConfigurationClassParser.java:346)
	at org.springframework.context.annotation.ConfigurationClassParser.processConfigurationClass(ConfigurationClassParser.java:281)
	at org.springframework.context.annotation.ConfigurationClassParser.parse(ConfigurationClassParser.java:204)
	at org.springframework.context.annotation.ConfigurationClassParser.parse(ConfigurationClassParser.java:172)
	... 38 more

[[1;31mERROR[m] com.swifteats.tracking.query.TrackingQueryIntegrationTest.sseStreamReceivesValueFromRedis  Time elapsed: 0 s  <<< ERROR!
java.lang.IllegalStateException: ApplicationContext failure threshold (1) exceeded: skipping repeated attempt to load context for [WebMergedContextConfiguration@9c40f43 testClass = com.swifteats.tracking.query.TrackingQueryIntegrationTest, locations = [], classes = [com.swifteats.tracking.query.TrackingQueryApplication], contextInitializerClasses = [], activeProfiles = [], propertySourceDescriptors = [], propertySourceProperties = ["org.springframework.boot.test.context.SpringBootTestContextBootstrapper=true", "server.port=0"], contextCustomizers = [org.springframework.boot.test.context.filter.ExcludeFilterContextCustomizer@48b67364, org.springframework.boot.test.json.DuplicateJsonObjectContextCustomizerFactory$DuplicateJsonObjectContextCustomizer@42e25b0b, org.springframework.boot.test.mock.mockito.MockitoContextCustomizer@0, org.springframework.boot.test.web.client.TestRestTemplateContextCustomizer@16f62062, org.springframework.boot.test.web.reactive.server.WebTestClientContextCustomizer@13e5b262, org.springframework.boot.test.web.reactor.netty.DisableReactorResourceFactoryGlobalResourcesContextCustomizerFactory$DisableReactorResourceFactoryGlobalResourcesContextCustomizerCustomizer@4e07b95f, org.springframework.boot.test.autoconfigure.OnFailureConditionReportContextCustomizerFactory$OnFailureConditionReportContextCustomizer@3b79fd76, org.springframework.boot.test.autoconfigure.actuate.observability.ObservabilityContextCustomizerFactory$DisableObservabilityContextCustomizer@1f, org.springframework.boot.test.autoconfigure.properties.PropertyMappingContextCustomizer@0, org.springframework.boot.test.autoconfigure.web.servlet.WebDriverContextCustomizer@6304101a, org.springframework.test.context.support.DynamicPropertiesContextCustomizer@0, org.springframework.boot.test.context.SpringBootTestAnnotation@5798e317], resourceBasePath = "src/main/webapp", contextLoader = org.springframework.boot.test.context.SpringBootContextLoader, parent = null]
	at org.springframework.test.context.cache.DefaultCacheAwareContextLoaderDelegate.loadContext(DefaultCacheAwareContextLoaderDelegate.java:145)
	at org.springframework.test.context.support.DefaultTestContext.getApplicationContext(DefaultTestContext.java:130)
	at org.springframework.test.context.support.DependencyInjectionTestExecutionListener.injectDependencies(DependencyInjectionTestExecutionListener.java:155)
	at org.springframework.test.context.support.DependencyInjectionTestExecutionListener.prepareTestInstance(DependencyInjectionTestExecutionListener.java:111)
	at org.springframework.test.context.TestContextManager.prepareTestInstance(TestContextManager.java:260)
	at org.springframework.test.context.junit.jupiter.SpringExtension.postProcessTestInstance(SpringExtension.java:159)
	at java.base/java.util.stream.ForEachOps$ForEachOp$OfRef.accept(ForEachOps.java:184)
	at java.base/java.util.stream.ReferencePipeline$3$1.accept(ReferencePipeline.java:197)
	at java.base/java.util.stream.ReferencePipeline$2$1.accept(ReferencePipeline.java:179)
	at java.base/java.util.stream.ReferencePipeline$3$1.accept(ReferencePipeline.java:197)
	at java.base/java.util.ArrayList$ArrayListSpliterator.forEachRemaining(ArrayList.java:1708)
	at java.base/java.util.stream.AbstractPipeline.copyInto(AbstractPipeline.java:509)
	at java.base/java.util.stream.AbstractPipeline.wrapAndCopyInto(AbstractPipeline.java:499)
	at java.base/java.util.stream.ForEachOps$ForEachOp.evaluateSequential(ForEachOps.java:151)
	at java.base/java.util.stream.ForEachOps$ForEachOp$OfRef.evaluateSequential(ForEachOps.java:174)
	at java.base/java.util.stream.AbstractPipeline.evaluate(AbstractPipeline.java:234)
	at java.base/java.util.stream.ReferencePipeline.forEach(ReferencePipeline.java:596)
	at java.base/java.util.Optional.orElseGet(Optional.java:364)
	at java.base/java.util.ArrayList.forEach(ArrayList.java:1596)
	at java.base/java.util.ArrayList.forEach(ArrayList.java:1596)

[[1;34mINFO[m] 
[[1;34mINFO[m] Results:
[[1;34mINFO[m] 
[[1;31mERROR[m] [1;31mErrors: [m
[[1;31mERROR[m] [1;31m  TrackingQueryIntegrationTest.pingAvailable » IllegalState Failed to load ApplicationContext for [WebMergedContextConfiguration@9c40f43 testClass = com.swifteats.tracking.query.TrackingQueryIntegrationTest, locations = [], classes = [com.swifteats.tracking.query.TrackingQueryApplication], contextInitializerClasses = [], activeProfiles = [], propertySourceDescriptors = [], propertySourceProperties = ["org.springframework.boot.test.context.SpringBootTestContextBootstrapper=true", "server.port=0"], contextCustomizers = [org.springframework.boot.test.context.filter.ExcludeFilterContextCustomizer@48b67364, org.springframework.boot.test.json.DuplicateJsonObjectContextCustomizerFactory$DuplicateJsonObjectContextCustomizer@42e25b0b, org.springframework.boot.test.mock.mockito.MockitoContextCustomizer@0, org.springframework.boot.test.web.client.TestRestTemplateContextCustomizer@16f62062, org.springframework.boot.test.web.reactive.server.WebTestClientContextCustomizer@13e5b262, org.springframework.boot.test.web.reactor.netty.DisableReactorResourceFactoryGlobalResourcesContextCustomizerFactory$DisableReactorResourceFactoryGlobalResourcesContextCustomizerCustomizer@4e07b95f, org.springframework.boot.test.autoconfigure.OnFailureConditionReportContextCustomizerFactory$OnFailureConditionReportContextCustomizer@3b79fd76, org.springframework.boot.test.autoconfigure.actuate.observability.ObservabilityContextCustomizerFactory$DisableObservabilityContextCustomizer@1f, org.springframework.boot.test.autoconfigure.properties.PropertyMappingContextCustomizer@0, org.springframework.boot.test.autoconfigure.web.servlet.WebDriverContextCustomizer@6304101a, org.springframework.test.context.support.DynamicPropertiesContextCustomizer@0, org.springframework.boot.test.context.SpringBootTestAnnotation@5798e317], resourceBasePath = "src/main/webapp", contextLoader = org.springframework.boot.test.context.SpringBootContextLoader, parent = null][m
[[1;31mERROR[m] [1;31m  TrackingQueryIntegrationTest.sseStreamReceivesValueFromRedis » IllegalState ApplicationContext failure threshold (1) exceeded: skipping repeated attempt to load context for [WebMergedContextConfiguration@9c40f43 testClass = com.swifteats.tracking.query.TrackingQueryIntegrationTest, locations = [], classes = [com.swifteats.tracking.query.TrackingQueryApplication], contextInitializerClasses = [], activeProfiles = [], propertySourceDescriptors = [], propertySourceProperties = ["org.springframework.boot.test.context.SpringBootTestContextBootstrapper=true", "server.port=0"], contextCustomizers = [org.springframework.boot.test.context.filter.ExcludeFilterContextCustomizer@48b67364, org.springframework.boot.test.json.DuplicateJsonObjectContextCustomizerFactory$DuplicateJsonObjectContextCustomizer@42e25b0b, org.springframework.boot.test.mock.mockito.MockitoContextCustomizer@0, org.springframework.boot.test.web.client.TestRestTemplateContextCustomizer@16f62062, org.springframework.boot.test.web.reactive.server.WebTestClientContextCustomizer@13e5b262, org.springframework.boot.test.web.reactor.netty.DisableReactorResourceFactoryGlobalResourcesContextCustomizerFactory$DisableReactorResourceFactoryGlobalResourcesContextCustomizerCustomizer@4e07b95f, org.springframework.boot.test.autoconfigure.OnFailureConditionReportContextCustomizerFactory$OnFailureConditionReportContextCustomizer@3b79fd76, org.springframework.boot.test.autoconfigure.actuate.observability.ObservabilityContextCustomizerFactory$DisableObservabilityContextCustomizer@1f, org.springframework.boot.test.autoconfigure.properties.PropertyMappingContextCustomizer@0, org.springframework.boot.test.autoconfigure.web.servlet.WebDriverContextCustomizer@6304101a, org.springframework.test.context.support.DynamicPropertiesContextCustomizer@0, org.springframework.boot.test.context.SpringBootTestAnnotation@5798e317], resourceBasePath = "src/main/webapp", contextLoader = org.springframework.boot.test.context.SpringBootContextLoader, parent = null][m
[[1;34mINFO[m] 
[[1;31mERROR[m] [1;31mTests run: 3, Failures: 0, Errors: 2, Skipped: 0[m
[[1;34mINFO[m] 
[[1;34mINFO[m] [1m------------------------------------------------------------------------[m
[[1;34mINFO[m] [1mReactor Summary for swifteats-delivery-service 0.1.0-SNAPSHOT:[m
[[1;34mINFO[m] 
[[1;34mINFO[m] swifteats-delivery-service ......................... [1;32mSUCCESS[m [  0.003 s]
[[1;34mINFO[m] common ............................................. [1;32mSUCCESS[m [  0.379 s]
[[1;34mINFO[m] gateway ............................................ [1;32mSUCCESS[m [  0.019 s]
[[1;34mINFO[m] catalog-service .................................... [1;32mSUCCESS[m [ 15.104 s]
[[1;34mINFO[m] order-service ...................................... [1;32mSUCCESS[m [ 28.921 s]
[[1;34mINFO[m] payment-mock-service ............................... [1;32mSUCCESS[m [  0.744 s]
[[1;34mINFO[m] tracking-ingest-service ............................ [1;32mSUCCESS[m [ 37.456 s]
[[1;34mINFO[m] tracking-query-service ............................. [1;31mFAILURE[m [  3.121 s]
[[1;34mINFO[m] simulator .......................................... [1;33mSKIPPED[m
[[1;34mINFO[m] [1m------------------------------------------------------------------------[m
[[1;34mINFO[m] [1;31mBUILD FAILURE[m
[[1;34mINFO[m] [1m------------------------------------------------------------------------[m
[[1;34mINFO[m] Total time:  01:25 min
[[1;34mINFO[m] Finished at: 2025-08-18T23:21:36+05:30
[[1;34mINFO[m] [1m------------------------------------------------------------------------[m
[[1;31mERROR[m] Failed to execute goal [32morg.apache.maven.plugins:maven-surefire-plugin:3.0.0-M7:test[m [1m(default-test)[m on project [36mtracking-query-service[m: [1;31m[m
[[1;31mERROR[m] [1;31m[m
[[1;31mERROR[m] [1;31mPlease refer to /Users/deependraverma/Documents/Projects/AI/swifteats-delivery-service-new/tracking-query-service/target/surefire-reports for the individual test results.[m
[[1;31mERROR[m] [1;31mPlease refer to dump files (if any exist) [date].dump, [date]-jvmRun[N].dump and [date].dumpstream.[m
[[1;31mERROR[m] -> [1m[Help 1][m
[[1;31mERROR[m] 
[[1;31mERROR[m] To see the full stack trace of the errors, re-run Maven with the [1m-e[m switch.
[[1;31mERROR[m] Re-run Maven using the [1m-X[m switch to enable full debug logging.
[[1;31mERROR[m] 
[[1;31mERROR[m] For more information about the errors and possible solutions, please read the following articles:
[[1;31mERROR[m] [1m[Help 1][m http://cwiki.apache.org/confluence/display/MAVEN/MojoFailureException
[[1;31mERROR[m] 
[[1;31mERROR[m] After correcting the problems, you can resume the build with the command
[[1;31mERROR[m]   [1mmvn <args> -rf :tracking-query-service[m
